

================================================================
== Synthesis Summary Report of 'kernel_gramschmidt'
================================================================
+ General Information: 
    * Date:           Sun Sep 14 01:30:00 2025
    * Version:        2023.2 (Build 4023990 on Oct 11 2023)
    * Project:        GRAMSCHMIDT
    * Solution:       solution0 (Vivado IP Flow Target)
    * Product family: virtexuplusHBM
    * Target device:  xcu50-fsvh2104-2-e
    

+ Performance & Resource Estimates: 
    
    PS: '+' for module; 'o' for loop; '*' for dataflow
    +----------------------+------+------+------------+-----------+----------+------------+------+----------+------+----------+------------+------------+-----+
    |        Modules       | Issue|      |  Latency   |  Latency  | Iteration|            | Trip |          |      |          |            |            |     |
    |        & Loops       | Type | Slack|  (cycles)  |    (ns)   |  Latency |  Interval  | Count| Pipelined| BRAM |    DSP   |     FF     |     LUT    | URAM|
    +----------------------+------+------+------------+-----------+----------+------------+------+----------+------+----------+------------+------------+-----+
    |+ kernel_gramschmidt  |     -|  0.37|  2820938241|  2.257e+10|         -|  2820938242|     -|        no|     -|  11 (~0%)|  1787 (~0%)|  1985 (~0%)|    -|
    | o loop1              |     -|  5.84|  2820938240|  2.257e+10|   5509645|           -|   512|        no|     -|         -|           -|           -|    -|
    |  o loop2             |     -|  5.84|        5120|  4.096e+04|        10|           -|   512|        no|     -|         -|           -|           -|    -|
    |  o loop3             |     -|  5.84|        8704|  6.963e+04|        17|           -|   512|        no|     -|         -|           -|           -|    -|
    |  o loop4             |     -|  5.84|     5495805|  4.397e+07|     10755|           -|   511|        no|     -|         -|           -|           -|    -|
    |   o loop5            |     -|  5.84|        5120|  4.096e+04|        10|           -|   512|        no|     -|         -|           -|           -|    -|
    |   o loop6            |     -|  5.84|        5632|  4.506e+04|        11|           -|   512|        no|     -|         -|           -|           -|    -|
    +----------------------+------+------+------------+-----------+----------+------------+------+----------+------+----------+------------+------------+-----+


================================================================
== HW Interfaces
================================================================
* AP_MEMORY
+------------+-----------+----------+
| Port       | Direction | Bitwidth |
+------------+-----------+----------+
| A_address0 | out       | 18       |
| A_d0       | out       | 64       |
| A_q0       | in        | 64       |
| Q_address0 | out       | 18       |
| Q_d0       | out       | 64       |
| Q_q0       | in        | 64       |
| R_address0 | out       | 18       |
| R_d0       | out       | 64       |
+------------+-----------+----------+

* Other Ports
+------+---------+-----------+----------+
| Port | Mode    | Direction | Bitwidth |
+------+---------+-----------+----------+
| ni   | ap_none | in        | 32       |
| nj   | ap_none | in        | 32       |
+------+---------+-----------+----------+

* TOP LEVEL CONTROL
+-----------+------------+-----------------------------------+
| Interface | Type       | Ports                             |
+-----------+------------+-----------------------------------+
| ap_clk    | clock      | ap_clk                            |
| ap_rst    | reset      | ap_rst                            |
| ap_ctrl   | ap_ctrl_hs | ap_done ap_idle ap_ready ap_start |
+-----------+------------+-----------------------------------+


================================================================
== SW I/O Information
================================================================
* Top Function Arguments
+----------+-----------+----------+
| Argument | Direction | Datatype |
+----------+-----------+----------+
| ni       | in        | int      |
| nj       | in        | int      |
| A        | inout     | double*  |
| R        | out       | double*  |
| Q        | inout     | double*  |
+----------+-----------+----------+

* SW-to-HW Mapping
+----------+--------------+---------+----------+
| Argument | HW Interface | HW Type | HW Usage |
+----------+--------------+---------+----------+
| ni       | ni           | port    |          |
| nj       | nj           | port    |          |
| A        | A_address0   | port    | offset   |
| A        | A_ce0        | port    |          |
| A        | A_we0        | port    |          |
| A        | A_d0         | port    |          |
| A        | A_q0         | port    |          |
| R        | R_address0   | port    | offset   |
| R        | R_ce0        | port    |          |
| R        | R_we0        | port    |          |
| R        | R_d0         | port    |          |
| Q        | Q_address0   | port    | offset   |
| Q        | Q_ce0        | port    |          |
| Q        | Q_we0        | port    |          |
| Q        | Q_d0         | port    |          |
| Q        | Q_q0         | port    |          |
+----------+--------------+---------+----------+


================================================================
== Bind Op Report
================================================================
+-----------------------------------------+-----+--------+-------------+-------+---------+---------+
| Name                                    | DSP | Pragma | Variable    | Op    | Impl    | Latency |
+-----------------------------------------+-----+--------+-------------+-------+---------+---------+
| + kernel_gramschmidt                    | 11  |        |             |       |         |         |
|   add_ln100_fu_334_p2                   |     |        | add_ln100   | add   | fabric  | 0       |
|   add_ln94_fu_352_p2                    |     |        | add_ln94    | add   | fabric  | 0       |
|   add_ln89_fu_380_p2                    |     |        | add_ln89    | add   | fabric  | 0       |
|   add_ln92_fu_394_p2                    |     |        | add_ln92    | add   | fabric  | 0       |
|   dmul_64ns_64ns_64_4_max_dsp_1_U2      | 8   |        | mul         | dmul  | maxdsp  | 3       |
|   dadddsub_64ns_64ns_64_4_full_dsp_1_U1 | 3   |        | nrm_1       | dadd  | fulldsp | 3       |
|   dsqrt_64ns_64ns_64_12_no_dsp_1_U4     |     |        | tmp         | dsqrt | fabric  | 11      |
|   add_ln95_fu_427_p2                    |     |        | add_ln95    | add   | fabric  | 0       |
|   add_ln98_fu_441_p2                    |     |        | add_ln98    | add   | fabric  | 0       |
|   ddiv_64ns_64ns_64_14_no_dsp_1_U3      |     |        | div         | ddiv  | fabric  | 13      |
|   add_ln103_fu_473_p2                   |     |        | add_ln103   | add   | fabric  | 0       |
|   add_ln104_fu_511_p2                   |     |        | add_ln104   | add   | fabric  | 0       |
|   add_ln107_fu_525_p2                   |     |        | add_ln107   | add   | fabric  | 0       |
|   add_ln107_1_fu_535_p2                 |     |        | add_ln107_1 | add   | fabric  | 0       |
|   dmul_64ns_64ns_64_4_max_dsp_1_U2      | 8   |        | mul1        | dmul  | maxdsp  | 3       |
|   dadddsub_64ns_64ns_64_4_full_dsp_1_U1 | 3   |        | add         | dadd  | fulldsp | 3       |
|   add_ln109_fu_572_p2                   |     |        | add_ln109   | add   | fabric  | 0       |
|   add_ln112_fu_586_p2                   |     |        | add_ln112   | add   | fabric  | 0       |
|   add_ln112_1_fu_591_p2                 |     |        | add_ln112_1 | add   | fabric  | 0       |
|   dmul_64ns_64ns_64_4_max_dsp_1_U2      | 8   |        | mul2        | dmul  | maxdsp  | 3       |
|   dadddsub_64ns_64ns_64_4_full_dsp_1_U1 | 3   |        | sub         | dadd  | fulldsp | 3       |
|   add_ln100_1_fu_601_p2                 |     |        | add_ln100_1 | add   | fabric  | 0       |
|   add_ln85_fu_483_p2                    |     |        | add_ln85    | add   | fabric  | 0       |
+-----------------------------------------+-----+--------+-------------+-------+---------+---------+


================================================================
== Storage Report
================================================================
  No bind storage info in design

================================================================
== Pragma Report
================================================================
* Valid Pragma Syntax
+----------------+-------------------------+---------------------------------------------------------------------+
| Type           | Options                 | Location                                                            |
+----------------+-------------------------+---------------------------------------------------------------------+
| loop_tripcount | min=512 avg=512 max=512 | data/benchmarks/gramschmidt/gramschmidt.c:87 in kernel_gramschmidt  |
| loop_tripcount | min=512 avg=512 max=512 | data/benchmarks/gramschmidt/gramschmidt.c:91 in kernel_gramschmidt  |
| loop_tripcount | min=512 avg=512 max=512 | data/benchmarks/gramschmidt/gramschmidt.c:97 in kernel_gramschmidt  |
| loop_tripcount | min=1 avg=256 max=511   | data/benchmarks/gramschmidt/gramschmidt.c:102 in kernel_gramschmidt |
| loop_tripcount | min=512 avg=512 max=512 | data/benchmarks/gramschmidt/gramschmidt.c:106 in kernel_gramschmidt |
| loop_tripcount | min=512 avg=512 max=512 | data/benchmarks/gramschmidt/gramschmidt.c:111 in kernel_gramschmidt |
| loop_flatten   | off=true                | ../anchor_configs/gramschmidt.tcl:8 in kernel_gramschmidt           |
| loop_flatten   | off=true                | ../anchor_configs/gramschmidt.tcl:9 in kernel_gramschmidt           |
| loop_flatten   | off=true                | ../anchor_configs/gramschmidt.tcl:10 in kernel_gramschmidt          |
| loop_flatten   | off=true                | ../anchor_configs/gramschmidt.tcl:11 in kernel_gramschmidt          |
| loop_flatten   | off=true                | ../anchor_configs/gramschmidt.tcl:12 in kernel_gramschmidt          |
| pipeline       | off=true                | ../anchor_configs/gramschmidt.tcl:1 in kernel_gramschmidt           |
| pipeline       | off=true                | ../anchor_configs/gramschmidt.tcl:2 in kernel_gramschmidt           |
| pipeline       | off=true                | ../anchor_configs/gramschmidt.tcl:3 in kernel_gramschmidt           |
| pipeline       | off=true                | ../anchor_configs/gramschmidt.tcl:4 in kernel_gramschmidt           |
| pipeline       | off=true                | ../anchor_configs/gramschmidt.tcl:5 in kernel_gramschmidt           |
| pipeline       | off=true                | ../anchor_configs/gramschmidt.tcl:6 in kernel_gramschmidt           |
| pipeline       | off=true                | ../anchor_configs/gramschmidt.tcl:7 in kernel_gramschmidt           |
+----------------+-------------------------+---------------------------------------------------------------------+


