================================================================
== Vivado Place & Route Results
================================================================
+ General Information:
    * Date:            Sun Sep 14 01:36:09 -03 2025
    * Version:         2023.2 (Build 4023990 on Oct 11 2023)
    * Project:         GRAMSCHMIDT
    * Solution:        solution0 (Vivado IP Flow Target)
    * Product family:  virtexuplusHBM
    * Target device:   xcu50-fsvh2104-2-e


================================================================
== Run Constraints & Options
================================================================
+ Design Constraints & Options:
    * Place & Route target clock:  8 ns
    * C-Synthesis target clock:    8 ns
    * C-Synthesis uncertainty:     27%

+ RTL Synthesis Options:
    * config_export -vivado_synth_strategy:     default
    * config_export -vivado_synth_design_args:  -directive sdx_optimization_effort_high

+ Place & Route Options:
    * config_export -vivado_impl_strategy:  default
    * config_export -vivado_phys_opt:       none

+ Reporting Options:
    * config_export -vivado_report_level:      2
    * config_export -vivado_max_timing_paths:  10


================================================================
== Place & Route Resource Summary
================================================================
LUT:              6135
FF:               3609
DSP:              11
BRAM:             0
URAM:             0
SRL:              81


================================================================
== Place & Route Timing Summary
================================================================
* Timing was met
+----------------+-------------+
| Timing         | Period (ns) |
+----------------+-------------+
| Target         | 8.000       |
| Post-Synthesis | 4.555       |
| Post-Route     | 6.631       |
+----------------+-------------+


================================================================
== Place & Route Resources
================================================================
+-----------------------------------------+------+------+-----+------+------+-----+--------+------+---------+----------+--------+
| Name                                    | LUT  | FF   | DSP | BRAM | URAM | SRL | Pragma | Impl | Latency | Variable | Source |
+-----------------------------------------+------+------+-----+------+------+-----+--------+------+---------+----------+--------+
| inst                                    | 6135 | 3609 | 11  |      |      |     |        |      |         |          |        |
|   (inst)                                | 321  | 991  |     |      |      |     |        |      |         |          |        |
|   dadddsub_64ns_64ns_64_4_full_dsp_1_U1 | 769  | 367  | 3   |      |      |     |        |      |         |          |        |
|   ddiv_64ns_64ns_64_14_no_dsp_1_U3      | 3203 | 1330 |     |      |      |     |        |      |         |          |        |
|   dmul_64ns_64ns_64_4_max_dsp_1_U2      | 164  | 211  | 8   |      |      |     |        |      |         |          |        |
|   dsqrt_64ns_64ns_64_12_no_dsp_1_U4     | 1678 | 710  |     |      |      |     |        |      |         |          |        |
+-----------------------------------------+------+------+-----+------+------+-----+--------+------+---------+----------+--------+


================================================================
== Place & Route Fail Fast
================================================================
+-----------------------------------------------------------+-----------+--------+--------+
| Criteria                                                  | Guideline | Actual | Status |
+-----------------------------------------------------------+-----------+--------+--------+
| LUT                                                       | 70%       | 0.70%  | OK     |
| FD                                                        | 50%       | 0.21%  | OK     |
| LUTRAM+SRL                                                | 25%       | 0.02%  | OK     |
| CARRY8                                                    | 25%       | 0.67%  | OK     |
| MUXF7                                                     | 15%       | 0.01%  | OK     |
| DSP                                                       | 80%       | 0.18%  | OK     |
| RAMB/FIFO                                                 | 80%       | 0.00%  | OK     |
| URAM                                                      | 80%       | 0.00%  | OK     |
| DSP+RAMB+URAM (Avg)                                       | 70%       | 0.18%  | OK     |
| BUFGCE* + BUFGCTRL                                        | 24        | 0      | OK     |
| DONT_TOUCH (cells/nets)                                   | 0         | 0      | OK     |
| MARK_DEBUG (nets)                                         | 0         | 0      | OK     |
| Control Sets                                              | 16344     | 28     | OK     |
| Average Fanout for modules > 100k cells                   | 4         | 1.69   | OK     |
| Max Average Fanout for modules > 100k cells               | 4         | 0      | OK     |
| Non-FD high fanout nets > 10k loads                       | 0         | 0      | OK     |
+-----------------------------------------------------------+-----------+--------+--------+
| TIMING-6 (No common primary clock between related clocks) | 0         | 0      | OK     |
| TIMING-7 (No common node between related clocks)          | 0         | 0      | OK     |
| TIMING-8 (No common period between related clocks)        | 0         | 0      | OK     |
| TIMING-14 (LUT on the clock tree)                         | 0         | 0      | OK     |
| TIMING-35 (No common node in paths with the same clock)   | 0         | 0      | OK     |
+-----------------------------------------------------------+-----------+--------+--------+
| Number of paths above max LUT budgeting (0.300ns)         | 0         | 0      | OK     |
| Number of paths above max Net budgeting (0.208ns)         | 0         | 0      | OK     |
+-----------------------------------------------------------+-----------+--------+--------+


================================================================
== Place & Route Timing Paths
================================================================
* Timing was met
+-------+-------+------------------------------------------------------------------------------------------------+---------------------------------------------------------------------------------------------------------------+--------------+------------+----------------+----------------+--------------+
| Path  | SLACK | STARTPOINT PIN                                                                                 | ENDPOINT PIN                                                                                                  | LOGIC LEVELS | MAX FANOUT | DATAPATH DELAY | DATAPATH LOGIC | DATAPATH NET |
|       |       |                                                                                                |                                                                                                               |              |            |                |          DELAY |        DELAY |
+-------+-------+------------------------------------------------------------------------------------------------+---------------------------------------------------------------------------------------------------------------+--------------+------------+----------------+----------------+--------------+
| Path1 | 1.369 | i_synth/SQRT_OP.SPD.OP/i_mant_calc.MANT_SQRT/RT[41].Q_DEL/i_pipe/opt_has_pipe.first_q_reg[3]/C | i_synth/SQRT_OP.SPD.OP/i_mant_calc.MANT_SQRT/RT[47].ADDSUB/ADDSUB/Q_DEL/i_pipe/opt_has_pipe.first_q_reg[51]/D |           42 |         50 |          6.611 |          2.431 |        4.180 |
| Path2 | 1.376 | i_synth/SQRT_OP.SPD.OP/i_mant_calc.MANT_SQRT/RT[41].Q_DEL/i_pipe/opt_has_pipe.first_q_reg[3]/C | i_synth/SQRT_OP.SPD.OP/i_mant_calc.MANT_SQRT/RT[47].ADDSUB/ADDSUB/Q_DEL/i_pipe/opt_has_pipe.first_q_reg[47]/D |           41 |         50 |          6.604 |          2.450 |        4.154 |
| Path3 | 1.376 | i_synth/SQRT_OP.SPD.OP/i_mant_calc.MANT_SQRT/RT[41].Q_DEL/i_pipe/opt_has_pipe.first_q_reg[3]/C | i_synth/SQRT_OP.SPD.OP/i_mant_calc.MANT_SQRT/RT[47].ADDSUB/ADDSUB/Q_DEL/i_pipe/opt_has_pipe.first_q_reg[49]/D |           42 |         50 |          6.604 |          2.425 |        4.179 |
| Path4 | 1.377 | i_synth/SQRT_OP.SPD.OP/i_mant_calc.MANT_SQRT/RT[41].Q_DEL/i_pipe/opt_has_pipe.first_q_reg[3]/C | i_synth/SQRT_OP.SPD.OP/i_mant_calc.MANT_SQRT/RT[47].ADDSUB/ADDSUB/Q_DEL/i_pipe/opt_has_pipe.first_q_reg[45]/D |           41 |         50 |          6.603 |          2.450 |        4.153 |
| Path5 | 1.384 | i_synth/SQRT_OP.SPD.OP/i_mant_calc.MANT_SQRT/RT[41].Q_DEL/i_pipe/opt_has_pipe.first_q_reg[3]/C | i_synth/SQRT_OP.SPD.OP/i_mant_calc.MANT_SQRT/RT[47].ADDSUB/ADDSUB/Q_DEL/i_pipe/opt_has_pipe.first_q_reg[50]/D |           42 |         50 |          6.596 |          2.416 |        4.180 |
+-------+-------+------------------------------------------------------------------------------------------------+---------------------------------------------------------------------------------------------------------------+--------------+------------+----------------+----------------+--------------+

    +---------------------------------------------------------------------------------------------------------------+-------------------+
    | Path1 Cells                                                                                                   | Primitive Type    |
    +---------------------------------------------------------------------------------------------------------------+-------------------+
    | i_synth/SQRT_OP.SPD.OP/i_mant_calc.MANT_SQRT/RT[41].Q_DEL/i_pipe/opt_has_pipe.first_q_reg[3]                  | REGISTER.SDR.FDRE |
    | i_synth/SQRT_OP.SPD.OP/i_mant_calc.MANT_SQRT/RT[42].ADDSUB/CHAIN_GEN[7].C_MUX.CARRY_MUX_i_1                   | CLB.LUT.LUT3      |
    | i_synth/SQRT_OP.SPD.OP/i_mant_calc.MANT_SQRT/RT[42].ADDSUB/ADDSUB/CHAIN_GEN[0].C_MUX.CARRY_MUX_CARRY4_CARRY8  | CLB.CARRY.CARRY8  |
    | i_synth/SQRT_OP.SPD.OP/i_mant_calc.MANT_SQRT/RT[42].ADDSUB/ADDSUB/CHAIN_GEN[8].C_MUX.CARRY_MUX_CARRY4_CARRY8  | CLB.CARRY.CARRY8  |
    | i_synth/SQRT_OP.SPD.OP/i_mant_calc.MANT_SQRT/RT[42].ADDSUB/ADDSUB/CHAIN_GEN[16].C_MUX.CARRY_MUX_CARRY4_CARRY8 | CLB.CARRY.CARRY8  |
    | i_synth/SQRT_OP.SPD.OP/i_mant_calc.MANT_SQRT/RT[42].ADDSUB/ADDSUB/CHAIN_GEN[24].C_MUX.CARRY_MUX_CARRY4_CARRY8 | CLB.CARRY.CARRY8  |
    | i_synth/SQRT_OP.SPD.OP/i_mant_calc.MANT_SQRT/RT[42].ADDSUB/ADDSUB/CHAIN_GEN[32].C_MUX.CARRY_MUX_CARRY4_CARRY8 | CLB.CARRY.CARRY8  |
    | i_synth/SQRT_OP.SPD.OP/i_mant_calc.MANT_SQRT/RT[42].ADDSUB/ADDSUB/CHAIN_GEN[40].C_MUX.CARRY_MUX_CARRY4_CARRY8 | CLB.CARRY.CARRY8  |
    | i_synth/SQRT_OP.SPD.OP/i_mant_calc.MANT_SQRT/RT[42].ADDSUB/ADDSUB/CHAIN_GEN[0].C_MUX.CARRY_MUX_i_1__41        | CLB.LUT.LUT1      |
    | i_synth/SQRT_OP.SPD.OP/i_mant_calc.MANT_SQRT/RT[43].ADDSUB/ADDSUB/CHAIN_GEN[0].C_MUX.CARRY_MUX_CARRY4_CARRY8  | CLB.CARRY.CARRY8  |
    | i_synth/SQRT_OP.SPD.OP/i_mant_calc.MANT_SQRT/RT[43].ADDSUB/ADDSUB/CHAIN_GEN[8].C_MUX.CARRY_MUX_CARRY4_CARRY8  | CLB.CARRY.CARRY8  |
    | i_synth/SQRT_OP.SPD.OP/i_mant_calc.MANT_SQRT/RT[43].ADDSUB/ADDSUB/CHAIN_GEN[16].C_MUX.CARRY_MUX_CARRY4_CARRY8 | CLB.CARRY.CARRY8  |
    | i_synth/SQRT_OP.SPD.OP/i_mant_calc.MANT_SQRT/RT[43].ADDSUB/ADDSUB/CHAIN_GEN[24].C_MUX.CARRY_MUX_CARRY4_CARRY8 | CLB.CARRY.CARRY8  |
    | i_synth/SQRT_OP.SPD.OP/i_mant_calc.MANT_SQRT/RT[43].ADDSUB/ADDSUB/CHAIN_GEN[32].C_MUX.CARRY_MUX_CARRY4_CARRY8 | CLB.CARRY.CARRY8  |
    | i_synth/SQRT_OP.SPD.OP/i_mant_calc.MANT_SQRT/RT[43].ADDSUB/ADDSUB/CHAIN_GEN[40].C_MUX.CARRY_MUX_CARRY4_CARRY8 | CLB.CARRY.CARRY8  |
    | i_synth/SQRT_OP.SPD.OP/i_mant_calc.MANT_SQRT/RT[44].ADDSUB/ADDSUB/CHAIN_GEN[0].C_MUX.CARRY_MUX_CARRY4_CARRY8  | CLB.CARRY.CARRY8  |
    | i_synth/SQRT_OP.SPD.OP/i_mant_calc.MANT_SQRT/RT[44].ADDSUB/ADDSUB/CHAIN_GEN[8].C_MUX.CARRY_MUX_CARRY4_CARRY8  | CLB.CARRY.CARRY8  |
    | i_synth/SQRT_OP.SPD.OP/i_mant_calc.MANT_SQRT/RT[44].ADDSUB/ADDSUB/CHAIN_GEN[16].C_MUX.CARRY_MUX_CARRY4_CARRY8 | CLB.CARRY.CARRY8  |
    | i_synth/SQRT_OP.SPD.OP/i_mant_calc.MANT_SQRT/RT[44].ADDSUB/ADDSUB/CHAIN_GEN[24].C_MUX.CARRY_MUX_CARRY4_CARRY8 | CLB.CARRY.CARRY8  |
    | i_synth/SQRT_OP.SPD.OP/i_mant_calc.MANT_SQRT/RT[44].ADDSUB/ADDSUB/CHAIN_GEN[32].C_MUX.CARRY_MUX_CARRY4_CARRY8 | CLB.CARRY.CARRY8  |
    | i_synth/SQRT_OP.SPD.OP/i_mant_calc.MANT_SQRT/RT[44].ADDSUB/ADDSUB/CHAIN_GEN[40].C_MUX.CARRY_MUX_CARRY4_CARRY8 | CLB.CARRY.CARRY8  |
    | i_synth/SQRT_OP.SPD.OP/i_mant_calc.MANT_SQRT/RT[45].ADDSUB/ADDSUB/CHAIN_GEN[0].C_MUX.CARRY_MUX_CARRY4_CARRY8  | CLB.CARRY.CARRY8  |
    | i_synth/SQRT_OP.SPD.OP/i_mant_calc.MANT_SQRT/RT[45].ADDSUB/ADDSUB/CHAIN_GEN[8].C_MUX.CARRY_MUX_CARRY4_CARRY8  | CLB.CARRY.CARRY8  |
    | i_synth/SQRT_OP.SPD.OP/i_mant_calc.MANT_SQRT/RT[45].ADDSUB/ADDSUB/CHAIN_GEN[16].C_MUX.CARRY_MUX_CARRY4_CARRY8 | CLB.CARRY.CARRY8  |
    | i_synth/SQRT_OP.SPD.OP/i_mant_calc.MANT_SQRT/RT[45].ADDSUB/ADDSUB/CHAIN_GEN[24].C_MUX.CARRY_MUX_CARRY4_CARRY8 | CLB.CARRY.CARRY8  |
    | i_synth/SQRT_OP.SPD.OP/i_mant_calc.MANT_SQRT/RT[45].ADDSUB/ADDSUB/CHAIN_GEN[32].C_MUX.CARRY_MUX_CARRY4_CARRY8 | CLB.CARRY.CARRY8  |
    | i_synth/SQRT_OP.SPD.OP/i_mant_calc.MANT_SQRT/RT[45].ADDSUB/ADDSUB/CHAIN_GEN[40].C_MUX.CARRY_MUX_CARRY4_CARRY8 | CLB.CARRY.CARRY8  |
    | i_synth/SQRT_OP.SPD.OP/i_mant_calc.MANT_SQRT/RT[45].ADDSUB/ADDSUB/CHAIN_GEN[48].C_MUX.CARRY_MUX_CARRY4_CARRY8 | CLB.CARRY.CARRY8  |
    | i_synth/SQRT_OP.SPD.OP/i_mant_calc.MANT_SQRT/RT[45].ADDSUB/ADDSUB/CHAIN_GEN[0].C_MUX.CARRY_MUX_i_1__44        | CLB.LUT.LUT1      |
    | i_synth/SQRT_OP.SPD.OP/i_mant_calc.MANT_SQRT/RT[46].ADDSUB/ADDSUB/CHAIN_GEN[0].C_MUX.CARRY_MUX_CARRY4_CARRY8  | CLB.CARRY.CARRY8  |
    | i_synth/SQRT_OP.SPD.OP/i_mant_calc.MANT_SQRT/RT[46].ADDSUB/ADDSUB/CHAIN_GEN[8].C_MUX.CARRY_MUX_CARRY4_CARRY8  | CLB.CARRY.CARRY8  |
    | i_synth/SQRT_OP.SPD.OP/i_mant_calc.MANT_SQRT/RT[46].ADDSUB/ADDSUB/CHAIN_GEN[16].C_MUX.CARRY_MUX_CARRY4_CARRY8 | CLB.CARRY.CARRY8  |
    | i_synth/SQRT_OP.SPD.OP/i_mant_calc.MANT_SQRT/RT[46].ADDSUB/ADDSUB/CHAIN_GEN[24].C_MUX.CARRY_MUX_CARRY4_CARRY8 | CLB.CARRY.CARRY8  |
    | i_synth/SQRT_OP.SPD.OP/i_mant_calc.MANT_SQRT/RT[46].ADDSUB/ADDSUB/CHAIN_GEN[32].C_MUX.CARRY_MUX_CARRY4_CARRY8 | CLB.CARRY.CARRY8  |
    | i_synth/SQRT_OP.SPD.OP/i_mant_calc.MANT_SQRT/RT[46].ADDSUB/ADDSUB/CHAIN_GEN[40].C_MUX.CARRY_MUX_CARRY4_CARRY8 | CLB.CARRY.CARRY8  |
    | i_synth/SQRT_OP.SPD.OP/i_mant_calc.MANT_SQRT/RT[46].ADDSUB/ADDSUB/CHAIN_GEN[48].C_MUX.CARRY_MUX_CARRY4_CARRY8 | CLB.CARRY.CARRY8  |
    | i_synth/SQRT_OP.SPD.OP/i_mant_calc.MANT_SQRT/RT[47].ADDSUB/ADDSUB/CHAIN_GEN[0].C_MUX.CARRY_MUX_CARRY4_CARRY8  | CLB.CARRY.CARRY8  |
    | i_synth/SQRT_OP.SPD.OP/i_mant_calc.MANT_SQRT/RT[47].ADDSUB/ADDSUB/CHAIN_GEN[8].C_MUX.CARRY_MUX_CARRY4_CARRY8  | CLB.CARRY.CARRY8  |
    | i_synth/SQRT_OP.SPD.OP/i_mant_calc.MANT_SQRT/RT[47].ADDSUB/ADDSUB/CHAIN_GEN[16].C_MUX.CARRY_MUX_CARRY4_CARRY8 | CLB.CARRY.CARRY8  |
    | i_synth/SQRT_OP.SPD.OP/i_mant_calc.MANT_SQRT/RT[47].ADDSUB/ADDSUB/CHAIN_GEN[24].C_MUX.CARRY_MUX_CARRY4_CARRY8 | CLB.CARRY.CARRY8  |
    | i_synth/SQRT_OP.SPD.OP/i_mant_calc.MANT_SQRT/RT[47].ADDSUB/ADDSUB/CHAIN_GEN[32].C_MUX.CARRY_MUX_CARRY4_CARRY8 | CLB.CARRY.CARRY8  |
    | i_synth/SQRT_OP.SPD.OP/i_mant_calc.MANT_SQRT/RT[47].ADDSUB/ADDSUB/CHAIN_GEN[40].C_MUX.CARRY_MUX_CARRY4_CARRY8 | CLB.CARRY.CARRY8  |
    | i_synth/SQRT_OP.SPD.OP/i_mant_calc.MANT_SQRT/RT[47].ADDSUB/ADDSUB/CHAIN_GEN[48].C_MUX.CARRY_MUX_CARRY4_CARRY8 | CLB.CARRY.CARRY8  |
    | i_synth/SQRT_OP.SPD.OP/i_mant_calc.MANT_SQRT/RT[47].ADDSUB/ADDSUB/Q_DEL/i_pipe/opt_has_pipe.first_q_reg[51]   | REGISTER.SDR.FDRE |
    +---------------------------------------------------------------------------------------------------------------+-------------------+

    +---------------------------------------------------------------------------------------------------------------+-------------------+
    | Path2 Cells                                                                                                   | Primitive Type    |
    +---------------------------------------------------------------------------------------------------------------+-------------------+
    | i_synth/SQRT_OP.SPD.OP/i_mant_calc.MANT_SQRT/RT[41].Q_DEL/i_pipe/opt_has_pipe.first_q_reg[3]                  | REGISTER.SDR.FDRE |
    | i_synth/SQRT_OP.SPD.OP/i_mant_calc.MANT_SQRT/RT[42].ADDSUB/CHAIN_GEN[7].C_MUX.CARRY_MUX_i_1                   | CLB.LUT.LUT3      |
    | i_synth/SQRT_OP.SPD.OP/i_mant_calc.MANT_SQRT/RT[42].ADDSUB/ADDSUB/CHAIN_GEN[0].C_MUX.CARRY_MUX_CARRY4_CARRY8  | CLB.CARRY.CARRY8  |
    | i_synth/SQRT_OP.SPD.OP/i_mant_calc.MANT_SQRT/RT[42].ADDSUB/ADDSUB/CHAIN_GEN[8].C_MUX.CARRY_MUX_CARRY4_CARRY8  | CLB.CARRY.CARRY8  |
    | i_synth/SQRT_OP.SPD.OP/i_mant_calc.MANT_SQRT/RT[42].ADDSUB/ADDSUB/CHAIN_GEN[16].C_MUX.CARRY_MUX_CARRY4_CARRY8 | CLB.CARRY.CARRY8  |
    | i_synth/SQRT_OP.SPD.OP/i_mant_calc.MANT_SQRT/RT[42].ADDSUB/ADDSUB/CHAIN_GEN[24].C_MUX.CARRY_MUX_CARRY4_CARRY8 | CLB.CARRY.CARRY8  |
    | i_synth/SQRT_OP.SPD.OP/i_mant_calc.MANT_SQRT/RT[42].ADDSUB/ADDSUB/CHAIN_GEN[32].C_MUX.CARRY_MUX_CARRY4_CARRY8 | CLB.CARRY.CARRY8  |
    | i_synth/SQRT_OP.SPD.OP/i_mant_calc.MANT_SQRT/RT[42].ADDSUB/ADDSUB/CHAIN_GEN[40].C_MUX.CARRY_MUX_CARRY4_CARRY8 | CLB.CARRY.CARRY8  |
    | i_synth/SQRT_OP.SPD.OP/i_mant_calc.MANT_SQRT/RT[42].ADDSUB/ADDSUB/CHAIN_GEN[0].C_MUX.CARRY_MUX_i_1__41        | CLB.LUT.LUT1      |
    | i_synth/SQRT_OP.SPD.OP/i_mant_calc.MANT_SQRT/RT[43].ADDSUB/ADDSUB/CHAIN_GEN[0].C_MUX.CARRY_MUX_CARRY4_CARRY8  | CLB.CARRY.CARRY8  |
    | i_synth/SQRT_OP.SPD.OP/i_mant_calc.MANT_SQRT/RT[43].ADDSUB/ADDSUB/CHAIN_GEN[8].C_MUX.CARRY_MUX_CARRY4_CARRY8  | CLB.CARRY.CARRY8  |
    | i_synth/SQRT_OP.SPD.OP/i_mant_calc.MANT_SQRT/RT[43].ADDSUB/ADDSUB/CHAIN_GEN[16].C_MUX.CARRY_MUX_CARRY4_CARRY8 | CLB.CARRY.CARRY8  |
    | i_synth/SQRT_OP.SPD.OP/i_mant_calc.MANT_SQRT/RT[43].ADDSUB/ADDSUB/CHAIN_GEN[24].C_MUX.CARRY_MUX_CARRY4_CARRY8 | CLB.CARRY.CARRY8  |
    | i_synth/SQRT_OP.SPD.OP/i_mant_calc.MANT_SQRT/RT[43].ADDSUB/ADDSUB/CHAIN_GEN[32].C_MUX.CARRY_MUX_CARRY4_CARRY8 | CLB.CARRY.CARRY8  |
    | i_synth/SQRT_OP.SPD.OP/i_mant_calc.MANT_SQRT/RT[43].ADDSUB/ADDSUB/CHAIN_GEN[40].C_MUX.CARRY_MUX_CARRY4_CARRY8 | CLB.CARRY.CARRY8  |
    | i_synth/SQRT_OP.SPD.OP/i_mant_calc.MANT_SQRT/RT[44].ADDSUB/ADDSUB/CHAIN_GEN[0].C_MUX.CARRY_MUX_CARRY4_CARRY8  | CLB.CARRY.CARRY8  |
    | i_synth/SQRT_OP.SPD.OP/i_mant_calc.MANT_SQRT/RT[44].ADDSUB/ADDSUB/CHAIN_GEN[8].C_MUX.CARRY_MUX_CARRY4_CARRY8  | CLB.CARRY.CARRY8  |
    | i_synth/SQRT_OP.SPD.OP/i_mant_calc.MANT_SQRT/RT[44].ADDSUB/ADDSUB/CHAIN_GEN[16].C_MUX.CARRY_MUX_CARRY4_CARRY8 | CLB.CARRY.CARRY8  |
    | i_synth/SQRT_OP.SPD.OP/i_mant_calc.MANT_SQRT/RT[44].ADDSUB/ADDSUB/CHAIN_GEN[24].C_MUX.CARRY_MUX_CARRY4_CARRY8 | CLB.CARRY.CARRY8  |
    | i_synth/SQRT_OP.SPD.OP/i_mant_calc.MANT_SQRT/RT[44].ADDSUB/ADDSUB/CHAIN_GEN[32].C_MUX.CARRY_MUX_CARRY4_CARRY8 | CLB.CARRY.CARRY8  |
    | i_synth/SQRT_OP.SPD.OP/i_mant_calc.MANT_SQRT/RT[44].ADDSUB/ADDSUB/CHAIN_GEN[40].C_MUX.CARRY_MUX_CARRY4_CARRY8 | CLB.CARRY.CARRY8  |
    | i_synth/SQRT_OP.SPD.OP/i_mant_calc.MANT_SQRT/RT[45].ADDSUB/ADDSUB/CHAIN_GEN[0].C_MUX.CARRY_MUX_CARRY4_CARRY8  | CLB.CARRY.CARRY8  |
    | i_synth/SQRT_OP.SPD.OP/i_mant_calc.MANT_SQRT/RT[45].ADDSUB/ADDSUB/CHAIN_GEN[8].C_MUX.CARRY_MUX_CARRY4_CARRY8  | CLB.CARRY.CARRY8  |
    | i_synth/SQRT_OP.SPD.OP/i_mant_calc.MANT_SQRT/RT[45].ADDSUB/ADDSUB/CHAIN_GEN[16].C_MUX.CARRY_MUX_CARRY4_CARRY8 | CLB.CARRY.CARRY8  |
    | i_synth/SQRT_OP.SPD.OP/i_mant_calc.MANT_SQRT/RT[45].ADDSUB/ADDSUB/CHAIN_GEN[24].C_MUX.CARRY_MUX_CARRY4_CARRY8 | CLB.CARRY.CARRY8  |
    | i_synth/SQRT_OP.SPD.OP/i_mant_calc.MANT_SQRT/RT[45].ADDSUB/ADDSUB/CHAIN_GEN[32].C_MUX.CARRY_MUX_CARRY4_CARRY8 | CLB.CARRY.CARRY8  |
    | i_synth/SQRT_OP.SPD.OP/i_mant_calc.MANT_SQRT/RT[45].ADDSUB/ADDSUB/CHAIN_GEN[40].C_MUX.CARRY_MUX_CARRY4_CARRY8 | CLB.CARRY.CARRY8  |
    | i_synth/SQRT_OP.SPD.OP/i_mant_calc.MANT_SQRT/RT[45].ADDSUB/ADDSUB/CHAIN_GEN[48].C_MUX.CARRY_MUX_CARRY4_CARRY8 | CLB.CARRY.CARRY8  |
    | i_synth/SQRT_OP.SPD.OP/i_mant_calc.MANT_SQRT/RT[45].ADDSUB/ADDSUB/CHAIN_GEN[0].C_MUX.CARRY_MUX_i_1__44        | CLB.LUT.LUT1      |
    | i_synth/SQRT_OP.SPD.OP/i_mant_calc.MANT_SQRT/RT[46].ADDSUB/ADDSUB/CHAIN_GEN[0].C_MUX.CARRY_MUX_CARRY4_CARRY8  | CLB.CARRY.CARRY8  |
    | i_synth/SQRT_OP.SPD.OP/i_mant_calc.MANT_SQRT/RT[46].ADDSUB/ADDSUB/CHAIN_GEN[8].C_MUX.CARRY_MUX_CARRY4_CARRY8  | CLB.CARRY.CARRY8  |
    | i_synth/SQRT_OP.SPD.OP/i_mant_calc.MANT_SQRT/RT[46].ADDSUB/ADDSUB/CHAIN_GEN[16].C_MUX.CARRY_MUX_CARRY4_CARRY8 | CLB.CARRY.CARRY8  |
    | i_synth/SQRT_OP.SPD.OP/i_mant_calc.MANT_SQRT/RT[46].ADDSUB/ADDSUB/CHAIN_GEN[24].C_MUX.CARRY_MUX_CARRY4_CARRY8 | CLB.CARRY.CARRY8  |
    | i_synth/SQRT_OP.SPD.OP/i_mant_calc.MANT_SQRT/RT[46].ADDSUB/ADDSUB/CHAIN_GEN[32].C_MUX.CARRY_MUX_CARRY4_CARRY8 | CLB.CARRY.CARRY8  |
    | i_synth/SQRT_OP.SPD.OP/i_mant_calc.MANT_SQRT/RT[46].ADDSUB/ADDSUB/CHAIN_GEN[40].C_MUX.CARRY_MUX_CARRY4_CARRY8 | CLB.CARRY.CARRY8  |
    | i_synth/SQRT_OP.SPD.OP/i_mant_calc.MANT_SQRT/RT[46].ADDSUB/ADDSUB/CHAIN_GEN[48].C_MUX.CARRY_MUX_CARRY4_CARRY8 | CLB.CARRY.CARRY8  |
    | i_synth/SQRT_OP.SPD.OP/i_mant_calc.MANT_SQRT/RT[47].ADDSUB/ADDSUB/CHAIN_GEN[0].C_MUX.CARRY_MUX_CARRY4_CARRY8  | CLB.CARRY.CARRY8  |
    | i_synth/SQRT_OP.SPD.OP/i_mant_calc.MANT_SQRT/RT[47].ADDSUB/ADDSUB/CHAIN_GEN[8].C_MUX.CARRY_MUX_CARRY4_CARRY8  | CLB.CARRY.CARRY8  |
    | i_synth/SQRT_OP.SPD.OP/i_mant_calc.MANT_SQRT/RT[47].ADDSUB/ADDSUB/CHAIN_GEN[16].C_MUX.CARRY_MUX_CARRY4_CARRY8 | CLB.CARRY.CARRY8  |
    | i_synth/SQRT_OP.SPD.OP/i_mant_calc.MANT_SQRT/RT[47].ADDSUB/ADDSUB/CHAIN_GEN[24].C_MUX.CARRY_MUX_CARRY4_CARRY8 | CLB.CARRY.CARRY8  |
    | i_synth/SQRT_OP.SPD.OP/i_mant_calc.MANT_SQRT/RT[47].ADDSUB/ADDSUB/CHAIN_GEN[32].C_MUX.CARRY_MUX_CARRY4_CARRY8 | CLB.CARRY.CARRY8  |
    | i_synth/SQRT_OP.SPD.OP/i_mant_calc.MANT_SQRT/RT[47].ADDSUB/ADDSUB/CHAIN_GEN[40].C_MUX.CARRY_MUX_CARRY4_CARRY8 | CLB.CARRY.CARRY8  |
    | i_synth/SQRT_OP.SPD.OP/i_mant_calc.MANT_SQRT/RT[47].ADDSUB/ADDSUB/Q_DEL/i_pipe/opt_has_pipe.first_q_reg[47]   | REGISTER.SDR.FDRE |
    +---------------------------------------------------------------------------------------------------------------+-------------------+

    +---------------------------------------------------------------------------------------------------------------+-------------------+
    | Path3 Cells                                                                                                   | Primitive Type    |
    +---------------------------------------------------------------------------------------------------------------+-------------------+
    | i_synth/SQRT_OP.SPD.OP/i_mant_calc.MANT_SQRT/RT[41].Q_DEL/i_pipe/opt_has_pipe.first_q_reg[3]                  | REGISTER.SDR.FDRE |
    | i_synth/SQRT_OP.SPD.OP/i_mant_calc.MANT_SQRT/RT[42].ADDSUB/CHAIN_GEN[7].C_MUX.CARRY_MUX_i_1                   | CLB.LUT.LUT3      |
    | i_synth/SQRT_OP.SPD.OP/i_mant_calc.MANT_SQRT/RT[42].ADDSUB/ADDSUB/CHAIN_GEN[0].C_MUX.CARRY_MUX_CARRY4_CARRY8  | CLB.CARRY.CARRY8  |
    | i_synth/SQRT_OP.SPD.OP/i_mant_calc.MANT_SQRT/RT[42].ADDSUB/ADDSUB/CHAIN_GEN[8].C_MUX.CARRY_MUX_CARRY4_CARRY8  | CLB.CARRY.CARRY8  |
    | i_synth/SQRT_OP.SPD.OP/i_mant_calc.MANT_SQRT/RT[42].ADDSUB/ADDSUB/CHAIN_GEN[16].C_MUX.CARRY_MUX_CARRY4_CARRY8 | CLB.CARRY.CARRY8  |
    | i_synth/SQRT_OP.SPD.OP/i_mant_calc.MANT_SQRT/RT[42].ADDSUB/ADDSUB/CHAIN_GEN[24].C_MUX.CARRY_MUX_CARRY4_CARRY8 | CLB.CARRY.CARRY8  |
    | i_synth/SQRT_OP.SPD.OP/i_mant_calc.MANT_SQRT/RT[42].ADDSUB/ADDSUB/CHAIN_GEN[32].C_MUX.CARRY_MUX_CARRY4_CARRY8 | CLB.CARRY.CARRY8  |
    | i_synth/SQRT_OP.SPD.OP/i_mant_calc.MANT_SQRT/RT[42].ADDSUB/ADDSUB/CHAIN_GEN[40].C_MUX.CARRY_MUX_CARRY4_CARRY8 | CLB.CARRY.CARRY8  |
    | i_synth/SQRT_OP.SPD.OP/i_mant_calc.MANT_SQRT/RT[42].ADDSUB/ADDSUB/CHAIN_GEN[0].C_MUX.CARRY_MUX_i_1__41        | CLB.LUT.LUT1      |
    | i_synth/SQRT_OP.SPD.OP/i_mant_calc.MANT_SQRT/RT[43].ADDSUB/ADDSUB/CHAIN_GEN[0].C_MUX.CARRY_MUX_CARRY4_CARRY8  | CLB.CARRY.CARRY8  |
    | i_synth/SQRT_OP.SPD.OP/i_mant_calc.MANT_SQRT/RT[43].ADDSUB/ADDSUB/CHAIN_GEN[8].C_MUX.CARRY_MUX_CARRY4_CARRY8  | CLB.CARRY.CARRY8  |
    | i_synth/SQRT_OP.SPD.OP/i_mant_calc.MANT_SQRT/RT[43].ADDSUB/ADDSUB/CHAIN_GEN[16].C_MUX.CARRY_MUX_CARRY4_CARRY8 | CLB.CARRY.CARRY8  |
    | i_synth/SQRT_OP.SPD.OP/i_mant_calc.MANT_SQRT/RT[43].ADDSUB/ADDSUB/CHAIN_GEN[24].C_MUX.CARRY_MUX_CARRY4_CARRY8 | CLB.CARRY.CARRY8  |
    | i_synth/SQRT_OP.SPD.OP/i_mant_calc.MANT_SQRT/RT[43].ADDSUB/ADDSUB/CHAIN_GEN[32].C_MUX.CARRY_MUX_CARRY4_CARRY8 | CLB.CARRY.CARRY8  |
    | i_synth/SQRT_OP.SPD.OP/i_mant_calc.MANT_SQRT/RT[43].ADDSUB/ADDSUB/CHAIN_GEN[40].C_MUX.CARRY_MUX_CARRY4_CARRY8 | CLB.CARRY.CARRY8  |
    | i_synth/SQRT_OP.SPD.OP/i_mant_calc.MANT_SQRT/RT[44].ADDSUB/ADDSUB/CHAIN_GEN[0].C_MUX.CARRY_MUX_CARRY4_CARRY8  | CLB.CARRY.CARRY8  |
    | i_synth/SQRT_OP.SPD.OP/i_mant_calc.MANT_SQRT/RT[44].ADDSUB/ADDSUB/CHAIN_GEN[8].C_MUX.CARRY_MUX_CARRY4_CARRY8  | CLB.CARRY.CARRY8  |
    | i_synth/SQRT_OP.SPD.OP/i_mant_calc.MANT_SQRT/RT[44].ADDSUB/ADDSUB/CHAIN_GEN[16].C_MUX.CARRY_MUX_CARRY4_CARRY8 | CLB.CARRY.CARRY8  |
    | i_synth/SQRT_OP.SPD.OP/i_mant_calc.MANT_SQRT/RT[44].ADDSUB/ADDSUB/CHAIN_GEN[24].C_MUX.CARRY_MUX_CARRY4_CARRY8 | CLB.CARRY.CARRY8  |
    | i_synth/SQRT_OP.SPD.OP/i_mant_calc.MANT_SQRT/RT[44].ADDSUB/ADDSUB/CHAIN_GEN[32].C_MUX.CARRY_MUX_CARRY4_CARRY8 | CLB.CARRY.CARRY8  |
    | i_synth/SQRT_OP.SPD.OP/i_mant_calc.MANT_SQRT/RT[44].ADDSUB/ADDSUB/CHAIN_GEN[40].C_MUX.CARRY_MUX_CARRY4_CARRY8 | CLB.CARRY.CARRY8  |
    | i_synth/SQRT_OP.SPD.OP/i_mant_calc.MANT_SQRT/RT[45].ADDSUB/ADDSUB/CHAIN_GEN[0].C_MUX.CARRY_MUX_CARRY4_CARRY8  | CLB.CARRY.CARRY8  |
    | i_synth/SQRT_OP.SPD.OP/i_mant_calc.MANT_SQRT/RT[45].ADDSUB/ADDSUB/CHAIN_GEN[8].C_MUX.CARRY_MUX_CARRY4_CARRY8  | CLB.CARRY.CARRY8  |
    | i_synth/SQRT_OP.SPD.OP/i_mant_calc.MANT_SQRT/RT[45].ADDSUB/ADDSUB/CHAIN_GEN[16].C_MUX.CARRY_MUX_CARRY4_CARRY8 | CLB.CARRY.CARRY8  |
    | i_synth/SQRT_OP.SPD.OP/i_mant_calc.MANT_SQRT/RT[45].ADDSUB/ADDSUB/CHAIN_GEN[24].C_MUX.CARRY_MUX_CARRY4_CARRY8 | CLB.CARRY.CARRY8  |
    | i_synth/SQRT_OP.SPD.OP/i_mant_calc.MANT_SQRT/RT[45].ADDSUB/ADDSUB/CHAIN_GEN[32].C_MUX.CARRY_MUX_CARRY4_CARRY8 | CLB.CARRY.CARRY8  |
    | i_synth/SQRT_OP.SPD.OP/i_mant_calc.MANT_SQRT/RT[45].ADDSUB/ADDSUB/CHAIN_GEN[40].C_MUX.CARRY_MUX_CARRY4_CARRY8 | CLB.CARRY.CARRY8  |
    | i_synth/SQRT_OP.SPD.OP/i_mant_calc.MANT_SQRT/RT[45].ADDSUB/ADDSUB/CHAIN_GEN[48].C_MUX.CARRY_MUX_CARRY4_CARRY8 | CLB.CARRY.CARRY8  |
    | i_synth/SQRT_OP.SPD.OP/i_mant_calc.MANT_SQRT/RT[45].ADDSUB/ADDSUB/CHAIN_GEN[0].C_MUX.CARRY_MUX_i_1__44        | CLB.LUT.LUT1      |
    | i_synth/SQRT_OP.SPD.OP/i_mant_calc.MANT_SQRT/RT[46].ADDSUB/ADDSUB/CHAIN_GEN[0].C_MUX.CARRY_MUX_CARRY4_CARRY8  | CLB.CARRY.CARRY8  |
    | i_synth/SQRT_OP.SPD.OP/i_mant_calc.MANT_SQRT/RT[46].ADDSUB/ADDSUB/CHAIN_GEN[8].C_MUX.CARRY_MUX_CARRY4_CARRY8  | CLB.CARRY.CARRY8  |
    | i_synth/SQRT_OP.SPD.OP/i_mant_calc.MANT_SQRT/RT[46].ADDSUB/ADDSUB/CHAIN_GEN[16].C_MUX.CARRY_MUX_CARRY4_CARRY8 | CLB.CARRY.CARRY8  |
    | i_synth/SQRT_OP.SPD.OP/i_mant_calc.MANT_SQRT/RT[46].ADDSUB/ADDSUB/CHAIN_GEN[24].C_MUX.CARRY_MUX_CARRY4_CARRY8 | CLB.CARRY.CARRY8  |
    | i_synth/SQRT_OP.SPD.OP/i_mant_calc.MANT_SQRT/RT[46].ADDSUB/ADDSUB/CHAIN_GEN[32].C_MUX.CARRY_MUX_CARRY4_CARRY8 | CLB.CARRY.CARRY8  |
    | i_synth/SQRT_OP.SPD.OP/i_mant_calc.MANT_SQRT/RT[46].ADDSUB/ADDSUB/CHAIN_GEN[40].C_MUX.CARRY_MUX_CARRY4_CARRY8 | CLB.CARRY.CARRY8  |
    | i_synth/SQRT_OP.SPD.OP/i_mant_calc.MANT_SQRT/RT[46].ADDSUB/ADDSUB/CHAIN_GEN[48].C_MUX.CARRY_MUX_CARRY4_CARRY8 | CLB.CARRY.CARRY8  |
    | i_synth/SQRT_OP.SPD.OP/i_mant_calc.MANT_SQRT/RT[47].ADDSUB/ADDSUB/CHAIN_GEN[0].C_MUX.CARRY_MUX_CARRY4_CARRY8  | CLB.CARRY.CARRY8  |
    | i_synth/SQRT_OP.SPD.OP/i_mant_calc.MANT_SQRT/RT[47].ADDSUB/ADDSUB/CHAIN_GEN[8].C_MUX.CARRY_MUX_CARRY4_CARRY8  | CLB.CARRY.CARRY8  |
    | i_synth/SQRT_OP.SPD.OP/i_mant_calc.MANT_SQRT/RT[47].ADDSUB/ADDSUB/CHAIN_GEN[16].C_MUX.CARRY_MUX_CARRY4_CARRY8 | CLB.CARRY.CARRY8  |
    | i_synth/SQRT_OP.SPD.OP/i_mant_calc.MANT_SQRT/RT[47].ADDSUB/ADDSUB/CHAIN_GEN[24].C_MUX.CARRY_MUX_CARRY4_CARRY8 | CLB.CARRY.CARRY8  |
    | i_synth/SQRT_OP.SPD.OP/i_mant_calc.MANT_SQRT/RT[47].ADDSUB/ADDSUB/CHAIN_GEN[32].C_MUX.CARRY_MUX_CARRY4_CARRY8 | CLB.CARRY.CARRY8  |
    | i_synth/SQRT_OP.SPD.OP/i_mant_calc.MANT_SQRT/RT[47].ADDSUB/ADDSUB/CHAIN_GEN[40].C_MUX.CARRY_MUX_CARRY4_CARRY8 | CLB.CARRY.CARRY8  |
    | i_synth/SQRT_OP.SPD.OP/i_mant_calc.MANT_SQRT/RT[47].ADDSUB/ADDSUB/CHAIN_GEN[48].C_MUX.CARRY_MUX_CARRY4_CARRY8 | CLB.CARRY.CARRY8  |
    | i_synth/SQRT_OP.SPD.OP/i_mant_calc.MANT_SQRT/RT[47].ADDSUB/ADDSUB/Q_DEL/i_pipe/opt_has_pipe.first_q_reg[49]   | REGISTER.SDR.FDRE |
    +---------------------------------------------------------------------------------------------------------------+-------------------+

    +---------------------------------------------------------------------------------------------------------------+-------------------+
    | Path4 Cells                                                                                                   | Primitive Type    |
    +---------------------------------------------------------------------------------------------------------------+-------------------+
    | i_synth/SQRT_OP.SPD.OP/i_mant_calc.MANT_SQRT/RT[41].Q_DEL/i_pipe/opt_has_pipe.first_q_reg[3]                  | REGISTER.SDR.FDRE |
    | i_synth/SQRT_OP.SPD.OP/i_mant_calc.MANT_SQRT/RT[42].ADDSUB/CHAIN_GEN[7].C_MUX.CARRY_MUX_i_1                   | CLB.LUT.LUT3      |
    | i_synth/SQRT_OP.SPD.OP/i_mant_calc.MANT_SQRT/RT[42].ADDSUB/ADDSUB/CHAIN_GEN[0].C_MUX.CARRY_MUX_CARRY4_CARRY8  | CLB.CARRY.CARRY8  |
    | i_synth/SQRT_OP.SPD.OP/i_mant_calc.MANT_SQRT/RT[42].ADDSUB/ADDSUB/CHAIN_GEN[8].C_MUX.CARRY_MUX_CARRY4_CARRY8  | CLB.CARRY.CARRY8  |
    | i_synth/SQRT_OP.SPD.OP/i_mant_calc.MANT_SQRT/RT[42].ADDSUB/ADDSUB/CHAIN_GEN[16].C_MUX.CARRY_MUX_CARRY4_CARRY8 | CLB.CARRY.CARRY8  |
    | i_synth/SQRT_OP.SPD.OP/i_mant_calc.MANT_SQRT/RT[42].ADDSUB/ADDSUB/CHAIN_GEN[24].C_MUX.CARRY_MUX_CARRY4_CARRY8 | CLB.CARRY.CARRY8  |
    | i_synth/SQRT_OP.SPD.OP/i_mant_calc.MANT_SQRT/RT[42].ADDSUB/ADDSUB/CHAIN_GEN[32].C_MUX.CARRY_MUX_CARRY4_CARRY8 | CLB.CARRY.CARRY8  |
    | i_synth/SQRT_OP.SPD.OP/i_mant_calc.MANT_SQRT/RT[42].ADDSUB/ADDSUB/CHAIN_GEN[40].C_MUX.CARRY_MUX_CARRY4_CARRY8 | CLB.CARRY.CARRY8  |
    | i_synth/SQRT_OP.SPD.OP/i_mant_calc.MANT_SQRT/RT[42].ADDSUB/ADDSUB/CHAIN_GEN[0].C_MUX.CARRY_MUX_i_1__41        | CLB.LUT.LUT1      |
    | i_synth/SQRT_OP.SPD.OP/i_mant_calc.MANT_SQRT/RT[43].ADDSUB/ADDSUB/CHAIN_GEN[0].C_MUX.CARRY_MUX_CARRY4_CARRY8  | CLB.CARRY.CARRY8  |
    | i_synth/SQRT_OP.SPD.OP/i_mant_calc.MANT_SQRT/RT[43].ADDSUB/ADDSUB/CHAIN_GEN[8].C_MUX.CARRY_MUX_CARRY4_CARRY8  | CLB.CARRY.CARRY8  |
    | i_synth/SQRT_OP.SPD.OP/i_mant_calc.MANT_SQRT/RT[43].ADDSUB/ADDSUB/CHAIN_GEN[16].C_MUX.CARRY_MUX_CARRY4_CARRY8 | CLB.CARRY.CARRY8  |
    | i_synth/SQRT_OP.SPD.OP/i_mant_calc.MANT_SQRT/RT[43].ADDSUB/ADDSUB/CHAIN_GEN[24].C_MUX.CARRY_MUX_CARRY4_CARRY8 | CLB.CARRY.CARRY8  |
    | i_synth/SQRT_OP.SPD.OP/i_mant_calc.MANT_SQRT/RT[43].ADDSUB/ADDSUB/CHAIN_GEN[32].C_MUX.CARRY_MUX_CARRY4_CARRY8 | CLB.CARRY.CARRY8  |
    | i_synth/SQRT_OP.SPD.OP/i_mant_calc.MANT_SQRT/RT[43].ADDSUB/ADDSUB/CHAIN_GEN[40].C_MUX.CARRY_MUX_CARRY4_CARRY8 | CLB.CARRY.CARRY8  |
    | i_synth/SQRT_OP.SPD.OP/i_mant_calc.MANT_SQRT/RT[44].ADDSUB/ADDSUB/CHAIN_GEN[0].C_MUX.CARRY_MUX_CARRY4_CARRY8  | CLB.CARRY.CARRY8  |
    | i_synth/SQRT_OP.SPD.OP/i_mant_calc.MANT_SQRT/RT[44].ADDSUB/ADDSUB/CHAIN_GEN[8].C_MUX.CARRY_MUX_CARRY4_CARRY8  | CLB.CARRY.CARRY8  |
    | i_synth/SQRT_OP.SPD.OP/i_mant_calc.MANT_SQRT/RT[44].ADDSUB/ADDSUB/CHAIN_GEN[16].C_MUX.CARRY_MUX_CARRY4_CARRY8 | CLB.CARRY.CARRY8  |
    | i_synth/SQRT_OP.SPD.OP/i_mant_calc.MANT_SQRT/RT[44].ADDSUB/ADDSUB/CHAIN_GEN[24].C_MUX.CARRY_MUX_CARRY4_CARRY8 | CLB.CARRY.CARRY8  |
    | i_synth/SQRT_OP.SPD.OP/i_mant_calc.MANT_SQRT/RT[44].ADDSUB/ADDSUB/CHAIN_GEN[32].C_MUX.CARRY_MUX_CARRY4_CARRY8 | CLB.CARRY.CARRY8  |
    | i_synth/SQRT_OP.SPD.OP/i_mant_calc.MANT_SQRT/RT[44].ADDSUB/ADDSUB/CHAIN_GEN[40].C_MUX.CARRY_MUX_CARRY4_CARRY8 | CLB.CARRY.CARRY8  |
    | i_synth/SQRT_OP.SPD.OP/i_mant_calc.MANT_SQRT/RT[45].ADDSUB/ADDSUB/CHAIN_GEN[0].C_MUX.CARRY_MUX_CARRY4_CARRY8  | CLB.CARRY.CARRY8  |
    | i_synth/SQRT_OP.SPD.OP/i_mant_calc.MANT_SQRT/RT[45].ADDSUB/ADDSUB/CHAIN_GEN[8].C_MUX.CARRY_MUX_CARRY4_CARRY8  | CLB.CARRY.CARRY8  |
    | i_synth/SQRT_OP.SPD.OP/i_mant_calc.MANT_SQRT/RT[45].ADDSUB/ADDSUB/CHAIN_GEN[16].C_MUX.CARRY_MUX_CARRY4_CARRY8 | CLB.CARRY.CARRY8  |
    | i_synth/SQRT_OP.SPD.OP/i_mant_calc.MANT_SQRT/RT[45].ADDSUB/ADDSUB/CHAIN_GEN[24].C_MUX.CARRY_MUX_CARRY4_CARRY8 | CLB.CARRY.CARRY8  |
    | i_synth/SQRT_OP.SPD.OP/i_mant_calc.MANT_SQRT/RT[45].ADDSUB/ADDSUB/CHAIN_GEN[32].C_MUX.CARRY_MUX_CARRY4_CARRY8 | CLB.CARRY.CARRY8  |
    | i_synth/SQRT_OP.SPD.OP/i_mant_calc.MANT_SQRT/RT[45].ADDSUB/ADDSUB/CHAIN_GEN[40].C_MUX.CARRY_MUX_CARRY4_CARRY8 | CLB.CARRY.CARRY8  |
    | i_synth/SQRT_OP.SPD.OP/i_mant_calc.MANT_SQRT/RT[45].ADDSUB/ADDSUB/CHAIN_GEN[48].C_MUX.CARRY_MUX_CARRY4_CARRY8 | CLB.CARRY.CARRY8  |
    | i_synth/SQRT_OP.SPD.OP/i_mant_calc.MANT_SQRT/RT[45].ADDSUB/ADDSUB/CHAIN_GEN[0].C_MUX.CARRY_MUX_i_1__44        | CLB.LUT.LUT1      |
    | i_synth/SQRT_OP.SPD.OP/i_mant_calc.MANT_SQRT/RT[46].ADDSUB/ADDSUB/CHAIN_GEN[0].C_MUX.CARRY_MUX_CARRY4_CARRY8  | CLB.CARRY.CARRY8  |
    | i_synth/SQRT_OP.SPD.OP/i_mant_calc.MANT_SQRT/RT[46].ADDSUB/ADDSUB/CHAIN_GEN[8].C_MUX.CARRY_MUX_CARRY4_CARRY8  | CLB.CARRY.CARRY8  |
    | i_synth/SQRT_OP.SPD.OP/i_mant_calc.MANT_SQRT/RT[46].ADDSUB/ADDSUB/CHAIN_GEN[16].C_MUX.CARRY_MUX_CARRY4_CARRY8 | CLB.CARRY.CARRY8  |
    | i_synth/SQRT_OP.SPD.OP/i_mant_calc.MANT_SQRT/RT[46].ADDSUB/ADDSUB/CHAIN_GEN[24].C_MUX.CARRY_MUX_CARRY4_CARRY8 | CLB.CARRY.CARRY8  |
    | i_synth/SQRT_OP.SPD.OP/i_mant_calc.MANT_SQRT/RT[46].ADDSUB/ADDSUB/CHAIN_GEN[32].C_MUX.CARRY_MUX_CARRY4_CARRY8 | CLB.CARRY.CARRY8  |
    | i_synth/SQRT_OP.SPD.OP/i_mant_calc.MANT_SQRT/RT[46].ADDSUB/ADDSUB/CHAIN_GEN[40].C_MUX.CARRY_MUX_CARRY4_CARRY8 | CLB.CARRY.CARRY8  |
    | i_synth/SQRT_OP.SPD.OP/i_mant_calc.MANT_SQRT/RT[46].ADDSUB/ADDSUB/CHAIN_GEN[48].C_MUX.CARRY_MUX_CARRY4_CARRY8 | CLB.CARRY.CARRY8  |
    | i_synth/SQRT_OP.SPD.OP/i_mant_calc.MANT_SQRT/RT[47].ADDSUB/ADDSUB/CHAIN_GEN[0].C_MUX.CARRY_MUX_CARRY4_CARRY8  | CLB.CARRY.CARRY8  |
    | i_synth/SQRT_OP.SPD.OP/i_mant_calc.MANT_SQRT/RT[47].ADDSUB/ADDSUB/CHAIN_GEN[8].C_MUX.CARRY_MUX_CARRY4_CARRY8  | CLB.CARRY.CARRY8  |
    | i_synth/SQRT_OP.SPD.OP/i_mant_calc.MANT_SQRT/RT[47].ADDSUB/ADDSUB/CHAIN_GEN[16].C_MUX.CARRY_MUX_CARRY4_CARRY8 | CLB.CARRY.CARRY8  |
    | i_synth/SQRT_OP.SPD.OP/i_mant_calc.MANT_SQRT/RT[47].ADDSUB/ADDSUB/CHAIN_GEN[24].C_MUX.CARRY_MUX_CARRY4_CARRY8 | CLB.CARRY.CARRY8  |
    | i_synth/SQRT_OP.SPD.OP/i_mant_calc.MANT_SQRT/RT[47].ADDSUB/ADDSUB/CHAIN_GEN[32].C_MUX.CARRY_MUX_CARRY4_CARRY8 | CLB.CARRY.CARRY8  |
    | i_synth/SQRT_OP.SPD.OP/i_mant_calc.MANT_SQRT/RT[47].ADDSUB/ADDSUB/CHAIN_GEN[40].C_MUX.CARRY_MUX_CARRY4_CARRY8 | CLB.CARRY.CARRY8  |
    | i_synth/SQRT_OP.SPD.OP/i_mant_calc.MANT_SQRT/RT[47].ADDSUB/ADDSUB/Q_DEL/i_pipe/opt_has_pipe.first_q_reg[45]   | REGISTER.SDR.FDRE |
    +---------------------------------------------------------------------------------------------------------------+-------------------+

    +---------------------------------------------------------------------------------------------------------------+-------------------+
    | Path5 Cells                                                                                                   | Primitive Type    |
    +---------------------------------------------------------------------------------------------------------------+-------------------+
    | i_synth/SQRT_OP.SPD.OP/i_mant_calc.MANT_SQRT/RT[41].Q_DEL/i_pipe/opt_has_pipe.first_q_reg[3]                  | REGISTER.SDR.FDRE |
    | i_synth/SQRT_OP.SPD.OP/i_mant_calc.MANT_SQRT/RT[42].ADDSUB/CHAIN_GEN[7].C_MUX.CARRY_MUX_i_1                   | CLB.LUT.LUT3      |
    | i_synth/SQRT_OP.SPD.OP/i_mant_calc.MANT_SQRT/RT[42].ADDSUB/ADDSUB/CHAIN_GEN[0].C_MUX.CARRY_MUX_CARRY4_CARRY8  | CLB.CARRY.CARRY8  |
    | i_synth/SQRT_OP.SPD.OP/i_mant_calc.MANT_SQRT/RT[42].ADDSUB/ADDSUB/CHAIN_GEN[8].C_MUX.CARRY_MUX_CARRY4_CARRY8  | CLB.CARRY.CARRY8  |
    | i_synth/SQRT_OP.SPD.OP/i_mant_calc.MANT_SQRT/RT[42].ADDSUB/ADDSUB/CHAIN_GEN[16].C_MUX.CARRY_MUX_CARRY4_CARRY8 | CLB.CARRY.CARRY8  |
    | i_synth/SQRT_OP.SPD.OP/i_mant_calc.MANT_SQRT/RT[42].ADDSUB/ADDSUB/CHAIN_GEN[24].C_MUX.CARRY_MUX_CARRY4_CARRY8 | CLB.CARRY.CARRY8  |
    | i_synth/SQRT_OP.SPD.OP/i_mant_calc.MANT_SQRT/RT[42].ADDSUB/ADDSUB/CHAIN_GEN[32].C_MUX.CARRY_MUX_CARRY4_CARRY8 | CLB.CARRY.CARRY8  |
    | i_synth/SQRT_OP.SPD.OP/i_mant_calc.MANT_SQRT/RT[42].ADDSUB/ADDSUB/CHAIN_GEN[40].C_MUX.CARRY_MUX_CARRY4_CARRY8 | CLB.CARRY.CARRY8  |
    | i_synth/SQRT_OP.SPD.OP/i_mant_calc.MANT_SQRT/RT[42].ADDSUB/ADDSUB/CHAIN_GEN[0].C_MUX.CARRY_MUX_i_1__41        | CLB.LUT.LUT1      |
    | i_synth/SQRT_OP.SPD.OP/i_mant_calc.MANT_SQRT/RT[43].ADDSUB/ADDSUB/CHAIN_GEN[0].C_MUX.CARRY_MUX_CARRY4_CARRY8  | CLB.CARRY.CARRY8  |
    | i_synth/SQRT_OP.SPD.OP/i_mant_calc.MANT_SQRT/RT[43].ADDSUB/ADDSUB/CHAIN_GEN[8].C_MUX.CARRY_MUX_CARRY4_CARRY8  | CLB.CARRY.CARRY8  |
    | i_synth/SQRT_OP.SPD.OP/i_mant_calc.MANT_SQRT/RT[43].ADDSUB/ADDSUB/CHAIN_GEN[16].C_MUX.CARRY_MUX_CARRY4_CARRY8 | CLB.CARRY.CARRY8  |
    | i_synth/SQRT_OP.SPD.OP/i_mant_calc.MANT_SQRT/RT[43].ADDSUB/ADDSUB/CHAIN_GEN[24].C_MUX.CARRY_MUX_CARRY4_CARRY8 | CLB.CARRY.CARRY8  |
    | i_synth/SQRT_OP.SPD.OP/i_mant_calc.MANT_SQRT/RT[43].ADDSUB/ADDSUB/CHAIN_GEN[32].C_MUX.CARRY_MUX_CARRY4_CARRY8 | CLB.CARRY.CARRY8  |
    | i_synth/SQRT_OP.SPD.OP/i_mant_calc.MANT_SQRT/RT[43].ADDSUB/ADDSUB/CHAIN_GEN[40].C_MUX.CARRY_MUX_CARRY4_CARRY8 | CLB.CARRY.CARRY8  |
    | i_synth/SQRT_OP.SPD.OP/i_mant_calc.MANT_SQRT/RT[44].ADDSUB/ADDSUB/CHAIN_GEN[0].C_MUX.CARRY_MUX_CARRY4_CARRY8  | CLB.CARRY.CARRY8  |
    | i_synth/SQRT_OP.SPD.OP/i_mant_calc.MANT_SQRT/RT[44].ADDSUB/ADDSUB/CHAIN_GEN[8].C_MUX.CARRY_MUX_CARRY4_CARRY8  | CLB.CARRY.CARRY8  |
    | i_synth/SQRT_OP.SPD.OP/i_mant_calc.MANT_SQRT/RT[44].ADDSUB/ADDSUB/CHAIN_GEN[16].C_MUX.CARRY_MUX_CARRY4_CARRY8 | CLB.CARRY.CARRY8  |
    | i_synth/SQRT_OP.SPD.OP/i_mant_calc.MANT_SQRT/RT[44].ADDSUB/ADDSUB/CHAIN_GEN[24].C_MUX.CARRY_MUX_CARRY4_CARRY8 | CLB.CARRY.CARRY8  |
    | i_synth/SQRT_OP.SPD.OP/i_mant_calc.MANT_SQRT/RT[44].ADDSUB/ADDSUB/CHAIN_GEN[32].C_MUX.CARRY_MUX_CARRY4_CARRY8 | CLB.CARRY.CARRY8  |
    | i_synth/SQRT_OP.SPD.OP/i_mant_calc.MANT_SQRT/RT[44].ADDSUB/ADDSUB/CHAIN_GEN[40].C_MUX.CARRY_MUX_CARRY4_CARRY8 | CLB.CARRY.CARRY8  |
    | i_synth/SQRT_OP.SPD.OP/i_mant_calc.MANT_SQRT/RT[45].ADDSUB/ADDSUB/CHAIN_GEN[0].C_MUX.CARRY_MUX_CARRY4_CARRY8  | CLB.CARRY.CARRY8  |
    | i_synth/SQRT_OP.SPD.OP/i_mant_calc.MANT_SQRT/RT[45].ADDSUB/ADDSUB/CHAIN_GEN[8].C_MUX.CARRY_MUX_CARRY4_CARRY8  | CLB.CARRY.CARRY8  |
    | i_synth/SQRT_OP.SPD.OP/i_mant_calc.MANT_SQRT/RT[45].ADDSUB/ADDSUB/CHAIN_GEN[16].C_MUX.CARRY_MUX_CARRY4_CARRY8 | CLB.CARRY.CARRY8  |
    | i_synth/SQRT_OP.SPD.OP/i_mant_calc.MANT_SQRT/RT[45].ADDSUB/ADDSUB/CHAIN_GEN[24].C_MUX.CARRY_MUX_CARRY4_CARRY8 | CLB.CARRY.CARRY8  |
    | i_synth/SQRT_OP.SPD.OP/i_mant_calc.MANT_SQRT/RT[45].ADDSUB/ADDSUB/CHAIN_GEN[32].C_MUX.CARRY_MUX_CARRY4_CARRY8 | CLB.CARRY.CARRY8  |
    | i_synth/SQRT_OP.SPD.OP/i_mant_calc.MANT_SQRT/RT[45].ADDSUB/ADDSUB/CHAIN_GEN[40].C_MUX.CARRY_MUX_CARRY4_CARRY8 | CLB.CARRY.CARRY8  |
    | i_synth/SQRT_OP.SPD.OP/i_mant_calc.MANT_SQRT/RT[45].ADDSUB/ADDSUB/CHAIN_GEN[48].C_MUX.CARRY_MUX_CARRY4_CARRY8 | CLB.CARRY.CARRY8  |
    | i_synth/SQRT_OP.SPD.OP/i_mant_calc.MANT_SQRT/RT[45].ADDSUB/ADDSUB/CHAIN_GEN[0].C_MUX.CARRY_MUX_i_1__44        | CLB.LUT.LUT1      |
    | i_synth/SQRT_OP.SPD.OP/i_mant_calc.MANT_SQRT/RT[46].ADDSUB/ADDSUB/CHAIN_GEN[0].C_MUX.CARRY_MUX_CARRY4_CARRY8  | CLB.CARRY.CARRY8  |
    | i_synth/SQRT_OP.SPD.OP/i_mant_calc.MANT_SQRT/RT[46].ADDSUB/ADDSUB/CHAIN_GEN[8].C_MUX.CARRY_MUX_CARRY4_CARRY8  | CLB.CARRY.CARRY8  |
    | i_synth/SQRT_OP.SPD.OP/i_mant_calc.MANT_SQRT/RT[46].ADDSUB/ADDSUB/CHAIN_GEN[16].C_MUX.CARRY_MUX_CARRY4_CARRY8 | CLB.CARRY.CARRY8  |
    | i_synth/SQRT_OP.SPD.OP/i_mant_calc.MANT_SQRT/RT[46].ADDSUB/ADDSUB/CHAIN_GEN[24].C_MUX.CARRY_MUX_CARRY4_CARRY8 | CLB.CARRY.CARRY8  |
    | i_synth/SQRT_OP.SPD.OP/i_mant_calc.MANT_SQRT/RT[46].ADDSUB/ADDSUB/CHAIN_GEN[32].C_MUX.CARRY_MUX_CARRY4_CARRY8 | CLB.CARRY.CARRY8  |
    | i_synth/SQRT_OP.SPD.OP/i_mant_calc.MANT_SQRT/RT[46].ADDSUB/ADDSUB/CHAIN_GEN[40].C_MUX.CARRY_MUX_CARRY4_CARRY8 | CLB.CARRY.CARRY8  |
    | i_synth/SQRT_OP.SPD.OP/i_mant_calc.MANT_SQRT/RT[46].ADDSUB/ADDSUB/CHAIN_GEN[48].C_MUX.CARRY_MUX_CARRY4_CARRY8 | CLB.CARRY.CARRY8  |
    | i_synth/SQRT_OP.SPD.OP/i_mant_calc.MANT_SQRT/RT[47].ADDSUB/ADDSUB/CHAIN_GEN[0].C_MUX.CARRY_MUX_CARRY4_CARRY8  | CLB.CARRY.CARRY8  |
    | i_synth/SQRT_OP.SPD.OP/i_mant_calc.MANT_SQRT/RT[47].ADDSUB/ADDSUB/CHAIN_GEN[8].C_MUX.CARRY_MUX_CARRY4_CARRY8  | CLB.CARRY.CARRY8  |
    | i_synth/SQRT_OP.SPD.OP/i_mant_calc.MANT_SQRT/RT[47].ADDSUB/ADDSUB/CHAIN_GEN[16].C_MUX.CARRY_MUX_CARRY4_CARRY8 | CLB.CARRY.CARRY8  |
    | i_synth/SQRT_OP.SPD.OP/i_mant_calc.MANT_SQRT/RT[47].ADDSUB/ADDSUB/CHAIN_GEN[24].C_MUX.CARRY_MUX_CARRY4_CARRY8 | CLB.CARRY.CARRY8  |
    | i_synth/SQRT_OP.SPD.OP/i_mant_calc.MANT_SQRT/RT[47].ADDSUB/ADDSUB/CHAIN_GEN[32].C_MUX.CARRY_MUX_CARRY4_CARRY8 | CLB.CARRY.CARRY8  |
    | i_synth/SQRT_OP.SPD.OP/i_mant_calc.MANT_SQRT/RT[47].ADDSUB/ADDSUB/CHAIN_GEN[40].C_MUX.CARRY_MUX_CARRY4_CARRY8 | CLB.CARRY.CARRY8  |
    | i_synth/SQRT_OP.SPD.OP/i_mant_calc.MANT_SQRT/RT[47].ADDSUB/ADDSUB/CHAIN_GEN[48].C_MUX.CARRY_MUX_CARRY4_CARRY8 | CLB.CARRY.CARRY8  |
    | i_synth/SQRT_OP.SPD.OP/i_mant_calc.MANT_SQRT/RT[47].ADDSUB/ADDSUB/Q_DEL/i_pipe/opt_has_pipe.first_q_reg[50]   | REGISTER.SDR.FDRE |
    +---------------------------------------------------------------------------------------------------------------+-------------------+


================================================================
== Place & Route Vivado Reports
================================================================
+--------------------------+----------------------------------------------------------------------------+
| Report Type              | Report Location                                                            |
+--------------------------+----------------------------------------------------------------------------+
| design_analysis          | impl/verilog/report/kernel_gramschmidt_design_analysis_routed.rpt          |
| failfast                 | impl/verilog/report/kernel_gramschmidt_failfast_routed.rpt                 |
| status                   | impl/verilog/report/kernel_gramschmidt_status_routed.rpt                   |
| timing                   | impl/verilog/report/kernel_gramschmidt_timing_routed.rpt                   |
| timing_paths             | impl/verilog/report/kernel_gramschmidt_timing_paths_routed.rpt             |
| utilization              | impl/verilog/report/kernel_gramschmidt_utilization_routed.rpt              |
| utilization_hierarchical | impl/verilog/report/kernel_gramschmidt_utilization_hierarchical_routed.rpt |
+--------------------------+----------------------------------------------------------------------------+


