
*** Running vivado
    with args -log bd_0_wrapper.vdi -applog -m64 -product Vivado -messageDb vivado.pb -mode batch -source bd_0_wrapper.tcl -notrace


****** Vivado v2023.2 (64-bit)
  **** SW Build 4029153 on Fri Oct 13 20:13:54 MDT 2023
  **** IP Build 4028589 on Sat Oct 14 00:45:43 MDT 2023
  **** SharedData Build 4025554 on Tue Oct 10 17:18:54 MDT 2023
    ** Copyright 1986-2022 Xilinx, Inc. All Rights Reserved.
    ** Copyright 2022-2023 Advanced Micro Devices, Inc. All Rights Reserved.

source bd_0_wrapper.tcl -notrace
Command: open_checkpoint /home/gabriel/Documents/UFRGS/RAISE/AHLS/AHLS/data/anchor_solutions/GRAMSCHMIDT/solution0/impl/verilog/project.runs/impl_1/bd_0_wrapper.dcp
INFO: [Device 21-403] Loading part xcu50-fsvh2104-2-e
Netlist sorting complete. Time (s): cpu = 00:00:00.18 ; elapsed = 00:00:00.18 . Memory (MB): peak = 2618.645 ; gain = 0.000 ; free physical = 4327 ; free virtual = 13398
INFO: [Netlist 29-17] Analyzing 747 Unisim elements for replacement
INFO: [Netlist 29-28] Unisim Transformation completed in 0 CPU seconds
INFO: [Project 1-479] Netlist was created with Vivado 2023.2
INFO: [Project 1-570] Preparing netlist for logic optimization
Read ShapeDB Complete: Time (s): cpu = 00:00:00.03 ; elapsed = 00:00:00.02 . Memory (MB): peak = 2730.176 ; gain = 2.000 ; free physical = 4264 ; free virtual = 13335
INFO: [Timing 38-478] Restoring timing data from binary archive.
INFO: [Timing 38-479] Binary timing data restore complete.
INFO: [Project 1-856] Restoring constraints from binary archive.
INFO: [Project 1-853] Binary constraint restore complete.
Netlist sorting complete. Time (s): cpu = 00:00:00 ; elapsed = 00:00:00 . Memory (MB): peak = 3202.082 ; gain = 0.000 ; free physical = 3958 ; free virtual = 13002
INFO: [Project 1-111] Unisim Transformation Summary:
  A total of 11 instances were transformed.
  DSP48E1 => DSP48E2 (DSP_ALU, DSP_A_B_DATA, DSP_C_DATA, DSP_MULTIPLIER, DSP_M_DATA, DSP_OUTPUT, DSP_PREADD, DSP_PREADD_DATA): 4 instances
  DSP48E2 => DSP48E2 (DSP_ALU, DSP_A_B_DATA, DSP_C_DATA, DSP_MULTIPLIER, DSP_M_DATA, DSP_OUTPUT, DSP_PREADD, DSP_PREADD_DATA): 7 instances

INFO: [Project 1-604] Checkpoint was created with Vivado v2023.2 (64-bit) build 4029153
open_checkpoint: Time (s): cpu = 00:00:16 ; elapsed = 00:00:16 . Memory (MB): peak = 3202.117 ; gain = 1863.309 ; free physical = 3944 ; free virtual = 12988
INFO: [IP_Flow 19-234] Refreshing IP repositories
INFO: [IP_Flow 19-1700] Loaded user IP repository '/home/gabriel/Documents/UFRGS/RAISE/AHLS/AHLS/data/anchor_solutions/GRAMSCHMIDT/solution0/impl/ip'.
INFO: [IP_Flow 19-2313] Loaded Vivado IP repository '/tools/Xilinx/Vivado/2023.2/data/ip'.
Command: opt_design
Attempting to get a license for feature 'Implementation' and/or device 'xcu50'
INFO: [Common 17-349] Got license for feature 'Implementation' and/or device 'xcu50'
Running DRC as a precondition to command opt_design

Starting DRC Task
INFO: [DRC 23-27] Running DRC with 8 threads
INFO: [Project 1-461] DRC finished with 0 Errors
INFO: [Project 1-462] Please refer to the DRC report (report_drc) for more information.

Time (s): cpu = 00:00:02 ; elapsed = 00:00:00.89 . Memory (MB): peak = 3298.801 ; gain = 93.750 ; free physical = 3916 ; free virtual = 12960

Starting Cache Timing Information Task
Ending Cache Timing Information Task | Checksum: 1380a981c

Time (s): cpu = 00:00:00.01 ; elapsed = 00:00:00.01 . Memory (MB): peak = 3298.801 ; gain = 0.000 ; free physical = 3916 ; free virtual = 12960

Starting Logic Optimization Task

Phase 1 Initialization

Phase 1.1 Core Generation And Design Setup
Phase 1.1 Core Generation And Design Setup | Checksum: 1380a981c

Time (s): cpu = 00:00:00.01 ; elapsed = 00:00:00 . Memory (MB): peak = 3542.684 ; gain = 0.000 ; free physical = 3649 ; free virtual = 12694

Phase 1.2 Setup Constraints And Sort Netlist
Phase 1.2 Setup Constraints And Sort Netlist | Checksum: 1380a981c

Time (s): cpu = 00:00:00.01 ; elapsed = 00:00:00.01 . Memory (MB): peak = 3542.684 ; gain = 0.000 ; free physical = 3649 ; free virtual = 12694
Phase 1 Initialization | Checksum: 1380a981c

Time (s): cpu = 00:00:00.01 ; elapsed = 00:00:00.01 . Memory (MB): peak = 3542.684 ; gain = 0.000 ; free physical = 3649 ; free virtual = 12694

Phase 2 Timer Update And Timing Data Collection

Phase 2.1 Timer Update
Phase 2.1 Timer Update | Checksum: 1380a981c

Time (s): cpu = 00:00:00.83 ; elapsed = 00:00:00.18 . Memory (MB): peak = 3542.684 ; gain = 0.000 ; free physical = 3649 ; free virtual = 12694

Phase 2.2 Timing Data Collection
Phase 2.2 Timing Data Collection | Checksum: 1380a981c

Time (s): cpu = 00:00:00.85 ; elapsed = 00:00:00.2 . Memory (MB): peak = 3542.684 ; gain = 0.000 ; free physical = 3648 ; free virtual = 12692
Phase 2 Timer Update And Timing Data Collection | Checksum: 1380a981c

Time (s): cpu = 00:00:00.85 ; elapsed = 00:00:00.2 . Memory (MB): peak = 3542.684 ; gain = 0.000 ; free physical = 3648 ; free virtual = 12692

Phase 3 Retarget
INFO: [Opt 31-138] Pushed 1 inverter(s) to 2 load pin(s).
INFO: [Opt 31-49] Retargeted 0 cell(s).
Phase 3 Retarget | Checksum: 145f858c3

Time (s): cpu = 00:00:01 ; elapsed = 00:00:00.34 . Memory (MB): peak = 3566.695 ; gain = 24.012 ; free physical = 3648 ; free virtual = 12692
Retarget | Checksum: 145f858c3
INFO: [Opt 31-389] Phase Retarget created 2 cells and removed 7 cells

Phase 4 Constant propagation
INFO: [Opt 31-138] Pushed 0 inverter(s) to 0 load pin(s).
Phase 4 Constant propagation | Checksum: eac65da9

Time (s): cpu = 00:00:01 ; elapsed = 00:00:00.41 . Memory (MB): peak = 3566.695 ; gain = 24.012 ; free physical = 3647 ; free virtual = 12691
Constant propagation | Checksum: eac65da9
INFO: [Opt 31-389] Phase Constant propagation created 68 cells and removed 74 cells

Phase 5 Sweep
Phase 5 Sweep | Checksum: 112d5e4ac

Time (s): cpu = 00:00:01 ; elapsed = 00:00:00.57 . Memory (MB): peak = 3566.695 ; gain = 24.012 ; free physical = 3644 ; free virtual = 12689
Sweep | Checksum: 112d5e4ac
INFO: [Opt 31-389] Phase Sweep created 0 cells and removed 151 cells

Phase 6 BUFG optimization
INFO: [Opt 31-1077] Phase BUFG optimization inserted 0 global clock buffer(s) for CLOCK_LOW_FANOUT.
Phase 6 BUFG optimization | Checksum: 112d5e4ac

Time (s): cpu = 00:00:01 ; elapsed = 00:00:00.61 . Memory (MB): peak = 3598.711 ; gain = 56.027 ; free physical = 3644 ; free virtual = 12688
BUFG optimization | Checksum: 112d5e4ac
INFO: [Opt 31-662] Phase BUFG optimization created 0 cells of which 0 are BUFGs and removed 0 cells.

Phase 7 Shift Register Optimization
INFO: [Opt 31-1064] SRL Remap converted 0 SRLs to 0 registers and converted 0 registers of register chains to 0 SRLs
Phase 7 Shift Register Optimization | Checksum: 112d5e4ac

Time (s): cpu = 00:00:01 ; elapsed = 00:00:00.62 . Memory (MB): peak = 3598.711 ; gain = 56.027 ; free physical = 3643 ; free virtual = 12688
Shift Register Optimization | Checksum: 112d5e4ac
INFO: [Opt 31-389] Phase Shift Register Optimization created 0 cells and removed 0 cells

Phase 8 Post Processing Netlist
Phase 8 Post Processing Netlist | Checksum: 112d5e4ac

Time (s): cpu = 00:00:01 ; elapsed = 00:00:00.65 . Memory (MB): peak = 3598.711 ; gain = 56.027 ; free physical = 3643 ; free virtual = 12688
Post Processing Netlist | Checksum: 112d5e4ac
INFO: [Opt 31-389] Phase Post Processing Netlist created 0 cells and removed 0 cells

Phase 9 Finalization

Phase 9.1 Finalizing Design Cores and Updating Shapes
Phase 9.1 Finalizing Design Cores and Updating Shapes | Checksum: 162e1ccb5

Time (s): cpu = 00:00:02 ; elapsed = 00:00:01 . Memory (MB): peak = 3598.711 ; gain = 56.027 ; free physical = 3642 ; free virtual = 12687

Phase 9.2 Verifying Netlist Connectivity

Starting Connectivity Check Task

Time (s): cpu = 00:00:00.01 ; elapsed = 00:00:00.02 . Memory (MB): peak = 3598.711 ; gain = 0.000 ; free physical = 3642 ; free virtual = 12687
Phase 9.2 Verifying Netlist Connectivity | Checksum: 162e1ccb5

Time (s): cpu = 00:00:02 ; elapsed = 00:00:01 . Memory (MB): peak = 3598.711 ; gain = 56.027 ; free physical = 3642 ; free virtual = 12687
Phase 9 Finalization | Checksum: 162e1ccb5

Time (s): cpu = 00:00:02 ; elapsed = 00:00:01 . Memory (MB): peak = 3598.711 ; gain = 56.027 ; free physical = 3642 ; free virtual = 12687
Opt_design Change Summary
=========================


-------------------------------------------------------------------------------------------------------------------------
|  Phase                        |  #Cells created  |  #Cells Removed  |  #Constrained objects preventing optimizations  |
-------------------------------------------------------------------------------------------------------------------------
|  Retarget                     |               2  |               7  |                                              0  |
|  Constant propagation         |              68  |              74  |                                              0  |
|  Sweep                        |               0  |             151  |                                              0  |
|  BUFG optimization            |               0  |               0  |                                              0  |
|  Shift Register Optimization  |               0  |               0  |                                              0  |
|  Post Processing Netlist      |               0  |               0  |                                              0  |
-------------------------------------------------------------------------------------------------------------------------


Ending Logic Optimization Task | Checksum: 162e1ccb5

Time (s): cpu = 00:00:02 ; elapsed = 00:00:01 . Memory (MB): peak = 3598.711 ; gain = 56.027 ; free physical = 3642 ; free virtual = 12687
INFO: [Constraints 18-11670] Building netlist checker database with flags, 0x8
Done building netlist checker database: Time (s): cpu = 00:00:00 ; elapsed = 00:00:00 . Memory (MB): peak = 3598.711 ; gain = 0.000 ; free physical = 3641 ; free virtual = 12686

Starting Power Optimization Task
INFO: [Pwropt 34-132] Skipping clock gating for clocks with a period < 2.00 ns.
Ending Power Optimization Task | Checksum: 162e1ccb5

Time (s): cpu = 00:00:00.01 ; elapsed = 00:00:00.01 . Memory (MB): peak = 3598.711 ; gain = 0.000 ; free physical = 3641 ; free virtual = 12686

Starting Final Cleanup Task
Ending Final Cleanup Task | Checksum: 162e1ccb5

Time (s): cpu = 00:00:00 ; elapsed = 00:00:00 . Memory (MB): peak = 3598.711 ; gain = 0.000 ; free physical = 3641 ; free virtual = 12686

Starting Netlist Obfuscation Task
Netlist sorting complete. Time (s): cpu = 00:00:00 ; elapsed = 00:00:00 . Memory (MB): peak = 3598.711 ; gain = 0.000 ; free physical = 3641 ; free virtual = 12686
Ending Netlist Obfuscation Task | Checksum: 162e1ccb5

Time (s): cpu = 00:00:00 ; elapsed = 00:00:00.01 . Memory (MB): peak = 3598.711 ; gain = 0.000 ; free physical = 3641 ; free virtual = 12686
INFO: [Common 17-83] Releasing license: Implementation
32 Infos, 0 Warnings, 0 Critical Warnings and 0 Errors encountered.
opt_design completed successfully
INFO: [runtcl-4] Executing : report_drc -file bd_0_wrapper_drc_opted.rpt -pb bd_0_wrapper_drc_opted.pb -rpx bd_0_wrapper_drc_opted.rpx
Command: report_drc -file bd_0_wrapper_drc_opted.rpt -pb bd_0_wrapper_drc_opted.pb -rpx bd_0_wrapper_drc_opted.rpx
INFO: [IP_Flow 19-1839] IP Catalog is up to date.
INFO: [DRC 23-27] Running DRC with 8 threads
INFO: [Vivado_Tcl 2-168] The results of DRC are in file /home/gabriel/Documents/UFRGS/RAISE/AHLS/AHLS/data/anchor_solutions/GRAMSCHMIDT/solution0/impl/verilog/project.runs/impl_1/bd_0_wrapper_drc_opted.rpt.
report_drc completed successfully
INFO: [Timing 38-35] Done setting XDC timing constraints.
INFO: [Timing 38-480] Writing timing data to binary archive.
Write ShapeDB Complete: Time (s): cpu = 00:00:00.06 ; elapsed = 00:00:00.01 . Memory (MB): peak = 3743.320 ; gain = 0.000 ; free physical = 3576 ; free virtual = 12623
INFO: [Common 17-1381] The checkpoint '/home/gabriel/Documents/UFRGS/RAISE/AHLS/AHLS/data/anchor_solutions/GRAMSCHMIDT/solution0/impl/verilog/project.runs/impl_1/bd_0_wrapper_opt.dcp' has been generated.
Command: place_design
Attempting to get a license for feature 'Implementation' and/or device 'xcu50'
INFO: [Common 17-349] Got license for feature 'Implementation' and/or device 'xcu50'
INFO: [Common 17-83] Releasing license: Implementation
INFO: [DRC 23-27] Running DRC with 8 threads
INFO: [Vivado_Tcl 4-198] DRC finished with 0 Errors
INFO: [Vivado_Tcl 4-199] Please refer to the DRC report (report_drc) for more information.
Running DRC as a precondition to command place_design
INFO: [DRC 23-27] Running DRC with 8 threads
INFO: [Vivado_Tcl 4-198] DRC finished with 0 Errors
INFO: [Vivado_Tcl 4-199] Please refer to the DRC report (report_drc) for more information.
INFO: [Place 30-611] Multithreading enabled for place_design using a maximum of 8 CPUs

Starting Placer Task

Phase 1 Placer Initialization

Phase 1.1 Placer Initialization Netlist Sorting
Netlist sorting complete. Time (s): cpu = 00:00:00 ; elapsed = 00:00:00 . Memory (MB): peak = 3811.789 ; gain = 0.000 ; free physical = 3528 ; free virtual = 12578
Phase 1.1 Placer Initialization Netlist Sorting | Checksum: c0a1f1b7

Time (s): cpu = 00:00:00.01 ; elapsed = 00:00:00.01 . Memory (MB): peak = 3811.789 ; gain = 0.000 ; free physical = 3528 ; free virtual = 12578
Netlist sorting complete. Time (s): cpu = 00:00:00 ; elapsed = 00:00:00 . Memory (MB): peak = 3811.789 ; gain = 0.000 ; free physical = 3528 ; free virtual = 12578

Phase 1.2 IO Placement/ Clock Placement/ Build Placer Device
Phase 1.2 IO Placement/ Clock Placement/ Build Placer Device | Checksum: f1d8a966

Time (s): cpu = 00:00:18 ; elapsed = 00:00:18 . Memory (MB): peak = 4713.734 ; gain = 901.945 ; free physical = 2763 ; free virtual = 11837

Phase 1.3 Build Placer Netlist Model
Phase 1.3 Build Placer Netlist Model | Checksum: 186e8e6dd

Time (s): cpu = 00:00:24 ; elapsed = 00:00:20 . Memory (MB): peak = 4908.777 ; gain = 1096.988 ; free physical = 2512 ; free virtual = 11586

Phase 1.4 Constrain Clocks/Macros
Phase 1.4 Constrain Clocks/Macros | Checksum: 186e8e6dd

Time (s): cpu = 00:00:24 ; elapsed = 00:00:20 . Memory (MB): peak = 4908.777 ; gain = 1096.988 ; free physical = 2512 ; free virtual = 11586
Phase 1 Placer Initialization | Checksum: 186e8e6dd

Time (s): cpu = 00:00:24 ; elapsed = 00:00:21 . Memory (MB): peak = 4908.777 ; gain = 1096.988 ; free physical = 2512 ; free virtual = 11586

Phase 2 Global Placement

Phase 2.1 Floorplanning

Phase 2.1.1 Partition Driven Placement

Phase 2.1.1.1 PBP: Partition Driven Placement
Phase 2.1.1.1 PBP: Partition Driven Placement | Checksum: 1c4b1e0f4

Time (s): cpu = 00:00:26 ; elapsed = 00:00:21 . Memory (MB): peak = 4908.777 ; gain = 1096.988 ; free physical = 2526 ; free virtual = 11600

Phase 2.1.1.2 PBP: Clock Region Placement
INFO: [Place 30-3164] Check ILP status : ILP-based clock placer is skipped.
Phase 2.1.1.2 PBP: Clock Region Placement | Checksum: 1c4b1e0f4

Time (s): cpu = 00:00:26 ; elapsed = 00:00:21 . Memory (MB): peak = 4908.777 ; gain = 1096.988 ; free physical = 2526 ; free virtual = 11600

Phase 2.1.1.3 PBP: Compute Congestion
Phase 2.1.1.3 PBP: Compute Congestion | Checksum: 1c4b1e0f4

Time (s): cpu = 00:00:45 ; elapsed = 00:00:27 . Memory (MB): peak = 5347.762 ; gain = 1535.973 ; free physical = 2036 ; free virtual = 11111

Phase 2.1.1.4 PBP: UpdateTiming
Phase 2.1.1.4 PBP: UpdateTiming | Checksum: f8f591cf

Time (s): cpu = 00:00:45 ; elapsed = 00:00:27 . Memory (MB): peak = 5379.777 ; gain = 1567.988 ; free physical = 2028 ; free virtual = 11103

Phase 2.1.1.5 PBP: Add part constraints
Phase 2.1.1.5 PBP: Add part constraints | Checksum: f8f591cf

Time (s): cpu = 00:00:45 ; elapsed = 00:00:27 . Memory (MB): peak = 5379.777 ; gain = 1567.988 ; free physical = 2028 ; free virtual = 11103
Phase 2.1.1 Partition Driven Placement | Checksum: f8f591cf

Time (s): cpu = 00:00:45 ; elapsed = 00:00:27 . Memory (MB): peak = 5379.777 ; gain = 1567.988 ; free physical = 2028 ; free virtual = 11103
Phase 2.1 Floorplanning | Checksum: 1d6ee3b9a

Time (s): cpu = 00:00:45 ; elapsed = 00:00:27 . Memory (MB): peak = 5379.777 ; gain = 1567.988 ; free physical = 2028 ; free virtual = 11103

Phase 2.2 Physical Synthesis After Floorplan
INFO: [Physopt 32-670] No setup violation found.  PSIP Post Floorplan SLR Replication was not performed.
Netlist sorting complete. Time (s): cpu = 00:00:00 ; elapsed = 00:00:00 . Memory (MB): peak = 5379.777 ; gain = 0.000 ; free physical = 2028 ; free virtual = 11103

Summary of Physical Synthesis Optimizations
============================================


-----------------------------------------------------------------------------------------------------------------------------------------------
|  Optimization                         |  Added Cells  |  Removed Cells  |  Optimized Cells/Nets  |  Dont Touch  |  Iterations  |  Elapsed   |
-----------------------------------------------------------------------------------------------------------------------------------------------
|  PSIP Post Floorplan SLR Replication  |            0  |              0  |                     0  |           0  |           0  |  00:00:00  |
|  Total                                |            0  |              0  |                     0  |           0  |           0  |  00:00:00  |
-----------------------------------------------------------------------------------------------------------------------------------------------


Phase 2.2 Physical Synthesis After Floorplan | Checksum: 1d6ee3b9a

Time (s): cpu = 00:00:45 ; elapsed = 00:00:27 . Memory (MB): peak = 5379.777 ; gain = 1567.988 ; free physical = 2028 ; free virtual = 11103

Phase 2.3 Update Timing before SLR Path Opt
Phase 2.3 Update Timing before SLR Path Opt | Checksum: 1d6ee3b9a

Time (s): cpu = 00:00:45 ; elapsed = 00:00:27 . Memory (MB): peak = 5379.777 ; gain = 1567.988 ; free physical = 2028 ; free virtual = 11103

Phase 2.4 Post-Processing in Floorplanning
Phase 2.4 Post-Processing in Floorplanning | Checksum: 1d6ee3b9a

Time (s): cpu = 00:00:45 ; elapsed = 00:00:27 . Memory (MB): peak = 5379.777 ; gain = 1567.988 ; free physical = 2028 ; free virtual = 11103

Phase 2.5 Global Placement Core

Phase 2.5.1 UpdateTiming Before Physical Synthesis
Phase 2.5.1 UpdateTiming Before Physical Synthesis | Checksum: 16180ba28

Time (s): cpu = 00:01:13 ; elapsed = 00:00:38 . Memory (MB): peak = 5756.801 ; gain = 1945.012 ; free physical = 1702 ; free virtual = 10777

Phase 2.5.2 Physical Synthesis In Placer
INFO: [Physopt 32-1035] Found 0 LUTNM shape to break, 65 LUT instances to create LUTNM shape
INFO: [Physopt 32-1044] Break lutnm for timing: one critical 0, two critical 0, total 0, new lutff created 0
INFO: [Physopt 32-1138] End 1 Pass. Optimized 22 nets or LUTs. Breaked 0 LUT, combined 22 existing LUTs and moved 0 existing LUT
INFO: [Physopt 32-69] No nets found for rewiring optimization.
INFO: [Physopt 32-661] Optimized 0 net.  Re-placed 0 instance.
INFO: [Physopt 32-775] End 1 Pass. Optimized 0 net or cell. Created 0 new cell, deleted 0 existing cell and moved 0 existing cell
INFO: [Physopt 32-65] No nets found for high-fanout optimization.
INFO: [Physopt 32-232] Optimized 0 net. Created 0 new instance.
INFO: [Physopt 32-775] End 1 Pass. Optimized 0 net or cell. Created 0 new cell, deleted 0 existing cell and moved 0 existing cell
INFO: [Physopt 32-670] No setup violation found.  DSP Register Optimization was not performed.
INFO: [Physopt 32-670] No setup violation found.  Shift Register to Pipeline Optimization was not performed.
INFO: [Physopt 32-670] No setup violation found.  Shift Register Optimization was not performed.
INFO: [Physopt 32-670] No setup violation found.  BRAM Register Optimization was not performed.
INFO: [Physopt 32-670] No setup violation found.  URAM Register Optimization was not performed.
INFO: [Physopt 32-949] No candidate nets found for dynamic/static region interface net replication
INFO: [Physopt 32-775] End 1 Pass. Optimized 0 net or cell. Created 0 new cell, deleted 0 existing cell and moved 0 existing cell
Netlist sorting complete. Time (s): cpu = 00:00:00.01 ; elapsed = 00:00:00 . Memory (MB): peak = 5756.801 ; gain = 0.000 ; free physical = 1701 ; free virtual = 10776

Summary of Physical Synthesis Optimizations
============================================


-----------------------------------------------------------------------------------------------------------------------------------------------------------
|  Optimization                                     |  Added Cells  |  Removed Cells  |  Optimized Cells/Nets  |  Dont Touch  |  Iterations  |  Elapsed   |
-----------------------------------------------------------------------------------------------------------------------------------------------------------
|  LUT Combining                                    |            0  |             22  |                    22  |           0  |           1  |  00:00:00  |
|  Retime                                           |            0  |              0  |                     0  |           0  |           1  |  00:00:00  |
|  Equivalent Driver Rewiring                       |            0  |              0  |                     0  |           0  |           1  |  00:00:00  |
|  Very High Fanout                                 |            0  |              0  |                     0  |           0  |           1  |  00:00:00  |
|  DSP Register                                     |            0  |              0  |                     0  |           0  |           0  |  00:00:00  |
|  Shift Register to Pipeline                       |            0  |              0  |                     0  |           0  |           0  |  00:00:00  |
|  Shift Register                                   |            0  |              0  |                     0  |           0  |           0  |  00:00:00  |
|  BRAM Register                                    |            0  |              0  |                     0  |           0  |           0  |  00:00:00  |
|  URAM Register                                    |            0  |              0  |                     0  |           0  |           0  |  00:00:00  |
|  Dynamic/Static Region Interface Net Replication  |            0  |              0  |                     0  |           0  |           1  |  00:00:00  |
|  Total                                            |            0  |             22  |                    22  |           0  |           5  |  00:00:00  |
-----------------------------------------------------------------------------------------------------------------------------------------------------------


Phase 2.5.2 Physical Synthesis In Placer | Checksum: e1fcd8cc

Time (s): cpu = 00:01:14 ; elapsed = 00:00:38 . Memory (MB): peak = 5756.801 ; gain = 1945.012 ; free physical = 1701 ; free virtual = 10776
Phase 2.5 Global Placement Core | Checksum: e5ad589c

Time (s): cpu = 00:01:51 ; elapsed = 00:00:50 . Memory (MB): peak = 5756.801 ; gain = 1945.012 ; free physical = 1867 ; free virtual = 10923
Phase 2 Global Placement | Checksum: e5ad589c

Time (s): cpu = 00:01:51 ; elapsed = 00:00:50 . Memory (MB): peak = 5756.801 ; gain = 1945.012 ; free physical = 1867 ; free virtual = 10923

Phase 3 Detail Placement

Phase 3.1 Commit Multi Column Macros
Phase 3.1 Commit Multi Column Macros | Checksum: a1641ca9

Time (s): cpu = 00:02:10 ; elapsed = 00:00:56 . Memory (MB): peak = 5756.801 ; gain = 1945.012 ; free physical = 1881 ; free virtual = 10936

Phase 3.2 Commit Most Macros & LUTRAMs
Phase 3.2 Commit Most Macros & LUTRAMs | Checksum: 183f27dce

Time (s): cpu = 00:02:12 ; elapsed = 00:00:57 . Memory (MB): peak = 5756.801 ; gain = 1945.012 ; free physical = 1881 ; free virtual = 10936

Phase 3.3 Small Shape DP

Phase 3.3.1 Small Shape Clustering
Phase 3.3.1 Small Shape Clustering | Checksum: 1061e9396

Time (s): cpu = 00:02:31 ; elapsed = 00:01:03 . Memory (MB): peak = 5756.801 ; gain = 1945.012 ; free physical = 1689 ; free virtual = 10766

Phase 3.3.2 Slice Area Swap

Phase 3.3.2.1 Slice Area Swap Initial
Phase 3.3.2.1 Slice Area Swap Initial | Checksum: 16a7fd53c

Time (s): cpu = 00:02:31 ; elapsed = 00:01:03 . Memory (MB): peak = 5756.801 ; gain = 1945.012 ; free physical = 1688 ; free virtual = 10765
Phase 3.3.2 Slice Area Swap | Checksum: c804f6d2

Time (s): cpu = 00:02:31 ; elapsed = 00:01:04 . Memory (MB): peak = 5756.801 ; gain = 1945.012 ; free physical = 1676 ; free virtual = 10757
Phase 3.3 Small Shape DP | Checksum: f6fdcf1c

Time (s): cpu = 00:02:32 ; elapsed = 00:01:04 . Memory (MB): peak = 5756.801 ; gain = 1945.012 ; free physical = 1676 ; free virtual = 10756

Phase 3.4 Re-assign LUT pins
Phase 3.4 Re-assign LUT pins | Checksum: 1934daa32

Time (s): cpu = 00:02:32 ; elapsed = 00:01:04 . Memory (MB): peak = 5756.801 ; gain = 1945.012 ; free physical = 1674 ; free virtual = 10755

Phase 3.5 Pipeline Register Optimization
Phase 3.5 Pipeline Register Optimization | Checksum: 8c58bb35

Time (s): cpu = 00:02:33 ; elapsed = 00:01:04 . Memory (MB): peak = 5756.801 ; gain = 1945.012 ; free physical = 1674 ; free virtual = 10755
Phase 3 Detail Placement | Checksum: 8c58bb35

Time (s): cpu = 00:02:33 ; elapsed = 00:01:04 . Memory (MB): peak = 5756.801 ; gain = 1945.012 ; free physical = 1674 ; free virtual = 10755

Phase 4 Post Placement Optimization and Clean-Up

Phase 4.1 Post Commit Optimization
INFO: [Timing 38-35] Done setting XDC timing constraints.

Phase 4.1.1 Post Placement Optimization
Post Placement Optimization Initialization | Checksum: 133a91a0e

Phase 4.1.1.1 BUFG Insertion

Starting Physical Synthesis Task

Phase 1 Physical Synthesis Initialization
INFO: [Physopt 32-721] Multithreading enabled for phys_opt_design using a maximum of 8 CPUs
INFO: [Physopt 32-619] Estimated Timing Summary | WNS=1.619 | TNS=0.000 |
Phase 1 Physical Synthesis Initialization | Checksum: 12daa4cba

Time (s): cpu = 00:00:00.48 ; elapsed = 00:00:00.17 . Memory (MB): peak = 5756.801 ; gain = 0.000 ; free physical = 1697 ; free virtual = 10774
INFO: [Place 46-56] BUFG insertion identified 0 candidate nets. Inserted BUFG: 0, Replicated BUFG Driver: 0, Skipped due to Placement/Routing Conflicts: 0, Skipped due to Timing Degradation: 0, Skipped due to netlist editing failed: 0.
Ending Physical Synthesis Task | Checksum: 12daa4cba

Time (s): cpu = 00:00:00.58 ; elapsed = 00:00:00.27 . Memory (MB): peak = 5756.801 ; gain = 0.000 ; free physical = 1696 ; free virtual = 10774
Phase 4.1.1.1 BUFG Insertion | Checksum: 133a91a0e

Time (s): cpu = 00:02:57 ; elapsed = 00:01:12 . Memory (MB): peak = 5756.801 ; gain = 1945.012 ; free physical = 1696 ; free virtual = 10774

Phase 4.1.1.2 BUFG Replication
INFO: [Place 46-63] BUFG replication identified 0 candidate nets: Replicated nets: 0, Replicated BUFGs: 0, Replicated BUFG Driver: 0, moved BUFGs: 0, Skipped due to Placement / Routing Conflict: 0, Skipped due to Timing: 0, Skipped due to constraints: 0
Phase 4.1.1.2 BUFG Replication | Checksum: 133a91a0e

Time (s): cpu = 00:02:57 ; elapsed = 00:01:12 . Memory (MB): peak = 5756.801 ; gain = 1945.012 ; free physical = 1696 ; free virtual = 10774

Phase 4.1.1.3 Post Placement Timing Optimization
INFO: [Place 30-746] Post Placement Timing Summary WNS=1.619. For the most accurate timing information please run report_timing.
Phase 4.1.1.3 Post Placement Timing Optimization | Checksum: 17ce5c6b4

Time (s): cpu = 00:02:57 ; elapsed = 00:01:12 . Memory (MB): peak = 5756.801 ; gain = 1945.012 ; free physical = 1697 ; free virtual = 10775

Phase 4.1.1.4 Replication
INFO: [Place 46-19] Post Replication Timing Summary WNS=1.619. For the most accurate timing information please run report_timing.
Phase 4.1.1.4 Replication | Checksum: 17ce5c6b4

Time (s): cpu = 00:02:57 ; elapsed = 00:01:12 . Memory (MB): peak = 5756.801 ; gain = 1945.012 ; free physical = 1697 ; free virtual = 10774

Time (s): cpu = 00:02:57 ; elapsed = 00:01:12 . Memory (MB): peak = 5756.801 ; gain = 1945.012 ; free physical = 1697 ; free virtual = 10774
Phase 4.1 Post Commit Optimization | Checksum: 17ce5c6b4

Time (s): cpu = 00:02:57 ; elapsed = 00:01:12 . Memory (MB): peak = 5756.801 ; gain = 1945.012 ; free physical = 1697 ; free virtual = 10774

Phase 4.2 Post Placement Cleanup
Phase 4.2 Post Placement Cleanup | Checksum: 17ce5c6b4

Time (s): cpu = 00:03:28 ; elapsed = 00:01:30 . Memory (MB): peak = 5756.801 ; gain = 1945.012 ; free physical = 1702 ; free virtual = 10757

Phase 4.3 Placer Reporting

Phase 4.3.1 Print Estimated Congestion
INFO: [Place 30-612] Post-Placement Estimated Congestion 
 ________________________________________________________________________
|           | Global Congestion | Long Congestion   | Short Congestion  |
| Direction | Region Size       | Region Size       | Region Size       |
|___________|___________________|___________________|___________________|
|      North|                1x1|                1x1|                1x1|
|___________|___________________|___________________|___________________|
|      South|                1x1|                1x1|                1x1|
|___________|___________________|___________________|___________________|
|       East|                1x1|                1x1|                2x2|
|___________|___________________|___________________|___________________|
|       West|                1x1|                1x1|                1x1|
|___________|___________________|___________________|___________________|

SLR0:
 ________________________________________________________________________
|           | Global Congestion | Long Congestion   | Short Congestion  |
| Direction | Region Size       | Region Size       | Region Size       |
|___________|___________________|___________________|___________________|
|      North|                1x1|                1x1|                1x1|
|___________|___________________|___________________|___________________|
|      South|                1x1|                1x1|                1x1|
|___________|___________________|___________________|___________________|
|       East|                1x1|                1x1|                2x2|
|___________|___________________|___________________|___________________|
|       West|                1x1|                1x1|                1x1|
|___________|___________________|___________________|___________________|

SLR1:
 ________________________________________________________________________
|           | Global Congestion | Long Congestion   | Short Congestion  |
| Direction | Region Size       | Region Size       | Region Size       |
|___________|___________________|___________________|___________________|
|      North|                1x1|                1x1|                1x1|
|___________|___________________|___________________|___________________|
|      South|                1x1|                1x1|                1x1|
|___________|___________________|___________________|___________________|
|       East|                1x1|                1x1|                1x1|
|___________|___________________|___________________|___________________|
|       West|                1x1|                1x1|                1x1|
|___________|___________________|___________________|___________________|

Phase 4.3.1 Print Estimated Congestion | Checksum: 17ce5c6b4

Time (s): cpu = 00:03:28 ; elapsed = 00:01:30 . Memory (MB): peak = 5756.801 ; gain = 1945.012 ; free physical = 1702 ; free virtual = 10757
Phase 4.3 Placer Reporting | Checksum: 17ce5c6b4

Time (s): cpu = 00:03:28 ; elapsed = 00:01:30 . Memory (MB): peak = 5756.801 ; gain = 1945.012 ; free physical = 1702 ; free virtual = 10757

Phase 4.4 Final Placement Cleanup
Netlist sorting complete. Time (s): cpu = 00:00:00 ; elapsed = 00:00:00 . Memory (MB): peak = 5756.801 ; gain = 0.000 ; free physical = 1702 ; free virtual = 10757

Time (s): cpu = 00:03:28 ; elapsed = 00:01:30 . Memory (MB): peak = 5756.801 ; gain = 1945.012 ; free physical = 1702 ; free virtual = 10757
Phase 4 Post Placement Optimization and Clean-Up | Checksum: 18b596129

Time (s): cpu = 00:03:28 ; elapsed = 00:01:30 . Memory (MB): peak = 5756.801 ; gain = 1945.012 ; free physical = 1702 ; free virtual = 10757
Ending Placer Task | Checksum: 99de0c31

Time (s): cpu = 00:03:28 ; elapsed = 00:01:30 . Memory (MB): peak = 5756.801 ; gain = 1945.012 ; free physical = 1702 ; free virtual = 10757
74 Infos, 0 Warnings, 0 Critical Warnings and 0 Errors encountered.
place_design completed successfully
place_design: Time (s): cpu = 00:03:33 ; elapsed = 00:01:31 . Memory (MB): peak = 5756.801 ; gain = 2013.480 ; free physical = 1702 ; free virtual = 10757
INFO: [runtcl-4] Executing : report_io -file bd_0_wrapper_io_placed.rpt
report_io: Time (s): cpu = 00:00:00.3 ; elapsed = 00:00:00.38 . Memory (MB): peak = 5756.801 ; gain = 0.000 ; free physical = 1677 ; free virtual = 10733
INFO: [runtcl-4] Executing : report_utilization -file bd_0_wrapper_utilization_placed.rpt -pb bd_0_wrapper_utilization_placed.pb
INFO: [runtcl-4] Executing : report_control_sets -verbose -file bd_0_wrapper_control_sets_placed.rpt
report_control_sets: Time (s): cpu = 00:00:00.04 ; elapsed = 00:00:00.12 . Memory (MB): peak = 5756.801 ; gain = 0.000 ; free physical = 1668 ; free virtual = 10724
INFO: [Timing 38-480] Writing timing data to binary archive.
Write ShapeDB Complete: Time (s): cpu = 00:00:00.1 ; elapsed = 00:00:00.02 . Memory (MB): peak = 5756.801 ; gain = 0.000 ; free physical = 1667 ; free virtual = 10724
Wrote PlaceDB: Time (s): cpu = 00:00:00.99 ; elapsed = 00:00:00.32 . Memory (MB): peak = 5756.801 ; gain = 0.000 ; free physical = 1660 ; free virtual = 10729
Wrote PulsedLatchDB: Time (s): cpu = 00:00:00 ; elapsed = 00:00:00 . Memory (MB): peak = 5756.801 ; gain = 0.000 ; free physical = 1660 ; free virtual = 10729
Writing XDEF routing.
Writing XDEF routing logical nets.
Writing XDEF routing special nets.
Wrote RouteStorage: Time (s): cpu = 00:00:00.19 ; elapsed = 00:00:00.07 . Memory (MB): peak = 5756.801 ; gain = 0.000 ; free physical = 1660 ; free virtual = 10729
Wrote Netlist Cache: Time (s): cpu = 00:00:00.02 ; elapsed = 00:00:00.01 . Memory (MB): peak = 5756.801 ; gain = 0.000 ; free physical = 1660 ; free virtual = 10730
Wrote Device Cache: Time (s): cpu = 00:00:00.02 ; elapsed = 00:00:00.01 . Memory (MB): peak = 5756.801 ; gain = 0.000 ; free physical = 1657 ; free virtual = 10729
Write Physdb Complete: Time (s): cpu = 00:00:01 ; elapsed = 00:00:00.42 . Memory (MB): peak = 5756.801 ; gain = 0.000 ; free physical = 1657 ; free virtual = 10729
INFO: [Common 17-1381] The checkpoint '/home/gabriel/Documents/UFRGS/RAISE/AHLS/AHLS/data/anchor_solutions/GRAMSCHMIDT/solution0/impl/verilog/project.runs/impl_1/bd_0_wrapper_placed.dcp' has been generated.
Command: phys_opt_design
Attempting to get a license for feature 'Implementation' and/or device 'xcu50'
INFO: [Common 17-349] Got license for feature 'Implementation' and/or device 'xcu50'

Starting Initial Update Timing Task
WARNING: [Timing 38-242] The property HD.CLK_SRC of clock port "ap_clk" is not set. In out-of-context mode, this prevents timing estimation for clock delay/skew
Resolution: Set the HD.CLK_SRC property of the out-of-context port to the location of the clock buffer instance in the top-level design

Time (s): cpu = 00:00:03 ; elapsed = 00:00:00.72 . Memory (MB): peak = 5756.801 ; gain = 0.000 ; free physical = 1638 ; free virtual = 10699
INFO: [Vivado_Tcl 4-383] Design worst setup slack (WNS) is greater than or equal to 0.000 ns. Skipping all physical synthesis optimizations.
INFO: [Vivado_Tcl 4-232] No setup violation found. The netlist was not modified.
INFO: [Common 17-83] Releasing license: Implementation
83 Infos, 1 Warnings, 0 Critical Warnings and 0 Errors encountered.
phys_opt_design completed successfully
INFO: [Timing 38-480] Writing timing data to binary archive.
Write ShapeDB Complete: Time (s): cpu = 00:00:00.13 ; elapsed = 00:00:00.03 . Memory (MB): peak = 5756.801 ; gain = 0.000 ; free physical = 1645 ; free virtual = 10708
Wrote PlaceDB: Time (s): cpu = 00:00:01 ; elapsed = 00:00:00.34 . Memory (MB): peak = 5756.801 ; gain = 0.000 ; free physical = 1642 ; free virtual = 10715
Wrote PulsedLatchDB: Time (s): cpu = 00:00:00 ; elapsed = 00:00:00 . Memory (MB): peak = 5756.801 ; gain = 0.000 ; free physical = 1642 ; free virtual = 10715
Writing XDEF routing.
Writing XDEF routing logical nets.
Writing XDEF routing special nets.
Wrote RouteStorage: Time (s): cpu = 00:00:00.12 ; elapsed = 00:00:00.04 . Memory (MB): peak = 5756.801 ; gain = 0.000 ; free physical = 1642 ; free virtual = 10715
Wrote Netlist Cache: Time (s): cpu = 00:00:00.02 ; elapsed = 00:00:00.01 . Memory (MB): peak = 5756.801 ; gain = 0.000 ; free physical = 1642 ; free virtual = 10716
Wrote Device Cache: Time (s): cpu = 00:00:00.03 ; elapsed = 00:00:00.01 . Memory (MB): peak = 5756.801 ; gain = 0.000 ; free physical = 1642 ; free virtual = 10719
Write Physdb Complete: Time (s): cpu = 00:00:01 ; elapsed = 00:00:00.41 . Memory (MB): peak = 5756.801 ; gain = 0.000 ; free physical = 1642 ; free virtual = 10719
INFO: [Common 17-1381] The checkpoint '/home/gabriel/Documents/UFRGS/RAISE/AHLS/AHLS/data/anchor_solutions/GRAMSCHMIDT/solution0/impl/verilog/project.runs/impl_1/bd_0_wrapper_physopt.dcp' has been generated.
Command: route_design
Attempting to get a license for feature 'Implementation' and/or device 'xcu50'
INFO: [Common 17-349] Got license for feature 'Implementation' and/or device 'xcu50'
Running DRC as a precondition to command route_design
INFO: [DRC 23-27] Running DRC with 8 threads
INFO: [Vivado_Tcl 4-198] DRC finished with 0 Errors
INFO: [Vivado_Tcl 4-199] Please refer to the DRC report (report_drc) for more information.


Starting Routing Task
INFO: [Route 35-254] Multithreading enabled for route_design using a maximum of 8 CPUs

Phase 1 Build RT Design
Checksum: PlaceDB: 54bd9af8 ConstDB: 0 ShapeSum: 45207139 RouteDB: 0
Nodegraph reading from file.  Time (s): cpu = 00:00:01 ; elapsed = 00:00:01 . Memory (MB): peak = 5764.801 ; gain = 0.000 ; free physical = 1664 ; free virtual = 10734
WARNING: [Route 35-197] Clock port "ap_clk" does not have an associated HD.CLK_SRC. Without this constraint, timing analysis may not be accurate and upstream checks cannot be done to ensure correct clock placement.
WARNING: [Route 35-198] Port "Q_q0[58]" does not have an associated HD.PARTPIN_LOCS, which will prevent the partial routing of the signal "Q_q0[58]". Without this partial route, timing analysis to/from this port will not be accurate, and no routing information for this port can be exported.
WARNING: [Route 35-198] Port "Q_q0[54]" does not have an associated HD.PARTPIN_LOCS, which will prevent the partial routing of the signal "Q_q0[54]". Without this partial route, timing analysis to/from this port will not be accurate, and no routing information for this port can be exported.
WARNING: [Route 35-198] Port "Q_q0[55]" does not have an associated HD.PARTPIN_LOCS, which will prevent the partial routing of the signal "Q_q0[55]". Without this partial route, timing analysis to/from this port will not be accurate, and no routing information for this port can be exported.
WARNING: [Route 35-198] Port "Q_q0[59]" does not have an associated HD.PARTPIN_LOCS, which will prevent the partial routing of the signal "Q_q0[59]". Without this partial route, timing analysis to/from this port will not be accurate, and no routing information for this port can be exported.
WARNING: [Route 35-198] Port "Q_q0[52]" does not have an associated HD.PARTPIN_LOCS, which will prevent the partial routing of the signal "Q_q0[52]". Without this partial route, timing analysis to/from this port will not be accurate, and no routing information for this port can be exported.
WARNING: [Route 35-198] Port "Q_q0[53]" does not have an associated HD.PARTPIN_LOCS, which will prevent the partial routing of the signal "Q_q0[53]". Without this partial route, timing analysis to/from this port will not be accurate, and no routing information for this port can be exported.
WARNING: [Route 35-198] Port "Q_q0[57]" does not have an associated HD.PARTPIN_LOCS, which will prevent the partial routing of the signal "Q_q0[57]". Without this partial route, timing analysis to/from this port will not be accurate, and no routing information for this port can be exported.
WARNING: [Route 35-198] Port "Q_q0[62]" does not have an associated HD.PARTPIN_LOCS, which will prevent the partial routing of the signal "Q_q0[62]". Without this partial route, timing analysis to/from this port will not be accurate, and no routing information for this port can be exported.
WARNING: [Route 35-198] Port "Q_q0[60]" does not have an associated HD.PARTPIN_LOCS, which will prevent the partial routing of the signal "Q_q0[60]". Without this partial route, timing analysis to/from this port will not be accurate, and no routing information for this port can be exported.
WARNING: [Route 35-198] Port "Q_q0[63]" does not have an associated HD.PARTPIN_LOCS, which will prevent the partial routing of the signal "Q_q0[63]". Without this partial route, timing analysis to/from this port will not be accurate, and no routing information for this port can be exported.
WARNING: [Route 35-198] Port "A_q0[56]" does not have an associated HD.PARTPIN_LOCS, which will prevent the partial routing of the signal "A_q0[56]". Without this partial route, timing analysis to/from this port will not be accurate, and no routing information for this port can be exported.
WARNING: [Route 35-198] Port "Q_q0[56]" does not have an associated HD.PARTPIN_LOCS, which will prevent the partial routing of the signal "Q_q0[56]". Without this partial route, timing analysis to/from this port will not be accurate, and no routing information for this port can be exported.
WARNING: [Route 35-198] Port "Q_q0[61]" does not have an associated HD.PARTPIN_LOCS, which will prevent the partial routing of the signal "Q_q0[61]". Without this partial route, timing analysis to/from this port will not be accurate, and no routing information for this port can be exported.
WARNING: [Route 35-198] Port "A_q0[55]" does not have an associated HD.PARTPIN_LOCS, which will prevent the partial routing of the signal "A_q0[55]". Without this partial route, timing analysis to/from this port will not be accurate, and no routing information for this port can be exported.
WARNING: [Route 35-198] Port "A_q0[57]" does not have an associated HD.PARTPIN_LOCS, which will prevent the partial routing of the signal "A_q0[57]". Without this partial route, timing analysis to/from this port will not be accurate, and no routing information for this port can be exported.
WARNING: [Route 35-198] Port "A_q0[60]" does not have an associated HD.PARTPIN_LOCS, which will prevent the partial routing of the signal "A_q0[60]". Without this partial route, timing analysis to/from this port will not be accurate, and no routing information for this port can be exported.
WARNING: [Route 35-198] Port "A_q0[62]" does not have an associated HD.PARTPIN_LOCS, which will prevent the partial routing of the signal "A_q0[62]". Without this partial route, timing analysis to/from this port will not be accurate, and no routing information for this port can be exported.
WARNING: [Route 35-198] Port "A_q0[58]" does not have an associated HD.PARTPIN_LOCS, which will prevent the partial routing of the signal "A_q0[58]". Without this partial route, timing analysis to/from this port will not be accurate, and no routing information for this port can be exported.
WARNING: [Route 35-198] Port "A_q0[59]" does not have an associated HD.PARTPIN_LOCS, which will prevent the partial routing of the signal "A_q0[59]". Without this partial route, timing analysis to/from this port will not be accurate, and no routing information for this port can be exported.
WARNING: [Route 35-198] Port "A_q0[61]" does not have an associated HD.PARTPIN_LOCS, which will prevent the partial routing of the signal "A_q0[61]". Without this partial route, timing analysis to/from this port will not be accurate, and no routing information for this port can be exported.
WARNING: [Route 35-198] Port "A_q0[63]" does not have an associated HD.PARTPIN_LOCS, which will prevent the partial routing of the signal "A_q0[63]". Without this partial route, timing analysis to/from this port will not be accurate, and no routing information for this port can be exported.
WARNING: [Route 35-198] Port "A_q0[52]" does not have an associated HD.PARTPIN_LOCS, which will prevent the partial routing of the signal "A_q0[52]". Without this partial route, timing analysis to/from this port will not be accurate, and no routing information for this port can be exported.
WARNING: [Route 35-198] Port "A_q0[53]" does not have an associated HD.PARTPIN_LOCS, which will prevent the partial routing of the signal "A_q0[53]". Without this partial route, timing analysis to/from this port will not be accurate, and no routing information for this port can be exported.
WARNING: [Route 35-198] Port "A_q0[54]" does not have an associated HD.PARTPIN_LOCS, which will prevent the partial routing of the signal "A_q0[54]". Without this partial route, timing analysis to/from this port will not be accurate, and no routing information for this port can be exported.
WARNING: [Route 35-198] Port "Q_q0[51]" does not have an associated HD.PARTPIN_LOCS, which will prevent the partial routing of the signal "Q_q0[51]". Without this partial route, timing analysis to/from this port will not be accurate, and no routing information for this port can be exported.
WARNING: [Route 35-198] Port "Q_q0[50]" does not have an associated HD.PARTPIN_LOCS, which will prevent the partial routing of the signal "Q_q0[50]". Without this partial route, timing analysis to/from this port will not be accurate, and no routing information for this port can be exported.
WARNING: [Route 35-198] Port "Q_q0[32]" does not have an associated HD.PARTPIN_LOCS, which will prevent the partial routing of the signal "Q_q0[32]". Without this partial route, timing analysis to/from this port will not be accurate, and no routing information for this port can be exported.
WARNING: [Route 35-198] Port "Q_q0[38]" does not have an associated HD.PARTPIN_LOCS, which will prevent the partial routing of the signal "Q_q0[38]". Without this partial route, timing analysis to/from this port will not be accurate, and no routing information for this port can be exported.
WARNING: [Route 35-198] Port "A_q0[32]" does not have an associated HD.PARTPIN_LOCS, which will prevent the partial routing of the signal "A_q0[32]". Without this partial route, timing analysis to/from this port will not be accurate, and no routing information for this port can be exported.
WARNING: [Route 35-198] Port "A_q0[38]" does not have an associated HD.PARTPIN_LOCS, which will prevent the partial routing of the signal "A_q0[38]". Without this partial route, timing analysis to/from this port will not be accurate, and no routing information for this port can be exported.
WARNING: [Route 35-198] Port "A_q0[51]" does not have an associated HD.PARTPIN_LOCS, which will prevent the partial routing of the signal "A_q0[51]". Without this partial route, timing analysis to/from this port will not be accurate, and no routing information for this port can be exported.
WARNING: [Route 35-198] Port "Q_q0[40]" does not have an associated HD.PARTPIN_LOCS, which will prevent the partial routing of the signal "Q_q0[40]". Without this partial route, timing analysis to/from this port will not be accurate, and no routing information for this port can be exported.
WARNING: [Route 35-198] Port "Q_q0[45]" does not have an associated HD.PARTPIN_LOCS, which will prevent the partial routing of the signal "Q_q0[45]". Without this partial route, timing analysis to/from this port will not be accurate, and no routing information for this port can be exported.
WARNING: [Route 35-198] Port "A_q0[40]" does not have an associated HD.PARTPIN_LOCS, which will prevent the partial routing of the signal "A_q0[40]". Without this partial route, timing analysis to/from this port will not be accurate, and no routing information for this port can be exported.
WARNING: [Route 35-198] Port "A_q0[45]" does not have an associated HD.PARTPIN_LOCS, which will prevent the partial routing of the signal "A_q0[45]". Without this partial route, timing analysis to/from this port will not be accurate, and no routing information for this port can be exported.
WARNING: [Route 35-198] Port "A_q0[49]" does not have an associated HD.PARTPIN_LOCS, which will prevent the partial routing of the signal "A_q0[49]". Without this partial route, timing analysis to/from this port will not be accurate, and no routing information for this port can be exported.
WARNING: [Route 35-198] Port "A_q0[50]" does not have an associated HD.PARTPIN_LOCS, which will prevent the partial routing of the signal "A_q0[50]". Without this partial route, timing analysis to/from this port will not be accurate, and no routing information for this port can be exported.
WARNING: [Route 35-198] Port "A_q0[39]" does not have an associated HD.PARTPIN_LOCS, which will prevent the partial routing of the signal "A_q0[39]". Without this partial route, timing analysis to/from this port will not be accurate, and no routing information for this port can be exported.
WARNING: [Route 35-198] Port "Q_q0[18]" does not have an associated HD.PARTPIN_LOCS, which will prevent the partial routing of the signal "Q_q0[18]". Without this partial route, timing analysis to/from this port will not be accurate, and no routing information for this port can be exported.
WARNING: [Route 35-198] Port "Q_q0[39]" does not have an associated HD.PARTPIN_LOCS, which will prevent the partial routing of the signal "Q_q0[39]". Without this partial route, timing analysis to/from this port will not be accurate, and no routing information for this port can be exported.
WARNING: [Route 35-198] Port "A_q0[31]" does not have an associated HD.PARTPIN_LOCS, which will prevent the partial routing of the signal "A_q0[31]". Without this partial route, timing analysis to/from this port will not be accurate, and no routing information for this port can be exported.
WARNING: [Route 35-198] Port "A_q0[41]" does not have an associated HD.PARTPIN_LOCS, which will prevent the partial routing of the signal "A_q0[41]". Without this partial route, timing analysis to/from this port will not be accurate, and no routing information for this port can be exported.
WARNING: [Route 35-198] Port "Q_q0[41]" does not have an associated HD.PARTPIN_LOCS, which will prevent the partial routing of the signal "Q_q0[41]". Without this partial route, timing analysis to/from this port will not be accurate, and no routing information for this port can be exported.
WARNING: [Route 35-198] Port "Q_q0[47]" does not have an associated HD.PARTPIN_LOCS, which will prevent the partial routing of the signal "Q_q0[47]". Without this partial route, timing analysis to/from this port will not be accurate, and no routing information for this port can be exported.
WARNING: [Route 35-198] Port "Q_q0[48]" does not have an associated HD.PARTPIN_LOCS, which will prevent the partial routing of the signal "Q_q0[48]". Without this partial route, timing analysis to/from this port will not be accurate, and no routing information for this port can be exported.
WARNING: [Route 35-198] Port "Q_q0[49]" does not have an associated HD.PARTPIN_LOCS, which will prevent the partial routing of the signal "Q_q0[49]". Without this partial route, timing analysis to/from this port will not be accurate, and no routing information for this port can be exported.
WARNING: [Route 35-198] Port "A_q0[47]" does not have an associated HD.PARTPIN_LOCS, which will prevent the partial routing of the signal "A_q0[47]". Without this partial route, timing analysis to/from this port will not be accurate, and no routing information for this port can be exported.
WARNING: [Route 35-198] Port "A_q0[48]" does not have an associated HD.PARTPIN_LOCS, which will prevent the partial routing of the signal "A_q0[48]". Without this partial route, timing analysis to/from this port will not be accurate, and no routing information for this port can be exported.
WARNING: [Route 35-198] Port "Q_q0[20]" does not have an associated HD.PARTPIN_LOCS, which will prevent the partial routing of the signal "Q_q0[20]". Without this partial route, timing analysis to/from this port will not be accurate, and no routing information for this port can be exported.
WARNING: [Route 35-198] Port "Q_q0[31]" does not have an associated HD.PARTPIN_LOCS, which will prevent the partial routing of the signal "Q_q0[31]". Without this partial route, timing analysis to/from this port will not be accurate, and no routing information for this port can be exported.
WARNING: [Route 35-198] Port "Q_q0[33]" does not have an associated HD.PARTPIN_LOCS, which will prevent the partial routing of the signal "Q_q0[33]". Without this partial route, timing analysis to/from this port will not be accurate, and no routing information for this port can be exported.
WARNING: [Route 35-198] Port "Q_q0[34]" does not have an associated HD.PARTPIN_LOCS, which will prevent the partial routing of the signal "Q_q0[34]". Without this partial route, timing analysis to/from this port will not be accurate, and no routing information for this port can be exported.
WARNING: [Route 35-198] Port "A_q0[42]" does not have an associated HD.PARTPIN_LOCS, which will prevent the partial routing of the signal "A_q0[42]". Without this partial route, timing analysis to/from this port will not be accurate, and no routing information for this port can be exported.
WARNING: [Route 35-198] Port "A_q0[43]" does not have an associated HD.PARTPIN_LOCS, which will prevent the partial routing of the signal "A_q0[43]". Without this partial route, timing analysis to/from this port will not be accurate, and no routing information for this port can be exported.
WARNING: [Route 35-198] Port "Q_q0[42]" does not have an associated HD.PARTPIN_LOCS, which will prevent the partial routing of the signal "Q_q0[42]". Without this partial route, timing analysis to/from this port will not be accurate, and no routing information for this port can be exported.
WARNING: [Route 35-198] Port "Q_q0[43]" does not have an associated HD.PARTPIN_LOCS, which will prevent the partial routing of the signal "Q_q0[43]". Without this partial route, timing analysis to/from this port will not be accurate, and no routing information for this port can be exported.
WARNING: [Route 35-198] Port "Q_q0[44]" does not have an associated HD.PARTPIN_LOCS, which will prevent the partial routing of the signal "Q_q0[44]". Without this partial route, timing analysis to/from this port will not be accurate, and no routing information for this port can be exported.
WARNING: [Route 35-198] Port "Q_q0[37]" does not have an associated HD.PARTPIN_LOCS, which will prevent the partial routing of the signal "Q_q0[37]". Without this partial route, timing analysis to/from this port will not be accurate, and no routing information for this port can be exported.
WARNING: [Route 35-198] Port "Q_q0[46]" does not have an associated HD.PARTPIN_LOCS, which will prevent the partial routing of the signal "Q_q0[46]". Without this partial route, timing analysis to/from this port will not be accurate, and no routing information for this port can be exported.
WARNING: [Route 35-198] Port "A_q0[44]" does not have an associated HD.PARTPIN_LOCS, which will prevent the partial routing of the signal "A_q0[44]". Without this partial route, timing analysis to/from this port will not be accurate, and no routing information for this port can be exported.
WARNING: [Route 35-198] Port "A_q0[46]" does not have an associated HD.PARTPIN_LOCS, which will prevent the partial routing of the signal "A_q0[46]". Without this partial route, timing analysis to/from this port will not be accurate, and no routing information for this port can be exported.
WARNING: [Route 35-198] Port "A_q0[29]" does not have an associated HD.PARTPIN_LOCS, which will prevent the partial routing of the signal "A_q0[29]". Without this partial route, timing analysis to/from this port will not be accurate, and no routing information for this port can be exported.
WARNING: [Route 35-198] Port "Q_q0[29]" does not have an associated HD.PARTPIN_LOCS, which will prevent the partial routing of the signal "Q_q0[29]". Without this partial route, timing analysis to/from this port will not be accurate, and no routing information for this port can be exported.
WARNING: [Route 35-198] Port "A_q0[36]" does not have an associated HD.PARTPIN_LOCS, which will prevent the partial routing of the signal "A_q0[36]". Without this partial route, timing analysis to/from this port will not be accurate, and no routing information for this port can be exported.
WARNING: [Route 35-198] Port "Q_q0[36]" does not have an associated HD.PARTPIN_LOCS, which will prevent the partial routing of the signal "Q_q0[36]". Without this partial route, timing analysis to/from this port will not be accurate, and no routing information for this port can be exported.
WARNING: [Route 35-198] Port "A_q0[35]" does not have an associated HD.PARTPIN_LOCS, which will prevent the partial routing of the signal "A_q0[35]". Without this partial route, timing analysis to/from this port will not be accurate, and no routing information for this port can be exported.
WARNING: [Route 35-198] Port "Q_q0[35]" does not have an associated HD.PARTPIN_LOCS, which will prevent the partial routing of the signal "Q_q0[35]". Without this partial route, timing analysis to/from this port will not be accurate, and no routing information for this port can be exported.
WARNING: [Route 35-198] Port "A_q0[37]" does not have an associated HD.PARTPIN_LOCS, which will prevent the partial routing of the signal "A_q0[37]". Without this partial route, timing analysis to/from this port will not be accurate, and no routing information for this port can be exported.
WARNING: [Route 35-198] Port "A_q0[16]" does not have an associated HD.PARTPIN_LOCS, which will prevent the partial routing of the signal "A_q0[16]". Without this partial route, timing analysis to/from this port will not be accurate, and no routing information for this port can be exported.
WARNING: [Route 35-198] Port "A_q0[17]" does not have an associated HD.PARTPIN_LOCS, which will prevent the partial routing of the signal "A_q0[17]". Without this partial route, timing analysis to/from this port will not be accurate, and no routing information for this port can be exported.
WARNING: [Route 35-198] Port "A_q0[28]" does not have an associated HD.PARTPIN_LOCS, which will prevent the partial routing of the signal "A_q0[28]". Without this partial route, timing analysis to/from this port will not be accurate, and no routing information for this port can be exported.
WARNING: [Route 35-198] Port "Q_q0[16]" does not have an associated HD.PARTPIN_LOCS, which will prevent the partial routing of the signal "Q_q0[16]". Without this partial route, timing analysis to/from this port will not be accurate, and no routing information for this port can be exported.
WARNING: [Route 35-198] Port "Q_q0[17]" does not have an associated HD.PARTPIN_LOCS, which will prevent the partial routing of the signal "Q_q0[17]". Without this partial route, timing analysis to/from this port will not be accurate, and no routing information for this port can be exported.
WARNING: [Route 35-198] Port "Q_q0[28]" does not have an associated HD.PARTPIN_LOCS, which will prevent the partial routing of the signal "Q_q0[28]". Without this partial route, timing analysis to/from this port will not be accurate, and no routing information for this port can be exported.
WARNING: [Route 35-198] Port "A_q0[20]" does not have an associated HD.PARTPIN_LOCS, which will prevent the partial routing of the signal "A_q0[20]". Without this partial route, timing analysis to/from this port will not be accurate, and no routing information for this port can be exported.
WARNING: [Route 35-198] Port "A_q0[24]" does not have an associated HD.PARTPIN_LOCS, which will prevent the partial routing of the signal "A_q0[24]". Without this partial route, timing analysis to/from this port will not be accurate, and no routing information for this port can be exported.
WARNING: [Route 35-198] Port "A_q0[27]" does not have an associated HD.PARTPIN_LOCS, which will prevent the partial routing of the signal "A_q0[27]". Without this partial route, timing analysis to/from this port will not be accurate, and no routing information for this port can be exported.
WARNING: [Route 35-198] Port "Q_q0[24]" does not have an associated HD.PARTPIN_LOCS, which will prevent the partial routing of the signal "Q_q0[24]". Without this partial route, timing analysis to/from this port will not be accurate, and no routing information for this port can be exported.
WARNING: [Route 35-198] Port "Q_q0[26]" does not have an associated HD.PARTPIN_LOCS, which will prevent the partial routing of the signal "Q_q0[26]". Without this partial route, timing analysis to/from this port will not be accurate, and no routing information for this port can be exported.
WARNING: [Route 35-198] Port "Q_q0[27]" does not have an associated HD.PARTPIN_LOCS, which will prevent the partial routing of the signal "Q_q0[27]". Without this partial route, timing analysis to/from this port will not be accurate, and no routing information for this port can be exported.
WARNING: [Route 35-198] Port "A_q0[30]" does not have an associated HD.PARTPIN_LOCS, which will prevent the partial routing of the signal "A_q0[30]". Without this partial route, timing analysis to/from this port will not be accurate, and no routing information for this port can be exported.
WARNING: [Route 35-198] Port "Q_q0[21]" does not have an associated HD.PARTPIN_LOCS, which will prevent the partial routing of the signal "Q_q0[21]". Without this partial route, timing analysis to/from this port will not be accurate, and no routing information for this port can be exported.
WARNING: [Route 35-198] Port "Q_q0[30]" does not have an associated HD.PARTPIN_LOCS, which will prevent the partial routing of the signal "Q_q0[30]". Without this partial route, timing analysis to/from this port will not be accurate, and no routing information for this port can be exported.
WARNING: [Route 35-198] Port "A_q0[33]" does not have an associated HD.PARTPIN_LOCS, which will prevent the partial routing of the signal "A_q0[33]". Without this partial route, timing analysis to/from this port will not be accurate, and no routing information for this port can be exported.
WARNING: [Route 35-198] Port "A_q0[34]" does not have an associated HD.PARTPIN_LOCS, which will prevent the partial routing of the signal "A_q0[34]". Without this partial route, timing analysis to/from this port will not be accurate, and no routing information for this port can be exported.
WARNING: [Route 35-198] Port "Q_q0[14]" does not have an associated HD.PARTPIN_LOCS, which will prevent the partial routing of the signal "Q_q0[14]". Without this partial route, timing analysis to/from this port will not be accurate, and no routing information for this port can be exported.
WARNING: [Route 35-198] Port "Q_q0[15]" does not have an associated HD.PARTPIN_LOCS, which will prevent the partial routing of the signal "Q_q0[15]". Without this partial route, timing analysis to/from this port will not be accurate, and no routing information for this port can be exported.
WARNING: [Route 35-198] Port "A_q0[18]" does not have an associated HD.PARTPIN_LOCS, which will prevent the partial routing of the signal "A_q0[18]". Without this partial route, timing analysis to/from this port will not be accurate, and no routing information for this port can be exported.
WARNING: [Route 35-198] Port "A_q0[1]" does not have an associated HD.PARTPIN_LOCS, which will prevent the partial routing of the signal "A_q0[1]". Without this partial route, timing analysis to/from this port will not be accurate, and no routing information for this port can be exported.
WARNING: [Route 35-198] Port "Q_q0[12]" does not have an associated HD.PARTPIN_LOCS, which will prevent the partial routing of the signal "Q_q0[12]". Without this partial route, timing analysis to/from this port will not be accurate, and no routing information for this port can be exported.
WARNING: [Route 35-198] Port "Q_q0[22]" does not have an associated HD.PARTPIN_LOCS, which will prevent the partial routing of the signal "Q_q0[22]". Without this partial route, timing analysis to/from this port will not be accurate, and no routing information for this port can be exported.
WARNING: [Route 35-198] Port "Q_q0[25]" does not have an associated HD.PARTPIN_LOCS, which will prevent the partial routing of the signal "Q_q0[25]". Without this partial route, timing analysis to/from this port will not be accurate, and no routing information for this port can be exported.
WARNING: [Route 35-198] Port "A_q0[23]" does not have an associated HD.PARTPIN_LOCS, which will prevent the partial routing of the signal "A_q0[23]". Without this partial route, timing analysis to/from this port will not be accurate, and no routing information for this port can be exported.
WARNING: [Route 35-198] Port "Q_q0[11]" does not have an associated HD.PARTPIN_LOCS, which will prevent the partial routing of the signal "Q_q0[11]". Without this partial route, timing analysis to/from this port will not be accurate, and no routing information for this port can be exported.
WARNING: [Route 35-198] Port "Q_q0[23]" does not have an associated HD.PARTPIN_LOCS, which will prevent the partial routing of the signal "Q_q0[23]". Without this partial route, timing analysis to/from this port will not be accurate, and no routing information for this port can be exported.
WARNING: [Route 35-198] Port "Q_q0[8]" does not have an associated HD.PARTPIN_LOCS, which will prevent the partial routing of the signal "Q_q0[8]". Without this partial route, timing analysis to/from this port will not be accurate, and no routing information for this port can be exported.
WARNING: [Route 35-198] Port "A_q0[21]" does not have an associated HD.PARTPIN_LOCS, which will prevent the partial routing of the signal "A_q0[21]". Without this partial route, timing analysis to/from this port will not be accurate, and no routing information for this port can be exported.
WARNING: [Route 35-198] Port "A_q0[22]" does not have an associated HD.PARTPIN_LOCS, which will prevent the partial routing of the signal "A_q0[22]". Without this partial route, timing analysis to/from this port will not be accurate, and no routing information for this port can be exported.
WARNING: [Route 35-198] Port "A_q0[25]" does not have an associated HD.PARTPIN_LOCS, which will prevent the partial routing of the signal "A_q0[25]". Without this partial route, timing analysis to/from this port will not be accurate, and no routing information for this port can be exported.
WARNING: [Route 35-198] Port "A_q0[26]" does not have an associated HD.PARTPIN_LOCS, which will prevent the partial routing of the signal "A_q0[26]". Without this partial route, timing analysis to/from this port will not be accurate, and no routing information for this port can be exported.
INFO: [Common 17-14] Message 'Route 35-198' appears 100 times and further instances of the messages will be disabled. Use the Tcl command set_msg_config to change the current settings.
Post Restoration Checksum: NetGraph: 3226e43 | NumContArr: 2945b9f6 | Constraints: c2a8fa9d | Timing: c2a8fa9d
Phase 1 Build RT Design | Checksum: 1b1ba1d73

Time (s): cpu = 00:00:12 ; elapsed = 00:00:08 . Memory (MB): peak = 5764.801 ; gain = 0.000 ; free physical = 1653 ; free virtual = 10744

Phase 2 Router Initialization

Phase 2.1 Fix Topology Constraints
Phase 2.1 Fix Topology Constraints | Checksum: 1b1ba1d73

Time (s): cpu = 00:00:12 ; elapsed = 00:00:08 . Memory (MB): peak = 5764.801 ; gain = 0.000 ; free physical = 1670 ; free virtual = 10761

Phase 2.2 Pre Route Cleanup
Phase 2.2 Pre Route Cleanup | Checksum: 1b1ba1d73

Time (s): cpu = 00:00:12 ; elapsed = 00:00:08 . Memory (MB): peak = 5764.801 ; gain = 0.000 ; free physical = 1669 ; free virtual = 10761

Phase 2.3 Global Clock Net Routing
Phase 2.3 Global Clock Net Routing | Checksum: 1b1ba1d73

Time (s): cpu = 00:00:19 ; elapsed = 00:00:10 . Memory (MB): peak = 5889.793 ; gain = 124.992 ; free physical = 1508 ; free virtual = 10602

Phase 2.4 Update Timing
Phase 2.4 Update Timing | Checksum: 11497fe63

Time (s): cpu = 00:00:21 ; elapsed = 00:00:10 . Memory (MB): peak = 5889.793 ; gain = 124.992 ; free physical = 1508 ; free virtual = 10601
INFO: [Route 35-416] Intermediate Timing Summary | WNS=2.000  | TNS=0.000  | WHS=0.018  | THS=0.000  |


Router Utilization Summary
  Global Vertical Routing Utilization    = 0 %
  Global Horizontal Routing Utilization  = 0 %
  Routable Net Status*
  *Does not include unroutable nets such as driverless and loadless.
  Run report_route_status for detailed report.
  Number of Failed Nets               = 9530
    (Failed Nets is the sum of unrouted and partially routed nets)
  Number of Unrouted Nets             = 8771
  Number of Partially Routed Nets     = 759
  Number of Node Overlaps             = 0

Phase 2 Router Initialization | Checksum: 1be70ad2f

Time (s): cpu = 00:00:31 ; elapsed = 00:00:12 . Memory (MB): peak = 5912.223 ; gain = 147.422 ; free physical = 1512 ; free virtual = 10580

Phase 3 Initial Routing

Phase 3.1 Global Routing
Phase 3.1 Global Routing | Checksum: 1be70ad2f

Time (s): cpu = 00:00:31 ; elapsed = 00:00:13 . Memory (MB): peak = 5912.223 ; gain = 147.422 ; free physical = 1512 ; free virtual = 10580

Phase 3.2 Initial Net Routing
Phase 3.2 Initial Net Routing | Checksum: 2c20efb6a

Time (s): cpu = 00:00:38 ; elapsed = 00:00:14 . Memory (MB): peak = 5912.223 ; gain = 147.422 ; free physical = 1475 ; free virtual = 10565
Phase 3 Initial Routing | Checksum: 28b30e703

Time (s): cpu = 00:00:38 ; elapsed = 00:00:14 . Memory (MB): peak = 5912.223 ; gain = 147.422 ; free physical = 1475 ; free virtual = 10565

Phase 4 Rip-up And Reroute

Phase 4.1 Global Iteration 0
 Number of Nodes with overlaps = 1466
 Number of Nodes with overlaps = 129
 Number of Nodes with overlaps = 16
 Number of Nodes with overlaps = 1
 Number of Nodes with overlaps = 0
INFO: [Route 35-416] Intermediate Timing Summary | WNS=1.369  | TNS=0.000  | WHS=0.039  | THS=0.000  |

Phase 4.1 Global Iteration 0 | Checksum: 2761ae6a6

Time (s): cpu = 00:00:55 ; elapsed = 00:00:20 . Memory (MB): peak = 5912.223 ; gain = 147.422 ; free physical = 1461 ; free virtual = 10551

Phase 4.2 Additional Iteration for Hold
Phase 4.2 Additional Iteration for Hold | Checksum: 263c9fb15

Time (s): cpu = 00:00:55 ; elapsed = 00:00:20 . Memory (MB): peak = 5912.223 ; gain = 147.422 ; free physical = 1461 ; free virtual = 10551
Phase 4 Rip-up And Reroute | Checksum: 263c9fb15

Time (s): cpu = 00:00:55 ; elapsed = 00:00:20 . Memory (MB): peak = 5912.223 ; gain = 147.422 ; free physical = 1461 ; free virtual = 10551

Phase 5 Delay and Skew Optimization

Phase 5.1 Delay CleanUp
Phase 5.1 Delay CleanUp | Checksum: 263c9fb15

Time (s): cpu = 00:00:55 ; elapsed = 00:00:20 . Memory (MB): peak = 5912.223 ; gain = 147.422 ; free physical = 1461 ; free virtual = 10551

Phase 5.2 Clock Skew Optimization
Phase 5.2 Clock Skew Optimization | Checksum: 263c9fb15

Time (s): cpu = 00:00:55 ; elapsed = 00:00:20 . Memory (MB): peak = 5912.223 ; gain = 147.422 ; free physical = 1461 ; free virtual = 10551
Phase 5 Delay and Skew Optimization | Checksum: 263c9fb15

Time (s): cpu = 00:00:55 ; elapsed = 00:00:20 . Memory (MB): peak = 5912.223 ; gain = 147.422 ; free physical = 1461 ; free virtual = 10551

Phase 6 Post Hold Fix

Phase 6.1 Hold Fix Iter

Phase 6.1.1 Update Timing
Phase 6.1.1 Update Timing | Checksum: 2f920448d

Time (s): cpu = 00:00:57 ; elapsed = 00:00:20 . Memory (MB): peak = 5912.223 ; gain = 147.422 ; free physical = 1461 ; free virtual = 10551
INFO: [Route 35-416] Intermediate Timing Summary | WNS=1.369  | TNS=0.000  | WHS=0.039  | THS=0.000  |

Phase 6.1 Hold Fix Iter | Checksum: 2f920448d

Time (s): cpu = 00:00:57 ; elapsed = 00:00:20 . Memory (MB): peak = 5912.223 ; gain = 147.422 ; free physical = 1461 ; free virtual = 10551
Phase 6 Post Hold Fix | Checksum: 2f920448d

Time (s): cpu = 00:00:57 ; elapsed = 00:00:20 . Memory (MB): peak = 5912.223 ; gain = 147.422 ; free physical = 1461 ; free virtual = 10551

Phase 7 Route finalize

Router Utilization Summary
  Global Vertical Routing Utilization    = 0.105685 %
  Global Horizontal Routing Utilization  = 0.14318 %
  Routable Net Status*
  *Does not include unroutable nets such as driverless and loadless.
  Run report_route_status for detailed report.
  Number of Failed Nets               = 0
    (Failed Nets is the sum of unrouted and partially routed nets)
  Number of Unrouted Nets             = 0
  Number of Partially Routed Nets     = 0
  Number of Node Overlaps             = 0

Phase 7 Route finalize | Checksum: 2f920448d

Time (s): cpu = 00:00:59 ; elapsed = 00:00:21 . Memory (MB): peak = 5912.223 ; gain = 147.422 ; free physical = 1452 ; free virtual = 10541

Phase 8 Verifying routed nets

 Verification completed successfully
Phase 8 Verifying routed nets | Checksum: 2f920448d

Time (s): cpu = 00:00:59 ; elapsed = 00:00:21 . Memory (MB): peak = 5912.223 ; gain = 147.422 ; free physical = 1452 ; free virtual = 10541

Phase 9 Depositing Routes
Phase 9 Depositing Routes | Checksum: 2f920448d

Time (s): cpu = 00:01:00 ; elapsed = 00:00:21 . Memory (MB): peak = 5912.223 ; gain = 147.422 ; free physical = 1452 ; free virtual = 10541

Phase 10 Resolve XTalk
Phase 10 Resolve XTalk | Checksum: 2f920448d

Time (s): cpu = 00:01:00 ; elapsed = 00:00:21 . Memory (MB): peak = 5912.223 ; gain = 147.422 ; free physical = 1452 ; free virtual = 10541

Phase 11 Post Router Timing
INFO: [Route 35-57] Estimated Timing Summary | WNS=1.369  | TNS=0.000  | WHS=0.039  | THS=0.000  |

INFO: [Route 35-327] The final timing numbers are based on the router estimated timing analysis. For a complete and accurate timing signoff, please run report_timing_summary.
Phase 11 Post Router Timing | Checksum: 2f920448d

Time (s): cpu = 00:01:00 ; elapsed = 00:00:21 . Memory (MB): peak = 5912.223 ; gain = 147.422 ; free physical = 1452 ; free virtual = 10541
INFO: [Route 35-16] Router Completed Successfully

Phase 12 Post-Route Event Processing
Phase 12 Post-Route Event Processing | Checksum: bad39322

Time (s): cpu = 00:01:00 ; elapsed = 00:00:21 . Memory (MB): peak = 5912.223 ; gain = 147.422 ; free physical = 1452 ; free virtual = 10541
Ending Routing Task | Checksum: bad39322

Time (s): cpu = 00:01:01 ; elapsed = 00:00:21 . Memory (MB): peak = 5912.223 ; gain = 147.422 ; free physical = 1452 ; free virtual = 10541

Routing Is Done.
INFO: [Common 17-83] Releasing license: Implementation
98 Infos, 102 Warnings, 0 Critical Warnings and 0 Errors encountered.
route_design completed successfully
route_design: Time (s): cpu = 00:01:05 ; elapsed = 00:00:22 . Memory (MB): peak = 5912.223 ; gain = 155.422 ; free physical = 1452 ; free virtual = 10541
INFO: [runtcl-4] Executing : report_drc -file bd_0_wrapper_drc_routed.rpt -pb bd_0_wrapper_drc_routed.pb -rpx bd_0_wrapper_drc_routed.rpx
Command: report_drc -file bd_0_wrapper_drc_routed.rpt -pb bd_0_wrapper_drc_routed.pb -rpx bd_0_wrapper_drc_routed.rpx
INFO: [IP_Flow 19-1839] IP Catalog is up to date.
INFO: [DRC 23-27] Running DRC with 8 threads
INFO: [Vivado_Tcl 2-168] The results of DRC are in file /home/gabriel/Documents/UFRGS/RAISE/AHLS/AHLS/data/anchor_solutions/GRAMSCHMIDT/solution0/impl/verilog/project.runs/impl_1/bd_0_wrapper_drc_routed.rpt.
report_drc completed successfully
INFO: [runtcl-4] Executing : report_methodology -file bd_0_wrapper_methodology_drc_routed.rpt -pb bd_0_wrapper_methodology_drc_routed.pb -rpx bd_0_wrapper_methodology_drc_routed.rpx
Command: report_methodology -file bd_0_wrapper_methodology_drc_routed.rpt -pb bd_0_wrapper_methodology_drc_routed.pb -rpx bd_0_wrapper_methodology_drc_routed.rpx
INFO: [Timing 38-35] Done setting XDC timing constraints.
WARNING: [Timing 38-242] The property HD.CLK_SRC of clock port "ap_clk" is not set. In out-of-context mode, this prevents timing estimation for clock delay/skew
Resolution: Set the HD.CLK_SRC property of the out-of-context port to the location of the clock buffer instance in the top-level design
INFO: [DRC 23-133] Running Methodology with 8 threads
INFO: [Vivado_Tcl 2-1520] The results of Report Methodology are in file /home/gabriel/Documents/UFRGS/RAISE/AHLS/AHLS/data/anchor_solutions/GRAMSCHMIDT/solution0/impl/verilog/project.runs/impl_1/bd_0_wrapper_methodology_drc_routed.rpt.
report_methodology completed successfully
INFO: [runtcl-4] Executing : report_power -file bd_0_wrapper_power_routed.rpt -pb bd_0_wrapper_power_summary_routed.pb -rpx bd_0_wrapper_power_routed.rpx
Command: report_power -file bd_0_wrapper_power_routed.rpt -pb bd_0_wrapper_power_summary_routed.pb -rpx bd_0_wrapper_power_routed.rpx
INFO: [Timing 38-35] Done setting XDC timing constraints.
Running Vector-less Activity Propagation...

Finished Running Vector-less Activity Propagation
108 Infos, 103 Warnings, 0 Critical Warnings and 0 Errors encountered.
report_power completed successfully
INFO: [runtcl-4] Executing : report_route_status -file bd_0_wrapper_route_status.rpt -pb bd_0_wrapper_route_status.pb
INFO: [runtcl-4] Executing : report_timing_summary -max_paths 10 -report_unconstrained -file bd_0_wrapper_timing_summary_routed.rpt -pb bd_0_wrapper_timing_summary_routed.pb -rpx bd_0_wrapper_timing_summary_routed.rpx -warn_on_violation 
INFO: [Timing 38-91] UpdateTimingParams: Speed grade: -2, Temperature grade: E, Delay Type: min_max.
INFO: [Timing 38-191] Multithreading enabled for timing update using a maximum of 8 CPUs
INFO: [runtcl-4] Executing : report_incremental_reuse -file bd_0_wrapper_incremental_reuse_routed.rpt
INFO: [Vivado_Tcl 4-1062] Incremental flow is disabled. No incremental reuse Info to report.
INFO: [runtcl-4] Executing : report_clock_utilization -file bd_0_wrapper_clock_utilization_routed.rpt
report_clock_utilization: Time (s): cpu = 00:00:09 ; elapsed = 00:00:09 . Memory (MB): peak = 6000.266 ; gain = 0.000 ; free physical = 1526 ; free virtual = 10631
INFO: [runtcl-4] Executing : report_bus_skew -warn_on_violation -file bd_0_wrapper_bus_skew_routed.rpt -pb bd_0_wrapper_bus_skew_routed.pb -rpx bd_0_wrapper_bus_skew_routed.rpx
INFO: [Timing 38-91] UpdateTimingParams: Speed grade: -2, Temperature grade: E, Delay Type: min_max.
INFO: [Timing 38-191] Multithreading enabled for timing update using a maximum of 8 CPUs
INFO: [Timing 38-480] Writing timing data to binary archive.
Write ShapeDB Complete: Time (s): cpu = 00:00:00.11 ; elapsed = 00:00:00.02 . Memory (MB): peak = 6000.266 ; gain = 0.000 ; free physical = 1516 ; free virtual = 10622
Wrote PlaceDB: Time (s): cpu = 00:00:01 ; elapsed = 00:00:00.35 . Memory (MB): peak = 6000.266 ; gain = 0.000 ; free physical = 1509 ; free virtual = 10626
Wrote PulsedLatchDB: Time (s): cpu = 00:00:00 ; elapsed = 00:00:00 . Memory (MB): peak = 6000.266 ; gain = 0.000 ; free physical = 1509 ; free virtual = 10626
Writing XDEF routing.
Writing XDEF routing logical nets.
Writing XDEF routing special nets.
Wrote RouteStorage: Time (s): cpu = 00:00:00.36 ; elapsed = 00:00:00.13 . Memory (MB): peak = 6000.266 ; gain = 0.000 ; free physical = 1505 ; free virtual = 10624
Wrote Netlist Cache: Time (s): cpu = 00:00:00.02 ; elapsed = 00:00:00.01 . Memory (MB): peak = 6000.266 ; gain = 0.000 ; free physical = 1505 ; free virtual = 10625
Wrote Device Cache: Time (s): cpu = 00:00:00.02 ; elapsed = 00:00:00.01 . Memory (MB): peak = 6000.266 ; gain = 0.000 ; free physical = 1505 ; free virtual = 10627
Write Physdb Complete: Time (s): cpu = 00:00:02 ; elapsed = 00:00:00.5 . Memory (MB): peak = 6000.266 ; gain = 0.000 ; free physical = 1505 ; free virtual = 10627
INFO: [Common 17-1381] The checkpoint '/home/gabriel/Documents/UFRGS/RAISE/AHLS/AHLS/data/anchor_solutions/GRAMSCHMIDT/solution0/impl/verilog/project.runs/impl_1/bd_0_wrapper_routed.dcp' has been generated.
INFO: [Common 17-206] Exiting Vivado at Sun Sep 14 01:35:45 2025...
