================================================================
== Vivado Place & Route Results
================================================================
+ General Information:
    * Date:            Sun Sep 14 01:12:32 -03 2025
    * Version:         2023.2 (Build 4023990 on Oct 11 2023)
    * Project:         AES
    * Solution:        solution0 (Vivado IP Flow Target)
    * Product family:  virtexuplusHBM
    * Target device:   xcu50-fsvh2104-2-e


================================================================
== Run Constraints & Options
================================================================
+ Design Constraints & Options:
    * Place & Route target clock:  8 ns
    * C-Synthesis target clock:    8 ns
    * C-Synthesis uncertainty:     27%

+ RTL Synthesis Options:
    * config_export -vivado_synth_strategy:     default
    * config_export -vivado_synth_design_args:  -directive sdx_optimization_effort_high

+ Place & Route Options:
    * config_export -vivado_impl_strategy:  default
    * config_export -vivado_phys_opt:       none

+ Reporting Options:
    * config_export -vivado_report_level:      2
    * config_export -vivado_max_timing_paths:  10


================================================================
== Place & Route Resource Summary
================================================================
LUT:              1437
FF:               1557
DSP:              0
BRAM:             8
URAM:             0
SRL:              0


================================================================
== Place & Route Timing Summary
================================================================
* Timing was met
+----------------+-------------+
| Timing         | Period (ns) |
+----------------+-------------+
| Target         | 8.000       |
| Post-Synthesis | 1.971       |
| Post-Route     | 2.982       |
+----------------+-------------+


================================================================
== Place & Route Resources
================================================================
+-----------------------------------------------+------+------+-----+------+------+-----+--------+------+---------+----------+--------+
| Name                                          | LUT  | FF   | DSP | BRAM | URAM | SRL | Pragma | Impl | Latency | Variable | Source |
+-----------------------------------------------+------+------+-----+------+------+-----+--------+------+---------+----------+--------+
| inst                                          | 1437 | 1557 |     | 8    |      |     |        |      |         |          |        |
|   (inst)                                      | 1    | 7    |     |      |      |     |        |      |         |          |        |
|   grp_decrypt_fu_54                           | 682  | 785  |     | 2    |      |     |        |      |         |          |        |
|     (grp_decrypt_fu_54)                       | 8    | 23   |     |      |      |     |        |      |         |          |        |
|     grp_AddRoundKey_InversMixColumn_fu_85     | 327  | 244  |     |      |      |     |        |      |         |          |        |
|       (grp_AddRoundKey_InversMixColumn_fu_85) | 138  | 180  |     |      |      |     |        |      |         |          |        |
|       ret_U                                   | 191  | 64   |     |      |      |     |        |      |         |          |        |
|     grp_AddRoundKey_fu_66                     | 81   | 79   |     |      |      |     |        |      |         |          |        |
|     grp_InversShiftRow_ByteSub_fu_77          | 96   | 144  |     | 1    |      |     |        |      |         |          |        |
|       (grp_InversShiftRow_ByteSub_fu_77)      | 31   | 144  |     |      |      |     |        |      |         |          |        |
|       invSbox_U                               | 67   |      |     | 1    |      |     |        |      |         |          |        |
|     grp_KeySchedule_fu_54                     | 172  | 295  |     | 1    |      |     |        |      |         |          |        |
|       (grp_KeySchedule_fu_54)                 | 147  | 287  |     |      |      |     |        |      |         |          |        |
|       Rcon0_U                                 | 4    | 8    |     |      |      |     |        |      |         |          |        |
|       Sbox_U                                  | 21   |      |     | 1    |      |     |        |      |         |          |        |
|   grp_encrypt_fu_38                           | 663  | 765  |     | 4    |      |     |        |      |         |          |        |
|     (grp_encrypt_fu_38)                       | 7    | 23   |     |      |      |     |        |      |         |          |        |
|     grp_AddRoundKey_fu_64                     | 31   | 79   |     |      |      |     |        |      |         |          |        |
|     grp_ByteSub_ShiftRow_fu_75                | 113  | 144  |     | 1    |      |     |        |      |         |          |        |
|       (grp_ByteSub_ShiftRow_fu_75)            | 30   | 144  |     |      |      |     |        |      |         |          |        |
|       Sbox_1_U                                | 83   |      |     | 1    |      |     |        |      |         |          |        |
|     grp_KeySchedule_fu_52                     | 167  | 295  |     | 1    |      |     |        |      |         |          |        |
|       (grp_KeySchedule_fu_52)                 | 142  | 287  |     |      |      |     |        |      |         |          |        |
|       Rcon0_U                                 | 4    | 8    |     |      |      |     |        |      |         |          |        |
|       Sbox_U                                  | 21   |      |     | 1    |      |     |        |      |         |          |        |
|     grp_MixColumn_AddRoundKey_fu_83           | 346  | 224  |     | 2    |      |     |        |      |         |          |        |
|       (grp_MixColumn_AddRoundKey_fu_83)       | 142  | 224  |     |      |      |     |        |      |         |          |        |
|       ret_U                                   | 207  |      |     | 2    |      |     |        |      |         |          |        |
|   word_U                                      | 103  |      |     | 2    |      |     |        |      |         |          |        |
+-----------------------------------------------+------+------+-----+------+------+-----+--------+------+---------+----------+--------+


================================================================
== Place & Route Fail Fast
================================================================
+-----------------------------------------------------------+-----------+--------+--------+
| Criteria                                                  | Guideline | Actual | Status |
+-----------------------------------------------------------+-----------+--------+--------+
| LUT                                                       | 70%       | 0.16%  | OK     |
| FD                                                        | 50%       | 0.09%  | OK     |
| LUTRAM+SRL                                                | 25%       | 0.01%  | OK     |
| CARRY8                                                    | 25%       | 0.01%  | OK     |
| MUXF7                                                     | 15%       | 0.01%  | OK     |
| DSP                                                       | 80%       | 0.00%  | OK     |
| RAMB/FIFO                                                 | 80%       | 0.30%  | OK     |
| URAM                                                      | 80%       | 0.00%  | OK     |
| DSP+RAMB+URAM (Avg)                                       | 70%       | 0.30%  | OK     |
| BUFGCE* + BUFGCTRL                                        | 24        | 0      | OK     |
| DONT_TOUCH (cells/nets)                                   | 0         | 0      | OK     |
| MARK_DEBUG (nets)                                         | 0         | 0      | OK     |
| Control Sets                                              | 16344     | 82     | OK     |
| Average Fanout for modules > 100k cells                   | 4         | 2.86   | OK     |
| Max Average Fanout for modules > 100k cells               | 4         | 0      | OK     |
| Non-FD high fanout nets > 10k loads                       | 0         | 0      | OK     |
+-----------------------------------------------------------+-----------+--------+--------+
| TIMING-6 (No common primary clock between related clocks) | 0         | 0      | OK     |
| TIMING-7 (No common node between related clocks)          | 0         | 0      | OK     |
| TIMING-8 (No common period between related clocks)        | 0         | 0      | OK     |
| TIMING-14 (LUT on the clock tree)                         | 0         | 0      | OK     |
| TIMING-35 (No common node in paths with the same clock)   | 0         | 0      | OK     |
+-----------------------------------------------------------+-----------+--------+--------+
| Number of paths above max LUT budgeting (0.300ns)         | 0         | 0      | OK     |
| Number of paths above max Net budgeting (0.208ns)         | 0         | 0      | OK     |
+-----------------------------------------------------------+-----------+--------+--------+


================================================================
== Place & Route Timing Paths
================================================================
* Timing was met
+-------+-------+----------------------------------------------------------------------------+---------------------------------------------------------------------------+--------------+------------+----------------+----------------+--------------+
| Path  | SLACK | STARTPOINT PIN                                                             | ENDPOINT PIN                                                              | LOGIC LEVELS | MAX FANOUT | DATAPATH DELAY | DATAPATH LOGIC | DATAPATH NET |
|       |       |                                                                            |                                                                           |              |            |                |          DELAY |        DELAY |
+-------+-------+----------------------------------------------------------------------------+---------------------------------------------------------------------------+--------------+------------+----------------+----------------+--------------+
| Path1 | 5.018 | word_U/ram_reg_bram_0/CLKBWRCLK                                            | word_U/ram_reg_bram_0/DINADIN[29]                                         |            2 |          9 |          2.640 |          1.076 |        1.564 |
| Path2 | 5.325 | word_U/ram_reg_bram_0/CLKBWRCLK                                            | word_U/ram_reg_bram_0/DINADIN[26]                                         |            2 |          9 |          2.361 |          1.042 |        1.319 |
| Path3 | 5.499 | word_U/ram_reg_bram_0/CLKBWRCLK                                            | word_U/ram_reg_bram_0/DINADIN[28]                                         |            2 |          9 |          2.187 |          1.088 |        1.099 |
| Path4 | 5.509 | word_U/ram_reg_bram_0/CLKBWRCLK                                            | word_U/ram_reg_bram_0/DINADIN[27]                                         |            1 |          9 |          2.157 |          0.999 |        1.158 |
| Path5 | 5.520 | grp_decrypt_fu_54/grp_AddRoundKey_InversMixColumn_fu_85/ap_CS_fsm_reg[2]/C | grp_decrypt_fu_54/grp_AddRoundKey_InversMixColumn_fu_85/reg_353_reg[4]/CE |            1 |         66 |          2.376 |          0.130 |        2.246 |
+-------+-------+----------------------------------------------------------------------------+---------------------------------------------------------------------------+--------------+------------+----------------+----------------+--------------+

    +-----------------------------------------------------------------+------------------------+
    | Path1 Cells                                                     | Primitive Type         |
    +-----------------------------------------------------------------+------------------------+
    | word_U/ram_reg_bram_0                                           | BLOCKRAM.BRAM.RAMB36E2 |
    | grp_encrypt_fu_38/grp_KeySchedule_fu_52/ram_reg_bram_0_i_117__0 | CLB.LUT.LUT5           |
    | grp_decrypt_fu_54/grp_KeySchedule_fu_54/ram_reg_bram_0_i_23__0  | CLB.LUT.LUT6           |
    +-----------------------------------------------------------------+------------------------+

    +-----------------------------------------------------------------+------------------------+
    | Path2 Cells                                                     | Primitive Type         |
    +-----------------------------------------------------------------+------------------------+
    | word_U/ram_reg_bram_0                                           | BLOCKRAM.BRAM.RAMB36E2 |
    | grp_encrypt_fu_38/grp_KeySchedule_fu_52/ram_reg_bram_0_i_120__0 | CLB.LUT.LUT5           |
    | grp_decrypt_fu_54/grp_KeySchedule_fu_54/ram_reg_bram_0_i_26__0  | CLB.LUT.LUT6           |
    +-----------------------------------------------------------------+------------------------+

    +-----------------------------------------------------------------+------------------------+
    | Path3 Cells                                                     | Primitive Type         |
    +-----------------------------------------------------------------+------------------------+
    | word_U/ram_reg_bram_0                                           | BLOCKRAM.BRAM.RAMB36E2 |
    | grp_encrypt_fu_38/grp_KeySchedule_fu_52/ram_reg_bram_0_i_118__0 | CLB.LUT.LUT5           |
    | grp_decrypt_fu_54/grp_KeySchedule_fu_54/ram_reg_bram_0_i_24__0  | CLB.LUT.LUT6           |
    +-----------------------------------------------------------------+------------------------+

    +----------------------------------------------------------------+------------------------+
    | Path4 Cells                                                    | Primitive Type         |
    +----------------------------------------------------------------+------------------------+
    | word_U/ram_reg_bram_0                                          | BLOCKRAM.BRAM.RAMB36E2 |
    | grp_decrypt_fu_54/grp_KeySchedule_fu_54/ram_reg_bram_0_i_25__0 | CLB.LUT.LUT6           |
    +----------------------------------------------------------------+------------------------+

    +--------------------------------------------------------------------------+-------------------+
    | Path5 Cells                                                              | Primitive Type    |
    +--------------------------------------------------------------------------+-------------------+
    | grp_decrypt_fu_54/grp_AddRoundKey_InversMixColumn_fu_85/ap_CS_fsm_reg[2] | REGISTER.SDR.FDRE |
    | grp_decrypt_fu_54/grp_AddRoundKey_InversMixColumn_fu_85/reg_358[31]_i_1  | CLB.LUT.LUT2      |
    | grp_decrypt_fu_54/grp_AddRoundKey_InversMixColumn_fu_85/reg_353_reg[4]   | REGISTER.SDR.FDRE |
    +--------------------------------------------------------------------------+-------------------+


================================================================
== Place & Route Vivado Reports
================================================================
+--------------------------+------------------------------------------------------------------+
| Report Type              | Report Location                                                  |
+--------------------------+------------------------------------------------------------------+
| design_analysis          | impl/verilog/report/aes_main_design_analysis_routed.rpt          |
| failfast                 | impl/verilog/report/aes_main_failfast_routed.rpt                 |
| status                   | impl/verilog/report/aes_main_status_routed.rpt                   |
| timing                   | impl/verilog/report/aes_main_timing_routed.rpt                   |
| timing_paths             | impl/verilog/report/aes_main_timing_paths_routed.rpt             |
| utilization              | impl/verilog/report/aes_main_utilization_routed.rpt              |
| utilization_hierarchical | impl/verilog/report/aes_main_utilization_hierarchical_routed.rpt |
+--------------------------+------------------------------------------------------------------+


