==============================================================
Vitis HLS - High-Level Synthesis from C, C++ and OpenCL v2023.2 (64-bit)
Tool Version Limit: 2023.10
Copyright 1986-2022 Xilinx, Inc. All Rights Reserved.
Copyright 2022-2023 Advanced Micro Devices, Inc. All Rights Reserved.

==============================================================
INFO: [HLS 200-1505] Using default flow_target 'vivado'
INFO: [HLS 200-1510] Running: config_array_partition -throughput_driven off 
INFO: [HLS 200-1510] Running: set_part xcu50-fsvh2104-2-e 
INFO: [HLS 200-1611] Setting target device to 'xcu50-fsvh2104-2-e'
INFO: [HLS 200-1510] Running: create_clock -period 8 -name default 
INFO: [SYN 201-201] Setting up clock 'default' with a period of 8ns.
INFO: [HLS 200-1510] Running: set_directive_pipeline -off encode/encode_label0 
INFO: [HLS 200-1510] Running: set_directive_pipeline -off encode/encode_label1 
INFO: [HLS 200-1510] Running: set_directive_pipeline -off decode/decode_label2 
INFO: [HLS 200-1510] Running: set_directive_pipeline -off decode/decode_label3 
INFO: [HLS 200-1510] Running: set_directive_pipeline -off reset/reset_label4 
INFO: [HLS 200-1510] Running: set_directive_pipeline -off reset/reset_label5 
INFO: [HLS 200-1510] Running: set_directive_pipeline -off reset/reset_label6 
INFO: [HLS 200-1510] Running: set_directive_pipeline -off reset/reset_label7 
INFO: [HLS 200-1510] Running: set_directive_pipeline -off filtez/filtez_label8 
INFO: [HLS 200-1510] Running: set_directive_pipeline -off quantl/quantl_label9 
INFO: [HLS 200-1510] Running: set_directive_pipeline -off upzero/upzero_label10 
INFO: [HLS 200-1510] Running: set_directive_pipeline -off upzero/upzero_label11 
INFO: [HLS 200-1510] Running: set_directive_pipeline -off adpcm_main/adpcm_main_label12 
INFO: [HLS 200-1510] Running: set_directive_pipeline -off adpcm_main/adpcm_main_label13 
INFO: [HLS 200-1510] Running: set_directive_pipeline -off adpcm_main 
INFO: [HLS 200-1510] Running: set_directive_pipeline -off encode 
INFO: [HLS 200-1510] Running: set_directive_pipeline -off decode 
INFO: [HLS 200-1510] Running: set_directive_pipeline -off reset 
INFO: [HLS 200-1510] Running: set_directive_pipeline -off filtez 
INFO: [HLS 200-1510] Running: set_directive_pipeline -off quantl 
INFO: [HLS 200-1510] Running: set_directive_pipeline -off upzero 
INFO: [HLS 200-1510] Running: set_directive_inline -off encode 
INFO: [HLS 200-1510] Running: set_directive_inline -off decode 
INFO: [HLS 200-1510] Running: set_directive_inline -off reset 
INFO: [HLS 200-1510] Running: set_directive_inline -off filtez 
INFO: [HLS 200-1510] Running: set_directive_inline -off quantl 
INFO: [HLS 200-1510] Running: set_directive_inline -off upzero 
INFO: [HLS 200-1510] Running: csynth_design 
INFO: [HLS 200-111] Finished File checks and directory preparation: CPU user time: 0.08 seconds. CPU system time: 0 seconds. Elapsed time: 0.08 seconds; current allocated memory: 232.902 MB.
INFO: [HLS 200-10] Analyzing design file 'data/benchmarks/adpcm/adpcm.c' ... 
INFO: [HLS 200-111] Finished Source Code Analysis and Preprocessing: CPU user time: 0.28 seconds. CPU system time: 0.2 seconds. Elapsed time: 0.49 seconds; current allocated memory: 235.516 MB.
INFO: [HLS 200-777] Using interface defaults for 'Vivado' flow target.
INFO: [HLS 200-1995] There were 1,497 instructions in the design after the 'Compile/Link' phase of compilation. See the Design Size Report for more details: /home/gabriel/Documents/UFRGS/RAISE/AHLS/AHLS/data/anchor_solutions/ADPCM/solution0/syn/report/csynth_design_size.rpt
INFO: [HLS 200-1995] There were 1,371 instructions in the design after the 'Unroll/Inline (step 1)' phase of compilation. See the Design Size Report for more details: /home/gabriel/Documents/UFRGS/RAISE/AHLS/AHLS/data/anchor_solutions/ADPCM/solution0/syn/report/csynth_design_size.rpt
INFO: [HLS 200-1995] There were 1,134 instructions in the design after the 'Unroll/Inline (step 2)' phase of compilation. See the Design Size Report for more details: /home/gabriel/Documents/UFRGS/RAISE/AHLS/AHLS/data/anchor_solutions/ADPCM/solution0/syn/report/csynth_design_size.rpt
INFO: [HLS 200-1995] There were 1,019 instructions in the design after the 'Unroll/Inline (step 3)' phase of compilation. See the Design Size Report for more details: /home/gabriel/Documents/UFRGS/RAISE/AHLS/AHLS/data/anchor_solutions/ADPCM/solution0/syn/report/csynth_design_size.rpt
INFO: [HLS 200-1995] There were 984 instructions in the design after the 'Unroll/Inline (step 4)' phase of compilation. See the Design Size Report for more details: /home/gabriel/Documents/UFRGS/RAISE/AHLS/AHLS/data/anchor_solutions/ADPCM/solution0/syn/report/csynth_design_size.rpt
INFO: [HLS 200-1995] There were 990 instructions in the design after the 'Array/Struct (step 1)' phase of compilation. See the Design Size Report for more details: /home/gabriel/Documents/UFRGS/RAISE/AHLS/AHLS/data/anchor_solutions/ADPCM/solution0/syn/report/csynth_design_size.rpt
INFO: [HLS 200-1995] There were 984 instructions in the design after the 'Array/Struct (step 2)' phase of compilation. See the Design Size Report for more details: /home/gabriel/Documents/UFRGS/RAISE/AHLS/AHLS/data/anchor_solutions/ADPCM/solution0/syn/report/csynth_design_size.rpt
INFO: [HLS 200-1995] There were 984 instructions in the design after the 'Array/Struct (step 3)' phase of compilation. See the Design Size Report for more details: /home/gabriel/Documents/UFRGS/RAISE/AHLS/AHLS/data/anchor_solutions/ADPCM/solution0/syn/report/csynth_design_size.rpt
INFO: [HLS 200-1995] There were 984 instructions in the design after the 'Array/Struct (step 4)' phase of compilation. See the Design Size Report for more details: /home/gabriel/Documents/UFRGS/RAISE/AHLS/AHLS/data/anchor_solutions/ADPCM/solution0/syn/report/csynth_design_size.rpt
INFO: [HLS 200-1995] There were 1,002 instructions in the design after the 'Array/Struct (step 5)' phase of compilation. See the Design Size Report for more details: /home/gabriel/Documents/UFRGS/RAISE/AHLS/AHLS/data/anchor_solutions/ADPCM/solution0/syn/report/csynth_design_size.rpt
INFO: [HLS 200-1995] There were 993 instructions in the design after the 'Performance (step 1)' phase of compilation. See the Design Size Report for more details: /home/gabriel/Documents/UFRGS/RAISE/AHLS/AHLS/data/anchor_solutions/ADPCM/solution0/syn/report/csynth_design_size.rpt
INFO: [HLS 200-1995] There were 984 instructions in the design after the 'Performance (step 2)' phase of compilation. See the Design Size Report for more details: /home/gabriel/Documents/UFRGS/RAISE/AHLS/AHLS/data/anchor_solutions/ADPCM/solution0/syn/report/csynth_design_size.rpt
INFO: [HLS 200-1995] There were 984 instructions in the design after the 'Performance (step 3)' phase of compilation. See the Design Size Report for more details: /home/gabriel/Documents/UFRGS/RAISE/AHLS/AHLS/data/anchor_solutions/ADPCM/solution0/syn/report/csynth_design_size.rpt
INFO: [HLS 200-1995] There were 990 instructions in the design after the 'HW Transforms (step 1)' phase of compilation. See the Design Size Report for more details: /home/gabriel/Documents/UFRGS/RAISE/AHLS/AHLS/data/anchor_solutions/ADPCM/solution0/syn/report/csynth_design_size.rpt
INFO: [HLS 200-1995] There were 1,094 instructions in the design after the 'HW Transforms (step 2)' phase of compilation. See the Design Size Report for more details: /home/gabriel/Documents/UFRGS/RAISE/AHLS/AHLS/data/anchor_solutions/ADPCM/solution0/syn/report/csynth_design_size.rpt
INFO: [HLS 214-178] Inlining function 'abs' into 'quantl' (data/benchmarks/adpcm/adpcm.c:484:0)
INFO: [HLS 214-178] Inlining function 'filtep' into 'encode' (data/benchmarks/adpcm/adpcm.c:240:0)
INFO: [HLS 214-178] Inlining function 'logscl' into 'encode' (data/benchmarks/adpcm/adpcm.c:240:0)
INFO: [HLS 214-178] Inlining function 'scalel' into 'encode' (data/benchmarks/adpcm/adpcm.c:240:0)
INFO: [HLS 214-178] Inlining function 'uppol2' into 'encode' (data/benchmarks/adpcm/adpcm.c:240:0)
INFO: [HLS 214-178] Inlining function 'uppol1' into 'encode' (data/benchmarks/adpcm/adpcm.c:240:0)
INFO: [HLS 214-178] Inlining function 'abs' into 'encode' (data/benchmarks/adpcm/adpcm.c:240:0)
INFO: [HLS 214-178] Inlining function 'logsch' into 'encode' (data/benchmarks/adpcm/adpcm.c:240:0)
INFO: [HLS 214-178] Inlining function 'filtep' into 'decode' (data/benchmarks/adpcm/adpcm.c:331:0)
INFO: [HLS 214-178] Inlining function 'logscl' into 'decode' (data/benchmarks/adpcm/adpcm.c:331:0)
INFO: [HLS 214-178] Inlining function 'scalel' into 'decode' (data/benchmarks/adpcm/adpcm.c:331:0)
INFO: [HLS 214-178] Inlining function 'uppol2' into 'decode' (data/benchmarks/adpcm/adpcm.c:331:0)
INFO: [HLS 214-178] Inlining function 'uppol1' into 'decode' (data/benchmarks/adpcm/adpcm.c:331:0)
INFO: [HLS 214-178] Inlining function 'logsch' into 'decode' (data/benchmarks/adpcm/adpcm.c:331:0)
WARNING: [HLS 214-167] The program may have out of bound array access (data/benchmarks/adpcm/adpcm.c:258:22)
WARNING: [HLS 214-167] The program may have out of bound array access (data/benchmarks/adpcm/adpcm.c:258:38)
WARNING: [HLS 214-167] The program may have out of bound array access (data/benchmarks/adpcm/adpcm.c:392:37)
INFO: [HLS 200-111] Finished Compiling Optimization and Transform: CPU user time: 2.01 seconds. CPU system time: 0.33 seconds. Elapsed time: 6.89 seconds; current allocated memory: 237.562 MB.
INFO: [HLS 200-111] Finished Checking Pragmas: CPU user time: 0 seconds. CPU system time: 0 seconds. Elapsed time: 0 seconds; current allocated memory: 237.562 MB.
INFO: [HLS 200-10] Starting code transformations ...
INFO: [HLS 200-111] Finished Standard Transforms: CPU user time: 0.03 seconds. CPU system time: 0.01 seconds. Elapsed time: 0.05 seconds; current allocated memory: 238.691 MB.
INFO: [HLS 200-10] Checking synthesizability ...
INFO: [HLS 200-111] Finished Checking Synthesizability: CPU user time: 0.04 seconds. CPU system time: 0 seconds. Elapsed time: 0.04 seconds; current allocated memory: 239.582 MB.
INFO: [XFORM 203-102] Automatically partitioning small array 'wh_code_table' completely based on array size.
INFO: [XFORM 203-102] Automatically partitioning small array 'qq2_code2_table' completely based on array size.
INFO: [XFORM 203-101] Partitioning array 'wh_code_table' in dimension 1 completely.
INFO: [XFORM 203-101] Partitioning array 'qq2_code2_table' in dimension 1 completely.
INFO: [XFORM 203-401] Performing if-conversion on hyperblock from (data/benchmarks/adpcm/adpcm.c:502:15) to (data/benchmarks/adpcm/adpcm.c:505:5) in function 'quantl'... converting 4 basic blocks.
INFO: [HLS 200-111] Finished Loop, function and other optimizations: CPU user time: 0.18 seconds. CPU system time: 0.01 seconds. Elapsed time: 0.19 seconds; current allocated memory: 264.117 MB.
INFO: [HLS 200-111] Finished Architecture Synthesis: CPU user time: 0.15 seconds. CPU system time: 0.01 seconds. Elapsed time: 0.16 seconds; current allocated memory: 317.781 MB.
INFO: [HLS 200-10] Starting hardware synthesis ...
INFO: [HLS 200-10] Synthesizing 'adpcm_main' ...
INFO: [HLS 200-10] ----------------------------------------------------------------
INFO: [HLS 200-42] -- Implementing module 'reset' 
INFO: [HLS 200-10] ----------------------------------------------------------------
INFO: [SCHED 204-11] Starting scheduling ...
INFO: [SCHED 204-11] Finished scheduling.
INFO: [HLS 200-111] Finished Scheduling: CPU user time: 0.09 seconds. CPU system time: 0.03 seconds. Elapsed time: 0.13 seconds; current allocated memory: 319.734 MB.
INFO: [BIND 205-100] Starting micro-architecture generation ...
INFO: [BIND 205-101] Performing variable lifetime analysis.
INFO: [BIND 205-101] Exploring resource sharing.
INFO: [BIND 205-101] Binding ...
INFO: [BIND 205-100] Finished micro-architecture generation.
INFO: [HLS 200-111] Finished Binding: CPU user time: 0.02 seconds. CPU system time: 0 seconds. Elapsed time: 0.01 seconds; current allocated memory: 319.734 MB.
INFO: [HLS 200-10] ----------------------------------------------------------------
INFO: [HLS 200-42] -- Implementing module 'filtez' 
INFO: [HLS 200-10] ----------------------------------------------------------------
INFO: [SCHED 204-11] Starting scheduling ...
INFO: [SCHED 204-11] Finished scheduling.
INFO: [HLS 200-111] Finished Scheduling: CPU user time: 0.04 seconds. CPU system time: 0.01 seconds. Elapsed time: 0.04 seconds; current allocated memory: 320.148 MB.
INFO: [BIND 205-100] Starting micro-architecture generation ...
INFO: [BIND 205-101] Performing variable lifetime analysis.
INFO: [BIND 205-101] Exploring resource sharing.
INFO: [BIND 205-101] Binding ...
INFO: [BIND 205-100] Finished micro-architecture generation.
INFO: [HLS 200-111] Finished Binding: CPU user time: 0.01 seconds. CPU system time: 0 seconds. Elapsed time: 0.01 seconds; current allocated memory: 320.148 MB.
INFO: [HLS 200-10] ----------------------------------------------------------------
INFO: [HLS 200-42] -- Implementing module 'quantl' 
INFO: [HLS 200-10] ----------------------------------------------------------------
INFO: [SCHED 204-11] Starting scheduling ...
INFO: [SCHED 204-11] Finished scheduling.
INFO: [HLS 200-111] Finished Scheduling: CPU user time: 0.05 seconds. CPU system time: 0 seconds. Elapsed time: 0.05 seconds; current allocated memory: 320.473 MB.
INFO: [BIND 205-100] Starting micro-architecture generation ...
INFO: [BIND 205-101] Performing variable lifetime analysis.
INFO: [BIND 205-101] Exploring resource sharing.
INFO: [BIND 205-101] Binding ...
INFO: [BIND 205-100] Finished micro-architecture generation.
INFO: [HLS 200-111] Finished Binding: CPU user time: 0.01 seconds. CPU system time: 0 seconds. Elapsed time: 0.01 seconds; current allocated memory: 320.473 MB.
INFO: [HLS 200-10] ----------------------------------------------------------------
INFO: [HLS 200-42] -- Implementing module 'upzero' 
INFO: [HLS 200-10] ----------------------------------------------------------------
INFO: [SCHED 204-11] Starting scheduling ...
INFO: [SCHED 204-11] Finished scheduling.
INFO: [HLS 200-111] Finished Scheduling: CPU user time: 0.04 seconds. CPU system time: 0 seconds. Elapsed time: 0.04 seconds; current allocated memory: 321.141 MB.
INFO: [BIND 205-100] Starting micro-architecture generation ...
INFO: [BIND 205-101] Performing variable lifetime analysis.
INFO: [BIND 205-101] Exploring resource sharing.
INFO: [BIND 205-101] Binding ...
INFO: [BIND 205-100] Finished micro-architecture generation.
INFO: [HLS 200-111] Finished Binding: CPU user time: 0.01 seconds. CPU system time: 0 seconds. Elapsed time: 0.02 seconds; current allocated memory: 321.141 MB.
INFO: [HLS 200-10] ----------------------------------------------------------------
INFO: [HLS 200-42] -- Implementing module 'encode' 
INFO: [HLS 200-10] ----------------------------------------------------------------
INFO: [SCHED 204-11] Starting scheduling ...
INFO: [SCHED 204-11] Finished scheduling.
INFO: [HLS 200-111] Finished Scheduling: CPU user time: 0.22 seconds. CPU system time: 0 seconds. Elapsed time: 0.22 seconds; current allocated memory: 324.051 MB.
INFO: [BIND 205-100] Starting micro-architecture generation ...
INFO: [BIND 205-101] Performing variable lifetime analysis.
INFO: [BIND 205-101] Exploring resource sharing.
INFO: [BIND 205-101] Binding ...
INFO: [BIND 205-100] Finished micro-architecture generation.
INFO: [HLS 200-111] Finished Binding: CPU user time: 0.04 seconds. CPU system time: 0 seconds. Elapsed time: 0.04 seconds; current allocated memory: 324.051 MB.
INFO: [HLS 200-10] ----------------------------------------------------------------
INFO: [HLS 200-42] -- Implementing module 'decode' 
INFO: [HLS 200-10] ----------------------------------------------------------------
INFO: [SCHED 204-11] Starting scheduling ...
INFO: [SCHED 204-11] Finished scheduling.
INFO: [HLS 200-111] Finished Scheduling: CPU user time: 0.18 seconds. CPU system time: 0 seconds. Elapsed time: 0.18 seconds; current allocated memory: 326.305 MB.
INFO: [BIND 205-100] Starting micro-architecture generation ...
INFO: [BIND 205-101] Performing variable lifetime analysis.
INFO: [BIND 205-101] Exploring resource sharing.
INFO: [BIND 205-101] Binding ...
INFO: [BIND 205-100] Finished micro-architecture generation.
INFO: [HLS 200-111] Finished Binding: CPU user time: 0.03 seconds. CPU system time: 0.01 seconds. Elapsed time: 0.04 seconds; current allocated memory: 326.305 MB.
INFO: [HLS 200-10] ----------------------------------------------------------------
INFO: [HLS 200-42] -- Implementing module 'adpcm_main' 
INFO: [HLS 200-10] ----------------------------------------------------------------
INFO: [SCHED 204-11] Starting scheduling ...
INFO: [SCHED 204-11] Finished scheduling.
INFO: [HLS 200-111] Finished Scheduling: CPU user time: 0.06 seconds. CPU system time: 0 seconds. Elapsed time: 0.05 seconds; current allocated memory: 326.305 MB.
INFO: [BIND 205-100] Starting micro-architecture generation ...
INFO: [BIND 205-101] Performing variable lifetime analysis.
INFO: [BIND 205-101] Exploring resource sharing.
INFO: [BIND 205-101] Binding ...
INFO: [BIND 205-100] Finished micro-architecture generation.
INFO: [HLS 200-111] Finished Binding: CPU user time: 0.03 seconds. CPU system time: 0 seconds. Elapsed time: 0.02 seconds; current allocated memory: 326.305 MB.
INFO: [HLS 200-10] ----------------------------------------------------------------
INFO: [HLS 200-10] -- Generating RTL for module 'reset' 
INFO: [HLS 200-10] ----------------------------------------------------------------
INFO: [RTGEN 206-100] Finished creating RTL model for 'reset'.
INFO: [HLS 200-111] Finished Creating RTL model: CPU user time: 0.03 seconds. CPU system time: 0 seconds. Elapsed time: 0.04 seconds; current allocated memory: 326.328 MB.
INFO: [HLS 200-10] ----------------------------------------------------------------
INFO: [HLS 200-10] -- Generating RTL for module 'filtez' 
INFO: [HLS 200-10] ----------------------------------------------------------------
INFO: [RTGEN 206-100] Generating core module 'mul_16s_32s_48_1_1': 1 instance(s).
INFO: [RTGEN 206-100] Finished creating RTL model for 'filtez'.
INFO: [HLS 200-111] Finished Creating RTL model: CPU user time: 0.05 seconds. CPU system time: 0 seconds. Elapsed time: 0.05 seconds; current allocated memory: 328.438 MB.
INFO: [HLS 200-10] ----------------------------------------------------------------
INFO: [HLS 200-10] -- Generating RTL for module 'quantl' 
INFO: [HLS 200-10] ----------------------------------------------------------------
INFO: [RTGEN 206-100] Generating core module 'mul_15ns_15ns_30_1_1': 1 instance(s).
INFO: [RTGEN 206-100] Finished creating RTL model for 'quantl'.
INFO: [RTMG 210-279] Implementing memory 'adpcm_main_quantl_decis_levl_ROM_AUTO_1R' using auto ROMs.
INFO: [RTMG 210-279] Implementing memory 'adpcm_main_quantl_quant26bt_pos_ROM_AUTO_1R' using auto ROMs.
INFO: [RTMG 210-279] Implementing memory 'adpcm_main_quantl_quant26bt_neg_ROM_AUTO_1R' using auto ROMs.
INFO: [HLS 200-111] Finished Creating RTL model: CPU user time: 0.04 seconds. CPU system time: 0.01 seconds. Elapsed time: 0.04 seconds; current allocated memory: 329.598 MB.
INFO: [HLS 200-10] ----------------------------------------------------------------
INFO: [HLS 200-10] -- Generating RTL for module 'upzero' 
INFO: [HLS 200-10] ----------------------------------------------------------------
INFO: [RTGEN 206-100] Generating core module 'mul_16s_16s_32_1_1': 1 instance(s).
INFO: [RTGEN 206-100] Finished creating RTL model for 'upzero'.
INFO: [HLS 200-111] Finished Creating RTL model: CPU user time: 0.04 seconds. CPU system time: 0 seconds. Elapsed time: 0.04 seconds; current allocated memory: 330.684 MB.
INFO: [HLS 200-10] ----------------------------------------------------------------
INFO: [HLS 200-10] -- Generating RTL for module 'encode' 
INFO: [HLS 200-10] ----------------------------------------------------------------
INFO: [RTGEN 206-100] Generating core module 'mul_14s_15ns_29_1_1': 1 instance(s).
INFO: [RTGEN 206-100] Generating core module 'mul_15ns_11ns_25_1_1': 1 instance(s).
INFO: [RTGEN 206-100] Generating core module 'mul_15s_32s_47_1_1': 2 instance(s).
INFO: [RTGEN 206-100] Generating core module 'mul_16s_15ns_31_1_1': 1 instance(s).
INFO: [RTGEN 206-100] Generating core module 'mul_16s_32s_47_1_1': 1 instance(s).
INFO: [RTGEN 206-100] Generating core module 'mul_32s_32s_64_1_1': 4 instance(s).
INFO: [RTGEN 206-100] Generating core module 'mul_32s_7s_39_1_1': 1 instance(s).
INFO: [RTGEN 206-100] Generating core module 'mux_4_2_11_1_1': 1 instance(s).
INFO: [RTGEN 206-100] Generating core module 'mux_4_2_14_1_1': 1 instance(s).
INFO: [RTGEN 206-100] Finished creating RTL model for 'encode'.
INFO: [HLS 200-111] Finished Creating RTL model: CPU user time: 0.08 seconds. CPU system time: 0.01 seconds. Elapsed time: 0.09 seconds; current allocated memory: 334.332 MB.
INFO: [HLS 200-10] ----------------------------------------------------------------
INFO: [HLS 200-10] -- Generating RTL for module 'decode' 
INFO: [HLS 200-10] ----------------------------------------------------------------
INFO: [RTGEN 206-100] Generating core module 'mul_14s_15ns_29_1_1': 1 instance(s).
INFO: [RTGEN 206-100] Generating core module 'mul_15s_32s_47_1_1': 2 instance(s).
INFO: [RTGEN 206-100] Generating core module 'mul_16s_15ns_31_1_1': 2 instance(s).
INFO: [RTGEN 206-100] Generating core module 'mul_16s_32s_47_1_1': 1 instance(s).
INFO: [RTGEN 206-100] Generating core module 'mul_32s_32s_64_1_1': 2 instance(s).
INFO: [RTGEN 206-100] Generating core module 'mul_32s_7s_39_1_1': 1 instance(s).
INFO: [RTGEN 206-100] Generating core module 'mux_4_2_11_1_1': 1 instance(s).
INFO: [RTGEN 206-100] Generating core module 'mux_4_2_14_1_1': 1 instance(s).
INFO: [RTGEN 206-100] Finished creating RTL model for 'decode'.
INFO: [RTMG 210-279] Implementing memory 'adpcm_main_decode_qq6_code6_table_ROM_AUTO_1R' using auto ROMs.
INFO: [HLS 200-111] Finished Creating RTL model: CPU user time: 0.16 seconds. CPU system time: 0.01 seconds. Elapsed time: 0.17 seconds; current allocated memory: 342.328 MB.
INFO: [HLS 200-10] ----------------------------------------------------------------
INFO: [HLS 200-10] -- Generating RTL for module 'adpcm_main' 
INFO: [HLS 200-10] ----------------------------------------------------------------
INFO: [RTGEN 206-500] Setting interface mode on port 'adpcm_main/in_data' to 'ap_memory'.
INFO: [RTGEN 206-500] Setting interface mode on port 'adpcm_main/encoded' to 'ap_memory'.
INFO: [RTGEN 206-500] Setting interface mode on port 'adpcm_main/decoded' to 'ap_memory'.
INFO: [RTGEN 206-500] Setting interface mode on function 'adpcm_main' to 'ap_ctrl_hs'.
WARNING: [RTGEN 206-101] Register 'dec_detl' is power-on initialization.
WARNING: [RTGEN 206-101] Register 'detl' is power-on initialization.
WARNING: [RTGEN 206-101] Register 'dec_deth' is power-on initialization.
WARNING: [RTGEN 206-101] Register 'deth' is power-on initialization.
WARNING: [RTGEN 206-101] Register 'rlt2' is power-on initialization.
WARNING: [RTGEN 206-101] Register 'rlt1' is power-on initialization.
WARNING: [RTGEN 206-101] Register 'plt2' is power-on initialization.
WARNING: [RTGEN 206-101] Register 'plt1' is power-on initialization.
WARNING: [RTGEN 206-101] Register 'al2' is power-on initialization.
WARNING: [RTGEN 206-101] Register 'al1' is power-on initialization.
WARNING: [RTGEN 206-101] Register 'nbl' is power-on initialization.
WARNING: [RTGEN 206-101] Register 'rh2' is power-on initialization.
WARNING: [RTGEN 206-101] Register 'rh1' is power-on initialization.
WARNING: [RTGEN 206-101] Register 'ph2' is power-on initialization.
WARNING: [RTGEN 206-101] Register 'ph1' is power-on initialization.
WARNING: [RTGEN 206-101] Register 'ah2' is power-on initialization.
WARNING: [RTGEN 206-101] Register 'ah1' is power-on initialization.
WARNING: [RTGEN 206-101] Register 'nbh' is power-on initialization.
WARNING: [RTGEN 206-101] Register 'dec_rlt2' is power-on initialization.
WARNING: [RTGEN 206-101] Register 'dec_rlt1' is power-on initialization.
WARNING: [RTGEN 206-101] Register 'dec_plt2' is power-on initialization.
WARNING: [RTGEN 206-101] Register 'dec_plt1' is power-on initialization.
WARNING: [RTGEN 206-101] Register 'dec_al2' is power-on initialization.
WARNING: [RTGEN 206-101] Register 'dec_al1' is power-on initialization.
WARNING: [RTGEN 206-101] Register 'dec_nbl' is power-on initialization.
WARNING: [RTGEN 206-101] Register 'dec_rh2' is power-on initialization.
WARNING: [RTGEN 206-101] Register 'dec_rh1' is power-on initialization.
WARNING: [RTGEN 206-101] Register 'dec_ph2' is power-on initialization.
WARNING: [RTGEN 206-101] Register 'dec_ph1' is power-on initialization.
WARNING: [RTGEN 206-101] Register 'dec_ah2' is power-on initialization.
WARNING: [RTGEN 206-101] Register 'dec_ah1' is power-on initialization.
WARNING: [RTGEN 206-101] Register 'dec_nbh' is power-on initialization.
WARNING: [RTGEN 206-101] Register 'il' is power-on initialization.
WARNING: [RTGEN 206-101] Register 'xout1' is power-on initialization.
WARNING: [RTGEN 206-101] Register 'xout2' is power-on initialization.
INFO: [RTGEN 206-100] Finished creating RTL model for 'adpcm_main'.
INFO: [RTMG 210-278] Implementing memory 'adpcm_main_delay_dltx_RAM_AUTO_1R1W' using auto RAMs.
INFO: [RTMG 210-278] Implementing memory 'adpcm_main_delay_bpl_RAM_AUTO_1R1W' using auto RAMs.
INFO: [RTMG 210-278] Implementing memory 'adpcm_main_tqmf_RAM_AUTO_1R1W' using auto RAMs.
INFO: [RTMG 210-278] Implementing memory 'adpcm_main_accumc_RAM_AUTO_1R1W' using auto RAMs.
INFO: [RTMG 210-279] Implementing memory 'adpcm_main_h_ROM_AUTO_1R' using auto ROMs.
INFO: [RTMG 210-279] Implementing memory 'adpcm_main_qq4_code4_table_ROM_AUTO_1R' using auto ROMs.
INFO: [RTMG 210-279] Implementing memory 'adpcm_main_wl_code_table_ROM_AUTO_1R' using auto ROMs.
INFO: [RTMG 210-279] Implementing memory 'adpcm_main_ilb_table_ROM_AUTO_1R' using auto ROMs.
INFO: [HLS 200-111] Finished Creating RTL model: CPU user time: 0.22 seconds. CPU system time: 0.02 seconds. Elapsed time: 0.23 seconds; current allocated memory: 350.094 MB.
INFO: [HLS 200-111] Finished Generating all RTL models: CPU user time: 0.16 seconds. CPU system time: 0.02 seconds. Elapsed time: 0.18 seconds; current allocated memory: 353.984 MB.
INFO: [HLS 200-111] Finished Updating report files: CPU user time: 0.38 seconds. CPU system time: 0.01 seconds. Elapsed time: 0.39 seconds; current allocated memory: 361.043 MB.
INFO: [VHDL 208-304] Generating VHDL RTL for adpcm_main.
INFO: [VLOG 209-307] Generating Verilog RTL for adpcm_main.
INFO: [HLS 200-790] **** Loop Constraint Status: All loop constraints were satisfied.
INFO: [HLS 200-789] **** Estimated Fmax: 191.83 MHz
INFO: [HLS 200-111] Finished Command csynth_design CPU user time: 4.77 seconds. CPU system time: 0.69 seconds. Elapsed time: 10.05 seconds; current allocated memory: 129.004 MB.
INFO: [HLS 200-1510] Running: export_design -flow impl -format syn_dcp -rtl verilog 
INFO: [IMPL 213-8] Exporting RTL as a Vivado IP.
INFO: [IMPL 213-8] Starting RTL evaluation using Vivado ...
INFO: [HLS 200-802] Generated output file data/anchor_solutions/ADPCM/solution0/impl/export.dcp
INFO: [HLS 200-802] Generated output file data/anchor_solutions/ADPCM/solution0/impl/export.veo
INFO: [HLS 200-111] Finished Command export_design CPU user time: 203.65 seconds. CPU system time: 10.29 seconds. Elapsed time: 367.41 seconds; current allocated memory: 8.605 MB.
