
*** Running vivado
    with args -log bd_0_wrapper.vdi -applog -m64 -product Vivado -messageDb vivado.pb -mode batch -source bd_0_wrapper.tcl -notrace


****** Vivado v2023.2 (64-bit)
  **** SW Build 4029153 on Fri Oct 13 20:13:54 MDT 2023
  **** IP Build 4028589 on Sat Oct 14 00:45:43 MDT 2023
  **** SharedData Build 4025554 on Tue Oct 10 17:18:54 MDT 2023
    ** Copyright 1986-2022 Xilinx, Inc. All Rights Reserved.
    ** Copyright 2022-2023 Advanced Micro Devices, Inc. All Rights Reserved.

source bd_0_wrapper.tcl -notrace
Command: open_checkpoint /home/gabriel/Documents/UFRGS/RAISE/AHLS/AHLS/data/anchor_solutions/GSM/solution0/impl/verilog/project.runs/impl_1/bd_0_wrapper.dcp
INFO: [Device 21-403] Loading part xcu50-fsvh2104-2-e
Netlist sorting complete. Time (s): cpu = 00:00:00.03 ; elapsed = 00:00:00.03 . Memory (MB): peak = 2606.453 ; gain = 0.000 ; free physical = 4296 ; free virtual = 13483
INFO: [Netlist 29-17] Analyzing 225 Unisim elements for replacement
INFO: [Netlist 29-28] Unisim Transformation completed in 0 CPU seconds
INFO: [Project 1-479] Netlist was created with Vivado 2023.2
INFO: [Project 1-570] Preparing netlist for logic optimization
Read ShapeDB Complete: Time (s): cpu = 00:00:00.01 ; elapsed = 00:00:00.01 . Memory (MB): peak = 2703.984 ; gain = 1.000 ; free physical = 4225 ; free virtual = 13412
INFO: [Timing 38-478] Restoring timing data from binary archive.
INFO: [Timing 38-479] Binary timing data restore complete.
INFO: [Project 1-856] Restoring constraints from binary archive.
INFO: [Project 1-853] Binary constraint restore complete.
Netlist sorting complete. Time (s): cpu = 00:00:00 ; elapsed = 00:00:00 . Memory (MB): peak = 3181.922 ; gain = 0.000 ; free physical = 3846 ; free virtual = 13034
INFO: [Project 1-111] Unisim Transformation Summary:
  A total of 88 instances were transformed.
  DSP48E2 => DSP48E2 (DSP_ALU, DSP_A_B_DATA, DSP_C_DATA, DSP_MULTIPLIER, DSP_M_DATA, DSP_OUTPUT, DSP_PREADD, DSP_PREADD_DATA): 40 instances
  RAM16X1S => RAM32X1S (RAMS32): 48 instances

INFO: [Project 1-604] Checkpoint was created with Vivado v2023.2 (64-bit) build 4029153
open_checkpoint: Time (s): cpu = 00:00:15 ; elapsed = 00:00:15 . Memory (MB): peak = 3181.957 ; gain = 1880.199 ; free physical = 3846 ; free virtual = 13034
INFO: [IP_Flow 19-234] Refreshing IP repositories
INFO: [IP_Flow 19-1700] Loaded user IP repository '/home/gabriel/Documents/UFRGS/RAISE/AHLS/AHLS/data/anchor_solutions/GSM/solution0/impl/ip'.
INFO: [IP_Flow 19-2313] Loaded Vivado IP repository '/tools/Xilinx/Vivado/2023.2/data/ip'.
Command: opt_design
Attempting to get a license for feature 'Implementation' and/or device 'xcu50'
INFO: [Common 17-349] Got license for feature 'Implementation' and/or device 'xcu50'
Running DRC as a precondition to command opt_design

Starting DRC Task
INFO: [DRC 23-27] Running DRC with 8 threads
INFO: [Project 1-461] DRC finished with 0 Errors
INFO: [Project 1-462] Please refer to the DRC report (report_drc) for more information.

Time (s): cpu = 00:00:02 ; elapsed = 00:00:00.93 . Memory (MB): peak = 3270.570 ; gain = 82.711 ; free physical = 3810 ; free virtual = 12997

Starting Cache Timing Information Task
Ending Cache Timing Information Task | Checksum: d165977f

Time (s): cpu = 00:00:00.02 ; elapsed = 00:00:00.01 . Memory (MB): peak = 3270.570 ; gain = 0.000 ; free physical = 3810 ; free virtual = 12997

Starting Logic Optimization Task

Phase 1 Initialization

Phase 1.1 Core Generation And Design Setup
Phase 1.1 Core Generation And Design Setup | Checksum: d165977f

Time (s): cpu = 00:00:00 ; elapsed = 00:00:00 . Memory (MB): peak = 3523.547 ; gain = 0.000 ; free physical = 3520 ; free virtual = 12708

Phase 1.2 Setup Constraints And Sort Netlist
Phase 1.2 Setup Constraints And Sort Netlist | Checksum: d165977f

Time (s): cpu = 00:00:00.01 ; elapsed = 00:00:00 . Memory (MB): peak = 3523.547 ; gain = 0.000 ; free physical = 3520 ; free virtual = 12708
Phase 1 Initialization | Checksum: d165977f

Time (s): cpu = 00:00:00.01 ; elapsed = 00:00:00.01 . Memory (MB): peak = 3523.547 ; gain = 0.000 ; free physical = 3520 ; free virtual = 12708

Phase 2 Timer Update And Timing Data Collection

Phase 2.1 Timer Update
Phase 2.1 Timer Update | Checksum: d165977f

Time (s): cpu = 00:00:01 ; elapsed = 00:00:00.21 . Memory (MB): peak = 3523.547 ; gain = 0.000 ; free physical = 3520 ; free virtual = 12708

Phase 2.2 Timing Data Collection
Phase 2.2 Timing Data Collection | Checksum: d165977f

Time (s): cpu = 00:00:01 ; elapsed = 00:00:00.22 . Memory (MB): peak = 3523.547 ; gain = 0.000 ; free physical = 3520 ; free virtual = 12708
Phase 2 Timer Update And Timing Data Collection | Checksum: d165977f

Time (s): cpu = 00:00:01 ; elapsed = 00:00:00.22 . Memory (MB): peak = 3523.547 ; gain = 0.000 ; free physical = 3520 ; free virtual = 12708

Phase 3 Retarget
INFO: [Opt 31-1566] Pulled 6 inverters resulting in an inversion of 17 pins
INFO: [Opt 31-138] Pushed 1 inverter(s) to 6 load pin(s).
INFO: [Opt 31-925] Fixed cascade connection for DSP: bd_0_i/hls_inst/inst/grp_Autocorrelation_fu_103/ama_addmuladd_16s_16s_16s_33s_34_4_1_U35/Gsm_LPC_Analysis_ama_addmuladd_16s_16s_16s_33s_34_4_1_DSP48_5_U/p_reg_reg
INFO: [Opt 31-925] Fixed cascade connection for DSP: bd_0_i/hls_inst/inst/grp_Autocorrelation_fu_103/ama_addmuladd_16s_16s_16s_33s_34_4_1_U37/Gsm_LPC_Analysis_ama_addmuladd_16s_16s_16s_33s_34_4_1_DSP48_5_U/p_reg_reg
INFO: [Opt 31-925] Fixed cascade connection for DSP: bd_0_i/hls_inst/inst/grp_Autocorrelation_fu_103/ama_addmuladd_16s_16s_16s_33s_34_4_1_U38/Gsm_LPC_Analysis_ama_addmuladd_16s_16s_16s_33s_34_4_1_DSP48_5_U/p_reg_reg
INFO: [Opt 31-49] Retargeted 0 cell(s).
Phase 3 Retarget | Checksum: 9c41994c

Time (s): cpu = 00:00:01 ; elapsed = 00:00:00.31 . Memory (MB): peak = 3547.559 ; gain = 24.012 ; free physical = 3520 ; free virtual = 12708
Retarget | Checksum: 9c41994c
INFO: [Opt 31-389] Phase Retarget created 0 cells and removed 7 cells

Phase 4 Constant propagation
INFO: [Opt 31-138] Pushed 0 inverter(s) to 0 load pin(s).
Phase 4 Constant propagation | Checksum: 156164f90

Time (s): cpu = 00:00:01 ; elapsed = 00:00:00.34 . Memory (MB): peak = 3547.559 ; gain = 24.012 ; free physical = 3520 ; free virtual = 12708
Constant propagation | Checksum: 156164f90
INFO: [Opt 31-389] Phase Constant propagation created 0 cells and removed 0 cells

Phase 5 Sweep
Phase 5 Sweep | Checksum: d8beafb1

Time (s): cpu = 00:00:01 ; elapsed = 00:00:00.4 . Memory (MB): peak = 3547.559 ; gain = 24.012 ; free physical = 3520 ; free virtual = 12708
Sweep | Checksum: d8beafb1
INFO: [Opt 31-389] Phase Sweep created 0 cells and removed 0 cells

Phase 6 BUFG optimization
INFO: [Opt 31-1077] Phase BUFG optimization inserted 0 global clock buffer(s) for CLOCK_LOW_FANOUT.
Phase 6 BUFG optimization | Checksum: d8beafb1

Time (s): cpu = 00:00:01 ; elapsed = 00:00:00.43 . Memory (MB): peak = 3579.574 ; gain = 56.027 ; free physical = 3520 ; free virtual = 12708
BUFG optimization | Checksum: d8beafb1
INFO: [Opt 31-662] Phase BUFG optimization created 0 cells of which 0 are BUFGs and removed 0 cells.

Phase 7 Shift Register Optimization
INFO: [Opt 31-1064] SRL Remap converted 0 SRLs to 0 registers and converted 0 registers of register chains to 0 SRLs
Phase 7 Shift Register Optimization | Checksum: d8beafb1

Time (s): cpu = 00:00:01 ; elapsed = 00:00:00.43 . Memory (MB): peak = 3579.574 ; gain = 56.027 ; free physical = 3520 ; free virtual = 12708
Shift Register Optimization | Checksum: d8beafb1
INFO: [Opt 31-389] Phase Shift Register Optimization created 0 cells and removed 0 cells

Phase 8 Post Processing Netlist
Phase 8 Post Processing Netlist | Checksum: d8beafb1

Time (s): cpu = 00:00:01 ; elapsed = 00:00:00.46 . Memory (MB): peak = 3579.574 ; gain = 56.027 ; free physical = 3520 ; free virtual = 12708
Post Processing Netlist | Checksum: d8beafb1
INFO: [Opt 31-389] Phase Post Processing Netlist created 0 cells and removed 0 cells

Phase 9 Finalization

Phase 9.1 Finalizing Design Cores and Updating Shapes
Phase 9.1 Finalizing Design Cores and Updating Shapes | Checksum: 1a04bf340

Time (s): cpu = 00:00:02 ; elapsed = 00:00:00.58 . Memory (MB): peak = 3579.574 ; gain = 56.027 ; free physical = 3520 ; free virtual = 12708

Phase 9.2 Verifying Netlist Connectivity

Starting Connectivity Check Task

Time (s): cpu = 00:00:00.01 ; elapsed = 00:00:00.01 . Memory (MB): peak = 3579.574 ; gain = 0.000 ; free physical = 3520 ; free virtual = 12708
Phase 9.2 Verifying Netlist Connectivity | Checksum: 1a04bf340

Time (s): cpu = 00:00:02 ; elapsed = 00:00:00.59 . Memory (MB): peak = 3579.574 ; gain = 56.027 ; free physical = 3520 ; free virtual = 12708
Phase 9 Finalization | Checksum: 1a04bf340

Time (s): cpu = 00:00:02 ; elapsed = 00:00:00.59 . Memory (MB): peak = 3579.574 ; gain = 56.027 ; free physical = 3520 ; free virtual = 12708
Opt_design Change Summary
=========================


-------------------------------------------------------------------------------------------------------------------------
|  Phase                        |  #Cells created  |  #Cells Removed  |  #Constrained objects preventing optimizations  |
-------------------------------------------------------------------------------------------------------------------------
|  Retarget                     |               0  |               7  |                                              0  |
|  Constant propagation         |               0  |               0  |                                              0  |
|  Sweep                        |               0  |               0  |                                              0  |
|  BUFG optimization            |               0  |               0  |                                              0  |
|  Shift Register Optimization  |               0  |               0  |                                              0  |
|  Post Processing Netlist      |               0  |               0  |                                              0  |
-------------------------------------------------------------------------------------------------------------------------


Ending Logic Optimization Task | Checksum: 1a04bf340

Time (s): cpu = 00:00:02 ; elapsed = 00:00:00.59 . Memory (MB): peak = 3579.574 ; gain = 56.027 ; free physical = 3520 ; free virtual = 12708
INFO: [Constraints 18-11670] Building netlist checker database with flags, 0x8
Done building netlist checker database: Time (s): cpu = 00:00:00 ; elapsed = 00:00:00 . Memory (MB): peak = 3579.574 ; gain = 0.000 ; free physical = 3520 ; free virtual = 12708

Starting Power Optimization Task
INFO: [Pwropt 34-132] Skipping clock gating for clocks with a period < 2.00 ns.
INFO: [Pwropt 34-9] Applying IDT optimizations ...
INFO: [Pwropt 34-10] Applying ODC optimizations ...
INFO: [Timing 38-35] Done setting XDC timing constraints.
Running Vector-less Activity Propagation...

Finished Running Vector-less Activity Propagation


Starting PowerOpt Patch Enables Task
INFO: [Pwropt 34-162] WRITE_MODE attribute of 0 BRAM(s) out of a total of 2 has been updated to save power. Run report_power_opt to get a complete listing of the BRAMs updated.
INFO: [Pwropt 34-201] Structural ODC has moved 0 WE to EN ports
Number of BRAM Ports augmented: 0 newly gated: 0 Total Ports: 4
Ending PowerOpt Patch Enables Task | Checksum: 1a04bf340

Time (s): cpu = 00:00:00.02 ; elapsed = 00:00:00.02 . Memory (MB): peak = 4055.211 ; gain = 0.000 ; free physical = 3171 ; free virtual = 12359
Ending Power Optimization Task | Checksum: 1a04bf340

Time (s): cpu = 00:00:09 ; elapsed = 00:00:05 . Memory (MB): peak = 4055.211 ; gain = 475.637 ; free physical = 3171 ; free virtual = 12359

Starting Final Cleanup Task
Ending Final Cleanup Task | Checksum: 1a04bf340

Time (s): cpu = 00:00:00 ; elapsed = 00:00:00 . Memory (MB): peak = 4055.211 ; gain = 0.000 ; free physical = 3171 ; free virtual = 12359

Starting Netlist Obfuscation Task
Netlist sorting complete. Time (s): cpu = 00:00:00 ; elapsed = 00:00:00 . Memory (MB): peak = 4055.211 ; gain = 0.000 ; free physical = 3171 ; free virtual = 12359
Ending Netlist Obfuscation Task | Checksum: 1a04bf340

Time (s): cpu = 00:00:00 ; elapsed = 00:00:00 . Memory (MB): peak = 4055.211 ; gain = 0.000 ; free physical = 3171 ; free virtual = 12359
INFO: [Common 17-83] Releasing license: Implementation
41 Infos, 0 Warnings, 0 Critical Warnings and 0 Errors encountered.
opt_design completed successfully
opt_design: Time (s): cpu = 00:00:14 ; elapsed = 00:00:08 . Memory (MB): peak = 4055.211 ; gain = 873.254 ; free physical = 3171 ; free virtual = 12359
INFO: [runtcl-4] Executing : report_drc -file bd_0_wrapper_drc_opted.rpt -pb bd_0_wrapper_drc_opted.pb -rpx bd_0_wrapper_drc_opted.rpx
Command: report_drc -file bd_0_wrapper_drc_opted.rpt -pb bd_0_wrapper_drc_opted.pb -rpx bd_0_wrapper_drc_opted.rpx
INFO: [IP_Flow 19-1839] IP Catalog is up to date.
INFO: [DRC 23-27] Running DRC with 8 threads
INFO: [Vivado_Tcl 2-168] The results of DRC are in file /home/gabriel/Documents/UFRGS/RAISE/AHLS/AHLS/data/anchor_solutions/GSM/solution0/impl/verilog/project.runs/impl_1/bd_0_wrapper_drc_opted.rpt.
report_drc completed successfully
INFO: [Timing 38-35] Done setting XDC timing constraints.
INFO: [Timing 38-480] Writing timing data to binary archive.
Write ShapeDB Complete: Time (s): cpu = 00:00:00.03 ; elapsed = 00:00:00.01 . Memory (MB): peak = 4055.211 ; gain = 0.000 ; free physical = 3138 ; free virtual = 12327
INFO: [Common 17-1381] The checkpoint '/home/gabriel/Documents/UFRGS/RAISE/AHLS/AHLS/data/anchor_solutions/GSM/solution0/impl/verilog/project.runs/impl_1/bd_0_wrapper_opt.dcp' has been generated.
Command: place_design
Attempting to get a license for feature 'Implementation' and/or device 'xcu50'
INFO: [Common 17-349] Got license for feature 'Implementation' and/or device 'xcu50'
INFO: [Common 17-83] Releasing license: Implementation
INFO: [DRC 23-27] Running DRC with 8 threads
INFO: [Vivado_Tcl 4-198] DRC finished with 0 Errors
INFO: [Vivado_Tcl 4-199] Please refer to the DRC report (report_drc) for more information.
Running DRC as a precondition to command place_design
INFO: [DRC 23-27] Running DRC with 8 threads
INFO: [Vivado_Tcl 4-198] DRC finished with 0 Errors
INFO: [Vivado_Tcl 4-199] Please refer to the DRC report (report_drc) for more information.
INFO: [Place 30-611] Multithreading enabled for place_design using a maximum of 8 CPUs

Starting Placer Task

Phase 1 Placer Initialization

Phase 1.1 Placer Initialization Netlist Sorting
Netlist sorting complete. Time (s): cpu = 00:00:00.01 ; elapsed = 00:00:00 . Memory (MB): peak = 4055.211 ; gain = 0.000 ; free physical = 3130 ; free virtual = 12320
Phase 1.1 Placer Initialization Netlist Sorting | Checksum: a9853d78

Time (s): cpu = 00:00:00.01 ; elapsed = 00:00:00.01 . Memory (MB): peak = 4055.211 ; gain = 0.000 ; free physical = 3130 ; free virtual = 12320
Netlist sorting complete. Time (s): cpu = 00:00:00 ; elapsed = 00:00:00 . Memory (MB): peak = 4055.211 ; gain = 0.000 ; free physical = 3130 ; free virtual = 12320

Phase 1.2 IO Placement/ Clock Placement/ Build Placer Device
Phase 1.2 IO Placement/ Clock Placement/ Build Placer Device | Checksum: e969b9cd

Time (s): cpu = 00:00:14 ; elapsed = 00:00:14 . Memory (MB): peak = 4631.500 ; gain = 576.289 ; free physical = 2473 ; free virtual = 11662

Phase 1.3 Build Placer Netlist Model
Phase 1.3 Build Placer Netlist Model | Checksum: 16f49e8df

Time (s): cpu = 00:00:20 ; elapsed = 00:00:16 . Memory (MB): peak = 4801.516 ; gain = 746.305 ; free physical = 2342 ; free virtual = 11532

Phase 1.4 Constrain Clocks/Macros
Phase 1.4 Constrain Clocks/Macros | Checksum: 16f49e8df

Time (s): cpu = 00:00:20 ; elapsed = 00:00:16 . Memory (MB): peak = 4801.516 ; gain = 746.305 ; free physical = 2342 ; free virtual = 11532
Phase 1 Placer Initialization | Checksum: 16f49e8df

Time (s): cpu = 00:00:20 ; elapsed = 00:00:16 . Memory (MB): peak = 4801.516 ; gain = 746.305 ; free physical = 2342 ; free virtual = 11532

Phase 2 Global Placement

Phase 2.1 Floorplanning

Phase 2.1.1 Partition Driven Placement

Phase 2.1.1.1 PBP: Partition Driven Placement
Phase 2.1.1.1 PBP: Partition Driven Placement | Checksum: 1402c5593

Time (s): cpu = 00:00:22 ; elapsed = 00:00:17 . Memory (MB): peak = 4801.516 ; gain = 746.305 ; free physical = 2345 ; free virtual = 11537

Phase 2.1.1.2 PBP: Clock Region Placement
INFO: [Place 30-3164] Check ILP status : ILP-based clock placer is skipped.
Phase 2.1.1.2 PBP: Clock Region Placement | Checksum: 1402c5593

Time (s): cpu = 00:00:22 ; elapsed = 00:00:17 . Memory (MB): peak = 4801.516 ; gain = 746.305 ; free physical = 2345 ; free virtual = 11537

Phase 2.1.1.3 PBP: Compute Congestion
Phase 2.1.1.3 PBP: Compute Congestion | Checksum: 1402c5593

Time (s): cpu = 00:00:40 ; elapsed = 00:00:22 . Memory (MB): peak = 5233.500 ; gain = 1178.289 ; free physical = 1872 ; free virtual = 11063

Phase 2.1.1.4 PBP: UpdateTiming
Phase 2.1.1.4 PBP: UpdateTiming | Checksum: 13c5f737d

Time (s): cpu = 00:00:40 ; elapsed = 00:00:22 . Memory (MB): peak = 5265.516 ; gain = 1210.305 ; free physical = 1871 ; free virtual = 11063

Phase 2.1.1.5 PBP: Add part constraints
Phase 2.1.1.5 PBP: Add part constraints | Checksum: 13c5f737d

Time (s): cpu = 00:00:40 ; elapsed = 00:00:22 . Memory (MB): peak = 5265.516 ; gain = 1210.305 ; free physical = 1871 ; free virtual = 11063
Phase 2.1.1 Partition Driven Placement | Checksum: 13c5f737d

Time (s): cpu = 00:00:40 ; elapsed = 00:00:23 . Memory (MB): peak = 5265.516 ; gain = 1210.305 ; free physical = 1871 ; free virtual = 11063
Phase 2.1 Floorplanning | Checksum: 19a667dba

Time (s): cpu = 00:00:40 ; elapsed = 00:00:23 . Memory (MB): peak = 5265.516 ; gain = 1210.305 ; free physical = 1871 ; free virtual = 11063

Phase 2.2 Physical Synthesis After Floorplan
INFO: [Physopt 32-670] No setup violation found.  PSIP Post Floorplan SLR Replication was not performed.
Netlist sorting complete. Time (s): cpu = 00:00:00 ; elapsed = 00:00:00.01 . Memory (MB): peak = 5265.516 ; gain = 0.000 ; free physical = 1871 ; free virtual = 11063

Summary of Physical Synthesis Optimizations
============================================


-----------------------------------------------------------------------------------------------------------------------------------------------
|  Optimization                         |  Added Cells  |  Removed Cells  |  Optimized Cells/Nets  |  Dont Touch  |  Iterations  |  Elapsed   |
-----------------------------------------------------------------------------------------------------------------------------------------------
|  PSIP Post Floorplan SLR Replication  |            0  |              0  |                     0  |           0  |           0  |  00:00:00  |
|  Total                                |            0  |              0  |                     0  |           0  |           0  |  00:00:00  |
-----------------------------------------------------------------------------------------------------------------------------------------------


Phase 2.2 Physical Synthesis After Floorplan | Checksum: 19a667dba

Time (s): cpu = 00:00:40 ; elapsed = 00:00:23 . Memory (MB): peak = 5265.516 ; gain = 1210.305 ; free physical = 1871 ; free virtual = 11063

Phase 2.3 Update Timing before SLR Path Opt
Phase 2.3 Update Timing before SLR Path Opt | Checksum: 19a667dba

Time (s): cpu = 00:00:40 ; elapsed = 00:00:23 . Memory (MB): peak = 5265.516 ; gain = 1210.305 ; free physical = 1871 ; free virtual = 11063

Phase 2.4 Post-Processing in Floorplanning
Phase 2.4 Post-Processing in Floorplanning | Checksum: 19a667dba

Time (s): cpu = 00:00:40 ; elapsed = 00:00:23 . Memory (MB): peak = 5265.516 ; gain = 1210.305 ; free physical = 1871 ; free virtual = 11063

Phase 2.5 Global Placement Core

Phase 2.5.1 UpdateTiming Before Physical Synthesis
Phase 2.5.1 UpdateTiming Before Physical Synthesis | Checksum: 1ad6a6b97

Time (s): cpu = 00:01:02 ; elapsed = 00:00:32 . Memory (MB): peak = 5638.539 ; gain = 1583.328 ; free physical = 1537 ; free virtual = 10729

Phase 2.5.2 Physical Synthesis In Placer
INFO: [Physopt 32-1035] Found 0 LUTNM shape to break, 105 LUT instances to create LUTNM shape
INFO: [Physopt 32-1044] Break lutnm for timing: one critical 0, two critical 0, total 0, new lutff created 0
INFO: [Physopt 32-1138] End 1 Pass. Optimized 33 nets or LUTs. Breaked 0 LUT, combined 33 existing LUTs and moved 0 existing LUT
INFO: [Physopt 32-1030] Pass 1. Identified 2 candidate driver sets for equivalent driver rewiring.
INFO: [Physopt 32-661] Optimized 2 nets.  Re-placed 10 instances.
INFO: [Physopt 32-775] End 1 Pass. Optimized 2 nets or cells. Created 0 new cell, deleted 0 existing cell and moved 10 existing cells
Netlist sorting complete. Time (s): cpu = 00:00:00.02 ; elapsed = 00:00:00.02 . Memory (MB): peak = 5638.539 ; gain = 0.000 ; free physical = 1540 ; free virtual = 10732
INFO: [Physopt 32-65] No nets found for high-fanout optimization.
INFO: [Physopt 32-232] Optimized 0 net. Created 0 new instance.
INFO: [Physopt 32-775] End 1 Pass. Optimized 0 net or cell. Created 0 new cell, deleted 0 existing cell and moved 0 existing cell
INFO: [Physopt 32-670] No setup violation found.  DSP Register Optimization was not performed.
INFO: [Physopt 32-670] No setup violation found.  Shift Register to Pipeline Optimization was not performed.
INFO: [Physopt 32-670] No setup violation found.  Shift Register Optimization was not performed.
INFO: [Physopt 32-670] No setup violation found.  BRAM Register Optimization was not performed.
INFO: [Physopt 32-670] No setup violation found.  URAM Register Optimization was not performed.
INFO: [Physopt 32-949] No candidate nets found for dynamic/static region interface net replication
INFO: [Physopt 32-775] End 1 Pass. Optimized 0 net or cell. Created 0 new cell, deleted 0 existing cell and moved 0 existing cell
Netlist sorting complete. Time (s): cpu = 00:00:00 ; elapsed = 00:00:00 . Memory (MB): peak = 5638.539 ; gain = 0.000 ; free physical = 1540 ; free virtual = 10731

Summary of Physical Synthesis Optimizations
============================================


-----------------------------------------------------------------------------------------------------------------------------------------------------------
|  Optimization                                     |  Added Cells  |  Removed Cells  |  Optimized Cells/Nets  |  Dont Touch  |  Iterations  |  Elapsed   |
-----------------------------------------------------------------------------------------------------------------------------------------------------------
|  LUT Combining                                    |            0  |             33  |                    33  |           0  |           1  |  00:00:00  |
|  Retime                                           |            0  |              0  |                     0  |           0  |           1  |  00:00:00  |
|  Equivalent Driver Rewiring                       |            0  |              0  |                     2  |           0  |           1  |  00:00:00  |
|  Very High Fanout                                 |            0  |              0  |                     0  |           0  |           1  |  00:00:00  |
|  DSP Register                                     |            0  |              0  |                     0  |           0  |           0  |  00:00:00  |
|  Shift Register to Pipeline                       |            0  |              0  |                     0  |           0  |           0  |  00:00:00  |
|  Shift Register                                   |            0  |              0  |                     0  |           0  |           0  |  00:00:00  |
|  BRAM Register                                    |            0  |              0  |                     0  |           0  |           0  |  00:00:00  |
|  URAM Register                                    |            0  |              0  |                     0  |           0  |           0  |  00:00:00  |
|  Dynamic/Static Region Interface Net Replication  |            0  |              0  |                     0  |           0  |           1  |  00:00:00  |
|  Total                                            |            0  |             33  |                    35  |           0  |           5  |  00:00:00  |
-----------------------------------------------------------------------------------------------------------------------------------------------------------


Phase 2.5.2 Physical Synthesis In Placer | Checksum: 17ce16d15

Time (s): cpu = 00:01:03 ; elapsed = 00:00:32 . Memory (MB): peak = 5638.539 ; gain = 1583.328 ; free physical = 1550 ; free virtual = 10742
Phase 2.5 Global Placement Core | Checksum: 2145ce3ca

Time (s): cpu = 00:01:38 ; elapsed = 00:00:43 . Memory (MB): peak = 5638.539 ; gain = 1583.328 ; free physical = 1674 ; free virtual = 10866
Phase 2 Global Placement | Checksum: 2145ce3ca

Time (s): cpu = 00:01:39 ; elapsed = 00:00:43 . Memory (MB): peak = 5638.539 ; gain = 1583.328 ; free physical = 1674 ; free virtual = 10866

Phase 3 Detail Placement

Phase 3.1 Commit Multi Column Macros
Phase 3.1 Commit Multi Column Macros | Checksum: 182df77f4

Time (s): cpu = 00:01:56 ; elapsed = 00:00:49 . Memory (MB): peak = 5638.539 ; gain = 1583.328 ; free physical = 1707 ; free virtual = 10899

Phase 3.2 Commit Most Macros & LUTRAMs
Phase 3.2 Commit Most Macros & LUTRAMs | Checksum: 1fa03b0e2

Time (s): cpu = 00:01:57 ; elapsed = 00:00:49 . Memory (MB): peak = 5638.539 ; gain = 1583.328 ; free physical = 1707 ; free virtual = 10899

Phase 3.3 Small Shape DP

Phase 3.3.1 Small Shape Clustering
Phase 3.3.1 Small Shape Clustering | Checksum: 14844e517

Time (s): cpu = 00:02:14 ; elapsed = 00:00:54 . Memory (MB): peak = 5638.539 ; gain = 1583.328 ; free physical = 1613 ; free virtual = 10806

Phase 3.3.2 Slice Area Swap

Phase 3.3.2.1 Slice Area Swap Initial
Phase 3.3.2.1 Slice Area Swap Initial | Checksum: 1b5029db4

Time (s): cpu = 00:02:15 ; elapsed = 00:00:55 . Memory (MB): peak = 5638.539 ; gain = 1583.328 ; free physical = 1614 ; free virtual = 10807
Phase 3.3.2 Slice Area Swap | Checksum: 11e54a667

Time (s): cpu = 00:02:16 ; elapsed = 00:00:55 . Memory (MB): peak = 5638.539 ; gain = 1583.328 ; free physical = 1613 ; free virtual = 10806
Phase 3.3 Small Shape DP | Checksum: c69ec68b

Time (s): cpu = 00:02:16 ; elapsed = 00:00:56 . Memory (MB): peak = 5638.539 ; gain = 1583.328 ; free physical = 1613 ; free virtual = 10806

Phase 3.4 Re-assign LUT pins
Phase 3.4 Re-assign LUT pins | Checksum: e3135e2f

Time (s): cpu = 00:02:16 ; elapsed = 00:00:56 . Memory (MB): peak = 5638.539 ; gain = 1583.328 ; free physical = 1613 ; free virtual = 10806

Phase 3.5 Pipeline Register Optimization
Phase 3.5 Pipeline Register Optimization | Checksum: 114d8f6df

Time (s): cpu = 00:02:16 ; elapsed = 00:00:56 . Memory (MB): peak = 5638.539 ; gain = 1583.328 ; free physical = 1613 ; free virtual = 10806
Phase 3 Detail Placement | Checksum: 114d8f6df

Time (s): cpu = 00:02:16 ; elapsed = 00:00:56 . Memory (MB): peak = 5638.539 ; gain = 1583.328 ; free physical = 1613 ; free virtual = 10806

Phase 4 Post Placement Optimization and Clean-Up

Phase 4.1 Post Commit Optimization
INFO: [Timing 38-35] Done setting XDC timing constraints.

Phase 4.1.1 Post Placement Optimization
Post Placement Optimization Initialization | Checksum: 13ece55d9

Phase 4.1.1.1 BUFG Insertion

Starting Physical Synthesis Task

Phase 1 Physical Synthesis Initialization
INFO: [Physopt 32-721] Multithreading enabled for phys_opt_design using a maximum of 8 CPUs
INFO: [Physopt 32-619] Estimated Timing Summary | WNS=4.298 | TNS=0.000 |
Phase 1 Physical Synthesis Initialization | Checksum: d2466f5d

Time (s): cpu = 00:00:00.63 ; elapsed = 00:00:00.17 . Memory (MB): peak = 5638.539 ; gain = 0.000 ; free physical = 1611 ; free virtual = 10803
INFO: [Place 46-56] BUFG insertion identified 0 candidate nets. Inserted BUFG: 0, Replicated BUFG Driver: 0, Skipped due to Placement/Routing Conflicts: 0, Skipped due to Timing Degradation: 0, Skipped due to netlist editing failed: 0.
Ending Physical Synthesis Task | Checksum: d2466f5d

Time (s): cpu = 00:00:00.7 ; elapsed = 00:00:00.24 . Memory (MB): peak = 5638.539 ; gain = 0.000 ; free physical = 1611 ; free virtual = 10803
Phase 4.1.1.1 BUFG Insertion | Checksum: 13ece55d9

Time (s): cpu = 00:02:41 ; elapsed = 00:01:03 . Memory (MB): peak = 5638.539 ; gain = 1583.328 ; free physical = 1611 ; free virtual = 10803

Phase 4.1.1.2 BUFG Replication
INFO: [Place 46-63] BUFG replication identified 0 candidate nets: Replicated nets: 0, Replicated BUFGs: 0, Replicated BUFG Driver: 0, moved BUFGs: 0, Skipped due to Placement / Routing Conflict: 0, Skipped due to Timing: 0, Skipped due to constraints: 0
Phase 4.1.1.2 BUFG Replication | Checksum: 13ece55d9

Time (s): cpu = 00:02:41 ; elapsed = 00:01:03 . Memory (MB): peak = 5638.539 ; gain = 1583.328 ; free physical = 1611 ; free virtual = 10803

Phase 4.1.1.3 Post Placement Timing Optimization
INFO: [Place 30-746] Post Placement Timing Summary WNS=4.298. For the most accurate timing information please run report_timing.
Phase 4.1.1.3 Post Placement Timing Optimization | Checksum: be792987

Time (s): cpu = 00:02:41 ; elapsed = 00:01:03 . Memory (MB): peak = 5638.539 ; gain = 1583.328 ; free physical = 1611 ; free virtual = 10803

Phase 4.1.1.4 Replication
INFO: [Place 46-19] Post Replication Timing Summary WNS=4.298. For the most accurate timing information please run report_timing.
Phase 4.1.1.4 Replication | Checksum: be792987

Time (s): cpu = 00:02:41 ; elapsed = 00:01:03 . Memory (MB): peak = 5638.539 ; gain = 1583.328 ; free physical = 1611 ; free virtual = 10803

Time (s): cpu = 00:02:41 ; elapsed = 00:01:03 . Memory (MB): peak = 5638.539 ; gain = 1583.328 ; free physical = 1611 ; free virtual = 10803
Phase 4.1 Post Commit Optimization | Checksum: be792987

Time (s): cpu = 00:02:41 ; elapsed = 00:01:03 . Memory (MB): peak = 5638.539 ; gain = 1583.328 ; free physical = 1611 ; free virtual = 10803

Phase 4.2 Post Placement Cleanup
Phase 4.2 Post Placement Cleanup | Checksum: be792987

Time (s): cpu = 00:03:13 ; elapsed = 00:01:23 . Memory (MB): peak = 5638.539 ; gain = 1583.328 ; free physical = 1551 ; free virtual = 10744

Phase 4.3 Placer Reporting

Phase 4.3.1 Print Estimated Congestion
INFO: [Place 30-612] Post-Placement Estimated Congestion 
 ________________________________________________________________________
|           | Global Congestion | Long Congestion   | Short Congestion  |
| Direction | Region Size       | Region Size       | Region Size       |
|___________|___________________|___________________|___________________|
|      North|                1x1|                1x1|                1x1|
|___________|___________________|___________________|___________________|
|      South|                1x1|                1x1|                1x1|
|___________|___________________|___________________|___________________|
|       East|                1x1|                1x1|                4x4|
|___________|___________________|___________________|___________________|
|       West|                1x1|                1x1|                4x4|
|___________|___________________|___________________|___________________|

SLR0:
 ________________________________________________________________________
|           | Global Congestion | Long Congestion   | Short Congestion  |
| Direction | Region Size       | Region Size       | Region Size       |
|___________|___________________|___________________|___________________|
|      North|                1x1|                1x1|                1x1|
|___________|___________________|___________________|___________________|
|      South|                1x1|                1x1|                1x1|
|___________|___________________|___________________|___________________|
|       East|                1x1|                1x1|                4x4|
|___________|___________________|___________________|___________________|
|       West|                1x1|                1x1|                4x4|
|___________|___________________|___________________|___________________|

SLR1:
 ________________________________________________________________________
|           | Global Congestion | Long Congestion   | Short Congestion  |
| Direction | Region Size       | Region Size       | Region Size       |
|___________|___________________|___________________|___________________|
|      North|                1x1|                1x1|                1x1|
|___________|___________________|___________________|___________________|
|      South|                1x1|                1x1|                1x1|
|___________|___________________|___________________|___________________|
|       East|                1x1|                1x1|                1x1|
|___________|___________________|___________________|___________________|
|       West|                1x1|                1x1|                1x1|
|___________|___________________|___________________|___________________|

Phase 4.3.1 Print Estimated Congestion | Checksum: be792987

Time (s): cpu = 00:03:13 ; elapsed = 00:01:23 . Memory (MB): peak = 5638.539 ; gain = 1583.328 ; free physical = 1551 ; free virtual = 10744
Phase 4.3 Placer Reporting | Checksum: be792987

Time (s): cpu = 00:03:13 ; elapsed = 00:01:23 . Memory (MB): peak = 5638.539 ; gain = 1583.328 ; free physical = 1552 ; free virtual = 10745

Phase 4.4 Final Placement Cleanup
Netlist sorting complete. Time (s): cpu = 00:00:00 ; elapsed = 00:00:00 . Memory (MB): peak = 5638.539 ; gain = 0.000 ; free physical = 1552 ; free virtual = 10745

Time (s): cpu = 00:03:13 ; elapsed = 00:01:23 . Memory (MB): peak = 5638.539 ; gain = 1583.328 ; free physical = 1552 ; free virtual = 10745
Phase 4 Post Placement Optimization and Clean-Up | Checksum: 109f6b24a

Time (s): cpu = 00:03:13 ; elapsed = 00:01:23 . Memory (MB): peak = 5638.539 ; gain = 1583.328 ; free physical = 1552 ; free virtual = 10745
Ending Placer Task | Checksum: d1bd6ae8

Time (s): cpu = 00:03:13 ; elapsed = 00:01:23 . Memory (MB): peak = 5638.539 ; gain = 1583.328 ; free physical = 1552 ; free virtual = 10745
83 Infos, 0 Warnings, 0 Critical Warnings and 0 Errors encountered.
place_design completed successfully
place_design: Time (s): cpu = 00:03:16 ; elapsed = 00:01:24 . Memory (MB): peak = 5638.539 ; gain = 1583.328 ; free physical = 1550 ; free virtual = 10743
INFO: [runtcl-4] Executing : report_io -file bd_0_wrapper_io_placed.rpt
report_io: Time (s): cpu = 00:00:00.32 ; elapsed = 00:00:00.39 . Memory (MB): peak = 5638.539 ; gain = 0.000 ; free physical = 1521 ; free virtual = 10714
INFO: [runtcl-4] Executing : report_utilization -file bd_0_wrapper_utilization_placed.rpt -pb bd_0_wrapper_utilization_placed.pb
INFO: [runtcl-4] Executing : report_control_sets -verbose -file bd_0_wrapper_control_sets_placed.rpt
report_control_sets: Time (s): cpu = 00:00:00.04 ; elapsed = 00:00:00.1 . Memory (MB): peak = 5638.539 ; gain = 0.000 ; free physical = 1475 ; free virtual = 10668
INFO: [Timing 38-480] Writing timing data to binary archive.
Write ShapeDB Complete: Time (s): cpu = 00:00:00.04 ; elapsed = 00:00:00.01 . Memory (MB): peak = 5638.539 ; gain = 0.000 ; free physical = 1475 ; free virtual = 10669
Wrote PlaceDB: Time (s): cpu = 00:00:00.8 ; elapsed = 00:00:00.24 . Memory (MB): peak = 5638.539 ; gain = 0.000 ; free physical = 1468 ; free virtual = 10671
Wrote PulsedLatchDB: Time (s): cpu = 00:00:00 ; elapsed = 00:00:00 . Memory (MB): peak = 5638.539 ; gain = 0.000 ; free physical = 1468 ; free virtual = 10671
Writing XDEF routing.
Writing XDEF routing logical nets.
Writing XDEF routing special nets.
Wrote RouteStorage: Time (s): cpu = 00:00:00.07 ; elapsed = 00:00:00.07 . Memory (MB): peak = 5638.539 ; gain = 0.000 ; free physical = 1468 ; free virtual = 10672
Wrote Netlist Cache: Time (s): cpu = 00:00:00 ; elapsed = 00:00:00.01 . Memory (MB): peak = 5638.539 ; gain = 0.000 ; free physical = 1468 ; free virtual = 10673
Wrote Device Cache: Time (s): cpu = 00:00:00.01 ; elapsed = 00:00:00.01 . Memory (MB): peak = 5638.539 ; gain = 0.000 ; free physical = 1468 ; free virtual = 10675
Write Physdb Complete: Time (s): cpu = 00:00:00.89 ; elapsed = 00:00:00.34 . Memory (MB): peak = 5638.539 ; gain = 0.000 ; free physical = 1468 ; free virtual = 10675
INFO: [Common 17-1381] The checkpoint '/home/gabriel/Documents/UFRGS/RAISE/AHLS/AHLS/data/anchor_solutions/GSM/solution0/impl/verilog/project.runs/impl_1/bd_0_wrapper_placed.dcp' has been generated.
Command: phys_opt_design
Attempting to get a license for feature 'Implementation' and/or device 'xcu50'
INFO: [Common 17-349] Got license for feature 'Implementation' and/or device 'xcu50'

Starting Initial Update Timing Task
WARNING: [Timing 38-242] The property HD.CLK_SRC of clock port "ap_clk" is not set. In out-of-context mode, this prevents timing estimation for clock delay/skew
Resolution: Set the HD.CLK_SRC property of the out-of-context port to the location of the clock buffer instance in the top-level design

Time (s): cpu = 00:00:03 ; elapsed = 00:00:00.59 . Memory (MB): peak = 5650.539 ; gain = 0.000 ; free physical = 1462 ; free virtual = 10659
INFO: [Vivado_Tcl 4-383] Design worst setup slack (WNS) is greater than or equal to 0.000 ns. Skipping all physical synthesis optimizations.
INFO: [Vivado_Tcl 4-232] No setup violation found. The netlist was not modified.
INFO: [Common 17-83] Releasing license: Implementation
92 Infos, 1 Warnings, 0 Critical Warnings and 0 Errors encountered.
phys_opt_design completed successfully
INFO: [Timing 38-480] Writing timing data to binary archive.
Write ShapeDB Complete: Time (s): cpu = 00:00:00.03 ; elapsed = 00:00:00 . Memory (MB): peak = 5682.555 ; gain = 0.000 ; free physical = 1462 ; free virtual = 10659
Wrote PlaceDB: Time (s): cpu = 00:00:00.9 ; elapsed = 00:00:00.27 . Memory (MB): peak = 5682.555 ; gain = 0.000 ; free physical = 1476 ; free virtual = 10683
Wrote PulsedLatchDB: Time (s): cpu = 00:00:00 ; elapsed = 00:00:00 . Memory (MB): peak = 5682.555 ; gain = 0.000 ; free physical = 1476 ; free virtual = 10683
Writing XDEF routing.
Writing XDEF routing logical nets.
Writing XDEF routing special nets.
Wrote RouteStorage: Time (s): cpu = 00:00:00.05 ; elapsed = 00:00:00.06 . Memory (MB): peak = 5682.555 ; gain = 0.000 ; free physical = 1476 ; free virtual = 10684
Wrote Netlist Cache: Time (s): cpu = 00:00:00.01 ; elapsed = 00:00:00.01 . Memory (MB): peak = 5682.555 ; gain = 0.000 ; free physical = 1476 ; free virtual = 10685
Wrote Device Cache: Time (s): cpu = 00:00:00.01 ; elapsed = 00:00:00.01 . Memory (MB): peak = 5682.555 ; gain = 0.000 ; free physical = 1474 ; free virtual = 10685
Write Physdb Complete: Time (s): cpu = 00:00:00.98 ; elapsed = 00:00:00.36 . Memory (MB): peak = 5682.555 ; gain = 0.000 ; free physical = 1474 ; free virtual = 10685
INFO: [Common 17-1381] The checkpoint '/home/gabriel/Documents/UFRGS/RAISE/AHLS/AHLS/data/anchor_solutions/GSM/solution0/impl/verilog/project.runs/impl_1/bd_0_wrapper_physopt.dcp' has been generated.
Command: route_design
Attempting to get a license for feature 'Implementation' and/or device 'xcu50'
INFO: [Common 17-349] Got license for feature 'Implementation' and/or device 'xcu50'
Running DRC as a precondition to command route_design
INFO: [DRC 23-27] Running DRC with 8 threads
INFO: [Vivado_Tcl 4-198] DRC finished with 0 Errors
INFO: [Vivado_Tcl 4-199] Please refer to the DRC report (report_drc) for more information.


Starting Routing Task
INFO: [Route 35-254] Multithreading enabled for route_design using a maximum of 8 CPUs

Phase 1 Build RT Design
Checksum: PlaceDB: 1ecc354f ConstDB: 0 ShapeSum: b2f13599 RouteDB: 0
Nodegraph reading from file.  Time (s): cpu = 00:00:01 ; elapsed = 00:00:01 . Memory (MB): peak = 5714.570 ; gain = 0.000 ; free physical = 1481 ; free virtual = 10682
WARNING: [Route 35-198] Port "LARc_q1[14]" does not have an associated HD.PARTPIN_LOCS, which will prevent the partial routing of the signal "LARc_q1[14]". Without this partial route, timing analysis to/from this port will not be accurate, and no routing information for this port can be exported.
WARNING: [Route 35-198] Port "LARc_q1[15]" does not have an associated HD.PARTPIN_LOCS, which will prevent the partial routing of the signal "LARc_q1[15]". Without this partial route, timing analysis to/from this port will not be accurate, and no routing information for this port can be exported.
WARNING: [Route 35-198] Port "LARc_q1[12]" does not have an associated HD.PARTPIN_LOCS, which will prevent the partial routing of the signal "LARc_q1[12]". Without this partial route, timing analysis to/from this port will not be accurate, and no routing information for this port can be exported.
WARNING: [Route 35-198] Port "LARc_q1[11]" does not have an associated HD.PARTPIN_LOCS, which will prevent the partial routing of the signal "LARc_q1[11]". Without this partial route, timing analysis to/from this port will not be accurate, and no routing information for this port can be exported.
WARNING: [Route 35-198] Port "LARc_q1[10]" does not have an associated HD.PARTPIN_LOCS, which will prevent the partial routing of the signal "LARc_q1[10]". Without this partial route, timing analysis to/from this port will not be accurate, and no routing information for this port can be exported.
WARNING: [Route 35-198] Port "LARc_q1[9]" does not have an associated HD.PARTPIN_LOCS, which will prevent the partial routing of the signal "LARc_q1[9]". Without this partial route, timing analysis to/from this port will not be accurate, and no routing information for this port can be exported.
WARNING: [Route 35-198] Port "LARc_q1[8]" does not have an associated HD.PARTPIN_LOCS, which will prevent the partial routing of the signal "LARc_q1[8]". Without this partial route, timing analysis to/from this port will not be accurate, and no routing information for this port can be exported.
WARNING: [Route 35-198] Port "LARc_q1[7]" does not have an associated HD.PARTPIN_LOCS, which will prevent the partial routing of the signal "LARc_q1[7]". Without this partial route, timing analysis to/from this port will not be accurate, and no routing information for this port can be exported.
WARNING: [Route 35-198] Port "LARc_q1[13]" does not have an associated HD.PARTPIN_LOCS, which will prevent the partial routing of the signal "LARc_q1[13]". Without this partial route, timing analysis to/from this port will not be accurate, and no routing information for this port can be exported.
WARNING: [Route 35-197] Clock port "ap_clk" does not have an associated HD.CLK_SRC. Without this constraint, timing analysis may not be accurate and upstream checks cannot be done to ensure correct clock placement.
WARNING: [Route 35-198] Port "LARc_q0[14]" does not have an associated HD.PARTPIN_LOCS, which will prevent the partial routing of the signal "LARc_q0[14]". Without this partial route, timing analysis to/from this port will not be accurate, and no routing information for this port can be exported.
WARNING: [Route 35-198] Port "LARc_q0[13]" does not have an associated HD.PARTPIN_LOCS, which will prevent the partial routing of the signal "LARc_q0[13]". Without this partial route, timing analysis to/from this port will not be accurate, and no routing information for this port can be exported.
WARNING: [Route 35-198] Port "LARc_q0[12]" does not have an associated HD.PARTPIN_LOCS, which will prevent the partial routing of the signal "LARc_q0[12]". Without this partial route, timing analysis to/from this port will not be accurate, and no routing information for this port can be exported.
WARNING: [Route 35-198] Port "LARc_q0[15]" does not have an associated HD.PARTPIN_LOCS, which will prevent the partial routing of the signal "LARc_q0[15]". Without this partial route, timing analysis to/from this port will not be accurate, and no routing information for this port can be exported.
WARNING: [Route 35-198] Port "LARc_q0[11]" does not have an associated HD.PARTPIN_LOCS, which will prevent the partial routing of the signal "LARc_q0[11]". Without this partial route, timing analysis to/from this port will not be accurate, and no routing information for this port can be exported.
WARNING: [Route 35-198] Port "LARc_q1[6]" does not have an associated HD.PARTPIN_LOCS, which will prevent the partial routing of the signal "LARc_q1[6]". Without this partial route, timing analysis to/from this port will not be accurate, and no routing information for this port can be exported.
WARNING: [Route 35-198] Port "LARc_q1[5]" does not have an associated HD.PARTPIN_LOCS, which will prevent the partial routing of the signal "LARc_q1[5]". Without this partial route, timing analysis to/from this port will not be accurate, and no routing information for this port can be exported.
WARNING: [Route 35-198] Port "LARc_q1[4]" does not have an associated HD.PARTPIN_LOCS, which will prevent the partial routing of the signal "LARc_q1[4]". Without this partial route, timing analysis to/from this port will not be accurate, and no routing information for this port can be exported.
WARNING: [Route 35-198] Port "LARc_q1[3]" does not have an associated HD.PARTPIN_LOCS, which will prevent the partial routing of the signal "LARc_q1[3]". Without this partial route, timing analysis to/from this port will not be accurate, and no routing information for this port can be exported.
WARNING: [Route 35-198] Port "LARc_q1[2]" does not have an associated HD.PARTPIN_LOCS, which will prevent the partial routing of the signal "LARc_q1[2]". Without this partial route, timing analysis to/from this port will not be accurate, and no routing information for this port can be exported.
WARNING: [Route 35-198] Port "LARc_q1[1]" does not have an associated HD.PARTPIN_LOCS, which will prevent the partial routing of the signal "LARc_q1[1]". Without this partial route, timing analysis to/from this port will not be accurate, and no routing information for this port can be exported.
WARNING: [Route 35-198] Port "LARc_q1[0]" does not have an associated HD.PARTPIN_LOCS, which will prevent the partial routing of the signal "LARc_q1[0]". Without this partial route, timing analysis to/from this port will not be accurate, and no routing information for this port can be exported.
WARNING: [Route 35-198] Port "LARc_q0[10]" does not have an associated HD.PARTPIN_LOCS, which will prevent the partial routing of the signal "LARc_q0[10]". Without this partial route, timing analysis to/from this port will not be accurate, and no routing information for this port can be exported.
WARNING: [Route 35-198] Port "LARc_q0[9]" does not have an associated HD.PARTPIN_LOCS, which will prevent the partial routing of the signal "LARc_q0[9]". Without this partial route, timing analysis to/from this port will not be accurate, and no routing information for this port can be exported.
WARNING: [Route 35-198] Port "LARc_q0[8]" does not have an associated HD.PARTPIN_LOCS, which will prevent the partial routing of the signal "LARc_q0[8]". Without this partial route, timing analysis to/from this port will not be accurate, and no routing information for this port can be exported.
WARNING: [Route 35-198] Port "LARc_q0[7]" does not have an associated HD.PARTPIN_LOCS, which will prevent the partial routing of the signal "LARc_q0[7]". Without this partial route, timing analysis to/from this port will not be accurate, and no routing information for this port can be exported.
WARNING: [Route 35-198] Port "LARc_q0[6]" does not have an associated HD.PARTPIN_LOCS, which will prevent the partial routing of the signal "LARc_q0[6]". Without this partial route, timing analysis to/from this port will not be accurate, and no routing information for this port can be exported.
WARNING: [Route 35-198] Port "LARc_q0[5]" does not have an associated HD.PARTPIN_LOCS, which will prevent the partial routing of the signal "LARc_q0[5]". Without this partial route, timing analysis to/from this port will not be accurate, and no routing information for this port can be exported.
WARNING: [Route 35-198] Port "LARc_q0[4]" does not have an associated HD.PARTPIN_LOCS, which will prevent the partial routing of the signal "LARc_q0[4]". Without this partial route, timing analysis to/from this port will not be accurate, and no routing information for this port can be exported.
WARNING: [Route 35-198] Port "LARc_q0[3]" does not have an associated HD.PARTPIN_LOCS, which will prevent the partial routing of the signal "LARc_q0[3]". Without this partial route, timing analysis to/from this port will not be accurate, and no routing information for this port can be exported.
WARNING: [Route 35-198] Port "LARc_q0[2]" does not have an associated HD.PARTPIN_LOCS, which will prevent the partial routing of the signal "LARc_q0[2]". Without this partial route, timing analysis to/from this port will not be accurate, and no routing information for this port can be exported.
WARNING: [Route 35-198] Port "LARc_q0[1]" does not have an associated HD.PARTPIN_LOCS, which will prevent the partial routing of the signal "LARc_q0[1]". Without this partial route, timing analysis to/from this port will not be accurate, and no routing information for this port can be exported.
WARNING: [Route 35-198] Port "LARc_q0[0]" does not have an associated HD.PARTPIN_LOCS, which will prevent the partial routing of the signal "LARc_q0[0]". Without this partial route, timing analysis to/from this port will not be accurate, and no routing information for this port can be exported.
WARNING: [Route 35-198] Port "ap_rst" does not have an associated HD.PARTPIN_LOCS, which will prevent the partial routing of the signal "ap_rst". Without this partial route, timing analysis to/from this port will not be accurate, and no routing information for this port can be exported.
WARNING: [Route 35-198] Port "ap_ctrl_start" does not have an associated HD.PARTPIN_LOCS, which will prevent the partial routing of the signal "ap_ctrl_start". Without this partial route, timing analysis to/from this port will not be accurate, and no routing information for this port can be exported.
WARNING: [Route 35-198] Port "indata_q1[1]" does not have an associated HD.PARTPIN_LOCS, which will prevent the partial routing of the signal "indata_q1[1]". Without this partial route, timing analysis to/from this port will not be accurate, and no routing information for this port can be exported.
WARNING: [Route 35-198] Port "indata_q1[0]" does not have an associated HD.PARTPIN_LOCS, which will prevent the partial routing of the signal "indata_q1[0]". Without this partial route, timing analysis to/from this port will not be accurate, and no routing information for this port can be exported.
WARNING: [Route 35-198] Port "indata_q1[2]" does not have an associated HD.PARTPIN_LOCS, which will prevent the partial routing of the signal "indata_q1[2]". Without this partial route, timing analysis to/from this port will not be accurate, and no routing information for this port can be exported.
WARNING: [Route 35-198] Port "indata_q1[3]" does not have an associated HD.PARTPIN_LOCS, which will prevent the partial routing of the signal "indata_q1[3]". Without this partial route, timing analysis to/from this port will not be accurate, and no routing information for this port can be exported.
WARNING: [Route 35-198] Port "indata_q1[4]" does not have an associated HD.PARTPIN_LOCS, which will prevent the partial routing of the signal "indata_q1[4]". Without this partial route, timing analysis to/from this port will not be accurate, and no routing information for this port can be exported.
WARNING: [Route 35-198] Port "indata_q1[6]" does not have an associated HD.PARTPIN_LOCS, which will prevent the partial routing of the signal "indata_q1[6]". Without this partial route, timing analysis to/from this port will not be accurate, and no routing information for this port can be exported.
WARNING: [Route 35-198] Port "indata_q1[5]" does not have an associated HD.PARTPIN_LOCS, which will prevent the partial routing of the signal "indata_q1[5]". Without this partial route, timing analysis to/from this port will not be accurate, and no routing information for this port can be exported.
WARNING: [Route 35-198] Port "indata_q1[7]" does not have an associated HD.PARTPIN_LOCS, which will prevent the partial routing of the signal "indata_q1[7]". Without this partial route, timing analysis to/from this port will not be accurate, and no routing information for this port can be exported.
WARNING: [Route 35-198] Port "indata_q1[15]" does not have an associated HD.PARTPIN_LOCS, which will prevent the partial routing of the signal "indata_q1[15]". Without this partial route, timing analysis to/from this port will not be accurate, and no routing information for this port can be exported.
WARNING: [Route 35-198] Port "indata_q1[14]" does not have an associated HD.PARTPIN_LOCS, which will prevent the partial routing of the signal "indata_q1[14]". Without this partial route, timing analysis to/from this port will not be accurate, and no routing information for this port can be exported.
WARNING: [Route 35-198] Port "indata_q1[13]" does not have an associated HD.PARTPIN_LOCS, which will prevent the partial routing of the signal "indata_q1[13]". Without this partial route, timing analysis to/from this port will not be accurate, and no routing information for this port can be exported.
WARNING: [Route 35-198] Port "indata_q1[12]" does not have an associated HD.PARTPIN_LOCS, which will prevent the partial routing of the signal "indata_q1[12]". Without this partial route, timing analysis to/from this port will not be accurate, and no routing information for this port can be exported.
WARNING: [Route 35-198] Port "indata_q1[11]" does not have an associated HD.PARTPIN_LOCS, which will prevent the partial routing of the signal "indata_q1[11]". Without this partial route, timing analysis to/from this port will not be accurate, and no routing information for this port can be exported.
WARNING: [Route 35-198] Port "indata_q1[10]" does not have an associated HD.PARTPIN_LOCS, which will prevent the partial routing of the signal "indata_q1[10]". Without this partial route, timing analysis to/from this port will not be accurate, and no routing information for this port can be exported.
WARNING: [Route 35-198] Port "indata_q1[9]" does not have an associated HD.PARTPIN_LOCS, which will prevent the partial routing of the signal "indata_q1[9]". Without this partial route, timing analysis to/from this port will not be accurate, and no routing information for this port can be exported.
WARNING: [Route 35-198] Port "indata_q1[8]" does not have an associated HD.PARTPIN_LOCS, which will prevent the partial routing of the signal "indata_q1[8]". Without this partial route, timing analysis to/from this port will not be accurate, and no routing information for this port can be exported.
WARNING: [Route 35-198] Port "indata_q0[7]" does not have an associated HD.PARTPIN_LOCS, which will prevent the partial routing of the signal "indata_q0[7]". Without this partial route, timing analysis to/from this port will not be accurate, and no routing information for this port can be exported.
WARNING: [Route 35-198] Port "indata_q0[3]" does not have an associated HD.PARTPIN_LOCS, which will prevent the partial routing of the signal "indata_q0[3]". Without this partial route, timing analysis to/from this port will not be accurate, and no routing information for this port can be exported.
WARNING: [Route 35-198] Port "indata_q0[2]" does not have an associated HD.PARTPIN_LOCS, which will prevent the partial routing of the signal "indata_q0[2]". Without this partial route, timing analysis to/from this port will not be accurate, and no routing information for this port can be exported.
WARNING: [Route 35-198] Port "indata_q0[1]" does not have an associated HD.PARTPIN_LOCS, which will prevent the partial routing of the signal "indata_q0[1]". Without this partial route, timing analysis to/from this port will not be accurate, and no routing information for this port can be exported.
WARNING: [Route 35-198] Port "indata_q0[0]" does not have an associated HD.PARTPIN_LOCS, which will prevent the partial routing of the signal "indata_q0[0]". Without this partial route, timing analysis to/from this port will not be accurate, and no routing information for this port can be exported.
WARNING: [Route 35-198] Port "indata_q0[15]" does not have an associated HD.PARTPIN_LOCS, which will prevent the partial routing of the signal "indata_q0[15]". Without this partial route, timing analysis to/from this port will not be accurate, and no routing information for this port can be exported.
WARNING: [Route 35-198] Port "indata_q0[14]" does not have an associated HD.PARTPIN_LOCS, which will prevent the partial routing of the signal "indata_q0[14]". Without this partial route, timing analysis to/from this port will not be accurate, and no routing information for this port can be exported.
WARNING: [Route 35-198] Port "indata_q0[12]" does not have an associated HD.PARTPIN_LOCS, which will prevent the partial routing of the signal "indata_q0[12]". Without this partial route, timing analysis to/from this port will not be accurate, and no routing information for this port can be exported.
WARNING: [Route 35-198] Port "indata_q0[11]" does not have an associated HD.PARTPIN_LOCS, which will prevent the partial routing of the signal "indata_q0[11]". Without this partial route, timing analysis to/from this port will not be accurate, and no routing information for this port can be exported.
WARNING: [Route 35-198] Port "indata_q0[10]" does not have an associated HD.PARTPIN_LOCS, which will prevent the partial routing of the signal "indata_q0[10]". Without this partial route, timing analysis to/from this port will not be accurate, and no routing information for this port can be exported.
WARNING: [Route 35-198] Port "indata_q0[9]" does not have an associated HD.PARTPIN_LOCS, which will prevent the partial routing of the signal "indata_q0[9]". Without this partial route, timing analysis to/from this port will not be accurate, and no routing information for this port can be exported.
WARNING: [Route 35-198] Port "indata_q0[8]" does not have an associated HD.PARTPIN_LOCS, which will prevent the partial routing of the signal "indata_q0[8]". Without this partial route, timing analysis to/from this port will not be accurate, and no routing information for this port can be exported.
WARNING: [Route 35-198] Port "indata_q0[13]" does not have an associated HD.PARTPIN_LOCS, which will prevent the partial routing of the signal "indata_q0[13]". Without this partial route, timing analysis to/from this port will not be accurate, and no routing information for this port can be exported.
WARNING: [Route 35-198] Port "indata_q0[6]" does not have an associated HD.PARTPIN_LOCS, which will prevent the partial routing of the signal "indata_q0[6]". Without this partial route, timing analysis to/from this port will not be accurate, and no routing information for this port can be exported.
WARNING: [Route 35-198] Port "indata_q0[5]" does not have an associated HD.PARTPIN_LOCS, which will prevent the partial routing of the signal "indata_q0[5]". Without this partial route, timing analysis to/from this port will not be accurate, and no routing information for this port can be exported.
WARNING: [Route 35-198] Port "indata_q0[4]" does not have an associated HD.PARTPIN_LOCS, which will prevent the partial routing of the signal "indata_q0[4]". Without this partial route, timing analysis to/from this port will not be accurate, and no routing information for this port can be exported.
Post Restoration Checksum: NetGraph: 2cd063bf | NumContArr: 3cf6ce7e | Constraints: c2a8fa9d | Timing: c2a8fa9d
Phase 1 Build RT Design | Checksum: 1ef192777

Time (s): cpu = 00:00:11 ; elapsed = 00:00:08 . Memory (MB): peak = 5714.570 ; gain = 0.000 ; free physical = 1517 ; free virtual = 10718

Phase 2 Router Initialization

Phase 2.1 Fix Topology Constraints
Phase 2.1 Fix Topology Constraints | Checksum: 1ef192777

Time (s): cpu = 00:00:11 ; elapsed = 00:00:08 . Memory (MB): peak = 5714.570 ; gain = 0.000 ; free physical = 1524 ; free virtual = 10725

Phase 2.2 Pre Route Cleanup
Phase 2.2 Pre Route Cleanup | Checksum: 1ef192777

Time (s): cpu = 00:00:11 ; elapsed = 00:00:08 . Memory (MB): peak = 5714.570 ; gain = 0.000 ; free physical = 1524 ; free virtual = 10725

Phase 2.3 Global Clock Net Routing
Phase 2.3 Global Clock Net Routing | Checksum: 1ef192777

Time (s): cpu = 00:00:17 ; elapsed = 00:00:09 . Memory (MB): peak = 5839.562 ; gain = 124.992 ; free physical = 1367 ; free virtual = 10568

Phase 2.4 Update Timing
Phase 2.4 Update Timing | Checksum: 215ed5d2f

Time (s): cpu = 00:00:19 ; elapsed = 00:00:09 . Memory (MB): peak = 5839.562 ; gain = 124.992 ; free physical = 1367 ; free virtual = 10568
INFO: [Route 35-416] Intermediate Timing Summary | WNS=4.318  | TNS=0.000  | WHS=0.019  | THS=0.000  |


Router Utilization Summary
  Global Vertical Routing Utilization    = 0 %
  Global Horizontal Routing Utilization  = 0 %
  Routable Net Status*
  *Does not include unroutable nets such as driverless and loadless.
  Run report_route_status for detailed report.
  Number of Failed Nets               = 5013
    (Failed Nets is the sum of unrouted and partially routed nets)
  Number of Unrouted Nets             = 3884
  Number of Partially Routed Nets     = 1129
  Number of Node Overlaps             = 0

Phase 2 Router Initialization | Checksum: 1a5a1acdc

Time (s): cpu = 00:00:29 ; elapsed = 00:00:12 . Memory (MB): peak = 5861.992 ; gain = 147.422 ; free physical = 1352 ; free virtual = 10553

Phase 3 Initial Routing

Phase 3.1 Global Routing
Phase 3.1 Global Routing | Checksum: 1a5a1acdc

Time (s): cpu = 00:00:29 ; elapsed = 00:00:12 . Memory (MB): peak = 5861.992 ; gain = 147.422 ; free physical = 1352 ; free virtual = 10553

Phase 3.2 Initial Net Routing
Phase 3.2 Initial Net Routing | Checksum: 1892a03e8

Time (s): cpu = 00:00:34 ; elapsed = 00:00:13 . Memory (MB): peak = 5861.992 ; gain = 147.422 ; free physical = 1357 ; free virtual = 10558
Phase 3 Initial Routing | Checksum: 215dce850

Time (s): cpu = 00:00:35 ; elapsed = 00:00:13 . Memory (MB): peak = 5861.992 ; gain = 147.422 ; free physical = 1357 ; free virtual = 10558

Phase 4 Rip-up And Reroute

Phase 4.1 Global Iteration 0
 Number of Nodes with overlaps = 1110
 Number of Nodes with overlaps = 127
 Number of Nodes with overlaps = 21
 Number of Nodes with overlaps = 6
 Number of Nodes with overlaps = 3
 Number of Nodes with overlaps = 1
 Number of Nodes with overlaps = 1
 Number of Nodes with overlaps = 1
 Number of Nodes with overlaps = 0
INFO: [Route 35-416] Intermediate Timing Summary | WNS=3.428  | TNS=0.000  | WHS=0.039  | THS=0.000  |

Phase 4.1 Global Iteration 0 | Checksum: 258002328

Time (s): cpu = 00:01:00 ; elapsed = 00:00:30 . Memory (MB): peak = 5861.992 ; gain = 147.422 ; free physical = 1347 ; free virtual = 10548

Phase 4.2 Additional Iteration for Hold
Phase 4.2 Additional Iteration for Hold | Checksum: 25e0da2a2

Time (s): cpu = 00:01:00 ; elapsed = 00:00:31 . Memory (MB): peak = 5861.992 ; gain = 147.422 ; free physical = 1347 ; free virtual = 10548
Phase 4 Rip-up And Reroute | Checksum: 25e0da2a2

Time (s): cpu = 00:01:00 ; elapsed = 00:00:31 . Memory (MB): peak = 5861.992 ; gain = 147.422 ; free physical = 1347 ; free virtual = 10548

Phase 5 Delay and Skew Optimization

Phase 5.1 Delay CleanUp
Phase 5.1 Delay CleanUp | Checksum: 25e0da2a2

Time (s): cpu = 00:01:00 ; elapsed = 00:00:31 . Memory (MB): peak = 5861.992 ; gain = 147.422 ; free physical = 1347 ; free virtual = 10548

Phase 5.2 Clock Skew Optimization
Phase 5.2 Clock Skew Optimization | Checksum: 25e0da2a2

Time (s): cpu = 00:01:00 ; elapsed = 00:00:31 . Memory (MB): peak = 5861.992 ; gain = 147.422 ; free physical = 1347 ; free virtual = 10548
Phase 5 Delay and Skew Optimization | Checksum: 25e0da2a2

Time (s): cpu = 00:01:00 ; elapsed = 00:00:31 . Memory (MB): peak = 5861.992 ; gain = 147.422 ; free physical = 1347 ; free virtual = 10548

Phase 6 Post Hold Fix

Phase 6.1 Hold Fix Iter

Phase 6.1.1 Update Timing
Phase 6.1.1 Update Timing | Checksum: 209dbaa7a

Time (s): cpu = 00:01:01 ; elapsed = 00:00:31 . Memory (MB): peak = 5861.992 ; gain = 147.422 ; free physical = 1347 ; free virtual = 10548
INFO: [Route 35-416] Intermediate Timing Summary | WNS=3.428  | TNS=0.000  | WHS=0.039  | THS=0.000  |

Phase 6.1 Hold Fix Iter | Checksum: 209dbaa7a

Time (s): cpu = 00:01:01 ; elapsed = 00:00:31 . Memory (MB): peak = 5861.992 ; gain = 147.422 ; free physical = 1347 ; free virtual = 10548
Phase 6 Post Hold Fix | Checksum: 209dbaa7a

Time (s): cpu = 00:01:01 ; elapsed = 00:00:31 . Memory (MB): peak = 5861.992 ; gain = 147.422 ; free physical = 1347 ; free virtual = 10548

Phase 7 Route finalize

Router Utilization Summary
  Global Vertical Routing Utilization    = 0.0565628 %
  Global Horizontal Routing Utilization  = 0.0889907 %
  Routable Net Status*
  *Does not include unroutable nets such as driverless and loadless.
  Run report_route_status for detailed report.
  Number of Failed Nets               = 0
    (Failed Nets is the sum of unrouted and partially routed nets)
  Number of Unrouted Nets             = 0
  Number of Partially Routed Nets     = 0
  Number of Node Overlaps             = 0

Phase 7 Route finalize | Checksum: 209dbaa7a

Time (s): cpu = 00:01:03 ; elapsed = 00:00:31 . Memory (MB): peak = 5861.992 ; gain = 147.422 ; free physical = 1347 ; free virtual = 10548

Phase 8 Verifying routed nets

 Verification completed successfully
Phase 8 Verifying routed nets | Checksum: 209dbaa7a

Time (s): cpu = 00:01:03 ; elapsed = 00:00:31 . Memory (MB): peak = 5861.992 ; gain = 147.422 ; free physical = 1347 ; free virtual = 10548

Phase 9 Depositing Routes
Phase 9 Depositing Routes | Checksum: 209dbaa7a

Time (s): cpu = 00:01:03 ; elapsed = 00:00:31 . Memory (MB): peak = 5861.992 ; gain = 147.422 ; free physical = 1347 ; free virtual = 10548

Phase 10 Resolve XTalk
Phase 10 Resolve XTalk | Checksum: 209dbaa7a

Time (s): cpu = 00:01:03 ; elapsed = 00:00:31 . Memory (MB): peak = 5861.992 ; gain = 147.422 ; free physical = 1347 ; free virtual = 10548

Phase 11 Post Router Timing
INFO: [Route 35-57] Estimated Timing Summary | WNS=3.428  | TNS=0.000  | WHS=0.039  | THS=0.000  |

INFO: [Route 35-327] The final timing numbers are based on the router estimated timing analysis. For a complete and accurate timing signoff, please run report_timing_summary.
Phase 11 Post Router Timing | Checksum: 209dbaa7a

Time (s): cpu = 00:01:04 ; elapsed = 00:00:32 . Memory (MB): peak = 5861.992 ; gain = 147.422 ; free physical = 1347 ; free virtual = 10548
INFO: [Route 35-16] Router Completed Successfully

Phase 12 Post-Route Event Processing
Phase 12 Post-Route Event Processing | Checksum: 1ef144ec3

Time (s): cpu = 00:01:04 ; elapsed = 00:00:32 . Memory (MB): peak = 5861.992 ; gain = 147.422 ; free physical = 1347 ; free virtual = 10548
Ending Routing Task | Checksum: 1ef144ec3

Time (s): cpu = 00:01:04 ; elapsed = 00:00:32 . Memory (MB): peak = 5861.992 ; gain = 147.422 ; free physical = 1347 ; free virtual = 10548

Routing Is Done.
INFO: [Common 17-83] Releasing license: Implementation
106 Infos, 68 Warnings, 0 Critical Warnings and 0 Errors encountered.
route_design completed successfully
route_design: Time (s): cpu = 00:01:08 ; elapsed = 00:00:33 . Memory (MB): peak = 5861.992 ; gain = 179.438 ; free physical = 1347 ; free virtual = 10548
INFO: [runtcl-4] Executing : report_drc -file bd_0_wrapper_drc_routed.rpt -pb bd_0_wrapper_drc_routed.pb -rpx bd_0_wrapper_drc_routed.rpx
Command: report_drc -file bd_0_wrapper_drc_routed.rpt -pb bd_0_wrapper_drc_routed.pb -rpx bd_0_wrapper_drc_routed.rpx
INFO: [IP_Flow 19-1839] IP Catalog is up to date.
INFO: [DRC 23-27] Running DRC with 8 threads
INFO: [Vivado_Tcl 2-168] The results of DRC are in file /home/gabriel/Documents/UFRGS/RAISE/AHLS/AHLS/data/anchor_solutions/GSM/solution0/impl/verilog/project.runs/impl_1/bd_0_wrapper_drc_routed.rpt.
report_drc completed successfully
INFO: [runtcl-4] Executing : report_methodology -file bd_0_wrapper_methodology_drc_routed.rpt -pb bd_0_wrapper_methodology_drc_routed.pb -rpx bd_0_wrapper_methodology_drc_routed.rpx
Command: report_methodology -file bd_0_wrapper_methodology_drc_routed.rpt -pb bd_0_wrapper_methodology_drc_routed.pb -rpx bd_0_wrapper_methodology_drc_routed.rpx
INFO: [Timing 38-35] Done setting XDC timing constraints.
WARNING: [Timing 38-242] The property HD.CLK_SRC of clock port "ap_clk" is not set. In out-of-context mode, this prevents timing estimation for clock delay/skew
Resolution: Set the HD.CLK_SRC property of the out-of-context port to the location of the clock buffer instance in the top-level design
INFO: [DRC 23-133] Running Methodology with 8 threads
INFO: [Vivado_Tcl 2-1520] The results of Report Methodology are in file /home/gabriel/Documents/UFRGS/RAISE/AHLS/AHLS/data/anchor_solutions/GSM/solution0/impl/verilog/project.runs/impl_1/bd_0_wrapper_methodology_drc_routed.rpt.
report_methodology completed successfully
INFO: [runtcl-4] Executing : report_power -file bd_0_wrapper_power_routed.rpt -pb bd_0_wrapper_power_summary_routed.pb -rpx bd_0_wrapper_power_routed.rpx
Command: report_power -file bd_0_wrapper_power_routed.rpt -pb bd_0_wrapper_power_summary_routed.pb -rpx bd_0_wrapper_power_routed.rpx
INFO: [Timing 38-35] Done setting XDC timing constraints.
Running Vector-less Activity Propagation...

Finished Running Vector-less Activity Propagation
116 Infos, 69 Warnings, 0 Critical Warnings and 0 Errors encountered.
report_power completed successfully
report_power: Time (s): cpu = 00:00:08 ; elapsed = 00:00:05 . Memory (MB): peak = 5950.035 ; gain = 0.000 ; free physical = 1323 ; free virtual = 10527
INFO: [runtcl-4] Executing : report_route_status -file bd_0_wrapper_route_status.rpt -pb bd_0_wrapper_route_status.pb
INFO: [runtcl-4] Executing : report_timing_summary -max_paths 10 -report_unconstrained -file bd_0_wrapper_timing_summary_routed.rpt -pb bd_0_wrapper_timing_summary_routed.pb -rpx bd_0_wrapper_timing_summary_routed.rpx -warn_on_violation 
INFO: [Timing 38-91] UpdateTimingParams: Speed grade: -2, Temperature grade: E, Delay Type: min_max.
INFO: [Timing 38-191] Multithreading enabled for timing update using a maximum of 8 CPUs
INFO: [runtcl-4] Executing : report_incremental_reuse -file bd_0_wrapper_incremental_reuse_routed.rpt
INFO: [Vivado_Tcl 4-1062] Incremental flow is disabled. No incremental reuse Info to report.
INFO: [runtcl-4] Executing : report_clock_utilization -file bd_0_wrapper_clock_utilization_routed.rpt
report_clock_utilization: Time (s): cpu = 00:00:08 ; elapsed = 00:00:08 . Memory (MB): peak = 5950.035 ; gain = 0.000 ; free physical = 1310 ; free virtual = 10514
INFO: [runtcl-4] Executing : report_bus_skew -warn_on_violation -file bd_0_wrapper_bus_skew_routed.rpt -pb bd_0_wrapper_bus_skew_routed.pb -rpx bd_0_wrapper_bus_skew_routed.rpx
INFO: [Timing 38-91] UpdateTimingParams: Speed grade: -2, Temperature grade: E, Delay Type: min_max.
INFO: [Timing 38-191] Multithreading enabled for timing update using a maximum of 8 CPUs
INFO: [Timing 38-480] Writing timing data to binary archive.
Write ShapeDB Complete: Time (s): cpu = 00:00:00.03 ; elapsed = 00:00:00.01 . Memory (MB): peak = 5950.035 ; gain = 0.000 ; free physical = 1293 ; free virtual = 10498
Wrote PlaceDB: Time (s): cpu = 00:00:00.77 ; elapsed = 00:00:00.23 . Memory (MB): peak = 5950.035 ; gain = 0.000 ; free physical = 1290 ; free virtual = 10505
Wrote PulsedLatchDB: Time (s): cpu = 00:00:00 ; elapsed = 00:00:00 . Memory (MB): peak = 5950.035 ; gain = 0.000 ; free physical = 1290 ; free virtual = 10505
Writing XDEF routing.
Writing XDEF routing logical nets.
Writing XDEF routing special nets.
Wrote RouteStorage: Time (s): cpu = 00:00:00.07 ; elapsed = 00:00:00.07 . Memory (MB): peak = 5950.035 ; gain = 0.000 ; free physical = 1286 ; free virtual = 10502
Wrote Netlist Cache: Time (s): cpu = 00:00:00.01 ; elapsed = 00:00:00.01 . Memory (MB): peak = 5950.035 ; gain = 0.000 ; free physical = 1286 ; free virtual = 10503
Wrote Device Cache: Time (s): cpu = 00:00:00.01 ; elapsed = 00:00:00.01 . Memory (MB): peak = 5950.035 ; gain = 0.000 ; free physical = 1280 ; free virtual = 10499
Write Physdb Complete: Time (s): cpu = 00:00:00.86 ; elapsed = 00:00:00.33 . Memory (MB): peak = 5950.035 ; gain = 0.000 ; free physical = 1280 ; free virtual = 10499
INFO: [Common 17-1381] The checkpoint '/home/gabriel/Documents/UFRGS/RAISE/AHLS/AHLS/data/anchor_solutions/GSM/solution0/impl/verilog/project.runs/impl_1/bd_0_wrapper_routed.dcp' has been generated.
INFO: [Common 17-206] Exiting Vivado at Sun Sep 14 01:41:50 2025...
