

================================================================
== Synthesis Summary Report of 'adpcm_main'
================================================================
+ General Information: 
    * Date:           Sun Sep 14 01:00:58 2025
    * Version:        2023.2 (Build 4023990 on Oct 11 2023)
    * Project:        ADPCM
    * Solution:       solution0 (Vivado IP Flow Target)
    * Product family: virtexuplusHBM
    * Target device:  xcu50-fsvh2104-2-e
    

+ Performance & Resource Estimates: 
    
    PS: '+' for module; 'o' for loop; '*' for dataflow
    +-----------------------+------+------+---------+-----------+----------+---------+------+----------+------+----------+------------+------------+-----+
    |        Modules        | Issue|      | Latency |  Latency  | Iteration|         | Trip |          |      |          |            |            |     |
    |        & Loops        | Type | Slack| (cycles)|    (ns)   |  Latency | Interval| Count| Pipelined| BRAM |    DSP   |     FF     |     LUT    | URAM|
    +-----------------------+------+------+---------+-----------+----------+---------+------+----------+------+----------+------------+------------+-----+
    |+ adpcm_main           |     -|  0.63|    13504|  1.080e+05|         -|    13505|     -|        no|     -|  54 (~0%)|  3025 (~0%)|   9339 (1%)|    -|
    | + reset               |     -|  4.43|       51|    408.000|         -|       51|     -|        no|     -|         -|    20 (~0%)|   155 (~0%)|    -|
    |  o reset_label4       |     -|  5.84|        6|     48.000|         1|        -|     6|        no|     -|         -|           -|           -|    -|
    |  o reset_label5       |     -|  5.84|        6|     48.000|         1|        -|     6|        no|     -|         -|           -|           -|    -|
    |  o reset_label6       |     -|  5.84|       24|    192.000|         1|        -|    24|        no|     -|         -|           -|           -|    -|
    |  o reset_label7       |     -|  5.84|       11|     88.000|         1|        -|    11|        no|     -|         -|           -|           -|    -|
    | o adpcm_main_label12  |     -|  5.84|     8500|  6.800e+04|       170|        -|    50|        no|     -|         -|           -|           -|    -|
    |  + encode             |     -|  0.63|      167|  1.336e+03|         -|      167|     -|        no|     -|  32 (~0%)|  1087 (~0%)|  4114 (~0%)|    -|
    |   + filtez            |     -|  0.63|       13|    104.000|         -|       13|     -|        no|     -|   2 (~0%)|    60 (~0%)|   216 (~0%)|    -|
    |    o filtez_label8    |     -|  5.84|       10|     80.000|         2|        -|     5|        no|     -|         -|           -|           -|    -|
    |   + quantl            |     -|  1.30|       64|    512.000|         -|       64|     -|        no|     -|   1 (~0%)|   106 (~0%)|   239 (~0%)|    -|
    |    o quantl_label9    |     -|  5.84|       61|    488.000|         2|        -|    30|        no|     -|         -|           -|           -|    -|
    |   + upzero            |     -|  1.64|       17|    136.000|         -|       17|     -|        no|     -|   1 (~0%)|    98 (~0%)|   385 (~0%)|    -|
    |    o upzero_label10   |     -|  5.84|       12|     96.000|         2|        -|     6|        no|     -|         -|           -|           -|    -|
    |    o upzero_label11   |     -|  5.84|       12|     96.000|         2|        -|     6|        no|     -|         -|           -|           -|    -|
    |   + upzero            |     -|  1.64|       17|    136.000|         -|       17|     -|        no|     -|   1 (~0%)|    98 (~0%)|   385 (~0%)|    -|
    |    o upzero_label10   |     -|  5.84|       12|     96.000|         2|        -|     6|        no|     -|         -|           -|           -|    -|
    |    o upzero_label11   |     -|  5.84|       12|     96.000|         2|        -|     6|        no|     -|         -|           -|           -|    -|
    |   o encode_label0     |     -|  5.84|       20|    160.000|         2|        -|    10|        no|     -|         -|           -|           -|    -|
    |   o encode_label1     |     -|  5.84|       44|    352.000|         2|        -|    22|        no|     -|         -|           -|           -|    -|
    | o adpcm_main_label13  |     -|  5.84|     4950|  3.960e+04|        99|        -|    50|        no|     -|         -|           -|           -|    -|
    |  + decode             |     -|  0.63|       95|    760.000|         -|       95|     -|        no|     -|  22 (~0%)|   640 (~0%)|  3389 (~0%)|    -|
    |   + filtez            |     -|  0.63|       13|    104.000|         -|       13|     -|        no|     -|   2 (~0%)|    60 (~0%)|   216 (~0%)|    -|
    |    o filtez_label8    |     -|  5.84|       10|     80.000|         2|        -|     5|        no|     -|         -|           -|           -|    -|
    |   + upzero            |     -|  1.64|       17|    136.000|         -|       17|     -|        no|     -|   1 (~0%)|    98 (~0%)|   385 (~0%)|    -|
    |    o upzero_label10   |     -|  5.84|       12|     96.000|         2|        -|     6|        no|     -|         -|           -|           -|    -|
    |    o upzero_label11   |     -|  5.84|       12|     96.000|         2|        -|     6|        no|     -|         -|           -|           -|    -|
    |   o decode_label2     |     -|  5.84|       20|    160.000|         2|        -|    10|        no|     -|         -|           -|           -|    -|
    |   o decode_label3     |     -|  5.84|       20|    160.000|         2|        -|    10|        no|     -|         -|           -|           -|    -|
    +-----------------------+------+------+---------+-----------+----------+---------+------+----------+------+----------+------------+------------+-----+


================================================================
== HW Interfaces
================================================================
* AP_MEMORY
+------------------+-----------+----------+
| Port             | Direction | Bitwidth |
+------------------+-----------+----------+
| decoded_address0 | out       | 7        |
| decoded_address1 | out       | 7        |
| decoded_d0       | out       | 32       |
| decoded_d1       | out       | 32       |
| encoded_address0 | out       | 6        |
| encoded_d0       | out       | 32       |
| encoded_q0       | in        | 32       |
| in_data_address0 | out       | 7        |
| in_data_address1 | out       | 7        |
| in_data_q0       | in        | 32       |
| in_data_q1       | in        | 32       |
+------------------+-----------+----------+

* TOP LEVEL CONTROL
+-----------+------------+-----------------------------------+
| Interface | Type       | Ports                             |
+-----------+------------+-----------------------------------+
| ap_clk    | clock      | ap_clk                            |
| ap_rst    | reset      | ap_rst                            |
| ap_ctrl   | ap_ctrl_hs | ap_done ap_idle ap_ready ap_start |
+-----------+------------+-----------------------------------+


================================================================
== SW I/O Information
================================================================
* Top Function Arguments
+----------+-----------+-------------+
| Argument | Direction | Datatype    |
+----------+-----------+-------------+
| in_data  | in        | int const * |
| encoded  | inout     | int*        |
| decoded  | out       | int*        |
+----------+-----------+-------------+

* SW-to-HW Mapping
+----------+------------------+---------+----------+
| Argument | HW Interface     | HW Type | HW Usage |
+----------+------------------+---------+----------+
| in_data  | in_data_address0 | port    | offset   |
| in_data  | in_data_ce0      | port    |          |
| in_data  | in_data_q0       | port    |          |
| in_data  | in_data_address1 | port    | offset   |
| in_data  | in_data_ce1      | port    |          |
| in_data  | in_data_q1       | port    |          |
| encoded  | encoded_address0 | port    | offset   |
| encoded  | encoded_ce0      | port    |          |
| encoded  | encoded_we0      | port    |          |
| encoded  | encoded_d0       | port    |          |
| encoded  | encoded_q0       | port    |          |
| decoded  | decoded_address0 | port    | offset   |
| decoded  | decoded_ce0      | port    |          |
| decoded  | decoded_we0      | port    |          |
| decoded  | decoded_d0       | port    |          |
| decoded  | decoded_address1 | port    | offset   |
| decoded  | decoded_ce1      | port    |          |
| decoded  | decoded_we1      | port    |          |
| decoded  | decoded_d1       | port    |          |
+----------+------------------+---------+----------+


================================================================
== Bind Op Report
================================================================
+--------------------------------+-----+--------+-------------+-----+--------+---------+
| Name                           | DSP | Pragma | Variable    | Op  | Impl   | Latency |
+--------------------------------+-----+--------+-------------+-----+--------+---------+
| + adpcm_main                   | 54  |        |             |     |        |         |
|   add_ln217_fu_478_p2          |     |        | add_ln217   | add | fabric | 0       |
|   add_ln223_fu_536_p2          |     |        | add_ln223   | add | fabric | 0       |
|  + reset                       | 0   |        |             |     |        |         |
|    add_ln427_fu_518_p2         |     |        | add_ln427   | add | fabric | 0       |
|    add_ln436_fu_551_p2         |     |        | add_ln436   | add | fabric | 0       |
|    add_ln445_fu_584_p2         |     |        | add_ln445   | add | fabric | 0       |
|    add_ln451_fu_614_p2         |     |        | add_ln451   | add | fabric | 0       |
|  + encode                      | 32  |        |             |     |        |         |
|    xa_fu_569_p2                |     |        | xa          | sub | fabric | 0       |
|    mul_32s_7s_39_1_1_U67       | 2   |        | xb          | mul | auto   | 0       |
|    i_11_fu_607_p2              |     |        | i_11        | add | fabric | 0       |
|    add_ln243_fu_616_p2         |     |        | add_ln243   | add | fabric | 0       |
|    add_ln257_fu_628_p2         |     |        | add_ln257   | add | fabric | 0       |
|    mul_15s_32s_47_1_1_U60      | 2   |        | mul_ln257   | mul | auto   | 0       |
|    xa_3_fu_674_p2              |     |        | xa_3        | add | fabric | 0       |
|    mul_15s_32s_47_1_1_U61      | 2   |        | mul_ln258   | mul | auto   | 0       |
|    xb_3_fu_694_p2              |     |        | xb_3        | add | fabric | 0       |
|    i_13_fu_727_p2              |     |        | i_13        | add | fabric | 0       |
|    add_ln243_1_fu_740_p2       |     |        | add_ln243_1 | add | fabric | 0       |
|    add_ln243_2_fu_917_p2       |     |        | add_ln243_2 | add | fabric | 0       |
|    add_ln269_fu_751_p2         |     |        | add_ln269   | add | fabric | 0       |
|    mul_32s_7s_39_1_1_U67       | 2   |        | mul_ln262   | mul | auto   | 0       |
|    sub_ln263_fu_797_p2         |     |        | sub_ln263   | sub | fabric | 0       |
|    xa_4_fu_807_p2              |     |        | xa_4        | add | fabric | 0       |
|    xb_4_fu_812_p2              |     |        | xb_4        | add | fabric | 0       |
|    add_ln278_fu_817_p2         |     |        | add_ln278   | add | fabric | 0       |
|    sub_ln279_fu_833_p2         |     |        | sub_ln279   | sub | fabric | 0       |
|    mul_16s_32s_47_1_1_U62      | 2   |        | mul_ln475   | mul | auto   | 0       |
|    mul_15s_32s_47_1_1_U60      | 2   |        | mul_ln479   | mul | auto   | 0       |
|    grp_fu_509_p2               |     |        | pl_1        | add | fabric | 0       |
|    grp_fu_529_p2               |     |        | add_ln284   | add | fabric | 0       |
|    sub_ln285_fu_931_p2         |     |        | sub_ln285   | sub | fabric | 0       |
|    mul_16s_15ns_31_1_1_U69     | 1   |        | mul_ln287   | mul | auto   | 0       |
|    sub_ln511_fu_1149_p2        |     |        | sub_ln511   | sub | fabric | 0       |
|    add_ln512_fu_1173_p2        |     |        | add_ln512   | add | fabric | 0       |
|    sub_ln525_fu_1486_p2        |     |        | sub_ln525   | sub | fabric | 0       |
|    add_ln290_fu_1248_p2        |     |        | add_ln290   | add | fabric | 0       |
|    mul_32s_32s_64_1_1_U63      | 4   |        | mul_ln570   | mul | auto   | 0       |
|    sub_ln571_fu_1552_p2        |     |        | sub_ln571   | sub | fabric | 0       |
|    mul_32s_32s_64_1_1_U64      | 4   |        | mul_ln574   | mul | auto   | 0       |
|    sub_ln580_fu_1607_p2        |     |        | sub_ln580   | sub | fabric | 0       |
|    sub_ln597_fu_1883_p2        |     |        | sub_ln597   | sub | fabric | 0       |
|    apl1_fu_1910_p2             |     |        | apl1        | add | fabric | 0       |
|    wd3_1_fu_1916_p2            |     |        | wd3_1       | sub | fabric | 0       |
|    apl1_2_fu_1948_p2           |     |        | apl1_2      | sub | fabric | 0       |
|    add_ln294_fu_1253_p2        |     |        | add_ln294   | add | fabric | 0       |
|    mul_16s_32s_47_1_1_U62      | 2   |        | mul_ln475_1 | mul | auto   | 0       |
|    mul_15s_32s_47_1_1_U60      | 2   |        | mul_ln479_1 | mul | auto   | 0       |
|    grp_fu_509_p2               |     |        | pl_3        | add | fabric | 0       |
|    grp_fu_529_p2               |     |        | add_ln303   | add | fabric | 0       |
|    sub_ln304_fu_1036_p2        |     |        | sub_ln304   | sub | fabric | 0       |
|    mul_15ns_11ns_25_1_1_U68    | 1   |        | mul_ln310   | mul | auto   | 0       |
|    m_fu_1077_p2                |     |        | m           | sub | fabric | 0       |
|    add_ln314_fu_1281_p2        |     |        | add_ln314   | add | fabric | 0       |
|    mul_14s_15ns_29_1_1_U71     | 1   |        | mul_ln314   | mul | auto   | 0       |
|    sub_ln620_fu_1354_p2        |     |        | sub_ln620   | sub | fabric | 0       |
|    add_ln621_fu_1392_p2        |     |        | add_ln621   | add | fabric | 0       |
|    sub_ln525_1_fu_1661_p2      |     |        | sub_ln525_1 | sub | fabric | 0       |
|    add_ln317_fu_1467_p2        |     |        | add_ln317   | add | fabric | 0       |
|    mul_32s_32s_64_1_1_U65      | 4   |        | mul_ln570_1 | mul | auto   | 0       |
|    sub_ln571_1_fu_1727_p2      |     |        | sub_ln571_1 | sub | fabric | 0       |
|    mul_32s_32s_64_1_1_U66      | 4   |        | mul_ln574_1 | mul | auto   | 0       |
|    sub_ln580_1_fu_1782_p2      |     |        | sub_ln580_1 | sub | fabric | 0       |
|    sub_ln597_1_fu_2028_p2      |     |        | sub_ln597_1 | sub | fabric | 0       |
|    apl1_4_fu_2055_p2           |     |        | apl1_4      | add | fabric | 0       |
|    wd3_3_fu_2061_p2            |     |        | wd3_3       | sub | fabric | 0       |
|    apl1_6_fu_2093_p2           |     |        | apl1_6      | sub | fabric | 0       |
|    add_ln321_fu_1472_p2        |     |        | add_ln321   | add | fabric | 0       |
|   + filtez (grp_filtez_fu_430) | 2   |        |             |     |        |         |
|     mul_16s_32s_48_1_1_U44     | 2   |        | zl          | mul | auto   | 0       |
|     mul_16s_32s_48_1_1_U44     | 2   |        | mul_ln466   | mul | auto   | 0       |
|     zl_2_fu_188_p2             |     |        | zl_2        | add | fabric | 0       |
|     i_fu_142_p2                |     |        | i           | add | fabric | 0       |
|     add_ln464_fu_148_p2        |     |        | add_ln464   | add | fabric | 0       |
|   + quantl                     | 1   |        |             |     |        |         |
|     m_fu_122_p2                |     |        | m           | sub | fabric | 0       |
|     add_ln493_fu_154_p2        |     |        | add_ln493   | add | fabric | 0       |
|     mul_15ns_15ns_30_1_1_U48   | 1   |        | mul_ln495   | mul | auto   | 0       |
|   + upzero (grp_upzero_fu_452) | 1   |        |             |     |        |         |
|     grp_fu_174_p2              |     |        | add_ln543   | add | fabric | 0       |
|     mul_16s_16s_32_1_1_U55     | 1   |        | mul_ln545   | mul | auto   | 0       |
|     sub_ln549_fu_268_p2        |     |        | sub_ln549   | sub | fabric | 0       |
|     add_ln550_fu_284_p2        |     |        | add_ln550   | add | fabric | 0       |
|     grp_fu_174_p2              |     |        | add_ln537   | add | fabric | 0       |
|     sub_ln539_fu_303_p2        |     |        | sub_ln539   | sub | fabric | 0       |
|   + upzero (grp_upzero_fu_461) | 1   |        |             |     |        |         |
|     grp_fu_174_p2              |     |        | add_ln543   | add | fabric | 0       |
|     mul_16s_16s_32_1_1_U55     | 1   |        | mul_ln545   | mul | auto   | 0       |
|     sub_ln549_fu_268_p2        |     |        | sub_ln549   | sub | fabric | 0       |
|     add_ln550_fu_284_p2        |     |        | add_ln550   | add | fabric | 0       |
|     grp_fu_174_p2              |     |        | add_ln537   | add | fabric | 0       |
|     sub_ln539_fu_303_p2        |     |        | sub_ln539   | sub | fabric | 0       |
|  + decode                      | 22  |        |             |     |        |         |
|    mul_16s_32s_47_1_1_U112     | 2   |        | mul_ln475   | mul | auto   | 0       |
|    mul_15s_32s_47_1_1_U110     | 2   |        | mul_ln479   | mul | auto   | 0       |
|    grp_fu_479_p2               |     |        | pl_4        | add | fabric | 0       |
|    add_ln344_fu_930_p2         |     |        | add_ln344   | add | fabric | 0       |
|    mul_16s_15ns_31_1_1_U116    | 1   |        | mul_ln345   | mul | auto   | 0       |
|    mul_16s_15ns_31_1_1_U117    | 1   |        | mul_ln346   | mul | auto   | 0       |
|    add_ln347_fu_1197_p2        |     |        | add_ln347   | add | fabric | 0       |
|    sub_ln511_fu_643_p2         |     |        | sub_ln511   | sub | fabric | 0       |
|    add_ln512_fu_667_p2         |     |        | add_ln512   | add | fabric | 0       |
|    sub_ln525_fu_943_p2         |     |        | sub_ln525   | sub | fabric | 0       |
|    add_ln350_fu_972_p2         |     |        | add_ln350   | add | fabric | 0       |
|    mul_32s_32s_64_1_1_U113     | 4   |        | mul_ln570   | mul | auto   | 0       |
|    sub_ln571_fu_1009_p2        |     |        | sub_ln571   | sub | fabric | 0       |
|    mul_32s_32s_64_1_1_U114     | 4   |        | mul_ln574   | mul | auto   | 0       |
|    sub_ln580_fu_1068_p2        |     |        | sub_ln580   | sub | fabric | 0       |
|    sub_ln597_fu_1249_p2        |     |        | sub_ln597   | sub | fabric | 0       |
|    apl1_fu_1276_p2             |     |        | apl1        | add | fabric | 0       |
|    wd3_4_fu_1282_p2            |     |        | wd3_4       | sub | fabric | 0       |
|    apl1_9_fu_1314_p2           |     |        | apl1_9      | sub | fabric | 0       |
|    add_ln354_fu_1344_p2        |     |        | add_ln354   | add | fabric | 0       |
|    mul_16s_32s_47_1_1_U112     | 2   |        | mul_ln475_2 | mul | auto   | 0       |
|    mul_15s_32s_47_1_1_U110     | 2   |        | mul_ln479_2 | mul | auto   | 0       |
|    grp_fu_479_p2               |     |        | pl_6        | add | fabric | 0       |
|    mul_14s_15ns_29_1_1_U120    | 1   |        | mul_ln364   | mul | auto   | 0       |
|    sub_ln620_fu_762_p2         |     |        | sub_ln620   | sub | fabric | 0       |
|    add_ln621_fu_799_p2         |     |        | add_ln621   | add | fabric | 0       |
|    sub_ln525_2_fu_1159_p2      |     |        | sub_ln525_2 | sub | fabric | 0       |
|    add_ln367_fu_1418_p2        |     |        | add_ln367   | add | fabric | 0       |
|    mul_32s_32s_64_1_1_U113     | 4   |        | mul_ln570_2 | mul | auto   | 0       |
|    sub_ln571_2_fu_1455_p2      |     |        | sub_ln571_2 | sub | fabric | 0       |
|    mul_32s_32s_64_1_1_U114     | 4   |        | mul_ln574_2 | mul | auto   | 0       |
|    sub_ln580_2_fu_1514_p2      |     |        | sub_ln580_2 | sub | fabric | 0       |
|    sub_ln597_2_fu_1630_p2      |     |        | sub_ln597_2 | sub | fabric | 0       |
|    apl1_11_fu_1657_p2          |     |        | apl1_11     | add | fabric | 0       |
|    wd3_6_fu_1663_p2            |     |        | wd3_6       | sub | fabric | 0       |
|    apl1_13_fu_1695_p2          |     |        | apl1_13     | sub | fabric | 0       |
|    add_ln371_fu_1546_p2        |     |        | add_ln371   | add | fabric | 0       |
|    sub_ln378_fu_1725_p2        |     |        | sub_ln378   | sub | fabric | 0       |
|    add_ln379_fu_1729_p2        |     |        | add_ln379   | add | fabric | 0       |
|    xa1_fu_1757_p2              |     |        | xa1         | sub | fabric | 0       |
|    mul_32s_7s_39_1_1_U115      | 2   |        | xa2         | mul | auto   | 0       |
|    i_15_fu_1795_p2             |     |        | i_15        | add | fabric | 0       |
|    add_ln335_fu_1810_p2        |     |        | add_ln335   | add | fabric | 0       |
|    add_ln391_fu_1821_p2        |     |        | add_ln391   | add | fabric | 0       |
|    mul_15s_32s_47_1_1_U110     | 2   |        | mul_ln391   | mul | auto   | 0       |
|    xa1_5_fu_1866_p2            |     |        | xa1_5       | add | fabric | 0       |
|    mul_15s_32s_47_1_1_U111     | 2   |        | mul_ln392   | mul | auto   | 0       |
|    xa2_5_fu_1886_p2            |     |        | xa2_5       | add | fabric | 0       |
|    mul_32s_7s_39_1_1_U115      | 2   |        | mul_ln395   | mul | auto   | 0       |
|    xa1_4_fu_1919_p2            |     |        | xa1_4       | add | fabric | 0       |
|    sub_ln396_fu_1949_p2        |     |        | sub_ln396   | sub | fabric | 0       |
|    xa2_4_fu_1959_p2            |     |        | xa2_4       | add | fabric | 0       |
|    i_17_fu_2006_p2             |     |        | i_17        | add | fabric | 0       |
|    add_ln335_1_fu_2047_p2      |     |        | add_ln335_1 | add | fabric | 0       |
|    add_ln335_2_fu_2019_p2      |     |        | add_ln335_2 | add | fabric | 0       |
|    add_ln405_fu_2031_p2        |     |        | add_ln405   | add | fabric | 0       |
|   + filtez (grp_filtez_fu_433) | 2   |        |             |     |        |         |
|     mul_16s_32s_48_1_1_U44     | 2   |        | zl          | mul | auto   | 0       |
|     mul_16s_32s_48_1_1_U44     | 2   |        | mul_ln466   | mul | auto   | 0       |
|     zl_2_fu_188_p2             |     |        | zl_2        | add | fabric | 0       |
|     i_fu_142_p2                |     |        | i           | add | fabric | 0       |
|     add_ln464_fu_148_p2        |     |        | add_ln464   | add | fabric | 0       |
|   + upzero (grp_upzero_fu_443) | 1   |        |             |     |        |         |
|     grp_fu_174_p2              |     |        | add_ln543   | add | fabric | 0       |
|     mul_16s_16s_32_1_1_U55     | 1   |        | mul_ln545   | mul | auto   | 0       |
|     sub_ln549_fu_268_p2        |     |        | sub_ln549   | sub | fabric | 0       |
|     add_ln550_fu_284_p2        |     |        | add_ln550   | add | fabric | 0       |
|     grp_fu_174_p2              |     |        | add_ln537   | add | fabric | 0       |
|     sub_ln539_fu_303_p2        |     |        | sub_ln539   | sub | fabric | 0       |
+--------------------------------+-----+--------+-------------+-----+--------+---------+


================================================================
== Storage Report
================================================================
+----------------------+---------+------+------+------+--------+-----------------+------+---------+------------------+
| Name                 | Usage   | Type | BRAM | URAM | Pragma | Variable        | Impl | Latency | Bitwidth, Depth, |
|                      |         |      |      |      |        |                 |      |         | Banks            |
+----------------------+---------+------+------+------+--------+-----------------+------+---------+------------------+
| + adpcm_main         |         |      | 0    | 0    |        |                 |      |         |                  |
|   delay_dltx_U       | ram_t2p |      |      |      |        | delay_dltx      | auto | 1       | 16, 6, 1         |
|   delay_dhx_U        | ram_t2p |      |      |      |        | delay_dhx       | auto | 1       | 16, 6, 1         |
|   dec_del_dltx_U     | ram_t2p |      |      |      |        | dec_del_dltx    | auto | 1       | 16, 6, 1         |
|   dec_del_dhx_U      | ram_t2p |      |      |      |        | dec_del_dhx     | auto | 1       | 16, 6, 1         |
|   delay_bpl_U        | ram_1p  |      |      |      |        | delay_bpl       | auto | 1       | 32, 6, 1         |
|   delay_bph_U        | ram_1p  |      |      |      |        | delay_bph       | auto | 1       | 32, 6, 1         |
|   dec_del_bpl_U      | ram_1p  |      |      |      |        | dec_del_bpl     | auto | 1       | 32, 6, 1         |
|   dec_del_bph_U      | ram_1p  |      |      |      |        | dec_del_bph     | auto | 1       | 32, 6, 1         |
|   tqmf_U             | ram_t2p |      |      |      |        | tqmf            | auto | 1       | 32, 24, 1        |
|   accumc_U           | ram_1p  |      |      |      |        | accumc          | auto | 1       | 32, 11, 1        |
|   accumd_U           | ram_1p  |      |      |      |        | accumd          | auto | 1       | 32, 11, 1        |
|   h_U                | rom_2p  |      |      |      |        | h               | auto | 1       | 15, 24, 1        |
|   qq4_code4_table_U  | rom_1p  |      |      |      |        | qq4_code4_table | auto | 1       | 16, 16, 1        |
|   wl_code_table_U    | rom_1p  |      |      |      |        | wl_code_table   | auto | 1       | 13, 16, 1        |
|   ilb_table_U        | rom_2p  |      |      |      |        | ilb_table       | auto | 1       | 12, 32, 1        |
|  + encode            |         |      | 0    | 0    |        |                 |      |         |                  |
|   + quantl           |         |      | 0    | 0    |        |                 |      |         |                  |
|     decis_levl_U     | rom_1p  |      |      |      |        | decis_levl      | auto | 1       | 15, 30, 1        |
|     quant26bt_pos_U  | rom_1p  |      |      |      |        | quant26bt_pos   | auto | 1       | 6, 31, 1         |
|     quant26bt_neg_U  | rom_1p  |      |      |      |        | quant26bt_neg   | auto | 1       | 6, 31, 1         |
|  + decode            |         |      | 0    | 0    |        |                 |      |         |                  |
|    qq6_code6_table_U | rom_1p  |      |      |      |        | qq6_code6_table | auto | 1       | 16, 64, 1        |
+----------------------+---------+------+------+------+--------+-----------------+------+---------+------------------+


================================================================
== Pragma Report
================================================================
* Valid Pragma Syntax
+----------------+----------------------+-------------------------------------------------+
| Type           | Options              | Location                                        |
+----------------+----------------------+-------------------------------------------------+
| loop_tripcount | min=50 max=50 avg=50 | data/benchmarks/adpcm/adpcm.c:218 in adpcm_main |
| loop_tripcount | min=50 max=50 avg=50 | data/benchmarks/adpcm/adpcm.c:224 in adpcm_main |
| loop_tripcount | min=10 max=10 avg=10 | data/benchmarks/adpcm/adpcm.c:256 in encode     |
| loop_tripcount | min=22 max=22 avg=22 | data/benchmarks/adpcm/adpcm.c:270 in encode     |
| loop_tripcount | min=10 max=10 avg=10 | data/benchmarks/adpcm/adpcm.c:390 in decode     |
| loop_tripcount | min=10 max=10 avg=10 | data/benchmarks/adpcm/adpcm.c:406 in decode     |
| loop_tripcount | min=6 max=6 avg=6    | data/benchmarks/adpcm/adpcm.c:428 in reset      |
| loop_tripcount | min=6 max=6 avg=6    | data/benchmarks/adpcm/adpcm.c:437 in reset      |
| loop_tripcount | min=24 max=24 avg=24 | data/benchmarks/adpcm/adpcm.c:446 in reset      |
| loop_tripcount | min=11 max=11 avg=11 | data/benchmarks/adpcm/adpcm.c:452 in reset      |
| loop_tripcount | min=5 max=5 avg=5    | data/benchmarks/adpcm/adpcm.c:465 in filtez     |
| loop_tripcount | min=30 max=30 avg=30 | data/benchmarks/adpcm/adpcm.c:494 in quantl     |
| loop_tripcount | min=6 max=6 avg=6    | data/benchmarks/adpcm/adpcm.c:538 in upzero     |
| loop_tripcount | min=6 max=6 avg=6    | data/benchmarks/adpcm/adpcm.c:544 in upzero     |
| pipeline       | off=true             | ../anchor_configs/adpcm.tcl:13 in adpcm_main    |
| pipeline       | off=true             | ../anchor_configs/adpcm.tcl:14 in adpcm_main    |
| pipeline       | off=true             | ../anchor_configs/adpcm.tcl:15 in adpcm_main    |
| inline         | off=true             | ../anchor_configs/adpcm.tcl:23 in decode        |
| pipeline       | off=true             | ../anchor_configs/adpcm.tcl:3 in decode         |
| pipeline       | off=true             | ../anchor_configs/adpcm.tcl:4 in decode         |
| pipeline       | off=true             | ../anchor_configs/adpcm.tcl:17 in decode        |
| inline         | off=true             | ../anchor_configs/adpcm.tcl:22 in encode        |
| pipeline       | off=true             | ../anchor_configs/adpcm.tcl:1 in encode         |
| pipeline       | off=true             | ../anchor_configs/adpcm.tcl:2 in encode         |
| pipeline       | off=true             | ../anchor_configs/adpcm.tcl:16 in encode        |
| inline         | off=true             | ../anchor_configs/adpcm.tcl:25 in filtez        |
| pipeline       | off=true             | ../anchor_configs/adpcm.tcl:9 in filtez         |
| pipeline       | off=true             | ../anchor_configs/adpcm.tcl:19 in filtez        |
| inline         | off=true             | ../anchor_configs/adpcm.tcl:26 in quantl        |
| pipeline       | off=true             | ../anchor_configs/adpcm.tcl:10 in quantl        |
| pipeline       | off=true             | ../anchor_configs/adpcm.tcl:20 in quantl        |
| inline         | off=true             | ../anchor_configs/adpcm.tcl:24 in reset         |
| pipeline       | off=true             | ../anchor_configs/adpcm.tcl:5 in reset          |
| pipeline       | off=true             | ../anchor_configs/adpcm.tcl:6 in reset          |
| pipeline       | off=true             | ../anchor_configs/adpcm.tcl:7 in reset          |
| pipeline       | off=true             | ../anchor_configs/adpcm.tcl:8 in reset          |
| pipeline       | off=true             | ../anchor_configs/adpcm.tcl:18 in reset         |
| inline         | off=true             | ../anchor_configs/adpcm.tcl:27 in upzero        |
| pipeline       | off=true             | ../anchor_configs/adpcm.tcl:11 in upzero        |
| pipeline       | off=true             | ../anchor_configs/adpcm.tcl:12 in upzero        |
| pipeline       | off=true             | ../anchor_configs/adpcm.tcl:21 in upzero        |
+----------------+----------------------+-------------------------------------------------+


