================================================================
== Vivado Place & Route Results
================================================================
+ General Information:
    * Date:            Sun Sep 14 02:13:43 -03 2025
    * Version:         2023.2 (Build 4023990 on Oct 11 2023)
    * Project:         TRANS_FFT
    * Solution:        solution0 (Vivado IP Flow Target)
    * Product family:  virtexuplusHBM
    * Target device:   xcu50-fsvh2104-2-e


================================================================
== Run Constraints & Options
================================================================
+ Design Constraints & Options:
    * Place & Route target clock:  8 ns
    * C-Synthesis target clock:    8 ns
    * C-Synthesis uncertainty:     27%

+ RTL Synthesis Options:
    * config_export -vivado_synth_strategy:     default
    * config_export -vivado_synth_design_args:  -directive sdx_optimization_effort_high

+ Place & Route Options:
    * config_export -vivado_impl_strategy:  default
    * config_export -vivado_phys_opt:       none

+ Reporting Options:
    * config_export -vivado_report_level:      2
    * config_export -vivado_max_timing_paths:  10


================================================================
== Place & Route Resource Summary
================================================================
LUT:              27038
FF:               12711
DSP:              308
BRAM:             20
URAM:             0
SRL:              167


================================================================
== Place & Route Timing Summary
================================================================
* Timing was met
+----------------+-------------+
| Timing         | Period (ns) |
+----------------+-------------+
| Target         | 8.000       |
| Post-Synthesis | 6.518       |
| Post-Route     | 7.863       |
+----------------+-------------+


================================================================
== Place & Route Resources
================================================================
+------------------------------------------+-------+-------+-----+------+------+-----+--------+------+---------+----------+--------+
| Name                                     | LUT   | FF    | DSP | BRAM | URAM | SRL | Pragma | Impl | Latency | Variable | Source |
+------------------------------------------+-------+-------+-----+------+------+-----+--------+------+---------+----------+--------+
| inst                                     | 27038 | 12711 | 308 | 20   |      |     |        |      |         |          |        |
|   (inst)                                 | 183   | 3137  |     |      |      |     |        |      |         |          |        |
|   DATA_x_U                               | 928   |       |     | 4    |      |     |        |      |         |          |        |
|   DATA_y_U                               | 974   |       |     | 4    |      |     |        |      |         |          |        |
|   dadddsub_64ns_64ns_64_4_full_dsp_1_U52 | 1484  | 367   | 3   |      |      |     |        |      |         |          |        |
|   dadddsub_64ns_64ns_64_4_full_dsp_1_U53 | 1530  | 367   | 3   |      |      |     |        |      |         |          |        |
|   dadddsub_64ns_64ns_64_4_full_dsp_1_U54 | 1399  | 367   | 3   |      |      |     |        |      |         |          |        |
|   dadddsub_64ns_64ns_64_4_full_dsp_1_U55 | 1373  | 367   | 3   |      |      |     |        |      |         |          |        |
|   dadddsub_64ns_64ns_64_4_full_dsp_1_U56 | 868   | 367   | 3   |      |      |     |        |      |         |          |        |
|   dadddsub_64ns_64ns_64_4_full_dsp_1_U57 | 843   | 366   | 3   |      |      |     |        |      |         |          |        |
|   data_x_U_x                             | 7     |       |     | 4    |      |     |        |      |         |          |        |
|   data_y_U_x                             | 106   |       |     | 4    |      |     |        |      |         |          |        |
|   dmul_64ns_64ns_64_4_max_dsp_1_U60      | 180   | 148   | 8   |      |      |     |        |      |         |          |        |
|   dmul_64ns_64ns_64_4_max_dsp_1_U61      | 210   | 147   | 8   |      |      |     |        |      |         |          |        |
|   dmul_64ns_64ns_64_4_max_dsp_1_U62      | 82    | 147   | 8   |      |      |     |        |      |         |          |        |
|   dmul_64ns_64ns_64_4_max_dsp_1_U63      | 82    | 147   | 8   |      |      |     |        |      |         |          |        |
|   dmul_64ns_64ns_64_4_max_dsp_1_U64      | 62    | 147   | 8   |      |      |     |        |      |         |          |        |
|   dmul_64ns_64ns_64_4_max_dsp_1_U65      | 61    | 147   | 8   |      |      |     |        |      |         |          |        |
|   dsub_64ns_64ns_64_4_full_dsp_1_U58     | 770   | 366   | 3   |      |      |     |        |      |         |          |        |
|   dsub_64ns_64ns_64_4_full_dsp_1_U59     | 804   | 366   | 3   |      |      |     |        |      |         |          |        |
|   grp_twiddles8_fu_1971                  | 14582 | 5758  | 236 |      |      |     |        |      |         |          |        |
|     (grp_twiddles8_fu_1971)              | 44    | 435   |     |      |      |     |        |      |         |          |        |
|     dadd_64ns_64ns_64_4_full_dsp_1_U32   | 724   | 366   | 3   |      |      |     |        |      |         |          |        |
|     ddiv_64ns_64ns_64_14_no_dsp_1_U39    | 3090  | 1088  |     |      |      |     |        |      |         |          |        |
|     dmul_64ns_64ns_64_4_max_dsp_1_U33    | 72    | 189   | 8   |      |      |     |        |      |         |          |        |
|     dmul_64ns_64ns_64_4_max_dsp_1_U34    | 97    | 189   | 8   |      |      |     |        |      |         |          |        |
|     dmul_64ns_64ns_64_4_max_dsp_1_U35    | 100   | 147   | 8   |      |      |     |        |      |         |          |        |
|     dmul_64ns_64ns_64_4_max_dsp_1_U36    | 100   | 147   | 8   |      |      |     |        |      |         |          |        |
|     dmul_64ns_64ns_64_4_max_dsp_1_U37    | 100   | 275   | 8   |      |      |     |        |      |         |          |        |
|     dmul_64ns_64ns_64_4_max_dsp_1_U38    | 100   | 275   | 8   |      |      |     |        |      |         |          |        |
|     dsub_64ns_64ns_64_4_full_dsp_1_U31   | 702   | 366   | 3   |      |      |     |        |      |         |          |        |
|     grp_sin_or_cos_double_s_fu_119       | 4533  | 908   | 91  |      |      |     |        |      |         |          |        |
|       (grp_sin_or_cos_double_s_fu_119)   | 2902  | 455   |     |      |      |     |        |      |         |          |        |
|       fourth_order_double_sin_cos_K0_U   | 226   | 59    |     |      |      |     |        |      |         |          |        |
|       fourth_order_double_sin_cos_K1_U   | 202   | 18    |     |      |      |     |        |      |         |          |        |
|       fourth_order_double_sin_cos_K2_U   | 158   | 26    |     |      |      |     |        |      |         |          |        |
|       fourth_order_double_sin_cos_K3_U   | 126   | 16    |     |      |      |     |        |      |         |          |        |
|       fourth_order_double_sin_cos_K4_U   | 84    | 25    |     |      |      |     |        |      |         |          |        |
|       mul_170s_53ns_170_2_1_U9           | 423   | 86    | 27  |      |      |     |        |      |         |          |        |
|       mul_35ns_25ns_60_1_1_U1            |       |       | 2   |      |      |     |        |      |         |          |        |
|       mul_42ns_33ns_75_1_1_U2            |       |       | 4   |      |      |     |        |      |         |          |        |
|       mul_49ns_44s_93_1_1_U3             |       |       | 6   |      |      |     |        |      |         |          |        |
|       mul_49ns_49ns_98_1_1_U4            | 90    |       | 9   |      |      |     |        |      |         |          |        |
|       mul_49ns_49ns_98_1_1_U5            | 80    |       | 9   |      |      |     |        |      |         |          |        |
|       mul_49ns_49ns_98_1_1_U6            | 80    |       | 9   |      |      |     |        |      |         |          |        |
|       mul_56ns_52s_108_1_1_U7            |       |       | 9   |      |      |     |        |      |         |          |        |
|       mul_64s_63ns_126_1_1_U8            | 171   |       | 16  |      |      |     |        |      |         |          |        |
|       ref_4oPi_table_256_U               | 44    | 223   |     |      |      |     |        |      |         |          |        |
|     grp_sin_or_cos_double_s_fu_138       | 4723  | 1359  | 91  |      |      |     |        |      |         |          |        |
|       (grp_sin_or_cos_double_s_fu_138)   | 3133  | 778   |     |      |      |     |        |      |         |          |        |
|       fourth_order_double_sin_cos_K0_U   | 226   | 59    |     |      |      |     |        |      |         |          |        |
|       fourth_order_double_sin_cos_K1_U   | 201   | 18    |     |      |      |     |        |      |         |          |        |
|       fourth_order_double_sin_cos_K2_U   | 158   | 26    |     |      |      |     |        |      |         |          |        |
|       fourth_order_double_sin_cos_K3_U   | 126   | 16    |     |      |      |     |        |      |         |          |        |
|       fourth_order_double_sin_cos_K4_U   | 84    | 25    |     |      |      |     |        |      |         |          |        |
|       mul_170s_53ns_170_2_1_U9           | 425   | 86    | 27  |      |      |     |        |      |         |          |        |
|       mul_35ns_25ns_60_1_1_U1            |       |       | 2   |      |      |     |        |      |         |          |        |
|       mul_42ns_33ns_75_1_1_U2            |       |       | 4   |      |      |     |        |      |         |          |        |
|       mul_49ns_44s_93_1_1_U3             |       |       | 6   |      |      |     |        |      |         |          |        |
|       mul_49ns_49ns_98_1_1_U4            | 91    |       | 9   |      |      |     |        |      |         |          |        |
|       mul_49ns_49ns_98_1_1_U5            | 80    | 47    | 9   |      |      |     |        |      |         |          |        |
|       mul_49ns_49ns_98_1_1_U6            | 80    | 81    | 9   |      |      |     |        |      |         |          |        |
|       mul_56ns_52s_108_1_1_U7            |       |       | 9   |      |      |     |        |      |         |          |        |
|       mul_64s_63ns_126_1_1_U8            | 171   |       | 16  |      |      |     |        |      |         |          |        |
|       ref_4oPi_table_256_U               | 1     | 223   |     |      |      |     |        |      |         |          |        |
|     sitodp_32ns_64_2_no_dsp_1_U40        | 95    | 5     |     |      |      |     |        |      |         |          |        |
|       (sitodp_32ns_64_2_no_dsp_1_U40)    | 1     | 5     |     |      |      |     |        |      |         |          |        |
|     sitodp_32ns_64_2_no_dsp_1_U41        | 109   | 6     |     |      |      |     |        |      |         |          |        |
|       (sitodp_32ns_64_2_no_dsp_1_U41)    | 3     | 6     |     |      |      |     |        |      |         |          |        |
|     twiddles8_reversed8_U                | 3     | 3     |     |      |      |     |        |      |         |          |        |
|   smem_U                                 | 542   |       |     | 4    |      |     |        |      |         |          |        |
+------------------------------------------+-------+-------+-----+------+------+-----+--------+------+---------+----------+--------+


================================================================
== Place & Route Fail Fast
================================================================
+-----------------------------------------------------------+-----------+--------+--------+
| Criteria                                                  | Guideline | Actual | Status |
+-----------------------------------------------------------+-----------+--------+--------+
| LUT                                                       | 70%       | 3.10%  | OK     |
| FD                                                        | 50%       | 0.73%  | OK     |
| LUTRAM+SRL                                                | 25%       | 0.04%  | OK     |
| CARRY8                                                    | 25%       | 1.01%  | OK     |
| MUXF7                                                     | 15%       | 0.17%  | OK     |
| DSP                                                       | 80%       | 5.17%  | OK     |
| RAMB/FIFO                                                 | 80%       | 0.74%  | OK     |
| URAM                                                      | 80%       | 0.00%  | OK     |
| DSP+RAMB+URAM (Avg)                                       | 70%       | 2.96%  | OK     |
| BUFGCE* + BUFGCTRL                                        | 24        | 0      | OK     |
| DONT_TOUCH (cells/nets)                                   | 0         | 0      | OK     |
| MARK_DEBUG (nets)                                         | 0         | 0      | OK     |
| Control Sets                                              | 16344     | 110    | OK     |
| Average Fanout for modules > 100k cells                   | 4         | 1.13   | OK     |
| Max Average Fanout for modules > 100k cells               | 4         | 0      | OK     |
| Non-FD high fanout nets > 10k loads                       | 0         | 0      | OK     |
+-----------------------------------------------------------+-----------+--------+--------+
| TIMING-6 (No common primary clock between related clocks) | 0         | 0      | OK     |
| TIMING-7 (No common node between related clocks)          | 0         | 0      | OK     |
| TIMING-8 (No common period between related clocks)        | 0         | 0      | OK     |
| TIMING-14 (LUT on the clock tree)                         | 0         | 0      | OK     |
| TIMING-35 (No common node in paths with the same clock)   | 0         | 0      | OK     |
+-----------------------------------------------------------+-----------+--------+--------+
| Number of paths above max LUT budgeting (0.300ns)         | 0         | 0      | OK     |
| Number of paths above max Net budgeting (0.208ns)         | 0         | 0      | OK     |
+-----------------------------------------------------------+-----------+--------+--------+


================================================================
== Place & Route Timing Paths
================================================================
* Timing was met
+-------+-------+-----------------------------------------------------------------------------+-----------------------------------------------------------------------------------------------+--------------+------------+----------------+----------------+--------------+
| Path  | SLACK | STARTPOINT PIN                                                              | ENDPOINT PIN                                                                                  | LOGIC LEVELS | MAX FANOUT | DATAPATH DELAY | DATAPATH LOGIC | DATAPATH NET |
|       |       |                                                                             |                                                                                               |              |            |                |          DELAY |        DELAY |
+-------+-------+-----------------------------------------------------------------------------+-----------------------------------------------------------------------------------------------+--------------+------------+----------------+----------------+--------------+
| Path1 | 0.137 | grp_twiddles8_fu_1971/grp_sin_or_cos_double_s_fu_138/Ex_1_reg_1725_reg[2]/C | grp_twiddles8_fu_1971/grp_sin_or_cos_double_s_fu_138/i___252_psdsp_3/D                        |           22 |         96 |          7.845 |          3.791 |        4.054 |
| Path2 | 0.175 | grp_twiddles8_fu_1971/grp_sin_or_cos_double_s_fu_138/Ex_1_reg_1725_reg[2]/C | grp_twiddles8_fu_1971/grp_sin_or_cos_double_s_fu_138/mul_49ns_49ns_98_1_1_U5/i___21_psdsp_6/D |           22 |         96 |          7.807 |          3.735 |        4.072 |
| Path3 | 0.203 | grp_twiddles8_fu_1971/grp_sin_or_cos_double_s_fu_138/Ex_1_reg_1725_reg[2]/C | grp_twiddles8_fu_1971/grp_sin_or_cos_double_s_fu_138/i___378_psdsp_5/D                        |           22 |         96 |          7.779 |          3.750 |        4.029 |
| Path4 | 0.216 | grp_twiddles8_fu_1971/grp_sin_or_cos_double_s_fu_138/Ex_1_reg_1725_reg[2]/C | grp_twiddles8_fu_1971/grp_sin_or_cos_double_s_fu_138/i___252_psdsp_11/D                       |           21 |         96 |          7.767 |          3.769 |        3.998 |
| Path5 | 0.218 | grp_twiddles8_fu_1971/grp_sin_or_cos_double_s_fu_138/Ex_1_reg_1725_reg[2]/C | grp_twiddles8_fu_1971/grp_sin_or_cos_double_s_fu_138/i___252_psdsp_5/D                        |           22 |         96 |          7.765 |          3.750 |        4.015 |
+-------+-------+-----------------------------------------------------------------------------+-----------------------------------------------------------------------------------------------+--------------+------------+----------------+----------------+--------------+

    +------------------------------------------------------------------------------------------------------------------+------------------------+
    | Path1 Cells                                                                                                      | Primitive Type         |
    +------------------------------------------------------------------------------------------------------------------+------------------------+
    | grp_twiddles8_fu_1971/grp_sin_or_cos_double_s_fu_138/Ex_1_reg_1725_reg[2]                                        | REGISTER.SDR.FDRE      |
    | grp_twiddles8_fu_1971/grp_sin_or_cos_double_s_fu_138/i___135_i_1                                                 | CLB.LUT.LUT3           |
    | grp_twiddles8_fu_1971/grp_sin_or_cos_double_s_fu_138/tmp_product__2_i_113                                        | CLB.LUT.LUT6           |
    | grp_twiddles8_fu_1971/grp_sin_or_cos_double_s_fu_138/tmp_product__2_i_79                                         | CLB.LUT.LUT5           |
    | grp_twiddles8_fu_1971/grp_sin_or_cos_double_s_fu_138/tmp_product__2_i_47                                         | CLB.LUT.LUT3           |
    | grp_twiddles8_fu_1971/grp_sin_or_cos_double_s_fu_138/tmp_product__2_i_15                                         | CLB.LUT.LUT6           |
    | grp_twiddles8_fu_1971/grp_sin_or_cos_double_s_fu_138/mul_49ns_49ns_98_1_1_U4/tmp_product__5/DSP_A_B_DATA_INST    | ARITHMETIC.DSP.DSP48E2 |
    | grp_twiddles8_fu_1971/grp_sin_or_cos_double_s_fu_138/mul_49ns_49ns_98_1_1_U4/tmp_product__5/DSP_PREADD_DATA_INST | ARITHMETIC.DSP.DSP48E2 |
    | grp_twiddles8_fu_1971/grp_sin_or_cos_double_s_fu_138/mul_49ns_49ns_98_1_1_U4/tmp_product__5/DSP_MULTIPLIER_INST  | ARITHMETIC.DSP.DSP48E2 |
    | grp_twiddles8_fu_1971/grp_sin_or_cos_double_s_fu_138/mul_49ns_49ns_98_1_1_U4/tmp_product__5/DSP_M_DATA_INST      | ARITHMETIC.DSP.DSP48E2 |
    | grp_twiddles8_fu_1971/grp_sin_or_cos_double_s_fu_138/mul_49ns_49ns_98_1_1_U4/tmp_product__5/DSP_ALU_INST         | ARITHMETIC.DSP.DSP48E2 |
    | grp_twiddles8_fu_1971/grp_sin_or_cos_double_s_fu_138/mul_49ns_49ns_98_1_1_U4/tmp_product__5/DSP_OUTPUT_INST      | ARITHMETIC.DSP.DSP48E2 |
    | grp_twiddles8_fu_1971/grp_sin_or_cos_double_s_fu_138/mul_49ns_49ns_98_1_1_U4/tmp_product__6/DSP_ALU_INST         | ARITHMETIC.DSP.DSP48E2 |
    | grp_twiddles8_fu_1971/grp_sin_or_cos_double_s_fu_138/mul_49ns_49ns_98_1_1_U4/tmp_product__6/DSP_OUTPUT_INST      | ARITHMETIC.DSP.DSP48E2 |
    | grp_twiddles8_fu_1971/grp_sin_or_cos_double_s_fu_138/mul_49ns_49ns_98_1_1_U4/tmp_product__7/DSP_ALU_INST         | ARITHMETIC.DSP.DSP48E2 |
    | grp_twiddles8_fu_1971/grp_sin_or_cos_double_s_fu_138/mul_49ns_49ns_98_1_1_U4/tmp_product__7/DSP_OUTPUT_INST      | ARITHMETIC.DSP.DSP48E2 |
    | grp_twiddles8_fu_1971/grp_sin_or_cos_double_s_fu_138/mul_49ns_49ns_98_1_1_U4/tmp_product__2_i_22__0              | CLB.LUT.LUT3           |
    | mul_49ns_49ns_98_1_1_U4/tmp_product__2_i_2__0                                                                    | CLB.CARRY.CARRY8       |
    | mul_49ns_49ns_98_1_1_U4/tmp_product__2_i_1__0                                                                    | CLB.CARRY.CARRY8       |
    | mul_49ns_49ns_98_1_1_U4/tmp_product_i_3__0                                                                       | CLB.CARRY.CARRY8       |
    | mul_49ns_49ns_98_1_1_U4/tmp_product_i_2__0                                                                       | CLB.CARRY.CARRY8       |
    | mul_49ns_49ns_98_1_1_U4/tmp_product_i_1__0                                                                       | CLB.CARRY.CARRY8       |
    | mul_49ns_49ns_98_1_1_U4/tmp_product__0_i_2__0                                                                    | CLB.CARRY.CARRY8       |
    | grp_twiddles8_fu_1971/grp_sin_or_cos_double_s_fu_138/i___252_psdsp_3                                             | REGISTER.SDR.FDRE      |
    +------------------------------------------------------------------------------------------------------------------+------------------------+

    +------------------------------------------------------------------------------------------------------------------+------------------------+
    | Path2 Cells                                                                                                      | Primitive Type         |
    +------------------------------------------------------------------------------------------------------------------+------------------------+
    | grp_twiddles8_fu_1971/grp_sin_or_cos_double_s_fu_138/Ex_1_reg_1725_reg[2]                                        | REGISTER.SDR.FDRE      |
    | grp_twiddles8_fu_1971/grp_sin_or_cos_double_s_fu_138/i___135_i_1                                                 | CLB.LUT.LUT3           |
    | grp_twiddles8_fu_1971/grp_sin_or_cos_double_s_fu_138/tmp_product__2_i_113                                        | CLB.LUT.LUT6           |
    | grp_twiddles8_fu_1971/grp_sin_or_cos_double_s_fu_138/tmp_product__2_i_79                                         | CLB.LUT.LUT5           |
    | grp_twiddles8_fu_1971/grp_sin_or_cos_double_s_fu_138/tmp_product__2_i_47                                         | CLB.LUT.LUT3           |
    | grp_twiddles8_fu_1971/grp_sin_or_cos_double_s_fu_138/tmp_product__2_i_15                                         | CLB.LUT.LUT6           |
    | grp_twiddles8_fu_1971/grp_sin_or_cos_double_s_fu_138/mul_49ns_49ns_98_1_1_U4/tmp_product__5/DSP_A_B_DATA_INST    | ARITHMETIC.DSP.DSP48E2 |
    | grp_twiddles8_fu_1971/grp_sin_or_cos_double_s_fu_138/mul_49ns_49ns_98_1_1_U4/tmp_product__5/DSP_PREADD_DATA_INST | ARITHMETIC.DSP.DSP48E2 |
    | grp_twiddles8_fu_1971/grp_sin_or_cos_double_s_fu_138/mul_49ns_49ns_98_1_1_U4/tmp_product__5/DSP_MULTIPLIER_INST  | ARITHMETIC.DSP.DSP48E2 |
    | grp_twiddles8_fu_1971/grp_sin_or_cos_double_s_fu_138/mul_49ns_49ns_98_1_1_U4/tmp_product__5/DSP_M_DATA_INST      | ARITHMETIC.DSP.DSP48E2 |
    | grp_twiddles8_fu_1971/grp_sin_or_cos_double_s_fu_138/mul_49ns_49ns_98_1_1_U4/tmp_product__5/DSP_ALU_INST         | ARITHMETIC.DSP.DSP48E2 |
    | grp_twiddles8_fu_1971/grp_sin_or_cos_double_s_fu_138/mul_49ns_49ns_98_1_1_U4/tmp_product__5/DSP_OUTPUT_INST      | ARITHMETIC.DSP.DSP48E2 |
    | grp_twiddles8_fu_1971/grp_sin_or_cos_double_s_fu_138/mul_49ns_49ns_98_1_1_U4/tmp_product__6/DSP_ALU_INST         | ARITHMETIC.DSP.DSP48E2 |
    | grp_twiddles8_fu_1971/grp_sin_or_cos_double_s_fu_138/mul_49ns_49ns_98_1_1_U4/tmp_product__6/DSP_OUTPUT_INST      | ARITHMETIC.DSP.DSP48E2 |
    | grp_twiddles8_fu_1971/grp_sin_or_cos_double_s_fu_138/mul_49ns_49ns_98_1_1_U4/tmp_product__7/DSP_ALU_INST         | ARITHMETIC.DSP.DSP48E2 |
    | grp_twiddles8_fu_1971/grp_sin_or_cos_double_s_fu_138/mul_49ns_49ns_98_1_1_U4/tmp_product__7/DSP_OUTPUT_INST      | ARITHMETIC.DSP.DSP48E2 |
    | grp_twiddles8_fu_1971/grp_sin_or_cos_double_s_fu_138/mul_49ns_49ns_98_1_1_U4/tmp_product__2_i_22__0              | CLB.LUT.LUT3           |
    | mul_49ns_49ns_98_1_1_U4/tmp_product__2_i_2__0                                                                    | CLB.CARRY.CARRY8       |
    | mul_49ns_49ns_98_1_1_U4/tmp_product__2_i_1__0                                                                    | CLB.CARRY.CARRY8       |
    | mul_49ns_49ns_98_1_1_U4/tmp_product_i_3__0                                                                       | CLB.CARRY.CARRY8       |
    | mul_49ns_49ns_98_1_1_U4/tmp_product_i_2__0                                                                       | CLB.CARRY.CARRY8       |
    | mul_49ns_49ns_98_1_1_U4/tmp_product_i_1__0                                                                       | CLB.CARRY.CARRY8       |
    | mul_49ns_49ns_98_1_1_U4/tmp_product__0_i_2__0                                                                    | CLB.CARRY.CARRY8       |
    | grp_twiddles8_fu_1971/grp_sin_or_cos_double_s_fu_138/mul_49ns_49ns_98_1_1_U5/i___21_psdsp_6                      | REGISTER.SDR.FDRE      |
    +------------------------------------------------------------------------------------------------------------------+------------------------+

    +------------------------------------------------------------------------------------------------------------------+------------------------+
    | Path3 Cells                                                                                                      | Primitive Type         |
    +------------------------------------------------------------------------------------------------------------------+------------------------+
    | grp_twiddles8_fu_1971/grp_sin_or_cos_double_s_fu_138/Ex_1_reg_1725_reg[2]                                        | REGISTER.SDR.FDRE      |
    | grp_twiddles8_fu_1971/grp_sin_or_cos_double_s_fu_138/i___135_i_1                                                 | CLB.LUT.LUT3           |
    | grp_twiddles8_fu_1971/grp_sin_or_cos_double_s_fu_138/tmp_product__2_i_113                                        | CLB.LUT.LUT6           |
    | grp_twiddles8_fu_1971/grp_sin_or_cos_double_s_fu_138/tmp_product__2_i_79                                         | CLB.LUT.LUT5           |
    | grp_twiddles8_fu_1971/grp_sin_or_cos_double_s_fu_138/tmp_product__2_i_47                                         | CLB.LUT.LUT3           |
    | grp_twiddles8_fu_1971/grp_sin_or_cos_double_s_fu_138/tmp_product__2_i_15                                         | CLB.LUT.LUT6           |
    | grp_twiddles8_fu_1971/grp_sin_or_cos_double_s_fu_138/mul_49ns_49ns_98_1_1_U4/tmp_product__5/DSP_A_B_DATA_INST    | ARITHMETIC.DSP.DSP48E2 |
    | grp_twiddles8_fu_1971/grp_sin_or_cos_double_s_fu_138/mul_49ns_49ns_98_1_1_U4/tmp_product__5/DSP_PREADD_DATA_INST | ARITHMETIC.DSP.DSP48E2 |
    | grp_twiddles8_fu_1971/grp_sin_or_cos_double_s_fu_138/mul_49ns_49ns_98_1_1_U4/tmp_product__5/DSP_MULTIPLIER_INST  | ARITHMETIC.DSP.DSP48E2 |
    | grp_twiddles8_fu_1971/grp_sin_or_cos_double_s_fu_138/mul_49ns_49ns_98_1_1_U4/tmp_product__5/DSP_M_DATA_INST      | ARITHMETIC.DSP.DSP48E2 |
    | grp_twiddles8_fu_1971/grp_sin_or_cos_double_s_fu_138/mul_49ns_49ns_98_1_1_U4/tmp_product__5/DSP_ALU_INST         | ARITHMETIC.DSP.DSP48E2 |
    | grp_twiddles8_fu_1971/grp_sin_or_cos_double_s_fu_138/mul_49ns_49ns_98_1_1_U4/tmp_product__5/DSP_OUTPUT_INST      | ARITHMETIC.DSP.DSP48E2 |
    | grp_twiddles8_fu_1971/grp_sin_or_cos_double_s_fu_138/mul_49ns_49ns_98_1_1_U4/tmp_product__6/DSP_ALU_INST         | ARITHMETIC.DSP.DSP48E2 |
    | grp_twiddles8_fu_1971/grp_sin_or_cos_double_s_fu_138/mul_49ns_49ns_98_1_1_U4/tmp_product__6/DSP_OUTPUT_INST      | ARITHMETIC.DSP.DSP48E2 |
    | grp_twiddles8_fu_1971/grp_sin_or_cos_double_s_fu_138/mul_49ns_49ns_98_1_1_U4/tmp_product__7/DSP_ALU_INST         | ARITHMETIC.DSP.DSP48E2 |
    | grp_twiddles8_fu_1971/grp_sin_or_cos_double_s_fu_138/mul_49ns_49ns_98_1_1_U4/tmp_product__7/DSP_OUTPUT_INST      | ARITHMETIC.DSP.DSP48E2 |
    | grp_twiddles8_fu_1971/grp_sin_or_cos_double_s_fu_138/mul_49ns_49ns_98_1_1_U4/tmp_product__2_i_22__0              | CLB.LUT.LUT3           |
    | mul_49ns_49ns_98_1_1_U4/tmp_product__2_i_2__0                                                                    | CLB.CARRY.CARRY8       |
    | mul_49ns_49ns_98_1_1_U4/tmp_product__2_i_1__0                                                                    | CLB.CARRY.CARRY8       |
    | mul_49ns_49ns_98_1_1_U4/tmp_product_i_3__0                                                                       | CLB.CARRY.CARRY8       |
    | mul_49ns_49ns_98_1_1_U4/tmp_product_i_2__0                                                                       | CLB.CARRY.CARRY8       |
    | mul_49ns_49ns_98_1_1_U4/tmp_product_i_1__0                                                                       | CLB.CARRY.CARRY8       |
    | mul_49ns_49ns_98_1_1_U4/tmp_product__0_i_2__0                                                                    | CLB.CARRY.CARRY8       |
    | grp_twiddles8_fu_1971/grp_sin_or_cos_double_s_fu_138/i___378_psdsp_5                                             | REGISTER.SDR.FDRE      |
    +------------------------------------------------------------------------------------------------------------------+------------------------+

    +------------------------------------------------------------------------------------------------------------------+------------------------+
    | Path4 Cells                                                                                                      | Primitive Type         |
    +------------------------------------------------------------------------------------------------------------------+------------------------+
    | grp_twiddles8_fu_1971/grp_sin_or_cos_double_s_fu_138/Ex_1_reg_1725_reg[2]                                        | REGISTER.SDR.FDRE      |
    | grp_twiddles8_fu_1971/grp_sin_or_cos_double_s_fu_138/i___135_i_1                                                 | CLB.LUT.LUT3           |
    | grp_twiddles8_fu_1971/grp_sin_or_cos_double_s_fu_138/tmp_product__2_i_113                                        | CLB.LUT.LUT6           |
    | grp_twiddles8_fu_1971/grp_sin_or_cos_double_s_fu_138/tmp_product__2_i_79                                         | CLB.LUT.LUT5           |
    | grp_twiddles8_fu_1971/grp_sin_or_cos_double_s_fu_138/tmp_product__2_i_47                                         | CLB.LUT.LUT3           |
    | grp_twiddles8_fu_1971/grp_sin_or_cos_double_s_fu_138/tmp_product__2_i_15                                         | CLB.LUT.LUT6           |
    | grp_twiddles8_fu_1971/grp_sin_or_cos_double_s_fu_138/mul_49ns_49ns_98_1_1_U4/tmp_product__5/DSP_A_B_DATA_INST    | ARITHMETIC.DSP.DSP48E2 |
    | grp_twiddles8_fu_1971/grp_sin_or_cos_double_s_fu_138/mul_49ns_49ns_98_1_1_U4/tmp_product__5/DSP_PREADD_DATA_INST | ARITHMETIC.DSP.DSP48E2 |
    | grp_twiddles8_fu_1971/grp_sin_or_cos_double_s_fu_138/mul_49ns_49ns_98_1_1_U4/tmp_product__5/DSP_MULTIPLIER_INST  | ARITHMETIC.DSP.DSP48E2 |
    | grp_twiddles8_fu_1971/grp_sin_or_cos_double_s_fu_138/mul_49ns_49ns_98_1_1_U4/tmp_product__5/DSP_M_DATA_INST      | ARITHMETIC.DSP.DSP48E2 |
    | grp_twiddles8_fu_1971/grp_sin_or_cos_double_s_fu_138/mul_49ns_49ns_98_1_1_U4/tmp_product__5/DSP_ALU_INST         | ARITHMETIC.DSP.DSP48E2 |
    | grp_twiddles8_fu_1971/grp_sin_or_cos_double_s_fu_138/mul_49ns_49ns_98_1_1_U4/tmp_product__5/DSP_OUTPUT_INST      | ARITHMETIC.DSP.DSP48E2 |
    | grp_twiddles8_fu_1971/grp_sin_or_cos_double_s_fu_138/mul_49ns_49ns_98_1_1_U4/tmp_product__6/DSP_ALU_INST         | ARITHMETIC.DSP.DSP48E2 |
    | grp_twiddles8_fu_1971/grp_sin_or_cos_double_s_fu_138/mul_49ns_49ns_98_1_1_U4/tmp_product__6/DSP_OUTPUT_INST      | ARITHMETIC.DSP.DSP48E2 |
    | grp_twiddles8_fu_1971/grp_sin_or_cos_double_s_fu_138/mul_49ns_49ns_98_1_1_U4/tmp_product__7/DSP_ALU_INST         | ARITHMETIC.DSP.DSP48E2 |
    | grp_twiddles8_fu_1971/grp_sin_or_cos_double_s_fu_138/mul_49ns_49ns_98_1_1_U4/tmp_product__7/DSP_OUTPUT_INST      | ARITHMETIC.DSP.DSP48E2 |
    | grp_twiddles8_fu_1971/grp_sin_or_cos_double_s_fu_138/mul_49ns_49ns_98_1_1_U4/tmp_product__2_i_22__0              | CLB.LUT.LUT3           |
    | mul_49ns_49ns_98_1_1_U4/tmp_product__2_i_2__0                                                                    | CLB.CARRY.CARRY8       |
    | mul_49ns_49ns_98_1_1_U4/tmp_product__2_i_1__0                                                                    | CLB.CARRY.CARRY8       |
    | mul_49ns_49ns_98_1_1_U4/tmp_product_i_3__0                                                                       | CLB.CARRY.CARRY8       |
    | mul_49ns_49ns_98_1_1_U4/tmp_product_i_2__0                                                                       | CLB.CARRY.CARRY8       |
    | mul_49ns_49ns_98_1_1_U4/tmp_product_i_1__0                                                                       | CLB.CARRY.CARRY8       |
    | grp_twiddles8_fu_1971/grp_sin_or_cos_double_s_fu_138/i___252_psdsp_11                                            | REGISTER.SDR.FDRE      |
    +------------------------------------------------------------------------------------------------------------------+------------------------+

    +------------------------------------------------------------------------------------------------------------------+------------------------+
    | Path5 Cells                                                                                                      | Primitive Type         |
    +------------------------------------------------------------------------------------------------------------------+------------------------+
    | grp_twiddles8_fu_1971/grp_sin_or_cos_double_s_fu_138/Ex_1_reg_1725_reg[2]                                        | REGISTER.SDR.FDRE      |
    | grp_twiddles8_fu_1971/grp_sin_or_cos_double_s_fu_138/i___135_i_1                                                 | CLB.LUT.LUT3           |
    | grp_twiddles8_fu_1971/grp_sin_or_cos_double_s_fu_138/tmp_product__2_i_113                                        | CLB.LUT.LUT6           |
    | grp_twiddles8_fu_1971/grp_sin_or_cos_double_s_fu_138/tmp_product__2_i_79                                         | CLB.LUT.LUT5           |
    | grp_twiddles8_fu_1971/grp_sin_or_cos_double_s_fu_138/tmp_product__2_i_47                                         | CLB.LUT.LUT3           |
    | grp_twiddles8_fu_1971/grp_sin_or_cos_double_s_fu_138/tmp_product__2_i_15                                         | CLB.LUT.LUT6           |
    | grp_twiddles8_fu_1971/grp_sin_or_cos_double_s_fu_138/mul_49ns_49ns_98_1_1_U4/tmp_product__5/DSP_A_B_DATA_INST    | ARITHMETIC.DSP.DSP48E2 |
    | grp_twiddles8_fu_1971/grp_sin_or_cos_double_s_fu_138/mul_49ns_49ns_98_1_1_U4/tmp_product__5/DSP_PREADD_DATA_INST | ARITHMETIC.DSP.DSP48E2 |
    | grp_twiddles8_fu_1971/grp_sin_or_cos_double_s_fu_138/mul_49ns_49ns_98_1_1_U4/tmp_product__5/DSP_MULTIPLIER_INST  | ARITHMETIC.DSP.DSP48E2 |
    | grp_twiddles8_fu_1971/grp_sin_or_cos_double_s_fu_138/mul_49ns_49ns_98_1_1_U4/tmp_product__5/DSP_M_DATA_INST      | ARITHMETIC.DSP.DSP48E2 |
    | grp_twiddles8_fu_1971/grp_sin_or_cos_double_s_fu_138/mul_49ns_49ns_98_1_1_U4/tmp_product__5/DSP_ALU_INST         | ARITHMETIC.DSP.DSP48E2 |
    | grp_twiddles8_fu_1971/grp_sin_or_cos_double_s_fu_138/mul_49ns_49ns_98_1_1_U4/tmp_product__5/DSP_OUTPUT_INST      | ARITHMETIC.DSP.DSP48E2 |
    | grp_twiddles8_fu_1971/grp_sin_or_cos_double_s_fu_138/mul_49ns_49ns_98_1_1_U4/tmp_product__6/DSP_ALU_INST         | ARITHMETIC.DSP.DSP48E2 |
    | grp_twiddles8_fu_1971/grp_sin_or_cos_double_s_fu_138/mul_49ns_49ns_98_1_1_U4/tmp_product__6/DSP_OUTPUT_INST      | ARITHMETIC.DSP.DSP48E2 |
    | grp_twiddles8_fu_1971/grp_sin_or_cos_double_s_fu_138/mul_49ns_49ns_98_1_1_U4/tmp_product__7/DSP_ALU_INST         | ARITHMETIC.DSP.DSP48E2 |
    | grp_twiddles8_fu_1971/grp_sin_or_cos_double_s_fu_138/mul_49ns_49ns_98_1_1_U4/tmp_product__7/DSP_OUTPUT_INST      | ARITHMETIC.DSP.DSP48E2 |
    | grp_twiddles8_fu_1971/grp_sin_or_cos_double_s_fu_138/mul_49ns_49ns_98_1_1_U4/tmp_product__2_i_22__0              | CLB.LUT.LUT3           |
    | mul_49ns_49ns_98_1_1_U4/tmp_product__2_i_2__0                                                                    | CLB.CARRY.CARRY8       |
    | mul_49ns_49ns_98_1_1_U4/tmp_product__2_i_1__0                                                                    | CLB.CARRY.CARRY8       |
    | mul_49ns_49ns_98_1_1_U4/tmp_product_i_3__0                                                                       | CLB.CARRY.CARRY8       |
    | mul_49ns_49ns_98_1_1_U4/tmp_product_i_2__0                                                                       | CLB.CARRY.CARRY8       |
    | mul_49ns_49ns_98_1_1_U4/tmp_product_i_1__0                                                                       | CLB.CARRY.CARRY8       |
    | mul_49ns_49ns_98_1_1_U4/tmp_product__0_i_2__0                                                                    | CLB.CARRY.CARRY8       |
    | grp_twiddles8_fu_1971/grp_sin_or_cos_double_s_fu_138/i___252_psdsp_5                                             | REGISTER.SDR.FDRE      |
    +------------------------------------------------------------------------------------------------------------------+------------------------+


================================================================
== Place & Route Vivado Reports
================================================================
+--------------------------+-------------------------------------------------------------------+
| Report Type              | Report Location                                                   |
+--------------------------+-------------------------------------------------------------------+
| design_analysis          | impl/verilog/report/fft1D_512_design_analysis_routed.rpt          |
| failfast                 | impl/verilog/report/fft1D_512_failfast_routed.rpt                 |
| status                   | impl/verilog/report/fft1D_512_status_routed.rpt                   |
| timing                   | impl/verilog/report/fft1D_512_timing_routed.rpt                   |
| timing_paths             | impl/verilog/report/fft1D_512_timing_paths_routed.rpt             |
| utilization              | impl/verilog/report/fft1D_512_utilization_routed.rpt              |
| utilization_hierarchical | impl/verilog/report/fft1D_512_utilization_hierarchical_routed.rpt |
+--------------------------+-------------------------------------------------------------------+


