==============================================================
Vitis HLS - High-Level Synthesis from C, C++ and OpenCL v2023.2 (64-bit)
Tool Version Limit: 2023.10
Copyright 1986-2022 Xilinx, Inc. All Rights Reserved.
Copyright 2022-2023 Advanced Micro Devices, Inc. All Rights Reserved.

==============================================================
INFO: [HLS 200-1505] Using default flow_target 'vivado'
INFO: [HLS 200-1510] Running: config_array_partition -throughput_driven off 
INFO: [HLS 200-1510] Running: set_part xcu50-fsvh2104-2-e 
INFO: [HLS 200-1611] Setting target device to 'xcu50-fsvh2104-2-e'
INFO: [HLS 200-1510] Running: create_clock -period 8 -name default 
INFO: [SYN 201-201] Setting up clock 'default' with a period of 8ns.
INFO: [HLS 200-1510] Running: set_directive_pipeline -off stencil3d/height_bound_col 
INFO: [HLS 200-1510] Running: set_directive_pipeline -off stencil3d/height_bound_row 
INFO: [HLS 200-1510] Running: set_directive_pipeline -off stencil3d/col_bound_height 
INFO: [HLS 200-1510] Running: set_directive_pipeline -off stencil3d/col_bound_row 
INFO: [HLS 200-1510] Running: set_directive_pipeline -off stencil3d/row_bound_height 
INFO: [HLS 200-1510] Running: set_directive_pipeline -off stencil3d/row_bound_col 
INFO: [HLS 200-1510] Running: set_directive_pipeline -off stencil3d/loop_height 
INFO: [HLS 200-1510] Running: set_directive_pipeline -off stencil3d/loop_col 
INFO: [HLS 200-1510] Running: set_directive_pipeline -off stencil3d/loop_row 
INFO: [HLS 200-1510] Running: set_directive_pipeline -off stencil3d 
INFO: [HLS 200-1510] Running: set_directive_loop_flatten -off stencil3d/height_bound_row 
INFO: [HLS 200-1510] Running: set_directive_loop_flatten -off stencil3d/col_bound_row 
INFO: [HLS 200-1510] Running: set_directive_loop_flatten -off stencil3d/row_bound_col 
INFO: [HLS 200-1510] Running: set_directive_loop_flatten -off stencil3d/loop_col 
INFO: [HLS 200-1510] Running: set_directive_loop_flatten -off stencil3d/loop_row 
INFO: [HLS 200-1510] Running: csynth_design 
INFO: [HLS 200-111] Finished File checks and directory preparation: CPU user time: 0.06 seconds. CPU system time: 0.01 seconds. Elapsed time: 0.07 seconds; current allocated memory: 226.574 MB.
INFO: [HLS 200-10] Analyzing design file 'data/benchmarks/stencil3d/stencil.c' ... 
INFO: [HLS 200-111] Finished Source Code Analysis and Preprocessing: CPU user time: 0.26 seconds. CPU system time: 0.23 seconds. Elapsed time: 0.5 seconds; current allocated memory: 228.758 MB.
INFO: [HLS 200-777] Using interface defaults for 'Vivado' flow target.
INFO: [HLS 200-1995] There were 227 instructions in the design after the 'Compile/Link' phase of compilation. See the Design Size Report for more details: /home/gabriel/Documents/UFRGS/RAISE/AHLS/AHLS/data/anchor_solutions/STENCIL3D/solution0/syn/report/csynth_design_size.rpt
INFO: [HLS 200-1995] There were 197 instructions in the design after the 'Unroll/Inline (step 1)' phase of compilation. See the Design Size Report for more details: /home/gabriel/Documents/UFRGS/RAISE/AHLS/AHLS/data/anchor_solutions/STENCIL3D/solution0/syn/report/csynth_design_size.rpt
INFO: [HLS 200-1995] There were 148 instructions in the design after the 'Unroll/Inline (step 2)' phase of compilation. See the Design Size Report for more details: /home/gabriel/Documents/UFRGS/RAISE/AHLS/AHLS/data/anchor_solutions/STENCIL3D/solution0/syn/report/csynth_design_size.rpt
INFO: [HLS 200-1995] There were 135 instructions in the design after the 'Unroll/Inline (step 3)' phase of compilation. See the Design Size Report for more details: /home/gabriel/Documents/UFRGS/RAISE/AHLS/AHLS/data/anchor_solutions/STENCIL3D/solution0/syn/report/csynth_design_size.rpt
INFO: [HLS 200-1995] There were 135 instructions in the design after the 'Unroll/Inline (step 4)' phase of compilation. See the Design Size Report for more details: /home/gabriel/Documents/UFRGS/RAISE/AHLS/AHLS/data/anchor_solutions/STENCIL3D/solution0/syn/report/csynth_design_size.rpt
INFO: [HLS 200-1995] There were 136 instructions in the design after the 'Array/Struct (step 1)' phase of compilation. See the Design Size Report for more details: /home/gabriel/Documents/UFRGS/RAISE/AHLS/AHLS/data/anchor_solutions/STENCIL3D/solution0/syn/report/csynth_design_size.rpt
INFO: [HLS 200-1995] There were 136 instructions in the design after the 'Array/Struct (step 2)' phase of compilation. See the Design Size Report for more details: /home/gabriel/Documents/UFRGS/RAISE/AHLS/AHLS/data/anchor_solutions/STENCIL3D/solution0/syn/report/csynth_design_size.rpt
INFO: [HLS 200-1995] There were 136 instructions in the design after the 'Array/Struct (step 3)' phase of compilation. See the Design Size Report for more details: /home/gabriel/Documents/UFRGS/RAISE/AHLS/AHLS/data/anchor_solutions/STENCIL3D/solution0/syn/report/csynth_design_size.rpt
INFO: [HLS 200-1995] There were 136 instructions in the design after the 'Array/Struct (step 4)' phase of compilation. See the Design Size Report for more details: /home/gabriel/Documents/UFRGS/RAISE/AHLS/AHLS/data/anchor_solutions/STENCIL3D/solution0/syn/report/csynth_design_size.rpt
INFO: [HLS 200-1995] There were 136 instructions in the design after the 'Array/Struct (step 5)' phase of compilation. See the Design Size Report for more details: /home/gabriel/Documents/UFRGS/RAISE/AHLS/AHLS/data/anchor_solutions/STENCIL3D/solution0/syn/report/csynth_design_size.rpt
INFO: [HLS 200-1995] There were 136 instructions in the design after the 'Performance (step 1)' phase of compilation. See the Design Size Report for more details: /home/gabriel/Documents/UFRGS/RAISE/AHLS/AHLS/data/anchor_solutions/STENCIL3D/solution0/syn/report/csynth_design_size.rpt
INFO: [HLS 200-1995] There were 136 instructions in the design after the 'Performance (step 2)' phase of compilation. See the Design Size Report for more details: /home/gabriel/Documents/UFRGS/RAISE/AHLS/AHLS/data/anchor_solutions/STENCIL3D/solution0/syn/report/csynth_design_size.rpt
INFO: [HLS 200-1995] There were 136 instructions in the design after the 'Performance (step 3)' phase of compilation. See the Design Size Report for more details: /home/gabriel/Documents/UFRGS/RAISE/AHLS/AHLS/data/anchor_solutions/STENCIL3D/solution0/syn/report/csynth_design_size.rpt
INFO: [HLS 200-1995] There were 142 instructions in the design after the 'HW Transforms (step 1)' phase of compilation. See the Design Size Report for more details: /home/gabriel/Documents/UFRGS/RAISE/AHLS/AHLS/data/anchor_solutions/STENCIL3D/solution0/syn/report/csynth_design_size.rpt
INFO: [HLS 200-1995] There were 174 instructions in the design after the 'HW Transforms (step 2)' phase of compilation. See the Design Size Report for more details: /home/gabriel/Documents/UFRGS/RAISE/AHLS/AHLS/data/anchor_solutions/STENCIL3D/solution0/syn/report/csynth_design_size.rpt
INFO: [HLS 200-111] Finished Compiling Optimization and Transform: CPU user time: 1.71 seconds. CPU system time: 0.28 seconds. Elapsed time: 6.77 seconds; current allocated memory: 229.961 MB.
INFO: [HLS 200-111] Finished Checking Pragmas: CPU user time: 0 seconds. CPU system time: 0 seconds. Elapsed time: 0 seconds; current allocated memory: 229.961 MB.
INFO: [HLS 200-10] Starting code transformations ...
INFO: [HLS 200-111] Finished Standard Transforms: CPU user time: 0.01 seconds. CPU system time: 0 seconds. Elapsed time: 0.02 seconds; current allocated memory: 230.336 MB.
INFO: [HLS 200-10] Checking synthesizability ...
INFO: [HLS 200-111] Finished Checking Synthesizability: CPU user time: 0.01 seconds. CPU system time: 0 seconds. Elapsed time: 0.02 seconds; current allocated memory: 230.398 MB.
INFO: [XFORM 203-11] Balancing expressions in function 'stencil3d' (data/benchmarks/stencil3d/stencil.c:10:13)...5 expression(s) balanced.
INFO: [HLS 200-111] Finished Loop, function and other optimizations: CPU user time: 0.07 seconds. CPU system time: 0.01 seconds. Elapsed time: 0.08 seconds; current allocated memory: 252.801 MB.
INFO: [HLS 200-111] Finished Architecture Synthesis: CPU user time: 0.06 seconds. CPU system time: 0 seconds. Elapsed time: 0.06 seconds; current allocated memory: 252.801 MB.
INFO: [HLS 200-10] Starting hardware synthesis ...
INFO: [HLS 200-10] Synthesizing 'stencil3d' ...
INFO: [HLS 200-10] ----------------------------------------------------------------
INFO: [HLS 200-42] -- Implementing module 'stencil3d' 
INFO: [HLS 200-10] ----------------------------------------------------------------
INFO: [SCHED 204-11] Starting scheduling ...
INFO: [SCHED 204-11] Finished scheduling.
INFO: [HLS 200-111] Finished Scheduling: CPU user time: 0.14 seconds. CPU system time: 0.01 seconds. Elapsed time: 0.15 seconds; current allocated memory: 252.801 MB.
INFO: [BIND 205-100] Starting micro-architecture generation ...
INFO: [BIND 205-101] Performing variable lifetime analysis.
INFO: [BIND 205-101] Exploring resource sharing.
INFO: [BIND 205-101] Binding ...
INFO: [BIND 205-100] Finished micro-architecture generation.
INFO: [HLS 200-111] Finished Binding: CPU user time: 0.03 seconds. CPU system time: 0.01 seconds. Elapsed time: 0.03 seconds; current allocated memory: 252.801 MB.
INFO: [HLS 200-10] ----------------------------------------------------------------
INFO: [HLS 200-10] -- Generating RTL for module 'stencil3d' 
INFO: [HLS 200-10] ----------------------------------------------------------------
INFO: [RTGEN 206-500] Setting interface mode on port 'stencil3d/C' to 'ap_memory'.
INFO: [RTGEN 206-500] Setting interface mode on port 'stencil3d/orig' to 'ap_memory'.
INFO: [RTGEN 206-500] Setting interface mode on port 'stencil3d/sol' to 'ap_memory'.
INFO: [RTGEN 206-500] Setting interface mode on function 'stencil3d' to 'ap_ctrl_hs'.
INFO: [RTGEN 206-100] Generating core module 'mul_32s_32s_32_1_1': 1 instance(s).
INFO: [RTGEN 206-100] Finished creating RTL model for 'stencil3d'.
INFO: [HLS 200-111] Finished Creating RTL model: CPU user time: 0.05 seconds. CPU system time: 0 seconds. Elapsed time: 0.05 seconds; current allocated memory: 252.801 MB.
INFO: [HLS 200-111] Finished Generating all RTL models: CPU user time: 0.16 seconds. CPU system time: 0.01 seconds. Elapsed time: 0.17 seconds; current allocated memory: 252.801 MB.
INFO: [HLS 200-111] Finished Updating report files: CPU user time: 0.23 seconds. CPU system time: 0.02 seconds. Elapsed time: 0.26 seconds; current allocated memory: 255.559 MB.
INFO: [VHDL 208-304] Generating VHDL RTL for stencil3d.
INFO: [VLOG 209-307] Generating Verilog RTL for stencil3d.
INFO: [HLS 200-790] **** Loop Constraint Status: All loop constraints were satisfied.
INFO: [HLS 200-789] **** Estimated Fmax: 171.38 MHz
INFO: [HLS 200-111] Finished Command csynth_design CPU user time: 2.81 seconds. CPU system time: 0.58 seconds. Elapsed time: 8.19 seconds; current allocated memory: 29.055 MB.
INFO: [HLS 200-1510] Running: export_design -flow impl -format syn_dcp -rtl verilog 
INFO: [IMPL 213-8] Exporting RTL as a Vivado IP.
INFO: [IMPL 213-8] Starting RTL evaluation using Vivado ...
INFO: [HLS 200-802] Generated output file data/anchor_solutions/STENCIL3D/solution0/impl/export.dcp
INFO: [HLS 200-802] Generated output file data/anchor_solutions/STENCIL3D/solution0/impl/export.veo
INFO: [HLS 200-111] Finished Command export_design CPU user time: 144.78 seconds. CPU system time: 7.56 seconds. Elapsed time: 289.57 seconds; current allocated memory: 6.195 MB.
