

================================================================
== Synthesis Summary Report of 'backprop'
================================================================
+ General Information: 
    * Date:           Sun Sep 14 01:12:46 2025
    * Version:        2023.2 (Build 4023990 on Oct 11 2023)
    * Project:        BACKPROP
    * Solution:       solution0 (Vivado IP Flow Target)
    * Product family: virtexuplusHBM
    * Target device:  xcu50-fsvh2104-2-e
    

+ Performance & Resource Estimates: 
    
    PS: '+' for module; 'o' for loop; '*' for dataflow
    +----------------------------------------------------------------------------------------+--------+-------+----------+-----------+----------+----------+------+----------+---------+----------+-------------+------------+---------+
    |                                         Modules                                        |  Issue |       | Latency  |  Latency  | Iteration|          | Trip |          |         |          |             |            |         |
    |                                         & Loops                                        |  Type  | Slack | (cycles) |    (ns)   |  Latency | Interval | Count| Pipelined|  BRAM   |    DSP   |      FF     |     LUT    |   URAM  |
    +----------------------------------------------------------------------------------------+--------+-------+----------+-----------+----------+----------+------+----------+---------+----------+-------------+------------+---------+
    |+ backprop                                                                              |  Timing|  -0.13|  50132118|  4.011e+08|         -|  50132119|     -|        no|  6 (~0%)|  48 (~0%)|  10800 (~0%)|  12085 (1%)|  1 (~0%)|
    | o backprop_loop1                                                                       |       -|   5.84|  50132117|  4.011e+08|    307559|         -|   163|        no|        -|         -|            -|           -|        -|
    |  + backprop_Pipeline_backprop_loop1_1                                                  |       -|   4.03|        66|    528.000|         -|        66|     -|        no|        -|         -|    201 (~0%)|   103 (~0%)|        -|
    |   o backprop_loop1_1                                                                   |       -|   5.84|        64|    512.000|         1|         1|    64|       yes|        -|         -|            -|           -|        -|
    |  + matrix_vector_product_with_bias_input_layer_1                                       |       -|   0.14|      8519|  6.815e+04|         -|      8519|     -|        no|        -|         -|    350 (~0%)|   422 (~0%)|        -|
    |   + matrix_vector_product_with_bias_input_layer_1_Pipeline_add_bias_to_activations_l   |       -|   0.79|        69|    552.000|         -|        69|     -|        no|        -|         -|     86 (~0%)|    99 (~0%)|        -|
    |    o add_bias_to_activations_loop1                                                     |       -|   5.84|        67|    536.000|         5|         1|    64|       yes|        -|         -|            -|           -|        -|
    |   o matrix_vector_product_with_bias_input_layer_loop1                                  |       -|   5.84|      8448|  6.758e+04|       132|         -|    64|        no|        -|         -|            -|           -|        -|
    |    o matrix_vector_product_with_bias_input_layer_loop1_1                               |       -|   5.84|       130|  1.040e+03|        10|         -|    13|        no|        -|         -|            -|           -|        -|
    |  + backprop_Pipeline_RELU_loop1                                                        |       -|   0.31|        95|    760.000|         -|        95|     -|        no|        -|         -|    593 (~0%)|   228 (~0%)|        -|
    |   o RELU_loop1                                                                         |       -|   5.84|        93|    744.000|        31|         1|    64|       yes|        -|         -|            -|           -|        -|
    |  + matrix_vector_product_with_bias_second_layer_1                                      |       -|   0.62|     41159|  3.293e+05|         -|     41159|     -|        no|        -|         -|    332 (~0%)|   384 (~0%)|        -|
    |   + matrix_vector_product_with_bias_second_layer_1_Pipeline_add_bias_to_activations_s  |       -|   0.79|        69|    552.000|         -|        69|     -|        no|        -|         -|     86 (~0%)|    99 (~0%)|        -|
    |    o add_bias_to_activations_loop1                                                     |       -|   5.84|        67|    536.000|         5|         1|    64|       yes|        -|         -|            -|           -|        -|
    |   o matrix_vector_product_with_bias_second_layer_loop1                                 |       -|   5.84|     41088|  3.287e+05|       642|         -|    64|        no|        -|         -|            -|           -|        -|
    |    o matrix_vector_product_with_bias_second_layer_loop1_1                              |       -|   5.84|       640|  5.120e+03|        10|         -|    64|        no|        -|         -|            -|           -|        -|
    |  + backprop_Pipeline_RELU_loop11                                                       |       -|   0.31|        95|    760.000|         -|        95|     -|        no|        -|         -|    593 (~0%)|   228 (~0%)|        -|
    |   o RELU_loop1                                                                         |       -|   5.84|        93|    744.000|        31|         1|    64|       yes|        -|         -|            -|           -|        -|
    |  + matrix_vector_product_with_bias_output_layer_1                                      |       -|   0.14|      1749|  1.399e+04|         -|      1749|     -|        no|        -|         -|    561 (~0%)|   380 (~0%)|        -|
    |   + matrix_vector_product_with_bias_output_layer_1_Pipeline_add_bias_to_activations_s  |       -|   0.79|        12|     96.000|         -|        12|     -|        no|        -|         -|    205 (~0%)|   162 (~0%)|        -|
    |    o add_bias_to_activations_loop1                                                     |      II|   5.84|        10|     80.000|         5|         3|     3|       yes|        -|         -|            -|           -|        -|
    |   o matrix_vector_product_with_bias_output_layer_loop1                                 |       -|   5.84|      1734|  1.387e+04|       578|         -|     3|        no|        -|         -|            -|           -|        -|
    |    o matrix_vector_product_with_bias_output_layer_loop1_1                              |       -|   5.84|       576|  4.608e+03|         9|         -|    64|        no|        -|         -|            -|           -|        -|
    |  + backprop_Pipeline_RELU_loop12                                                       |       -|   0.23|        89|    712.000|         -|        89|     -|        no|        -|         -|    742 (~0%)|   389 (~0%)|        -|
    |   o RELU_loop1                                                                         |      II|   5.84|        87|    696.000|        29|        29|     3|       yes|        -|         -|            -|           -|        -|
    |  + backprop_Pipeline_soft_max_loop1                                                    |       -|   0.31|        22|    176.000|         -|        22|     -|        no|        -|         -|    271 (~0%)|   214 (~0%)|        -|
    |   o soft_max_loop1                                                                     |      II|   5.84|        20|    160.000|        15|         3|     3|       yes|        -|         -|            -|           -|        -|
    |  + backprop_Pipeline_soft_max_loop2                                                    |       -|   0.23|        28|    224.000|         -|        28|     -|        no|        -|         -|    502 (~0%)|   228 (~0%)|        -|
    |   o soft_max_loop2                                                                     |       -|   5.84|        26|    208.000|        25|         1|     3|       yes|        -|         -|            -|           -|        -|
    |  + backprop_Pipeline_take_difference_loop1                                             |       -|   0.31|        12|     96.000|         -|        12|     -|        no|        -|         -|    406 (~0%)|   258 (~0%)|        -|
    |   o take_difference_loop1                                                              |       -|   5.84|        10|     80.000|         9|         1|     3|       yes|        -|         -|            -|           -|        -|
    |  + get_delta_matrix_weights3                                                           |       -|   0.14|       961|  7.688e+03|         -|       961|     -|        no|        -|         -|    105 (~0%)|   152 (~0%)|        -|
    |   o get_delta_matrix_weights3_loop1                                                    |       -|   5.84|       960|  7.680e+03|        15|         -|    64|        no|        -|         -|            -|           -|        -|
    |    o get_delta_matrix_weights3_loop1_1                                                 |       -|   5.84|        12|     96.000|         4|         -|     3|        no|        -|         -|            -|           -|        -|
    |  + get_oracle_activations2_1                                                           |       -|   0.14|      2113|  1.690e+04|         -|      2113|     -|        no|        -|         -|    246 (~0%)|   211 (~0%)|        -|
    |   o get_oracle_activations2_loop1                                                      |       -|   5.84|      2112|  1.690e+04|        33|         -|    64|        no|        -|         -|            -|           -|        -|
    |    o get_oracle_activations2_loop1_1                                                   |       -|   5.84|        27|    216.000|         9|         -|     3|        no|        -|         -|            -|           -|        -|
    |  + get_delta_matrix_weights2                                                           |       -|   0.62|     24769|  1.982e+05|         -|     24769|     -|        no|        -|         -|    189 (~0%)|   149 (~0%)|        -|
    |   o get_delta_matrix_weights2_loop1                                                    |       -|   5.84|     24768|  1.981e+05|       387|         -|    64|        no|        -|         -|            -|           -|        -|
    |    o get_delta_matrix_weights2_loop1_1                                                 |       -|   5.84|       384|  3.072e+03|         6|         -|    64|        no|        -|         -|            -|           -|        -|
    |  + get_oracle_activations1_1                                                           |       -|   0.62|     41345|  3.308e+05|         -|     41345|     -|        no|        -|         -|    255 (~0%)|   213 (~0%)|        -|
    |   o get_oracle_activations1_loop1                                                      |       -|   5.84|     41344|  3.308e+05|       646|         -|    64|        no|        -|         -|            -|           -|        -|
    |    o get_oracle_activations1_loop1_1                                                   |       -|   5.84|       640|  5.120e+03|        10|         -|    64|        no|        -|         -|            -|           -|        -|
    |  + get_delta_matrix_weights1_1                                                         |       -|   0.14|      4200|  3.360e+04|         -|      4200|     -|        no|        -|         -|    108 (~0%)|   156 (~0%)|        -|
    |   o get_delta_matrix_weights1_loop1                                                    |       -|   5.84|      4199|  3.359e+04|       323|         -|    13|        no|        -|         -|            -|           -|        -|
    |    o get_delta_matrix_weights1_loop1_1                                                 |       -|   5.84|       320|  2.560e+03|         5|         -|    64|        no|        -|         -|            -|           -|        -|
    |  + update_weights_1                                                                    |  Timing|  -0.13|    183269|  1.466e+06|         -|    183269|     -|        no|        -|         -|   1659 (~0%)|  2726 (~0%)|        -|
    |   o update_weights_loop1                                                               |       -|   5.84|     14170|  1.134e+05|      1090|         -|    13|        no|        -|         -|            -|           -|        -|
    |    o update_weights_loop1_1                                                            |       -|   5.84|      1088|  8.704e+03|        17|         -|    64|        no|        -|         -|            -|           -|        -|
    |   o update_weights_loop2                                                               |       -|   5.84|      1088|  8.704e+03|        17|         -|    64|        no|        -|         -|            -|           -|        -|
    |   o update_weights_loop3                                                               |       -|   5.84|     14170|  1.134e+05|      1090|         -|    13|        no|        -|         -|            -|           -|        -|
    |    o update_weights_loop3_1                                                            |       -|   5.84|      1088|  8.704e+03|        17|         -|    64|        no|        -|         -|            -|           -|        -|
    |   o update_weights_loop4                                                               |       -|   5.84|      1088|  8.704e+03|        17|         -|    64|        no|        -|         -|            -|           -|        -|
    |   o update_weights_loop5                                                               |       -|   5.84|     73856|  5.908e+05|      1154|         -|    64|        no|        -|         -|            -|           -|        -|
    |    o update_weights_loop5_1                                                            |       -|   5.84|      1152|  9.216e+03|        18|         -|    64|        no|        -|         -|            -|           -|        -|
    |   o update_weights_loop6                                                               |       -|   5.84|      1088|  8.704e+03|        17|         -|    64|        no|        -|         -|            -|           -|        -|
    |   o update_weights_loop7                                                               |       -|   5.84|     69760|  5.581e+05|      1090|         -|    64|        no|        -|         -|            -|           -|        -|
    |    o update_weights_loop7_1                                                            |       -|   5.84|      1088|  8.704e+03|        17|         -|    64|        no|        -|         -|            -|           -|        -|
    |   o update_weights_loop8                                                               |       -|   5.84|      1088|  8.704e+03|        17|         -|    64|        no|        -|         -|            -|           -|        -|
    |   o update_weights_loop9                                                               |       -|   5.84|      3392|  2.714e+04|        53|         -|    64|        no|        -|         -|            -|           -|        -|
    |    o update_weights_loop9_1                                                            |       -|   5.84|        51|    408.000|        17|         -|     3|        no|        -|         -|            -|           -|        -|
    |   o update_weights_loop10                                                              |       -|   5.84|        48|    384.000|        16|         -|     3|        no|        -|         -|            -|           -|        -|
    |   o update_weights_loop11                                                              |       -|   5.84|      3392|  2.714e+04|        53|         -|    64|        no|        -|         -|            -|           -|        -|
    |    o update_weights_loop11_1                                                           |       -|   5.84|        51|    408.000|        17|         -|     3|        no|        -|         -|            -|           -|        -|
    |   o update_weights_loop12                                                              |       -|   5.84|        51|    408.000|        17|         -|     3|        no|        -|         -|            -|           -|        -|
    +----------------------------------------------------------------------------------------+--------+-------+----------+-----------+----------+----------+------+----------+---------+----------+-------------+------------+---------+


================================================================
== HW Interfaces
================================================================
* AP_MEMORY
+---------------------------+-----------+----------+
| Port                      | Direction | Bitwidth |
+---------------------------+-----------+----------+
| biases1_address0          | out       | 6        |
| biases1_d0                | out       | 64       |
| biases1_q0                | in        | 64       |
| biases2_address0          | out       | 6        |
| biases2_d0                | out       | 64       |
| biases2_q0                | in        | 64       |
| biases3_address0          | out       | 2        |
| biases3_d0                | out       | 64       |
| biases3_q0                | in        | 64       |
| training_data_address0    | out       | 12       |
| training_data_q0          | in        | 64       |
| training_targets_address0 | out       | 9        |
| training_targets_q0       | in        | 64       |
| weights1_address0         | out       | 10       |
| weights1_d0               | out       | 64       |
| weights1_q0               | in        | 64       |
| weights2_address0         | out       | 12       |
| weights2_d0               | out       | 64       |
| weights2_q0               | in        | 64       |
| weights3_address0         | out       | 8        |
| weights3_d0               | out       | 64       |
| weights3_q0               | in        | 64       |
+---------------------------+-----------+----------+

* TOP LEVEL CONTROL
+-----------+------------+-----------------------------------+
| Interface | Type       | Ports                             |
+-----------+------------+-----------------------------------+
| ap_clk    | clock      | ap_clk                            |
| ap_rst    | reset      | ap_rst                            |
| ap_ctrl   | ap_ctrl_hs | ap_done ap_idle ap_ready ap_start |
+-----------+------------+-----------------------------------+


================================================================
== SW I/O Information
================================================================
* Top Function Arguments
+------------------+-----------+----------+
| Argument         | Direction | Datatype |
+------------------+-----------+----------+
| weights1         | inout     | double*  |
| weights2         | inout     | double*  |
| weights3         | inout     | double*  |
| biases1          | inout     | double*  |
| biases2          | inout     | double*  |
| biases3          | inout     | double*  |
| training_data    | in        | double*  |
| training_targets | in        | double*  |
+------------------+-----------+----------+

* SW-to-HW Mapping
+------------------+---------------------------+---------+----------+
| Argument         | HW Interface              | HW Type | HW Usage |
+------------------+---------------------------+---------+----------+
| weights1         | weights1_address0         | port    | offset   |
| weights1         | weights1_ce0              | port    |          |
| weights1         | weights1_we0              | port    |          |
| weights1         | weights1_d0               | port    |          |
| weights1         | weights1_q0               | port    |          |
| weights2         | weights2_address0         | port    | offset   |
| weights2         | weights2_ce0              | port    |          |
| weights2         | weights2_we0              | port    |          |
| weights2         | weights2_d0               | port    |          |
| weights2         | weights2_q0               | port    |          |
| weights3         | weights3_address0         | port    | offset   |
| weights3         | weights3_ce0              | port    |          |
| weights3         | weights3_we0              | port    |          |
| weights3         | weights3_d0               | port    |          |
| weights3         | weights3_q0               | port    |          |
| biases1          | biases1_address0          | port    | offset   |
| biases1          | biases1_ce0               | port    |          |
| biases1          | biases1_we0               | port    |          |
| biases1          | biases1_d0                | port    |          |
| biases1          | biases1_q0                | port    |          |
| biases2          | biases2_address0          | port    | offset   |
| biases2          | biases2_ce0               | port    |          |
| biases2          | biases2_we0               | port    |          |
| biases2          | biases2_d0                | port    |          |
| biases2          | biases2_q0                | port    |          |
| biases3          | biases3_address0          | port    | offset   |
| biases3          | biases3_ce0               | port    |          |
| biases3          | biases3_we0               | port    |          |
| biases3          | biases3_d0                | port    |          |
| biases3          | biases3_q0                | port    |          |
| training_data    | training_data_address0    | port    | offset   |
| training_data    | training_data_ce0         | port    |          |
| training_data    | training_data_q0          | port    |          |
| training_targets | training_targets_address0 | port    | offset   |
| training_targets | training_targets_ce0      | port    |          |
| training_targets | training_targets_q0       | port    |          |
+------------------+---------------------------+---------+----------+


================================================================
== Bind Op Report
================================================================
+---------------------------------------------------------------------------------------+-----+--------+-------------+-------+--------+---------+
| Name                                                                                  | DSP | Pragma | Variable    | Op    | Impl   | Latency |
+---------------------------------------------------------------------------------------+-----+--------+-------------+-------+--------+---------+
| + backprop                                                                            | 48  |        |             |       |        |         |
|   add_ln356_1_fu_448_p2                                                               |     |        | add_ln356_1 | add   | fabric | 0       |
|   add_ln356_fu_460_p2                                                                 |     |        | add_ln356   | add   | fabric | 0       |
|   sub_ln374_fu_620_p2                                                                 |     |        | sub_ln374   | sub   | fabric | 0       |
|  + backprop_Pipeline_backprop_loop1_1                                                 | 0   |        |             |       |        |         |
|    add_ln359_fu_166_p2                                                                |     |        | add_ln359   | add   | fabric | 0       |
|  + matrix_vector_product_with_bias_input_layer_1                                      | 0   |        |             |       |        |         |
|    add_ln60_1_fu_169_p2                                                               |     |        | add_ln60_1  | add   | fabric | 0       |
|    add_ln60_fu_181_p2                                                                 |     |        | add_ln60    | add   | fabric | 0       |
|    add_ln64_fu_198_p2                                                                 |     |        | add_ln64    | add   | fabric | 0       |
|    add_ln66_fu_212_p2                                                                 |     |        | add_ln66    | add   | fabric | 0       |
|    add_ln66_1_fu_217_p2                                                               |     |        | add_ln66_1  | add   | fabric | 0       |
|   + matrix_vector_product_with_bias_input_layer_1_Pipeline_add_bias_to_activations_l  | 0   |        |             |       |        |         |
|     add_ln48_fu_88_p2                                                                 |     |        | add_ln48    | add   | fabric | 0       |
|  + backprop_Pipeline_RELU_loop1                                                       | 0   |        |             |       |        |         |
|    add_ln36_fu_110_p2                                                                 |     |        | add_ln36    | add   | fabric | 0       |
|  + matrix_vector_product_with_bias_second_layer_1                                     | 0   |        |             |       |        |         |
|    add_ln78_fu_147_p2                                                                 |     |        | add_ln78    | add   | fabric | 0       |
|    add_ln82_fu_176_p2                                                                 |     |        | add_ln82    | add   | fabric | 0       |
|    add_ln84_fu_186_p2                                                                 |     |        | add_ln84    | add   | fabric | 0       |
|   + matrix_vector_product_with_bias_second_layer_1_Pipeline_add_bias_to_activations_s | 0   |        |             |       |        |         |
|     add_ln48_fu_88_p2                                                                 |     |        | add_ln48    | add   | fabric | 0       |
|  + backprop_Pipeline_RELU_loop11                                                      | 0   |        |             |       |        |         |
|    add_ln36_fu_110_p2                                                                 |     |        | add_ln36    | add   | fabric | 0       |
|  + matrix_vector_product_with_bias_output_layer_1                                     | 0   |        |             |       |        |         |
|    add_ln96_fu_212_p2                                                                 |     |        | add_ln96    | add   | fabric | 0       |
|    add_ln100_fu_244_p2                                                                |     |        | add_ln100   | add   | fabric | 0       |
|    add_ln102_fu_259_p2                                                                |     |        | add_ln102   | add   | fabric | 0       |
|   + matrix_vector_product_with_bias_output_layer_1_Pipeline_add_bias_to_activations_s | 0   |        |             |       |        |         |
|     add_ln48_fu_151_p2                                                                |     |        | add_ln48    | add   | fabric | 0       |
|  + backprop_Pipeline_RELU_loop12                                                      | 0   |        |             |       |        |         |
|    add_ln36_fu_236_p2                                                                 |     |        | add_ln36    | add   | fabric | 0       |
|  + backprop_Pipeline_soft_max_loop1                                                   | 0   |        |             |       |        |         |
|    add_ln22_fu_105_p2                                                                 |     |        | add_ln22    | add   | fabric | 0       |
|  + backprop_Pipeline_soft_max_loop2                                                   | 0   |        |             |       |        |         |
|    add_ln27_fu_171_p2                                                                 |     |        | add_ln27    | add   | fabric | 0       |
|  + backprop_Pipeline_take_difference_loop1                                            | 0   |        |             |       |        |         |
|    add_ln114_fu_215_p2                                                                |     |        | add_ln114   | add   | fabric | 0       |
|    add_ln116_fu_225_p2                                                                |     |        | add_ln116   | add   | fabric | 0       |
|  + get_delta_matrix_weights3                                                          | 0   |        |             |       |        |         |
|    add_ln125_fu_128_p2                                                                |     |        | add_ln125   | add   | fabric | 0       |
|    empty_52_fu_153_p2                                                                 |     |        | empty_52    | sub   | fabric | 0       |
|    add_ln128_fu_165_p2                                                                |     |        | add_ln128   | add   | fabric | 0       |
|    add_ln130_fu_185_p2                                                                |     |        | add_ln130   | add   | fabric | 0       |
|  + get_oracle_activations2_1                                                          | 0   |        |             |       |        |         |
|    add_ln141_fu_169_p2                                                                |     |        | add_ln141   | add   | fabric | 0       |
|    empty_51_fu_196_p2                                                                 |     |        | empty_51    | sub   | fabric | 0       |
|    add_ln145_fu_208_p2                                                                |     |        | add_ln145   | add   | fabric | 0       |
|    add_ln147_fu_227_p2                                                                |     |        | add_ln147   | add   | fabric | 0       |
|  + get_delta_matrix_weights2                                                          | 0   |        |             |       |        |         |
|    add_ln158_fu_109_p2                                                                |     |        | add_ln158   | add   | fabric | 0       |
|    add_ln161_fu_137_p2                                                                |     |        | add_ln161   | add   | fabric | 0       |
|    add_ln163_fu_152_p2                                                                |     |        | add_ln163   | add   | fabric | 0       |
|  + get_oracle_activations1_1                                                          | 0   |        |             |       |        |         |
|    add_ln174_fu_152_p2                                                                |     |        | add_ln174   | add   | fabric | 0       |
|    add_ln178_fu_181_p2                                                                |     |        | add_ln178   | add   | fabric | 0       |
|    add_ln180_fu_191_p2                                                                |     |        | add_ln180   | add   | fabric | 0       |
|  + get_delta_matrix_weights1_1                                                        | 0   |        |             |       |        |         |
|    add_ln191_fu_134_p2                                                                |     |        | add_ln191   | add   | fabric | 0       |
|    p_sum_fu_144_p2                                                                    |     |        | p_sum       | add   | fabric | 0       |
|    add_ln194_fu_171_p2                                                                |     |        | add_ln194   | add   | fabric | 0       |
|    add_ln196_fu_186_p2                                                                |     |        | add_ln196   | add   | fabric | 0       |
|  + update_weights_1                                                                   | 0   |        |             |       |        |         |
|    add_ln219_fu_599_p2                                                                |     |        | add_ln219   | add   | fabric | 0       |
|    add_ln222_fu_629_p2                                                                |     |        | add_ln222   | add   | fabric | 0       |
|    add_ln224_fu_639_p2                                                                |     |        | add_ln224   | add   | fabric | 0       |
|    add_ln229_fu_678_p2                                                                |     |        | add_ln229   | add   | fabric | 0       |
|    dsqrt_64ns_64ns_64_12_no_dsp_1_U149                                                |     |        | norm_1      | dsqrt | fabric | 11      |
|    add_ln239_fu_724_p2                                                                |     |        | add_ln239   | add   | fabric | 0       |
|    add_ln242_fu_749_p2                                                                |     |        | add_ln242   | add   | fabric | 0       |
|    add_ln244_fu_759_p2                                                                |     |        | add_ln244   | add   | fabric | 0       |
|    dsqrt_64ns_64ns_64_12_no_dsp_1_U149                                                |     |        | bias_norm   | dsqrt | fabric | 11      |
|    add_ln248_fu_791_p2                                                                |     |        | add_ln248   | add   | fabric | 0       |
|    add_ln257_fu_835_p2                                                                |     |        | add_ln257   | add   | fabric | 0       |
|    add_ln260_fu_869_p2                                                                |     |        | add_ln260   | add   | fabric | 0       |
|    add_ln262_fu_879_p2                                                                |     |        | add_ln262   | add   | fabric | 0       |
|    add_ln267_fu_918_p2                                                                |     |        | add_ln267   | add   | fabric | 0       |
|    dsqrt_64ns_64ns_64_12_no_dsp_1_U149                                                |     |        | norm_4      | dsqrt | fabric | 11      |
|    add_ln277_fu_964_p2                                                                |     |        | add_ln277   | add   | fabric | 0       |
|    add_ln280_fu_993_p2                                                                |     |        | add_ln280   | add   | fabric | 0       |
|    add_ln282_fu_1003_p2                                                               |     |        | add_ln282   | add   | fabric | 0       |
|    dsqrt_64ns_64ns_64_12_no_dsp_1_U149                                                |     |        | bias_norm_3 | dsqrt | fabric | 11      |
|    add_ln286_fu_1036_p2                                                               |     |        | add_ln286   | add   | fabric | 0       |
|    add_ln295_fu_1080_p2                                                               |     |        | add_ln295   | add   | fabric | 0       |
|    empty_48_fu_1102_p2                                                                |     |        | empty_48    | sub   | fabric | 0       |
|    add_ln298_fu_1124_p2                                                               |     |        | add_ln298   | add   | fabric | 0       |
|    add_ln300_fu_1134_p2                                                               |     |        | add_ln300   | add   | fabric | 0       |
|    add_ln305_fu_1173_p2                                                               |     |        | add_ln305   | add   | fabric | 0       |
|    dsqrt_64ns_64ns_64_12_no_dsp_1_U149                                                |     |        | norm_7      | dsqrt | fabric | 11      |
|    add_ln315_fu_1227_p2                                                               |     |        | add_ln315   | add   | fabric | 0       |
|    empty_50_fu_1249_p2                                                                |     |        | empty_50    | sub   | fabric | 0       |
|    add_ln318_fu_1266_p2                                                               |     |        | add_ln318   | add   | fabric | 0       |
|    add_ln320_fu_1276_p2                                                               |     |        | add_ln320   | add   | fabric | 0       |
|    dsqrt_64ns_64ns_64_12_no_dsp_1_U149                                                |     |        | bias_norm_6 | dsqrt | fabric | 11      |
|    add_ln324_fu_1308_p2                                                               |     |        | add_ln324   | add   | fabric | 0       |
+---------------------------------------------------------------------------------------+-----+--------+-------------+-------+--------+---------+


================================================================
== Storage Report
================================================================
+-------------------------------------------+---------------+------+------+------+--------+---------------------+------+---------+------------------+
| Name                                      | Usage         | Type | BRAM | URAM | Pragma | Variable            | Impl | Latency | Bitwidth, Depth, |
|                                           |               |      |      |      |        |                     |      |         | Banks            |
+-------------------------------------------+---------------+------+------+------+--------+---------------------+------+---------+------------------+
| + backprop                                |               |      | 6    | 1    |        |                     |      |         |                  |
|   activations1_U                          | ram_s2p array |      |      |      |        | activations1        | auto | 1       | 64, 64, 1        |
|   dadddsub_64ns_64ns_64_4_full_dsp_1_U166 | ram_s2p array |      |      |      |        | activations2        | auto | 1       | 64, 64, 1        |
|   dactivations1_U                         | ram_1p array  |      |      |      |        | dactivations1       | auto | 1       | 64, 64, 1        |
|   dactivations2_U                         | ram_1p array  |      |      |      |        | dactivations2       | auto | 1       | 64, 64, 1        |
|   dmul_64ns_64ns_64_4_max_dsp_1_U167      | ram_1p array  |      | 4    |      |        | delta_weights1      | auto | 1       | 64, 832, 1       |
|   dadddsub_64ns_64ns_64_4_full_dsp_1_U166 | ram_1p array  |      |      | 1    |        | delta_weights2      | auto | 1       | 64, 4096, 1      |
|   delta_weights3_U                        | ram_1p array  |      | 2    |      |        | delta_weights3      | auto | 1       | 64, 192, 1       |
|   oracle_activations1_U                   | ram_1p array  |      |      |      |        | oracle_activations1 | auto | 1       | 64, 64, 1        |
|   oracle_activations2_U                   | ram_1p array  |      |      |      |        | oracle_activations2 | auto | 1       | 64, 64, 1        |
+-------------------------------------------+---------------+------+------+------+--------+---------------------+------+---------+------------------+


================================================================
== Pragma Report
================================================================
* Valid Pragma Syntax
+----------------+-------------------------+-----------------------------------------------------------------------------------------+
| Type           | Options                 | Location                                                                                |
+----------------+-------------------------+-----------------------------------------------------------------------------------------+
| loop_tripcount | min=3 max=3 avg=3       | data/benchmarks/backprop/backprop.c:23 in soft_max                                      |
| loop_tripcount | min=3 max=3 avg=3       | data/benchmarks/backprop/backprop.c:28 in soft_max                                      |
| loop_tripcount | min=3 max=64            | data/benchmarks/backprop/backprop.c:37 in relu                                          |
| loop_tripcount | min=3 max=64            | data/benchmarks/backprop/backprop.c:49 in add_bias_to_activations                       |
| loop_tripcount | min=64 max=64 avg=64    | data/benchmarks/backprop/backprop.c:61 in matrix_vector_product_with_bias_input_layer   |
| loop_tripcount | min=13 max=13 avg=13    | data/benchmarks/backprop/backprop.c:65 in matrix_vector_product_with_bias_input_layer   |
| loop_tripcount | min=64 max=64 avg=64    | data/benchmarks/backprop/backprop.c:79 in matrix_vector_product_with_bias_second_layer  |
| loop_tripcount | min=64 max=64 avg=64    | data/benchmarks/backprop/backprop.c:83 in matrix_vector_product_with_bias_second_layer  |
| loop_tripcount | min=3 max=3 avg=3       | data/benchmarks/backprop/backprop.c:97 in matrix_vector_product_with_bias_output_layer  |
| loop_tripcount | min=64 max=64 avg=64    | data/benchmarks/backprop/backprop.c:101 in matrix_vector_product_with_bias_output_layer |
| loop_tripcount | min=3 max=3 avg=3       | data/benchmarks/backprop/backprop.c:115 in take_difference                              |
| loop_tripcount | min=64 max=64 avg=64    | data/benchmarks/backprop/backprop.c:126 in get_delta_matrix_weights3                    |
| loop_tripcount | min=3 max=3 avg=3       | data/benchmarks/backprop/backprop.c:129 in get_delta_matrix_weights3                    |
| loop_tripcount | min=64 max=64 avg=64    | data/benchmarks/backprop/backprop.c:142 in get_oracle_activations2                      |
| loop_tripcount | min=3 max=3 avg=3       | data/benchmarks/backprop/backprop.c:146 in get_oracle_activations2                      |
| loop_tripcount | min=64 max=64 avg=64    | data/benchmarks/backprop/backprop.c:159 in get_delta_matrix_weights2                    |
| loop_tripcount | min=64 max=64 avg=64    | data/benchmarks/backprop/backprop.c:162 in get_delta_matrix_weights2                    |
| loop_tripcount | min=64 max=64 avg=64    | data/benchmarks/backprop/backprop.c:175 in get_oracle_activations1                      |
| loop_tripcount | min=64 max=64 avg=64    | data/benchmarks/backprop/backprop.c:179 in get_oracle_activations1                      |
| loop_tripcount | min=13 max=13 avg=13    | data/benchmarks/backprop/backprop.c:192 in get_delta_matrix_weights1                    |
| loop_tripcount | min=64 max=64 avg=64    | data/benchmarks/backprop/backprop.c:195 in get_delta_matrix_weights1                    |
| loop_tripcount | min=13 max=13 avg=13    | data/benchmarks/backprop/backprop.c:220 in update_weights                               |
| loop_tripcount | min=64 max=64 avg=64    | data/benchmarks/backprop/backprop.c:223 in update_weights                               |
| loop_tripcount | min=64 max=64 avg=64    | data/benchmarks/backprop/backprop.c:230 in update_weights                               |
| loop_tripcount | min=13 max=13 avg=13    | data/benchmarks/backprop/backprop.c:240 in update_weights                               |
| loop_tripcount | min=64 max=64 avg=64    | data/benchmarks/backprop/backprop.c:243 in update_weights                               |
| loop_tripcount | min=64 max=64 avg=64    | data/benchmarks/backprop/backprop.c:249 in update_weights                               |
| loop_tripcount | min=64 max=64 avg=64    | data/benchmarks/backprop/backprop.c:258 in update_weights                               |
| loop_tripcount | min=64 max=64 avg=64    | data/benchmarks/backprop/backprop.c:261 in update_weights                               |
| loop_tripcount | min=64 max=64 avg=64    | data/benchmarks/backprop/backprop.c:268 in update_weights                               |
| loop_tripcount | min=64 max=64 avg=64    | data/benchmarks/backprop/backprop.c:278 in update_weights                               |
| loop_tripcount | min=64 max=64 avg=64    | data/benchmarks/backprop/backprop.c:281 in update_weights                               |
| loop_tripcount | min=64 max=64 avg=64    | data/benchmarks/backprop/backprop.c:287 in update_weights                               |
| loop_tripcount | min=64 max=64 avg=64    | data/benchmarks/backprop/backprop.c:296 in update_weights                               |
| loop_tripcount | min=3 max=3 avg=3       | data/benchmarks/backprop/backprop.c:299 in update_weights                               |
| loop_tripcount | min=3 max=3 avg=3       | data/benchmarks/backprop/backprop.c:306 in update_weights                               |
| loop_tripcount | min=64 max=64 avg=64    | data/benchmarks/backprop/backprop.c:316 in update_weights                               |
| loop_tripcount | min=3 max=3 avg=3       | data/benchmarks/backprop/backprop.c:319 in update_weights                               |
| loop_tripcount | min=3 max=3 avg=3       | data/benchmarks/backprop/backprop.c:325 in update_weights                               |
| loop_tripcount | min=163 max=163 avg=163 | data/benchmarks/backprop/backprop.c:357 in backprop                                     |
| loop_tripcount | min=64 max=64 avg=64    | data/benchmarks/backprop/backprop.c:360 in backprop                                     |
| loop_flatten   | off=true                | ../anchor_configs/backprop.tcl:69 in backprop                                           |
| pipeline       | off=true                | ../anchor_configs/backprop.tcl:35 in backprop                                           |
| pipeline       | off=true                | ../anchor_configs/backprop.tcl:36 in backprop                                           |
| inline         | off=true                | ../anchor_configs/backprop.tcl:50 in get_delta_matrix_weights1                          |
| loop_flatten   | off=true                | ../anchor_configs/backprop.tcl:60 in get_delta_matrix_weights1                          |
| pipeline       | off=true                | ../anchor_configs/backprop.tcl:11 in get_delta_matrix_weights1                          |
| pipeline       | off=true                | ../anchor_configs/backprop.tcl:12 in get_delta_matrix_weights1                          |
| pipeline       | off=true                | ../anchor_configs/backprop.tcl:40 in get_delta_matrix_weights1                          |
| inline         | off=true                | ../anchor_configs/backprop.tcl:51 in get_delta_matrix_weights2                          |
| loop_flatten   | off=true                | ../anchor_configs/backprop.tcl:61 in get_delta_matrix_weights2                          |
| pipeline       | off=true                | ../anchor_configs/backprop.tcl:13 in get_delta_matrix_weights2                          |
| pipeline       | off=true                | ../anchor_configs/backprop.tcl:14 in get_delta_matrix_weights2                          |
| pipeline       | off=true                | ../anchor_configs/backprop.tcl:41 in get_delta_matrix_weights2                          |
| inline         | off=true                | ../anchor_configs/backprop.tcl:52 in get_delta_matrix_weights3                          |
| loop_flatten   | off=true                | ../anchor_configs/backprop.tcl:62 in get_delta_matrix_weights3                          |
| pipeline       | off=true                | ../anchor_configs/backprop.tcl:15 in get_delta_matrix_weights3                          |
| pipeline       | off=true                | ../anchor_configs/backprop.tcl:16 in get_delta_matrix_weights3                          |
| pipeline       | off=true                | ../anchor_configs/backprop.tcl:42 in get_delta_matrix_weights3                          |
| inline         | off=true                | ../anchor_configs/backprop.tcl:53 in get_oracle_activations1                            |
| loop_flatten   | off=true                | ../anchor_configs/backprop.tcl:58 in get_oracle_activations1                            |
| pipeline       | off=true                | ../anchor_configs/backprop.tcl:7 in get_oracle_activations1                             |
| pipeline       | off=true                | ../anchor_configs/backprop.tcl:8 in get_oracle_activations1                             |
| pipeline       | off=true                | ../anchor_configs/backprop.tcl:43 in get_oracle_activations1                            |
| inline         | off=true                | ../anchor_configs/backprop.tcl:54 in get_oracle_activations2                            |
| loop_flatten   | off=true                | ../anchor_configs/backprop.tcl:59 in get_oracle_activations2                            |
| pipeline       | off=true                | ../anchor_configs/backprop.tcl:9 in get_oracle_activations2                             |
| pipeline       | off=true                | ../anchor_configs/backprop.tcl:10 in get_oracle_activations2                            |
| pipeline       | off=true                | ../anchor_configs/backprop.tcl:44 in get_oracle_activations2                            |
| inline         | off=true                | ../anchor_configs/backprop.tcl:47 in matrix_vector_product_with_bias_input_layer        |
| loop_flatten   | off=true                | ../anchor_configs/backprop.tcl:55 in matrix_vector_product_with_bias_input_layer        |
| pipeline       | off=true                | ../anchor_configs/backprop.tcl:1 in matrix_vector_product_with_bias_input_layer         |
| pipeline       | off=true                | ../anchor_configs/backprop.tcl:2 in matrix_vector_product_with_bias_input_layer         |
| pipeline       | off=true                | ../anchor_configs/backprop.tcl:37 in matrix_vector_product_with_bias_input_layer        |
| inline         | off=true                | ../anchor_configs/backprop.tcl:49 in matrix_vector_product_with_bias_output_layer       |
| loop_flatten   | off=true                | ../anchor_configs/backprop.tcl:57 in matrix_vector_product_with_bias_output_layer       |
| pipeline       | off=true                | ../anchor_configs/backprop.tcl:5 in matrix_vector_product_with_bias_output_layer        |
| pipeline       | off=true                | ../anchor_configs/backprop.tcl:6 in matrix_vector_product_with_bias_output_layer        |
| pipeline       | off=true                | ../anchor_configs/backprop.tcl:39 in matrix_vector_product_with_bias_output_layer       |
| inline         | off=true                | ../anchor_configs/backprop.tcl:48 in matrix_vector_product_with_bias_second_layer       |
| loop_flatten   | off=true                | ../anchor_configs/backprop.tcl:56 in matrix_vector_product_with_bias_second_layer       |
| pipeline       | off=true                | ../anchor_configs/backprop.tcl:3 in matrix_vector_product_with_bias_second_layer        |
| pipeline       | off=true                | ../anchor_configs/backprop.tcl:4 in matrix_vector_product_with_bias_second_layer        |
| pipeline       | off=true                | ../anchor_configs/backprop.tcl:38 in matrix_vector_product_with_bias_second_layer       |
| inline         | off=true                | ../anchor_configs/backprop.tcl:46 in update_weights                                     |
| loop_flatten   | off=true                | ../anchor_configs/backprop.tcl:63 in update_weights                                     |
| loop_flatten   | off=true                | ../anchor_configs/backprop.tcl:64 in update_weights                                     |
| loop_flatten   | off=true                | ../anchor_configs/backprop.tcl:65 in update_weights                                     |
| loop_flatten   | off=true                | ../anchor_configs/backprop.tcl:66 in update_weights                                     |
| loop_flatten   | off=true                | ../anchor_configs/backprop.tcl:67 in update_weights                                     |
| loop_flatten   | off=true                | ../anchor_configs/backprop.tcl:68 in update_weights                                     |
| pipeline       | off=true                | ../anchor_configs/backprop.tcl:17 in update_weights                                     |
| pipeline       | off=true                | ../anchor_configs/backprop.tcl:18 in update_weights                                     |
| pipeline       | off=true                | ../anchor_configs/backprop.tcl:19 in update_weights                                     |
| pipeline       | off=true                | ../anchor_configs/backprop.tcl:20 in update_weights                                     |
| pipeline       | off=true                | ../anchor_configs/backprop.tcl:21 in update_weights                                     |
| pipeline       | off=true                | ../anchor_configs/backprop.tcl:22 in update_weights                                     |
| pipeline       | off=true                | ../anchor_configs/backprop.tcl:23 in update_weights                                     |
| pipeline       | off=true                | ../anchor_configs/backprop.tcl:24 in update_weights                                     |
| pipeline       | off=true                | ../anchor_configs/backprop.tcl:25 in update_weights                                     |
| pipeline       | off=true                | ../anchor_configs/backprop.tcl:26 in update_weights                                     |
| pipeline       | off=true                | ../anchor_configs/backprop.tcl:27 in update_weights                                     |
| pipeline       | off=true                | ../anchor_configs/backprop.tcl:28 in update_weights                                     |
| pipeline       | off=true                | ../anchor_configs/backprop.tcl:29 in update_weights                                     |
| pipeline       | off=true                | ../anchor_configs/backprop.tcl:30 in update_weights                                     |
| pipeline       | off=true                | ../anchor_configs/backprop.tcl:31 in update_weights                                     |
| pipeline       | off=true                | ../anchor_configs/backprop.tcl:32 in update_weights                                     |
| pipeline       | off=true                | ../anchor_configs/backprop.tcl:33 in update_weights                                     |
| pipeline       | off=true                | ../anchor_configs/backprop.tcl:34 in update_weights                                     |
| pipeline       | off=true                | ../anchor_configs/backprop.tcl:45 in update_weights                                     |
+----------------+-------------------------+-----------------------------------------------------------------------------------------+


