================================================================
== Vivado Place & Route Results
================================================================
+ General Information:
    * Date:            Sun Sep 14 01:23:48 -03 2025
    * Version:         2023.2 (Build 4023990 on Oct 11 2023)
    * Project:         BACKPROP
    * Solution:        solution0 (Vivado IP Flow Target)
    * Product family:  virtexuplusHBM
    * Target device:   xcu50-fsvh2104-2-e


================================================================
== Run Constraints & Options
================================================================
+ Design Constraints & Options:
    * Place & Route target clock:  8 ns
    * C-Synthesis target clock:    8 ns
    * C-Synthesis uncertainty:     27%

+ RTL Synthesis Options:
    * config_export -vivado_synth_strategy:     default
    * config_export -vivado_synth_design_args:  -directive sdx_optimization_effort_high

+ Place & Route Options:
    * config_export -vivado_impl_strategy:  default
    * config_export -vivado_phys_opt:       none

+ Reporting Options:
    * config_export -vivado_report_level:      2
    * config_export -vivado_max_timing_paths:  10


================================================================
== Place & Route Resource Summary
================================================================
LUT:              14779
FF:               11292
DSP:              48
BRAM:             6
URAM:             1
SRL:              220


================================================================
== Place & Route Timing Summary
================================================================
* Timing was met
+----------------+-------------+
| Timing         | Period (ns) |
+----------------+-------------+
| Target         | 8.000       |
| Post-Synthesis | 5.022       |
| Post-Route     | 6.399       |
+----------------+-------------+


================================================================
== Place & Route Resources
================================================================
+-----------------------------------------------------------------+-------+-------+-----+------+------+-----+--------+------+---------+----------+--------+
| Name                                                            | LUT   | FF    | DSP | BRAM | URAM | SRL | Pragma | Impl | Latency | Variable | Source |
+-----------------------------------------------------------------+-------+-------+-----+------+------+-----+--------+------+---------+----------+--------+
| inst                                                            | 14779 | 11292 | 48  | 6    | 1    |     |        |      |         |          |        |
|   (inst)                                                        | 20    | 1088  |     |      |      |     |        |      |         |          |        |
|   activations1_U                                                | 128   | 128   |     |      |      |     |        |      |         |          |        |
|   activations2_U                                                | 256   | 128   |     |      |      |     |        |      |         |          |        |
|   dactivations1_U                                               | 64    | 64    |     |      |      |     |        |      |         |          |        |
|   dactivations2_U                                               | 128   | 64    |     |      |      |     |        |      |         |          |        |
|   dadd_64ns_64ns_64_4_full_dsp_1_U168                           | 700   | 366   | 3   |      |      |     |        |      |         |          |        |
|     (dadd_64ns_64ns_64_4_full_dsp_1_U168)                       |       | 128   |     |      |      |     |        |      |         |          |        |
|   dadddsub_64ns_64ns_64_4_full_dsp_1_U166                       | 704   | 367   | 3   |      |      |     |        |      |         |          |        |
|   ddiv_64ns_64ns_64_14_no_dsp_1_U169                            | 3299  | 1330  |     |      |      |     |        |      |         |          |        |
|     (ddiv_64ns_64ns_64_14_no_dsp_1_U169)                        |       | 128   |     |      |      |     |        |      |         |          |        |
|   delta_weights1_U                                              |       |       |     | 4    |      |     |        |      |         |          |        |
|   delta_weights2_U                                              |       |       |     |      | 1    |     |        |      |         |          |        |
|   delta_weights3_U                                              |       |       |     | 2    |      |     |        |      |         |          |        |
|   dexp_64ns_64ns_64_10_full_dsp_1_U170                          | 1788  | 775   | 26  |      |      |     |        |      |         |          |        |
|     (dexp_64ns_64ns_64_10_full_dsp_1_U170)                      |       | 64    |     |      |      |     |        |      |         |          |        |
|   dmul_64ns_64ns_64_4_max_dsp_1_U167                            | 199   | 211   | 8   |      |      |     |        |      |         |          |        |
|   dmul_64ns_64ns_64_4_max_dsp_1_U171                            | 100   | 211   | 8   |      |      |     |        |      |         |          |        |
|     (dmul_64ns_64ns_64_4_max_dsp_1_U171)                        |       | 128   |     |      |      |     |        |      |         |          |        |
|   grp_backprop_Pipeline_RELU_loop11_fu_288                      | 69    | 160   |     |      |      |     |        |      |         |          |        |
|     (grp_backprop_Pipeline_RELU_loop11_fu_288)                  | 55    | 158   |     |      |      |     |        |      |         |          |        |
|   grp_backprop_Pipeline_RELU_loop12_fu_306                      | 1042  | 679   |     |      |      |     |        |      |         |          |        |
|     (grp_backprop_Pipeline_RELU_loop12_fu_306)                  | 650   | 677   |     |      |      |     |        |      |         |          |        |
|   grp_backprop_Pipeline_RELU_loop1_fu_272                       | 366   | 334   |     |      |      |     |        |      |         |          |        |
|     (grp_backprop_Pipeline_RELU_loop1_fu_272)                   | 352   | 332   |     |      |      |     |        |      |         |          |        |
|   grp_backprop_Pipeline_backprop_loop1_1_fu_248                 | 43    | 201   |     |      |      |     |        |      |         |          |        |
|     (grp_backprop_Pipeline_backprop_loop1_1_fu_248)             | 1     | 199   |     |      |      |     |        |      |         |          |        |
|   grp_backprop_Pipeline_soft_max_loop1_fu_322                   | 147   | 205   |     |      |      |     |        |      |         |          |        |
|     (grp_backprop_Pipeline_soft_max_loop1_fu_322)               | 72    | 203   |     |      |      |     |        |      |         |          |        |
|   grp_backprop_Pipeline_soft_max_loop2_fu_330                   | 112   | 351   |     |      |      |     |        |      |         |          |        |
|     (grp_backprop_Pipeline_soft_max_loop2_fu_330)               | 102   | 349   |     |      |      |     |        |      |         |          |        |
|   grp_backprop_Pipeline_take_difference_loop1_fu_344            | 274   | 223   |     |      |      |     |        |      |         |          |        |
|     (grp_backprop_Pipeline_take_difference_loop1_fu_344)        | 190   | 221   |     |      |      |     |        |      |         |          |        |
|   grp_get_delta_matrix_weights1_1_fu_399                        | 31    | 108   |     |      |      |     |        |      |         |          |        |
|   grp_get_delta_matrix_weights2_fu_383                          | 86    | 189   |     |      |      |     |        |      |         |          |        |
|   grp_get_delta_matrix_weights3_fu_363                          | 28    | 105   |     |      |      |     |        |      |         |          |        |
|   grp_get_oracle_activations1_1_fu_390                          | 292   | 242   |     |      |      |     |        |      |         |          |        |
|   grp_get_oracle_activations2_1_fu_372                          | 109   | 238   |     |      |      |     |        |      |         |          |        |
|   grp_matrix_vector_product_with_bias_input_layer_1_fu_260      | 274   | 280   |     |      |      |     |        |      |         |          |        |
|     (grp_matrix_vector_product_with_bias_input_layer_1_fu_260)  | 232   | 260   |     |      |      |     |        |      |         |          |        |
|   grp_matrix_vector_product_with_bias_output_layer_1_fu_294     | 669   | 559   |     |      |      |     |        |      |         |          |        |
|     (grp_matrix_vector_product_with_bias_output_layer_1_fu_294) | 267   | 353   |     |      |      |     |        |      |         |          |        |
|   grp_matrix_vector_product_with_bias_second_layer_1_fu_278     | 230   | 254   |     |      |      |     |        |      |         |          |        |
|     (grp_matrix_vector_product_with_bias_second_layer_1_fu_278) | 183   | 236   |     |      |      |     |        |      |         |          |        |
|   grp_update_weights_1_fu_408                                   | 3435  | 2304  |     |      |      |     |        |      |         |          |        |
|     (grp_update_weights_1_fu_408)                               | 1565  | 1594  |     |      |      |     |        |      |         |          |        |
|     dsqrt_64ns_64ns_64_12_no_dsp_1_U149                         | 1870  | 710   |     |      |      |     |        |      |         |          |        |
|   oracle_activations1_U                                         | 128   | 64    |     |      |      |     |        |      |         |          |        |
|   oracle_activations2_U                                         | 64    | 64    |     |      |      |     |        |      |         |          |        |
+-----------------------------------------------------------------+-------+-------+-----+------+------+-----+--------+------+---------+----------+--------+


================================================================
== Place & Route Fail Fast
================================================================
+-----------------------------------------------------------+-----------+--------+--------+
| Criteria                                                  | Guideline | Actual | Status |
+-----------------------------------------------------------+-----------+--------+--------+
| LUT                                                       | 70%       | 1.70%  | OK     |
| FD                                                        | 50%       | 0.65%  | OK     |
| LUTRAM+SRL                                                | 25%       | 0.18%  | OK     |
| CARRY8                                                    | 25%       | 0.71%  | OK     |
| MUXF7                                                     | 15%       | 0.10%  | OK     |
| DSP                                                       | 80%       | 0.81%  | OK     |
| RAMB/FIFO                                                 | 80%       | 0.22%  | OK     |
| URAM                                                      | 80%       | 0.16%  | OK     |
| DSP+RAMB+URAM (Avg)                                       | 70%       | 0.40%  | OK     |
| BUFGCE* + BUFGCTRL                                        | 24        | 0      | OK     |
| DONT_TOUCH (cells/nets)                                   | 0         | 0      | OK     |
| MARK_DEBUG (nets)                                         | 0         | 0      | OK     |
| Control Sets                                              | 16344     | 171    | OK     |
| Average Fanout for modules > 100k cells                   | 4         | 1.71   | OK     |
| Max Average Fanout for modules > 100k cells               | 4         | 0      | OK     |
| Non-FD high fanout nets > 10k loads                       | 0         | 0      | OK     |
+-----------------------------------------------------------+-----------+--------+--------+
| TIMING-6 (No common primary clock between related clocks) | 0         | 0      | OK     |
| TIMING-7 (No common node between related clocks)          | 0         | 0      | OK     |
| TIMING-8 (No common period between related clocks)        | 0         | 0      | OK     |
| TIMING-14 (LUT on the clock tree)                         | 0         | 0      | OK     |
| TIMING-35 (No common node in paths with the same clock)   | 0         | 0      | OK     |
+-----------------------------------------------------------+-----------+--------+--------+
| Number of paths above max LUT budgeting (0.300ns)         | 0         | 0      | OK     |
| Number of paths above max Net budgeting (0.208ns)         | 0         | 0      | OK     |
+-----------------------------------------------------------+-----------+--------+--------+


================================================================
== Place & Route Timing Paths
================================================================
* Timing was met
+-------+-------+-------------------------------------------------------------------------------------------------+---------------------------------------------------------------------------------------------------------------+--------------+------------+----------------+----------------+--------------+
| Path  | SLACK | STARTPOINT PIN                                                                                  | ENDPOINT PIN                                                                                                  | LOGIC LEVELS | MAX FANOUT | DATAPATH DELAY | DATAPATH LOGIC | DATAPATH NET |
|       |       |                                                                                                 |                                                                                                               |              |            |                |          DELAY |        DELAY |
+-------+-------+-------------------------------------------------------------------------------------------------+---------------------------------------------------------------------------------------------------------------+--------------+------------+----------------+----------------+--------------+
| Path1 | 1.601 | i_synth/SQRT_OP.SPD.OP/i_mant_calc.MANT_SQRT/RT[47].Q_DEL/i_pipe/opt_has_pipe.first_q_reg[4]/C  | i_synth/SQRT_OP.SPD.OP/i_mant_calc.MANT_SQRT/RT[53].ADDSUB/ADDSUB/Q_DEL/i_pipe/opt_has_pipe.first_q_reg[57]/D |           46 |         56 |          6.380 |          2.731 |        3.649 |
| Path2 | 1.874 | i_synth/SQRT_OP.SPD.OP/i_mant_calc.MANT_SQRT/RT[41].Q_DEL/i_pipe/opt_has_pipe.first_q_reg[20]/C | i_synth/SQRT_OP.SPD.OP/i_mant_calc.MANT_SQRT/RT[47].ADDSUB/ADDSUB/Q_DEL/i_pipe/opt_has_pipe.first_q_reg[51]/D |           40 |         50 |          6.105 |          2.587 |        3.518 |
| Path3 | 1.881 | i_synth/SQRT_OP.SPD.OP/i_mant_calc.MANT_SQRT/RT[41].Q_DEL/i_pipe/opt_has_pipe.first_q_reg[20]/C | i_synth/SQRT_OP.SPD.OP/i_mant_calc.MANT_SQRT/RT[47].ADDSUB/ADDSUB/Q_DEL/i_pipe/opt_has_pipe.first_q_reg[47]/D |           39 |         50 |          6.098 |          2.606 |        3.492 |
| Path4 | 1.881 | i_synth/SQRT_OP.SPD.OP/i_mant_calc.MANT_SQRT/RT[41].Q_DEL/i_pipe/opt_has_pipe.first_q_reg[20]/C | i_synth/SQRT_OP.SPD.OP/i_mant_calc.MANT_SQRT/RT[47].ADDSUB/ADDSUB/Q_DEL/i_pipe/opt_has_pipe.first_q_reg[49]/D |           40 |         50 |          6.098 |          2.581 |        3.517 |
| Path5 | 1.882 | i_synth/SQRT_OP.SPD.OP/i_mant_calc.MANT_SQRT/RT[41].Q_DEL/i_pipe/opt_has_pipe.first_q_reg[20]/C | i_synth/SQRT_OP.SPD.OP/i_mant_calc.MANT_SQRT/RT[47].ADDSUB/ADDSUB/Q_DEL/i_pipe/opt_has_pipe.first_q_reg[45]/D |           39 |         50 |          6.097 |          2.606 |        3.491 |
+-------+-------+-------------------------------------------------------------------------------------------------+---------------------------------------------------------------------------------------------------------------+--------------+------------+----------------+----------------+--------------+

    +---------------------------------------------------------------------------------------------------------------+-------------------+
    | Path1 Cells                                                                                                   | Primitive Type    |
    +---------------------------------------------------------------------------------------------------------------+-------------------+
    | i_synth/SQRT_OP.SPD.OP/i_mant_calc.MANT_SQRT/RT[47].Q_DEL/i_pipe/opt_has_pipe.first_q_reg[4]                  | REGISTER.SDR.FDRE |
    | i_synth/SQRT_OP.SPD.OP/i_mant_calc.MANT_SQRT/RT[48].ADDSUB/CHAIN_GEN[8].C_MUX.CARRY_MUX_i_1                   | CLB.LUT.LUT3      |
    | i_synth/SQRT_OP.SPD.OP/i_mant_calc.MANT_SQRT/RT[48].ADDSUB/ADDSUB/CHAIN_GEN[8].C_MUX.CARRY_MUX_CARRY4_CARRY8  | CLB.CARRY.CARRY8  |
    | i_synth/SQRT_OP.SPD.OP/i_mant_calc.MANT_SQRT/RT[48].ADDSUB/ADDSUB/CHAIN_GEN[16].C_MUX.CARRY_MUX_CARRY4_CARRY8 | CLB.CARRY.CARRY8  |
    | i_synth/SQRT_OP.SPD.OP/i_mant_calc.MANT_SQRT/RT[48].ADDSUB/ADDSUB/CHAIN_GEN[24].C_MUX.CARRY_MUX_CARRY4_CARRY8 | CLB.CARRY.CARRY8  |
    | i_synth/SQRT_OP.SPD.OP/i_mant_calc.MANT_SQRT/RT[48].ADDSUB/ADDSUB/CHAIN_GEN[32].C_MUX.CARRY_MUX_CARRY4_CARRY8 | CLB.CARRY.CARRY8  |
    | i_synth/SQRT_OP.SPD.OP/i_mant_calc.MANT_SQRT/RT[48].ADDSUB/ADDSUB/CHAIN_GEN[40].C_MUX.CARRY_MUX_CARRY4_CARRY8 | CLB.CARRY.CARRY8  |
    | i_synth/SQRT_OP.SPD.OP/i_mant_calc.MANT_SQRT/RT[48].ADDSUB/ADDSUB/CHAIN_GEN[48].C_MUX.CARRY_MUX_CARRY4_CARRY8 | CLB.CARRY.CARRY8  |
    | i_synth/SQRT_OP.SPD.OP/i_mant_calc.MANT_SQRT/RT[49].ADDSUB/CHAIN_GEN[3].C_MUX.CARRY_MUX_i_1                   | CLB.LUT.LUT3      |
    | i_synth/SQRT_OP.SPD.OP/i_mant_calc.MANT_SQRT/RT[49].ADDSUB/ADDSUB/CHAIN_GEN[0].C_MUX.CARRY_MUX_CARRY4_CARRY8  | CLB.CARRY.CARRY8  |
    | i_synth/SQRT_OP.SPD.OP/i_mant_calc.MANT_SQRT/RT[49].ADDSUB/ADDSUB/CHAIN_GEN[8].C_MUX.CARRY_MUX_CARRY4_CARRY8  | CLB.CARRY.CARRY8  |
    | i_synth/SQRT_OP.SPD.OP/i_mant_calc.MANT_SQRT/RT[49].ADDSUB/ADDSUB/CHAIN_GEN[16].C_MUX.CARRY_MUX_CARRY4_CARRY8 | CLB.CARRY.CARRY8  |
    | i_synth/SQRT_OP.SPD.OP/i_mant_calc.MANT_SQRT/RT[49].ADDSUB/ADDSUB/CHAIN_GEN[24].C_MUX.CARRY_MUX_CARRY4_CARRY8 | CLB.CARRY.CARRY8  |
    | i_synth/SQRT_OP.SPD.OP/i_mant_calc.MANT_SQRT/RT[49].ADDSUB/ADDSUB/CHAIN_GEN[32].C_MUX.CARRY_MUX_CARRY4_CARRY8 | CLB.CARRY.CARRY8  |
    | i_synth/SQRT_OP.SPD.OP/i_mant_calc.MANT_SQRT/RT[49].ADDSUB/ADDSUB/CHAIN_GEN[40].C_MUX.CARRY_MUX_CARRY4_CARRY8 | CLB.CARRY.CARRY8  |
    | i_synth/SQRT_OP.SPD.OP/i_mant_calc.MANT_SQRT/RT[49].ADDSUB/ADDSUB/CHAIN_GEN[48].C_MUX.CARRY_MUX_CARRY4_CARRY8 | CLB.CARRY.CARRY8  |
    | i_synth/SQRT_OP.SPD.OP/i_mant_calc.MANT_SQRT/RT[50].ADDSUB/CHAIN_GEN[13].C_MUX.CARRY_MUX_i_1                  | CLB.LUT.LUT3      |
    | i_synth/SQRT_OP.SPD.OP/i_mant_calc.MANT_SQRT/RT[50].ADDSUB/ADDSUB/CHAIN_GEN[8].C_MUX.CARRY_MUX_CARRY4_CARRY8  | CLB.CARRY.CARRY8  |
    | i_synth/SQRT_OP.SPD.OP/i_mant_calc.MANT_SQRT/RT[50].ADDSUB/ADDSUB/CHAIN_GEN[16].C_MUX.CARRY_MUX_CARRY4_CARRY8 | CLB.CARRY.CARRY8  |
    | i_synth/SQRT_OP.SPD.OP/i_mant_calc.MANT_SQRT/RT[50].ADDSUB/ADDSUB/CHAIN_GEN[24].C_MUX.CARRY_MUX_CARRY4_CARRY8 | CLB.CARRY.CARRY8  |
    | i_synth/SQRT_OP.SPD.OP/i_mant_calc.MANT_SQRT/RT[50].ADDSUB/ADDSUB/CHAIN_GEN[32].C_MUX.CARRY_MUX_CARRY4_CARRY8 | CLB.CARRY.CARRY8  |
    | i_synth/SQRT_OP.SPD.OP/i_mant_calc.MANT_SQRT/RT[50].ADDSUB/ADDSUB/CHAIN_GEN[40].C_MUX.CARRY_MUX_CARRY4_CARRY8 | CLB.CARRY.CARRY8  |
    | i_synth/SQRT_OP.SPD.OP/i_mant_calc.MANT_SQRT/RT[50].ADDSUB/ADDSUB/CHAIN_GEN[48].C_MUX.CARRY_MUX_CARRY4_CARRY8 | CLB.CARRY.CARRY8  |
    | i_synth/SQRT_OP.SPD.OP/i_mant_calc.MANT_SQRT/RT[51].ADDSUB/addend_a_up                                        | CLB.LUT.LUT1      |
    | i_synth/SQRT_OP.SPD.OP/i_mant_calc.MANT_SQRT/RT[51].ADDSUB/ADDSUB/CHAIN_GEN[0].C_MUX.CARRY_MUX_CARRY4_CARRY8  | CLB.CARRY.CARRY8  |
    | i_synth/SQRT_OP.SPD.OP/i_mant_calc.MANT_SQRT/RT[51].ADDSUB/ADDSUB/CHAIN_GEN[8].C_MUX.CARRY_MUX_CARRY4_CARRY8  | CLB.CARRY.CARRY8  |
    | i_synth/SQRT_OP.SPD.OP/i_mant_calc.MANT_SQRT/RT[51].ADDSUB/ADDSUB/CHAIN_GEN[16].C_MUX.CARRY_MUX_CARRY4_CARRY8 | CLB.CARRY.CARRY8  |
    | i_synth/SQRT_OP.SPD.OP/i_mant_calc.MANT_SQRT/RT[51].ADDSUB/ADDSUB/CHAIN_GEN[24].C_MUX.CARRY_MUX_CARRY4_CARRY8 | CLB.CARRY.CARRY8  |
    | i_synth/SQRT_OP.SPD.OP/i_mant_calc.MANT_SQRT/RT[51].ADDSUB/ADDSUB/CHAIN_GEN[32].C_MUX.CARRY_MUX_CARRY4_CARRY8 | CLB.CARRY.CARRY8  |
    | i_synth/SQRT_OP.SPD.OP/i_mant_calc.MANT_SQRT/RT[51].ADDSUB/ADDSUB/CHAIN_GEN[40].C_MUX.CARRY_MUX_CARRY4_CARRY8 | CLB.CARRY.CARRY8  |
    | i_synth/SQRT_OP.SPD.OP/i_mant_calc.MANT_SQRT/RT[51].ADDSUB/ADDSUB/CHAIN_GEN[48].C_MUX.CARRY_MUX_CARRY4_CARRY8 | CLB.CARRY.CARRY8  |
    | i_synth/SQRT_OP.SPD.OP/i_mant_calc.MANT_SQRT/RT[52].ADDSUB/CHAIN_GEN[5].C_MUX.CARRY_MUX_i_1                   | CLB.LUT.LUT3      |
    | i_synth/SQRT_OP.SPD.OP/i_mant_calc.MANT_SQRT/RT[52].ADDSUB/ADDSUB/CHAIN_GEN[0].C_MUX.CARRY_MUX_CARRY4_CARRY8  | CLB.CARRY.CARRY8  |
    | i_synth/SQRT_OP.SPD.OP/i_mant_calc.MANT_SQRT/RT[52].ADDSUB/ADDSUB/CHAIN_GEN[8].C_MUX.CARRY_MUX_CARRY4_CARRY8  | CLB.CARRY.CARRY8  |
    | i_synth/SQRT_OP.SPD.OP/i_mant_calc.MANT_SQRT/RT[52].ADDSUB/ADDSUB/CHAIN_GEN[16].C_MUX.CARRY_MUX_CARRY4_CARRY8 | CLB.CARRY.CARRY8  |
    | i_synth/SQRT_OP.SPD.OP/i_mant_calc.MANT_SQRT/RT[52].ADDSUB/ADDSUB/CHAIN_GEN[24].C_MUX.CARRY_MUX_CARRY4_CARRY8 | CLB.CARRY.CARRY8  |
    | i_synth/SQRT_OP.SPD.OP/i_mant_calc.MANT_SQRT/RT[52].ADDSUB/ADDSUB/CHAIN_GEN[32].C_MUX.CARRY_MUX_CARRY4_CARRY8 | CLB.CARRY.CARRY8  |
    | i_synth/SQRT_OP.SPD.OP/i_mant_calc.MANT_SQRT/RT[52].ADDSUB/ADDSUB/CHAIN_GEN[40].C_MUX.CARRY_MUX_CARRY4_CARRY8 | CLB.CARRY.CARRY8  |
    | i_synth/SQRT_OP.SPD.OP/i_mant_calc.MANT_SQRT/RT[52].ADDSUB/ADDSUB/CHAIN_GEN[48].C_MUX.CARRY_MUX_CARRY4_CARRY8 | CLB.CARRY.CARRY8  |
    | i_synth/SQRT_OP.SPD.OP/i_mant_calc.MANT_SQRT/RT[53].ADDSUB/ADDSUB/CHAIN_GEN[0].C_MUX.CARRY_MUX_CARRY4_CARRY8  | CLB.CARRY.CARRY8  |
    | i_synth/SQRT_OP.SPD.OP/i_mant_calc.MANT_SQRT/RT[53].ADDSUB/ADDSUB/CHAIN_GEN[8].C_MUX.CARRY_MUX_CARRY4_CARRY8  | CLB.CARRY.CARRY8  |
    | i_synth/SQRT_OP.SPD.OP/i_mant_calc.MANT_SQRT/RT[53].ADDSUB/ADDSUB/CHAIN_GEN[16].C_MUX.CARRY_MUX_CARRY4_CARRY8 | CLB.CARRY.CARRY8  |
    | i_synth/SQRT_OP.SPD.OP/i_mant_calc.MANT_SQRT/RT[53].ADDSUB/ADDSUB/CHAIN_GEN[24].C_MUX.CARRY_MUX_CARRY4_CARRY8 | CLB.CARRY.CARRY8  |
    | i_synth/SQRT_OP.SPD.OP/i_mant_calc.MANT_SQRT/RT[53].ADDSUB/ADDSUB/CHAIN_GEN[32].C_MUX.CARRY_MUX_CARRY4_CARRY8 | CLB.CARRY.CARRY8  |
    | i_synth/SQRT_OP.SPD.OP/i_mant_calc.MANT_SQRT/RT[53].ADDSUB/ADDSUB/CHAIN_GEN[40].C_MUX.CARRY_MUX_CARRY4_CARRY8 | CLB.CARRY.CARRY8  |
    | i_synth/SQRT_OP.SPD.OP/i_mant_calc.MANT_SQRT/RT[53].ADDSUB/ADDSUB/CHAIN_GEN[48].C_MUX.CARRY_MUX_CARRY4_CARRY8 | CLB.CARRY.CARRY8  |
    | i_synth/SQRT_OP.SPD.OP/i_mant_calc.MANT_SQRT/RT[53].ADDSUB/ADDSUB/CHAIN_GEN[56].C_MUX.CARRY_MUX_CARRY4_CARRY8 | CLB.CARRY.CARRY8  |
    | i_synth/SQRT_OP.SPD.OP/i_mant_calc.MANT_SQRT/RT[53].ADDSUB/ADDSUB/Q_DEL/i_pipe/opt_has_pipe.first_q_reg[57]   | REGISTER.SDR.FDRE |
    +---------------------------------------------------------------------------------------------------------------+-------------------+

    +---------------------------------------------------------------------------------------------------------------+-------------------+
    | Path2 Cells                                                                                                   | Primitive Type    |
    +---------------------------------------------------------------------------------------------------------------+-------------------+
    | i_synth/SQRT_OP.SPD.OP/i_mant_calc.MANT_SQRT/RT[41].Q_DEL/i_pipe/opt_has_pipe.first_q_reg[20]                 | REGISTER.SDR.FDRE |
    | i_synth/SQRT_OP.SPD.OP/i_mant_calc.MANT_SQRT/RT[42].ADDSUB/CHAIN_GEN[24].C_MUX.CARRY_MUX_i_1                  | CLB.LUT.LUT3      |
    | i_synth/SQRT_OP.SPD.OP/i_mant_calc.MANT_SQRT/RT[42].ADDSUB/ADDSUB/CHAIN_GEN[24].C_MUX.CARRY_MUX_CARRY4_CARRY8 | CLB.CARRY.CARRY8  |
    | i_synth/SQRT_OP.SPD.OP/i_mant_calc.MANT_SQRT/RT[42].ADDSUB/ADDSUB/CHAIN_GEN[32].C_MUX.CARRY_MUX_CARRY4_CARRY8 | CLB.CARRY.CARRY8  |
    | i_synth/SQRT_OP.SPD.OP/i_mant_calc.MANT_SQRT/RT[42].ADDSUB/ADDSUB/CHAIN_GEN[40].C_MUX.CARRY_MUX_CARRY4_CARRY8 | CLB.CARRY.CARRY8  |
    | i_synth/SQRT_OP.SPD.OP/i_mant_calc.MANT_SQRT/RT[43].ADDSUB/CHAIN_GEN[7].C_MUX.CARRY_MUX_i_1                   | CLB.LUT.LUT3      |
    | i_synth/SQRT_OP.SPD.OP/i_mant_calc.MANT_SQRT/RT[43].ADDSUB/ADDSUB/CHAIN_GEN[0].C_MUX.CARRY_MUX_CARRY4_CARRY8  | CLB.CARRY.CARRY8  |
    | i_synth/SQRT_OP.SPD.OP/i_mant_calc.MANT_SQRT/RT[43].ADDSUB/ADDSUB/CHAIN_GEN[8].C_MUX.CARRY_MUX_CARRY4_CARRY8  | CLB.CARRY.CARRY8  |
    | i_synth/SQRT_OP.SPD.OP/i_mant_calc.MANT_SQRT/RT[43].ADDSUB/ADDSUB/CHAIN_GEN[16].C_MUX.CARRY_MUX_CARRY4_CARRY8 | CLB.CARRY.CARRY8  |
    | i_synth/SQRT_OP.SPD.OP/i_mant_calc.MANT_SQRT/RT[43].ADDSUB/ADDSUB/CHAIN_GEN[24].C_MUX.CARRY_MUX_CARRY4_CARRY8 | CLB.CARRY.CARRY8  |
    | i_synth/SQRT_OP.SPD.OP/i_mant_calc.MANT_SQRT/RT[43].ADDSUB/ADDSUB/CHAIN_GEN[32].C_MUX.CARRY_MUX_CARRY4_CARRY8 | CLB.CARRY.CARRY8  |
    | i_synth/SQRT_OP.SPD.OP/i_mant_calc.MANT_SQRT/RT[43].ADDSUB/ADDSUB/CHAIN_GEN[40].C_MUX.CARRY_MUX_CARRY4_CARRY8 | CLB.CARRY.CARRY8  |
    | i_synth/SQRT_OP.SPD.OP/i_mant_calc.MANT_SQRT/RT[44].ADDSUB/ADDSUB/CHAIN_GEN[0].C_MUX.CARRY_MUX_CARRY4_CARRY8  | CLB.CARRY.CARRY8  |
    | i_synth/SQRT_OP.SPD.OP/i_mant_calc.MANT_SQRT/RT[44].ADDSUB/ADDSUB/CHAIN_GEN[8].C_MUX.CARRY_MUX_CARRY4_CARRY8  | CLB.CARRY.CARRY8  |
    | i_synth/SQRT_OP.SPD.OP/i_mant_calc.MANT_SQRT/RT[44].ADDSUB/ADDSUB/CHAIN_GEN[16].C_MUX.CARRY_MUX_CARRY4_CARRY8 | CLB.CARRY.CARRY8  |
    | i_synth/SQRT_OP.SPD.OP/i_mant_calc.MANT_SQRT/RT[44].ADDSUB/ADDSUB/CHAIN_GEN[24].C_MUX.CARRY_MUX_CARRY4_CARRY8 | CLB.CARRY.CARRY8  |
    | i_synth/SQRT_OP.SPD.OP/i_mant_calc.MANT_SQRT/RT[44].ADDSUB/ADDSUB/CHAIN_GEN[32].C_MUX.CARRY_MUX_CARRY4_CARRY8 | CLB.CARRY.CARRY8  |
    | i_synth/SQRT_OP.SPD.OP/i_mant_calc.MANT_SQRT/RT[44].ADDSUB/ADDSUB/CHAIN_GEN[40].C_MUX.CARRY_MUX_CARRY4_CARRY8 | CLB.CARRY.CARRY8  |
    | i_synth/SQRT_OP.SPD.OP/i_mant_calc.MANT_SQRT/RT[45].ADDSUB/ADDSUB/CHAIN_GEN[0].C_MUX.CARRY_MUX_CARRY4_CARRY8  | CLB.CARRY.CARRY8  |
    | i_synth/SQRT_OP.SPD.OP/i_mant_calc.MANT_SQRT/RT[45].ADDSUB/ADDSUB/CHAIN_GEN[8].C_MUX.CARRY_MUX_CARRY4_CARRY8  | CLB.CARRY.CARRY8  |
    | i_synth/SQRT_OP.SPD.OP/i_mant_calc.MANT_SQRT/RT[45].ADDSUB/ADDSUB/CHAIN_GEN[16].C_MUX.CARRY_MUX_CARRY4_CARRY8 | CLB.CARRY.CARRY8  |
    | i_synth/SQRT_OP.SPD.OP/i_mant_calc.MANT_SQRT/RT[45].ADDSUB/ADDSUB/CHAIN_GEN[24].C_MUX.CARRY_MUX_CARRY4_CARRY8 | CLB.CARRY.CARRY8  |
    | i_synth/SQRT_OP.SPD.OP/i_mant_calc.MANT_SQRT/RT[45].ADDSUB/ADDSUB/CHAIN_GEN[32].C_MUX.CARRY_MUX_CARRY4_CARRY8 | CLB.CARRY.CARRY8  |
    | i_synth/SQRT_OP.SPD.OP/i_mant_calc.MANT_SQRT/RT[45].ADDSUB/ADDSUB/CHAIN_GEN[40].C_MUX.CARRY_MUX_CARRY4_CARRY8 | CLB.CARRY.CARRY8  |
    | i_synth/SQRT_OP.SPD.OP/i_mant_calc.MANT_SQRT/RT[45].ADDSUB/ADDSUB/CHAIN_GEN[48].C_MUX.CARRY_MUX_CARRY4_CARRY8 | CLB.CARRY.CARRY8  |
    | i_synth/SQRT_OP.SPD.OP/i_mant_calc.MANT_SQRT/RT[46].ADDSUB/addend_a_up                                        | CLB.LUT.LUT1      |
    | i_synth/SQRT_OP.SPD.OP/i_mant_calc.MANT_SQRT/RT[46].ADDSUB/ADDSUB/CHAIN_GEN[0].C_MUX.CARRY_MUX_CARRY4_CARRY8  | CLB.CARRY.CARRY8  |
    | i_synth/SQRT_OP.SPD.OP/i_mant_calc.MANT_SQRT/RT[46].ADDSUB/ADDSUB/CHAIN_GEN[8].C_MUX.CARRY_MUX_CARRY4_CARRY8  | CLB.CARRY.CARRY8  |
    | i_synth/SQRT_OP.SPD.OP/i_mant_calc.MANT_SQRT/RT[46].ADDSUB/ADDSUB/CHAIN_GEN[16].C_MUX.CARRY_MUX_CARRY4_CARRY8 | CLB.CARRY.CARRY8  |
    | i_synth/SQRT_OP.SPD.OP/i_mant_calc.MANT_SQRT/RT[46].ADDSUB/ADDSUB/CHAIN_GEN[24].C_MUX.CARRY_MUX_CARRY4_CARRY8 | CLB.CARRY.CARRY8  |
    | i_synth/SQRT_OP.SPD.OP/i_mant_calc.MANT_SQRT/RT[46].ADDSUB/ADDSUB/CHAIN_GEN[32].C_MUX.CARRY_MUX_CARRY4_CARRY8 | CLB.CARRY.CARRY8  |
    | i_synth/SQRT_OP.SPD.OP/i_mant_calc.MANT_SQRT/RT[46].ADDSUB/ADDSUB/CHAIN_GEN[40].C_MUX.CARRY_MUX_CARRY4_CARRY8 | CLB.CARRY.CARRY8  |
    | i_synth/SQRT_OP.SPD.OP/i_mant_calc.MANT_SQRT/RT[46].ADDSUB/ADDSUB/CHAIN_GEN[48].C_MUX.CARRY_MUX_CARRY4_CARRY8 | CLB.CARRY.CARRY8  |
    | i_synth/SQRT_OP.SPD.OP/i_mant_calc.MANT_SQRT/RT[47].ADDSUB/CHAIN_GEN[3].C_MUX.CARRY_MUX_i_1                   | CLB.LUT.LUT3      |
    | i_synth/SQRT_OP.SPD.OP/i_mant_calc.MANT_SQRT/RT[47].ADDSUB/ADDSUB/CHAIN_GEN[0].C_MUX.CARRY_MUX_CARRY4_CARRY8  | CLB.CARRY.CARRY8  |
    | i_synth/SQRT_OP.SPD.OP/i_mant_calc.MANT_SQRT/RT[47].ADDSUB/ADDSUB/CHAIN_GEN[8].C_MUX.CARRY_MUX_CARRY4_CARRY8  | CLB.CARRY.CARRY8  |
    | i_synth/SQRT_OP.SPD.OP/i_mant_calc.MANT_SQRT/RT[47].ADDSUB/ADDSUB/CHAIN_GEN[16].C_MUX.CARRY_MUX_CARRY4_CARRY8 | CLB.CARRY.CARRY8  |
    | i_synth/SQRT_OP.SPD.OP/i_mant_calc.MANT_SQRT/RT[47].ADDSUB/ADDSUB/CHAIN_GEN[24].C_MUX.CARRY_MUX_CARRY4_CARRY8 | CLB.CARRY.CARRY8  |
    | i_synth/SQRT_OP.SPD.OP/i_mant_calc.MANT_SQRT/RT[47].ADDSUB/ADDSUB/CHAIN_GEN[32].C_MUX.CARRY_MUX_CARRY4_CARRY8 | CLB.CARRY.CARRY8  |
    | i_synth/SQRT_OP.SPD.OP/i_mant_calc.MANT_SQRT/RT[47].ADDSUB/ADDSUB/CHAIN_GEN[40].C_MUX.CARRY_MUX_CARRY4_CARRY8 | CLB.CARRY.CARRY8  |
    | i_synth/SQRT_OP.SPD.OP/i_mant_calc.MANT_SQRT/RT[47].ADDSUB/ADDSUB/CHAIN_GEN[48].C_MUX.CARRY_MUX_CARRY4_CARRY8 | CLB.CARRY.CARRY8  |
    | i_synth/SQRT_OP.SPD.OP/i_mant_calc.MANT_SQRT/RT[47].ADDSUB/ADDSUB/Q_DEL/i_pipe/opt_has_pipe.first_q_reg[51]   | REGISTER.SDR.FDRE |
    +---------------------------------------------------------------------------------------------------------------+-------------------+

    +---------------------------------------------------------------------------------------------------------------+-------------------+
    | Path3 Cells                                                                                                   | Primitive Type    |
    +---------------------------------------------------------------------------------------------------------------+-------------------+
    | i_synth/SQRT_OP.SPD.OP/i_mant_calc.MANT_SQRT/RT[41].Q_DEL/i_pipe/opt_has_pipe.first_q_reg[20]                 | REGISTER.SDR.FDRE |
    | i_synth/SQRT_OP.SPD.OP/i_mant_calc.MANT_SQRT/RT[42].ADDSUB/CHAIN_GEN[24].C_MUX.CARRY_MUX_i_1                  | CLB.LUT.LUT3      |
    | i_synth/SQRT_OP.SPD.OP/i_mant_calc.MANT_SQRT/RT[42].ADDSUB/ADDSUB/CHAIN_GEN[24].C_MUX.CARRY_MUX_CARRY4_CARRY8 | CLB.CARRY.CARRY8  |
    | i_synth/SQRT_OP.SPD.OP/i_mant_calc.MANT_SQRT/RT[42].ADDSUB/ADDSUB/CHAIN_GEN[32].C_MUX.CARRY_MUX_CARRY4_CARRY8 | CLB.CARRY.CARRY8  |
    | i_synth/SQRT_OP.SPD.OP/i_mant_calc.MANT_SQRT/RT[42].ADDSUB/ADDSUB/CHAIN_GEN[40].C_MUX.CARRY_MUX_CARRY4_CARRY8 | CLB.CARRY.CARRY8  |
    | i_synth/SQRT_OP.SPD.OP/i_mant_calc.MANT_SQRT/RT[43].ADDSUB/CHAIN_GEN[7].C_MUX.CARRY_MUX_i_1                   | CLB.LUT.LUT3      |
    | i_synth/SQRT_OP.SPD.OP/i_mant_calc.MANT_SQRT/RT[43].ADDSUB/ADDSUB/CHAIN_GEN[0].C_MUX.CARRY_MUX_CARRY4_CARRY8  | CLB.CARRY.CARRY8  |
    | i_synth/SQRT_OP.SPD.OP/i_mant_calc.MANT_SQRT/RT[43].ADDSUB/ADDSUB/CHAIN_GEN[8].C_MUX.CARRY_MUX_CARRY4_CARRY8  | CLB.CARRY.CARRY8  |
    | i_synth/SQRT_OP.SPD.OP/i_mant_calc.MANT_SQRT/RT[43].ADDSUB/ADDSUB/CHAIN_GEN[16].C_MUX.CARRY_MUX_CARRY4_CARRY8 | CLB.CARRY.CARRY8  |
    | i_synth/SQRT_OP.SPD.OP/i_mant_calc.MANT_SQRT/RT[43].ADDSUB/ADDSUB/CHAIN_GEN[24].C_MUX.CARRY_MUX_CARRY4_CARRY8 | CLB.CARRY.CARRY8  |
    | i_synth/SQRT_OP.SPD.OP/i_mant_calc.MANT_SQRT/RT[43].ADDSUB/ADDSUB/CHAIN_GEN[32].C_MUX.CARRY_MUX_CARRY4_CARRY8 | CLB.CARRY.CARRY8  |
    | i_synth/SQRT_OP.SPD.OP/i_mant_calc.MANT_SQRT/RT[43].ADDSUB/ADDSUB/CHAIN_GEN[40].C_MUX.CARRY_MUX_CARRY4_CARRY8 | CLB.CARRY.CARRY8  |
    | i_synth/SQRT_OP.SPD.OP/i_mant_calc.MANT_SQRT/RT[44].ADDSUB/ADDSUB/CHAIN_GEN[0].C_MUX.CARRY_MUX_CARRY4_CARRY8  | CLB.CARRY.CARRY8  |
    | i_synth/SQRT_OP.SPD.OP/i_mant_calc.MANT_SQRT/RT[44].ADDSUB/ADDSUB/CHAIN_GEN[8].C_MUX.CARRY_MUX_CARRY4_CARRY8  | CLB.CARRY.CARRY8  |
    | i_synth/SQRT_OP.SPD.OP/i_mant_calc.MANT_SQRT/RT[44].ADDSUB/ADDSUB/CHAIN_GEN[16].C_MUX.CARRY_MUX_CARRY4_CARRY8 | CLB.CARRY.CARRY8  |
    | i_synth/SQRT_OP.SPD.OP/i_mant_calc.MANT_SQRT/RT[44].ADDSUB/ADDSUB/CHAIN_GEN[24].C_MUX.CARRY_MUX_CARRY4_CARRY8 | CLB.CARRY.CARRY8  |
    | i_synth/SQRT_OP.SPD.OP/i_mant_calc.MANT_SQRT/RT[44].ADDSUB/ADDSUB/CHAIN_GEN[32].C_MUX.CARRY_MUX_CARRY4_CARRY8 | CLB.CARRY.CARRY8  |
    | i_synth/SQRT_OP.SPD.OP/i_mant_calc.MANT_SQRT/RT[44].ADDSUB/ADDSUB/CHAIN_GEN[40].C_MUX.CARRY_MUX_CARRY4_CARRY8 | CLB.CARRY.CARRY8  |
    | i_synth/SQRT_OP.SPD.OP/i_mant_calc.MANT_SQRT/RT[45].ADDSUB/ADDSUB/CHAIN_GEN[0].C_MUX.CARRY_MUX_CARRY4_CARRY8  | CLB.CARRY.CARRY8  |
    | i_synth/SQRT_OP.SPD.OP/i_mant_calc.MANT_SQRT/RT[45].ADDSUB/ADDSUB/CHAIN_GEN[8].C_MUX.CARRY_MUX_CARRY4_CARRY8  | CLB.CARRY.CARRY8  |
    | i_synth/SQRT_OP.SPD.OP/i_mant_calc.MANT_SQRT/RT[45].ADDSUB/ADDSUB/CHAIN_GEN[16].C_MUX.CARRY_MUX_CARRY4_CARRY8 | CLB.CARRY.CARRY8  |
    | i_synth/SQRT_OP.SPD.OP/i_mant_calc.MANT_SQRT/RT[45].ADDSUB/ADDSUB/CHAIN_GEN[24].C_MUX.CARRY_MUX_CARRY4_CARRY8 | CLB.CARRY.CARRY8  |
    | i_synth/SQRT_OP.SPD.OP/i_mant_calc.MANT_SQRT/RT[45].ADDSUB/ADDSUB/CHAIN_GEN[32].C_MUX.CARRY_MUX_CARRY4_CARRY8 | CLB.CARRY.CARRY8  |
    | i_synth/SQRT_OP.SPD.OP/i_mant_calc.MANT_SQRT/RT[45].ADDSUB/ADDSUB/CHAIN_GEN[40].C_MUX.CARRY_MUX_CARRY4_CARRY8 | CLB.CARRY.CARRY8  |
    | i_synth/SQRT_OP.SPD.OP/i_mant_calc.MANT_SQRT/RT[45].ADDSUB/ADDSUB/CHAIN_GEN[48].C_MUX.CARRY_MUX_CARRY4_CARRY8 | CLB.CARRY.CARRY8  |
    | i_synth/SQRT_OP.SPD.OP/i_mant_calc.MANT_SQRT/RT[46].ADDSUB/addend_a_up                                        | CLB.LUT.LUT1      |
    | i_synth/SQRT_OP.SPD.OP/i_mant_calc.MANT_SQRT/RT[46].ADDSUB/ADDSUB/CHAIN_GEN[0].C_MUX.CARRY_MUX_CARRY4_CARRY8  | CLB.CARRY.CARRY8  |
    | i_synth/SQRT_OP.SPD.OP/i_mant_calc.MANT_SQRT/RT[46].ADDSUB/ADDSUB/CHAIN_GEN[8].C_MUX.CARRY_MUX_CARRY4_CARRY8  | CLB.CARRY.CARRY8  |
    | i_synth/SQRT_OP.SPD.OP/i_mant_calc.MANT_SQRT/RT[46].ADDSUB/ADDSUB/CHAIN_GEN[16].C_MUX.CARRY_MUX_CARRY4_CARRY8 | CLB.CARRY.CARRY8  |
    | i_synth/SQRT_OP.SPD.OP/i_mant_calc.MANT_SQRT/RT[46].ADDSUB/ADDSUB/CHAIN_GEN[24].C_MUX.CARRY_MUX_CARRY4_CARRY8 | CLB.CARRY.CARRY8  |
    | i_synth/SQRT_OP.SPD.OP/i_mant_calc.MANT_SQRT/RT[46].ADDSUB/ADDSUB/CHAIN_GEN[32].C_MUX.CARRY_MUX_CARRY4_CARRY8 | CLB.CARRY.CARRY8  |
    | i_synth/SQRT_OP.SPD.OP/i_mant_calc.MANT_SQRT/RT[46].ADDSUB/ADDSUB/CHAIN_GEN[40].C_MUX.CARRY_MUX_CARRY4_CARRY8 | CLB.CARRY.CARRY8  |
    | i_synth/SQRT_OP.SPD.OP/i_mant_calc.MANT_SQRT/RT[46].ADDSUB/ADDSUB/CHAIN_GEN[48].C_MUX.CARRY_MUX_CARRY4_CARRY8 | CLB.CARRY.CARRY8  |
    | i_synth/SQRT_OP.SPD.OP/i_mant_calc.MANT_SQRT/RT[47].ADDSUB/CHAIN_GEN[3].C_MUX.CARRY_MUX_i_1                   | CLB.LUT.LUT3      |
    | i_synth/SQRT_OP.SPD.OP/i_mant_calc.MANT_SQRT/RT[47].ADDSUB/ADDSUB/CHAIN_GEN[0].C_MUX.CARRY_MUX_CARRY4_CARRY8  | CLB.CARRY.CARRY8  |
    | i_synth/SQRT_OP.SPD.OP/i_mant_calc.MANT_SQRT/RT[47].ADDSUB/ADDSUB/CHAIN_GEN[8].C_MUX.CARRY_MUX_CARRY4_CARRY8  | CLB.CARRY.CARRY8  |
    | i_synth/SQRT_OP.SPD.OP/i_mant_calc.MANT_SQRT/RT[47].ADDSUB/ADDSUB/CHAIN_GEN[16].C_MUX.CARRY_MUX_CARRY4_CARRY8 | CLB.CARRY.CARRY8  |
    | i_synth/SQRT_OP.SPD.OP/i_mant_calc.MANT_SQRT/RT[47].ADDSUB/ADDSUB/CHAIN_GEN[24].C_MUX.CARRY_MUX_CARRY4_CARRY8 | CLB.CARRY.CARRY8  |
    | i_synth/SQRT_OP.SPD.OP/i_mant_calc.MANT_SQRT/RT[47].ADDSUB/ADDSUB/CHAIN_GEN[32].C_MUX.CARRY_MUX_CARRY4_CARRY8 | CLB.CARRY.CARRY8  |
    | i_synth/SQRT_OP.SPD.OP/i_mant_calc.MANT_SQRT/RT[47].ADDSUB/ADDSUB/CHAIN_GEN[40].C_MUX.CARRY_MUX_CARRY4_CARRY8 | CLB.CARRY.CARRY8  |
    | i_synth/SQRT_OP.SPD.OP/i_mant_calc.MANT_SQRT/RT[47].ADDSUB/ADDSUB/Q_DEL/i_pipe/opt_has_pipe.first_q_reg[47]   | REGISTER.SDR.FDRE |
    +---------------------------------------------------------------------------------------------------------------+-------------------+

    +---------------------------------------------------------------------------------------------------------------+-------------------+
    | Path4 Cells                                                                                                   | Primitive Type    |
    +---------------------------------------------------------------------------------------------------------------+-------------------+
    | i_synth/SQRT_OP.SPD.OP/i_mant_calc.MANT_SQRT/RT[41].Q_DEL/i_pipe/opt_has_pipe.first_q_reg[20]                 | REGISTER.SDR.FDRE |
    | i_synth/SQRT_OP.SPD.OP/i_mant_calc.MANT_SQRT/RT[42].ADDSUB/CHAIN_GEN[24].C_MUX.CARRY_MUX_i_1                  | CLB.LUT.LUT3      |
    | i_synth/SQRT_OP.SPD.OP/i_mant_calc.MANT_SQRT/RT[42].ADDSUB/ADDSUB/CHAIN_GEN[24].C_MUX.CARRY_MUX_CARRY4_CARRY8 | CLB.CARRY.CARRY8  |
    | i_synth/SQRT_OP.SPD.OP/i_mant_calc.MANT_SQRT/RT[42].ADDSUB/ADDSUB/CHAIN_GEN[32].C_MUX.CARRY_MUX_CARRY4_CARRY8 | CLB.CARRY.CARRY8  |
    | i_synth/SQRT_OP.SPD.OP/i_mant_calc.MANT_SQRT/RT[42].ADDSUB/ADDSUB/CHAIN_GEN[40].C_MUX.CARRY_MUX_CARRY4_CARRY8 | CLB.CARRY.CARRY8  |
    | i_synth/SQRT_OP.SPD.OP/i_mant_calc.MANT_SQRT/RT[43].ADDSUB/CHAIN_GEN[7].C_MUX.CARRY_MUX_i_1                   | CLB.LUT.LUT3      |
    | i_synth/SQRT_OP.SPD.OP/i_mant_calc.MANT_SQRT/RT[43].ADDSUB/ADDSUB/CHAIN_GEN[0].C_MUX.CARRY_MUX_CARRY4_CARRY8  | CLB.CARRY.CARRY8  |
    | i_synth/SQRT_OP.SPD.OP/i_mant_calc.MANT_SQRT/RT[43].ADDSUB/ADDSUB/CHAIN_GEN[8].C_MUX.CARRY_MUX_CARRY4_CARRY8  | CLB.CARRY.CARRY8  |
    | i_synth/SQRT_OP.SPD.OP/i_mant_calc.MANT_SQRT/RT[43].ADDSUB/ADDSUB/CHAIN_GEN[16].C_MUX.CARRY_MUX_CARRY4_CARRY8 | CLB.CARRY.CARRY8  |
    | i_synth/SQRT_OP.SPD.OP/i_mant_calc.MANT_SQRT/RT[43].ADDSUB/ADDSUB/CHAIN_GEN[24].C_MUX.CARRY_MUX_CARRY4_CARRY8 | CLB.CARRY.CARRY8  |
    | i_synth/SQRT_OP.SPD.OP/i_mant_calc.MANT_SQRT/RT[43].ADDSUB/ADDSUB/CHAIN_GEN[32].C_MUX.CARRY_MUX_CARRY4_CARRY8 | CLB.CARRY.CARRY8  |
    | i_synth/SQRT_OP.SPD.OP/i_mant_calc.MANT_SQRT/RT[43].ADDSUB/ADDSUB/CHAIN_GEN[40].C_MUX.CARRY_MUX_CARRY4_CARRY8 | CLB.CARRY.CARRY8  |
    | i_synth/SQRT_OP.SPD.OP/i_mant_calc.MANT_SQRT/RT[44].ADDSUB/ADDSUB/CHAIN_GEN[0].C_MUX.CARRY_MUX_CARRY4_CARRY8  | CLB.CARRY.CARRY8  |
    | i_synth/SQRT_OP.SPD.OP/i_mant_calc.MANT_SQRT/RT[44].ADDSUB/ADDSUB/CHAIN_GEN[8].C_MUX.CARRY_MUX_CARRY4_CARRY8  | CLB.CARRY.CARRY8  |
    | i_synth/SQRT_OP.SPD.OP/i_mant_calc.MANT_SQRT/RT[44].ADDSUB/ADDSUB/CHAIN_GEN[16].C_MUX.CARRY_MUX_CARRY4_CARRY8 | CLB.CARRY.CARRY8  |
    | i_synth/SQRT_OP.SPD.OP/i_mant_calc.MANT_SQRT/RT[44].ADDSUB/ADDSUB/CHAIN_GEN[24].C_MUX.CARRY_MUX_CARRY4_CARRY8 | CLB.CARRY.CARRY8  |
    | i_synth/SQRT_OP.SPD.OP/i_mant_calc.MANT_SQRT/RT[44].ADDSUB/ADDSUB/CHAIN_GEN[32].C_MUX.CARRY_MUX_CARRY4_CARRY8 | CLB.CARRY.CARRY8  |
    | i_synth/SQRT_OP.SPD.OP/i_mant_calc.MANT_SQRT/RT[44].ADDSUB/ADDSUB/CHAIN_GEN[40].C_MUX.CARRY_MUX_CARRY4_CARRY8 | CLB.CARRY.CARRY8  |
    | i_synth/SQRT_OP.SPD.OP/i_mant_calc.MANT_SQRT/RT[45].ADDSUB/ADDSUB/CHAIN_GEN[0].C_MUX.CARRY_MUX_CARRY4_CARRY8  | CLB.CARRY.CARRY8  |
    | i_synth/SQRT_OP.SPD.OP/i_mant_calc.MANT_SQRT/RT[45].ADDSUB/ADDSUB/CHAIN_GEN[8].C_MUX.CARRY_MUX_CARRY4_CARRY8  | CLB.CARRY.CARRY8  |
    | i_synth/SQRT_OP.SPD.OP/i_mant_calc.MANT_SQRT/RT[45].ADDSUB/ADDSUB/CHAIN_GEN[16].C_MUX.CARRY_MUX_CARRY4_CARRY8 | CLB.CARRY.CARRY8  |
    | i_synth/SQRT_OP.SPD.OP/i_mant_calc.MANT_SQRT/RT[45].ADDSUB/ADDSUB/CHAIN_GEN[24].C_MUX.CARRY_MUX_CARRY4_CARRY8 | CLB.CARRY.CARRY8  |
    | i_synth/SQRT_OP.SPD.OP/i_mant_calc.MANT_SQRT/RT[45].ADDSUB/ADDSUB/CHAIN_GEN[32].C_MUX.CARRY_MUX_CARRY4_CARRY8 | CLB.CARRY.CARRY8  |
    | i_synth/SQRT_OP.SPD.OP/i_mant_calc.MANT_SQRT/RT[45].ADDSUB/ADDSUB/CHAIN_GEN[40].C_MUX.CARRY_MUX_CARRY4_CARRY8 | CLB.CARRY.CARRY8  |
    | i_synth/SQRT_OP.SPD.OP/i_mant_calc.MANT_SQRT/RT[45].ADDSUB/ADDSUB/CHAIN_GEN[48].C_MUX.CARRY_MUX_CARRY4_CARRY8 | CLB.CARRY.CARRY8  |
    | i_synth/SQRT_OP.SPD.OP/i_mant_calc.MANT_SQRT/RT[46].ADDSUB/addend_a_up                                        | CLB.LUT.LUT1      |
    | i_synth/SQRT_OP.SPD.OP/i_mant_calc.MANT_SQRT/RT[46].ADDSUB/ADDSUB/CHAIN_GEN[0].C_MUX.CARRY_MUX_CARRY4_CARRY8  | CLB.CARRY.CARRY8  |
    | i_synth/SQRT_OP.SPD.OP/i_mant_calc.MANT_SQRT/RT[46].ADDSUB/ADDSUB/CHAIN_GEN[8].C_MUX.CARRY_MUX_CARRY4_CARRY8  | CLB.CARRY.CARRY8  |
    | i_synth/SQRT_OP.SPD.OP/i_mant_calc.MANT_SQRT/RT[46].ADDSUB/ADDSUB/CHAIN_GEN[16].C_MUX.CARRY_MUX_CARRY4_CARRY8 | CLB.CARRY.CARRY8  |
    | i_synth/SQRT_OP.SPD.OP/i_mant_calc.MANT_SQRT/RT[46].ADDSUB/ADDSUB/CHAIN_GEN[24].C_MUX.CARRY_MUX_CARRY4_CARRY8 | CLB.CARRY.CARRY8  |
    | i_synth/SQRT_OP.SPD.OP/i_mant_calc.MANT_SQRT/RT[46].ADDSUB/ADDSUB/CHAIN_GEN[32].C_MUX.CARRY_MUX_CARRY4_CARRY8 | CLB.CARRY.CARRY8  |
    | i_synth/SQRT_OP.SPD.OP/i_mant_calc.MANT_SQRT/RT[46].ADDSUB/ADDSUB/CHAIN_GEN[40].C_MUX.CARRY_MUX_CARRY4_CARRY8 | CLB.CARRY.CARRY8  |
    | i_synth/SQRT_OP.SPD.OP/i_mant_calc.MANT_SQRT/RT[46].ADDSUB/ADDSUB/CHAIN_GEN[48].C_MUX.CARRY_MUX_CARRY4_CARRY8 | CLB.CARRY.CARRY8  |
    | i_synth/SQRT_OP.SPD.OP/i_mant_calc.MANT_SQRT/RT[47].ADDSUB/CHAIN_GEN[3].C_MUX.CARRY_MUX_i_1                   | CLB.LUT.LUT3      |
    | i_synth/SQRT_OP.SPD.OP/i_mant_calc.MANT_SQRT/RT[47].ADDSUB/ADDSUB/CHAIN_GEN[0].C_MUX.CARRY_MUX_CARRY4_CARRY8  | CLB.CARRY.CARRY8  |
    | i_synth/SQRT_OP.SPD.OP/i_mant_calc.MANT_SQRT/RT[47].ADDSUB/ADDSUB/CHAIN_GEN[8].C_MUX.CARRY_MUX_CARRY4_CARRY8  | CLB.CARRY.CARRY8  |
    | i_synth/SQRT_OP.SPD.OP/i_mant_calc.MANT_SQRT/RT[47].ADDSUB/ADDSUB/CHAIN_GEN[16].C_MUX.CARRY_MUX_CARRY4_CARRY8 | CLB.CARRY.CARRY8  |
    | i_synth/SQRT_OP.SPD.OP/i_mant_calc.MANT_SQRT/RT[47].ADDSUB/ADDSUB/CHAIN_GEN[24].C_MUX.CARRY_MUX_CARRY4_CARRY8 | CLB.CARRY.CARRY8  |
    | i_synth/SQRT_OP.SPD.OP/i_mant_calc.MANT_SQRT/RT[47].ADDSUB/ADDSUB/CHAIN_GEN[32].C_MUX.CARRY_MUX_CARRY4_CARRY8 | CLB.CARRY.CARRY8  |
    | i_synth/SQRT_OP.SPD.OP/i_mant_calc.MANT_SQRT/RT[47].ADDSUB/ADDSUB/CHAIN_GEN[40].C_MUX.CARRY_MUX_CARRY4_CARRY8 | CLB.CARRY.CARRY8  |
    | i_synth/SQRT_OP.SPD.OP/i_mant_calc.MANT_SQRT/RT[47].ADDSUB/ADDSUB/CHAIN_GEN[48].C_MUX.CARRY_MUX_CARRY4_CARRY8 | CLB.CARRY.CARRY8  |
    | i_synth/SQRT_OP.SPD.OP/i_mant_calc.MANT_SQRT/RT[47].ADDSUB/ADDSUB/Q_DEL/i_pipe/opt_has_pipe.first_q_reg[49]   | REGISTER.SDR.FDRE |
    +---------------------------------------------------------------------------------------------------------------+-------------------+

    +---------------------------------------------------------------------------------------------------------------+-------------------+
    | Path5 Cells                                                                                                   | Primitive Type    |
    +---------------------------------------------------------------------------------------------------------------+-------------------+
    | i_synth/SQRT_OP.SPD.OP/i_mant_calc.MANT_SQRT/RT[41].Q_DEL/i_pipe/opt_has_pipe.first_q_reg[20]                 | REGISTER.SDR.FDRE |
    | i_synth/SQRT_OP.SPD.OP/i_mant_calc.MANT_SQRT/RT[42].ADDSUB/CHAIN_GEN[24].C_MUX.CARRY_MUX_i_1                  | CLB.LUT.LUT3      |
    | i_synth/SQRT_OP.SPD.OP/i_mant_calc.MANT_SQRT/RT[42].ADDSUB/ADDSUB/CHAIN_GEN[24].C_MUX.CARRY_MUX_CARRY4_CARRY8 | CLB.CARRY.CARRY8  |
    | i_synth/SQRT_OP.SPD.OP/i_mant_calc.MANT_SQRT/RT[42].ADDSUB/ADDSUB/CHAIN_GEN[32].C_MUX.CARRY_MUX_CARRY4_CARRY8 | CLB.CARRY.CARRY8  |
    | i_synth/SQRT_OP.SPD.OP/i_mant_calc.MANT_SQRT/RT[42].ADDSUB/ADDSUB/CHAIN_GEN[40].C_MUX.CARRY_MUX_CARRY4_CARRY8 | CLB.CARRY.CARRY8  |
    | i_synth/SQRT_OP.SPD.OP/i_mant_calc.MANT_SQRT/RT[43].ADDSUB/CHAIN_GEN[7].C_MUX.CARRY_MUX_i_1                   | CLB.LUT.LUT3      |
    | i_synth/SQRT_OP.SPD.OP/i_mant_calc.MANT_SQRT/RT[43].ADDSUB/ADDSUB/CHAIN_GEN[0].C_MUX.CARRY_MUX_CARRY4_CARRY8  | CLB.CARRY.CARRY8  |
    | i_synth/SQRT_OP.SPD.OP/i_mant_calc.MANT_SQRT/RT[43].ADDSUB/ADDSUB/CHAIN_GEN[8].C_MUX.CARRY_MUX_CARRY4_CARRY8  | CLB.CARRY.CARRY8  |
    | i_synth/SQRT_OP.SPD.OP/i_mant_calc.MANT_SQRT/RT[43].ADDSUB/ADDSUB/CHAIN_GEN[16].C_MUX.CARRY_MUX_CARRY4_CARRY8 | CLB.CARRY.CARRY8  |
    | i_synth/SQRT_OP.SPD.OP/i_mant_calc.MANT_SQRT/RT[43].ADDSUB/ADDSUB/CHAIN_GEN[24].C_MUX.CARRY_MUX_CARRY4_CARRY8 | CLB.CARRY.CARRY8  |
    | i_synth/SQRT_OP.SPD.OP/i_mant_calc.MANT_SQRT/RT[43].ADDSUB/ADDSUB/CHAIN_GEN[32].C_MUX.CARRY_MUX_CARRY4_CARRY8 | CLB.CARRY.CARRY8  |
    | i_synth/SQRT_OP.SPD.OP/i_mant_calc.MANT_SQRT/RT[43].ADDSUB/ADDSUB/CHAIN_GEN[40].C_MUX.CARRY_MUX_CARRY4_CARRY8 | CLB.CARRY.CARRY8  |
    | i_synth/SQRT_OP.SPD.OP/i_mant_calc.MANT_SQRT/RT[44].ADDSUB/ADDSUB/CHAIN_GEN[0].C_MUX.CARRY_MUX_CARRY4_CARRY8  | CLB.CARRY.CARRY8  |
    | i_synth/SQRT_OP.SPD.OP/i_mant_calc.MANT_SQRT/RT[44].ADDSUB/ADDSUB/CHAIN_GEN[8].C_MUX.CARRY_MUX_CARRY4_CARRY8  | CLB.CARRY.CARRY8  |
    | i_synth/SQRT_OP.SPD.OP/i_mant_calc.MANT_SQRT/RT[44].ADDSUB/ADDSUB/CHAIN_GEN[16].C_MUX.CARRY_MUX_CARRY4_CARRY8 | CLB.CARRY.CARRY8  |
    | i_synth/SQRT_OP.SPD.OP/i_mant_calc.MANT_SQRT/RT[44].ADDSUB/ADDSUB/CHAIN_GEN[24].C_MUX.CARRY_MUX_CARRY4_CARRY8 | CLB.CARRY.CARRY8  |
    | i_synth/SQRT_OP.SPD.OP/i_mant_calc.MANT_SQRT/RT[44].ADDSUB/ADDSUB/CHAIN_GEN[32].C_MUX.CARRY_MUX_CARRY4_CARRY8 | CLB.CARRY.CARRY8  |
    | i_synth/SQRT_OP.SPD.OP/i_mant_calc.MANT_SQRT/RT[44].ADDSUB/ADDSUB/CHAIN_GEN[40].C_MUX.CARRY_MUX_CARRY4_CARRY8 | CLB.CARRY.CARRY8  |
    | i_synth/SQRT_OP.SPD.OP/i_mant_calc.MANT_SQRT/RT[45].ADDSUB/ADDSUB/CHAIN_GEN[0].C_MUX.CARRY_MUX_CARRY4_CARRY8  | CLB.CARRY.CARRY8  |
    | i_synth/SQRT_OP.SPD.OP/i_mant_calc.MANT_SQRT/RT[45].ADDSUB/ADDSUB/CHAIN_GEN[8].C_MUX.CARRY_MUX_CARRY4_CARRY8  | CLB.CARRY.CARRY8  |
    | i_synth/SQRT_OP.SPD.OP/i_mant_calc.MANT_SQRT/RT[45].ADDSUB/ADDSUB/CHAIN_GEN[16].C_MUX.CARRY_MUX_CARRY4_CARRY8 | CLB.CARRY.CARRY8  |
    | i_synth/SQRT_OP.SPD.OP/i_mant_calc.MANT_SQRT/RT[45].ADDSUB/ADDSUB/CHAIN_GEN[24].C_MUX.CARRY_MUX_CARRY4_CARRY8 | CLB.CARRY.CARRY8  |
    | i_synth/SQRT_OP.SPD.OP/i_mant_calc.MANT_SQRT/RT[45].ADDSUB/ADDSUB/CHAIN_GEN[32].C_MUX.CARRY_MUX_CARRY4_CARRY8 | CLB.CARRY.CARRY8  |
    | i_synth/SQRT_OP.SPD.OP/i_mant_calc.MANT_SQRT/RT[45].ADDSUB/ADDSUB/CHAIN_GEN[40].C_MUX.CARRY_MUX_CARRY4_CARRY8 | CLB.CARRY.CARRY8  |
    | i_synth/SQRT_OP.SPD.OP/i_mant_calc.MANT_SQRT/RT[45].ADDSUB/ADDSUB/CHAIN_GEN[48].C_MUX.CARRY_MUX_CARRY4_CARRY8 | CLB.CARRY.CARRY8  |
    | i_synth/SQRT_OP.SPD.OP/i_mant_calc.MANT_SQRT/RT[46].ADDSUB/addend_a_up                                        | CLB.LUT.LUT1      |
    | i_synth/SQRT_OP.SPD.OP/i_mant_calc.MANT_SQRT/RT[46].ADDSUB/ADDSUB/CHAIN_GEN[0].C_MUX.CARRY_MUX_CARRY4_CARRY8  | CLB.CARRY.CARRY8  |
    | i_synth/SQRT_OP.SPD.OP/i_mant_calc.MANT_SQRT/RT[46].ADDSUB/ADDSUB/CHAIN_GEN[8].C_MUX.CARRY_MUX_CARRY4_CARRY8  | CLB.CARRY.CARRY8  |
    | i_synth/SQRT_OP.SPD.OP/i_mant_calc.MANT_SQRT/RT[46].ADDSUB/ADDSUB/CHAIN_GEN[16].C_MUX.CARRY_MUX_CARRY4_CARRY8 | CLB.CARRY.CARRY8  |
    | i_synth/SQRT_OP.SPD.OP/i_mant_calc.MANT_SQRT/RT[46].ADDSUB/ADDSUB/CHAIN_GEN[24].C_MUX.CARRY_MUX_CARRY4_CARRY8 | CLB.CARRY.CARRY8  |
    | i_synth/SQRT_OP.SPD.OP/i_mant_calc.MANT_SQRT/RT[46].ADDSUB/ADDSUB/CHAIN_GEN[32].C_MUX.CARRY_MUX_CARRY4_CARRY8 | CLB.CARRY.CARRY8  |
    | i_synth/SQRT_OP.SPD.OP/i_mant_calc.MANT_SQRT/RT[46].ADDSUB/ADDSUB/CHAIN_GEN[40].C_MUX.CARRY_MUX_CARRY4_CARRY8 | CLB.CARRY.CARRY8  |
    | i_synth/SQRT_OP.SPD.OP/i_mant_calc.MANT_SQRT/RT[46].ADDSUB/ADDSUB/CHAIN_GEN[48].C_MUX.CARRY_MUX_CARRY4_CARRY8 | CLB.CARRY.CARRY8  |
    | i_synth/SQRT_OP.SPD.OP/i_mant_calc.MANT_SQRT/RT[47].ADDSUB/CHAIN_GEN[3].C_MUX.CARRY_MUX_i_1                   | CLB.LUT.LUT3      |
    | i_synth/SQRT_OP.SPD.OP/i_mant_calc.MANT_SQRT/RT[47].ADDSUB/ADDSUB/CHAIN_GEN[0].C_MUX.CARRY_MUX_CARRY4_CARRY8  | CLB.CARRY.CARRY8  |
    | i_synth/SQRT_OP.SPD.OP/i_mant_calc.MANT_SQRT/RT[47].ADDSUB/ADDSUB/CHAIN_GEN[8].C_MUX.CARRY_MUX_CARRY4_CARRY8  | CLB.CARRY.CARRY8  |
    | i_synth/SQRT_OP.SPD.OP/i_mant_calc.MANT_SQRT/RT[47].ADDSUB/ADDSUB/CHAIN_GEN[16].C_MUX.CARRY_MUX_CARRY4_CARRY8 | CLB.CARRY.CARRY8  |
    | i_synth/SQRT_OP.SPD.OP/i_mant_calc.MANT_SQRT/RT[47].ADDSUB/ADDSUB/CHAIN_GEN[24].C_MUX.CARRY_MUX_CARRY4_CARRY8 | CLB.CARRY.CARRY8  |
    | i_synth/SQRT_OP.SPD.OP/i_mant_calc.MANT_SQRT/RT[47].ADDSUB/ADDSUB/CHAIN_GEN[32].C_MUX.CARRY_MUX_CARRY4_CARRY8 | CLB.CARRY.CARRY8  |
    | i_synth/SQRT_OP.SPD.OP/i_mant_calc.MANT_SQRT/RT[47].ADDSUB/ADDSUB/CHAIN_GEN[40].C_MUX.CARRY_MUX_CARRY4_CARRY8 | CLB.CARRY.CARRY8  |
    | i_synth/SQRT_OP.SPD.OP/i_mant_calc.MANT_SQRT/RT[47].ADDSUB/ADDSUB/Q_DEL/i_pipe/opt_has_pipe.first_q_reg[45]   | REGISTER.SDR.FDRE |
    +---------------------------------------------------------------------------------------------------------------+-------------------+


================================================================
== Place & Route Vivado Reports
================================================================
+--------------------------+------------------------------------------------------------------+
| Report Type              | Report Location                                                  |
+--------------------------+------------------------------------------------------------------+
| design_analysis          | impl/verilog/report/backprop_design_analysis_routed.rpt          |
| failfast                 | impl/verilog/report/backprop_failfast_routed.rpt                 |
| status                   | impl/verilog/report/backprop_status_routed.rpt                   |
| timing                   | impl/verilog/report/backprop_timing_routed.rpt                   |
| timing_paths             | impl/verilog/report/backprop_timing_paths_routed.rpt             |
| utilization              | impl/verilog/report/backprop_utilization_routed.rpt              |
| utilization_hierarchical | impl/verilog/report/backprop_utilization_hierarchical_routed.rpt |
+--------------------------+------------------------------------------------------------------+


