================================================================
== Vivado RTL Synthesis Results
================================================================
+ General Information:
    * Date:            Sun Sep 14 01:23:49 -03 2025
    * Version:         2023.2 (Build 4023990 on Oct 11 2023)
    * Project:         BACKPROP
    * Solution:        solution0 (Vivado IP Flow Target)
    * Product family:  virtexuplusHBM
    * Target device:   xcu50-fsvh2104-2-e


================================================================
== Run Constraints & Options
================================================================
+ Design Constraints & Options:
    * RTL Synthesis target clock:  8 ns
    * C-Synthesis target clock:    8 ns
    * C-Synthesis uncertainty:     27%

+ RTL Synthesis Options:
    * config_export -vivado_synth_strategy:     default
    * config_export -vivado_synth_design_args:  -directive sdx_optimization_effort_high

+ Reporting Options:
    * config_export -vivado_report_level:      2
    * config_export -vivado_max_timing_paths:  10


================================================================
== RTL Synthesis Resource Summary
================================================================
LUT:              15066
FF:               11433
DSP:              48
BRAM:             6
URAM:             1
SRL:              298


================================================================
== RTL Synthesis Timing Summary
================================================================
* Timing was met
+----------------+-------------+
| Timing         | Period (ns) |
+----------------+-------------+
| Target         | 8.000       |
| Post-Synthesis | 5.022       |
+----------------+-------------+


================================================================
== RTL Synthesis Resources
================================================================
+-----------------------------------------------------------------+-------+-------+-----+------+------+-----+--------+------+---------+----------+--------+
| Name                                                            | LUT   | FF    | DSP | BRAM | URAM | SRL | Pragma | Impl | Latency | Variable | Source |
+-----------------------------------------------------------------+-------+-------+-----+------+------+-----+--------+------+---------+----------+--------+
| inst                                                            | 15066 | 11433 | 48  | 6    | 1    |     |        |      |         |          |        |
|   (inst)                                                        | 20    | 1088  |     |      |      |     |        |      |         |          |        |
|   activations1_U                                                | 128   | 128   |     |      |      |     |        |      |         |          |        |
|   activations2_U                                                | 256   | 128   |     |      |      |     |        |      |         |          |        |
|   dactivations1_U                                               | 64    | 64    |     |      |      |     |        |      |         |          |        |
|   dactivations2_U                                               | 128   | 64    |     |      |      |     |        |      |         |          |        |
|   dadd_64ns_64ns_64_4_full_dsp_1_U168                           | 717   | 369   | 3   |      |      |     |        |      |         |          |        |
|     (dadd_64ns_64ns_64_4_full_dsp_1_U168)                       | 1     | 128   |     |      |      |     |        |      |         |          |        |
|   dadddsub_64ns_64ns_64_4_full_dsp_1_U166                       | 720   | 370   | 3   |      |      |     |        |      |         |          |        |
|   ddiv_64ns_64ns_64_14_no_dsp_1_U169                            | 3311  | 1392  |     |      |      |     |        |      |         |          |        |
|     (ddiv_64ns_64ns_64_14_no_dsp_1_U169)                        |       | 128   |     |      |      |     |        |      |         |          |        |
|   delta_weights1_U                                              |       |       |     | 4    |      |     |        |      |         |          |        |
|   delta_weights2_U                                              |       |       |     |      | 1    |     |        |      |         |          |        |
|   delta_weights3_U                                              |       |       |     | 2    |      |     |        |      |         |          |        |
|   dexp_64ns_64ns_64_10_full_dsp_1_U170                          | 1847  | 777   | 26  |      |      |     |        |      |         |          |        |
|     (dexp_64ns_64ns_64_10_full_dsp_1_U170)                      |       | 64    |     |      |      |     |        |      |         |          |        |
|   dmul_64ns_64ns_64_4_max_dsp_1_U167                            | 203   | 213   | 8   |      |      |     |        |      |         |          |        |
|   dmul_64ns_64ns_64_4_max_dsp_1_U171                            | 104   | 213   | 8   |      |      |     |        |      |         |          |        |
|     (dmul_64ns_64ns_64_4_max_dsp_1_U171)                        |       | 128   |     |      |      |     |        |      |         |          |        |
|   grp_backprop_Pipeline_RELU_loop11_fu_288                      | 103   | 160   |     |      |      |     |        |      |         |          |        |
|     (grp_backprop_Pipeline_RELU_loop11_fu_288)                  | 87    | 158   |     |      |      |     |        |      |         |          |        |
|   grp_backprop_Pipeline_RELU_loop12_fu_306                      | 1043  | 679   |     |      |      |     |        |      |         |          |        |
|     (grp_backprop_Pipeline_RELU_loop12_fu_306)                  | 650   | 677   |     |      |      |     |        |      |         |          |        |
|   grp_backprop_Pipeline_RELU_loop1_fu_272                       | 429   | 334   |     |      |      |     |        |      |         |          |        |
|     (grp_backprop_Pipeline_RELU_loop1_fu_272)                   | 415   | 332   |     |      |      |     |        |      |         |          |        |
|   grp_backprop_Pipeline_backprop_loop1_1_fu_248                 | 44    | 201   |     |      |      |     |        |      |         |          |        |
|     (grp_backprop_Pipeline_backprop_loop1_1_fu_248)             | 1     | 199   |     |      |      |     |        |      |         |          |        |
|   grp_backprop_Pipeline_soft_max_loop1_fu_322                   | 150   | 205   |     |      |      |     |        |      |         |          |        |
|     (grp_backprop_Pipeline_soft_max_loop1_fu_322)               | 74    | 203   |     |      |      |     |        |      |         |          |        |
|   grp_backprop_Pipeline_soft_max_loop2_fu_330                   | 143   | 351   |     |      |      |     |        |      |         |          |        |
|     (grp_backprop_Pipeline_soft_max_loop2_fu_330)               | 132   | 349   |     |      |      |     |        |      |         |          |        |
|   grp_backprop_Pipeline_take_difference_loop1_fu_344            | 275   | 223   |     |      |      |     |        |      |         |          |        |
|     (grp_backprop_Pipeline_take_difference_loop1_fu_344)        | 190   | 221   |     |      |      |     |        |      |         |          |        |
|   grp_get_delta_matrix_weights1_1_fu_399                        | 31    | 108   |     |      |      |     |        |      |         |          |        |
|   grp_get_delta_matrix_weights2_fu_383                          | 86    | 189   |     |      |      |     |        |      |         |          |        |
|   grp_get_delta_matrix_weights3_fu_363                          | 28    | 105   |     |      |      |     |        |      |         |          |        |
|   grp_get_oracle_activations1_1_fu_390                          | 296   | 242   |     |      |      |     |        |      |         |          |        |
|   grp_get_oracle_activations2_1_fu_372                          | 112   | 238   |     |      |      |     |        |      |         |          |        |
|   grp_matrix_vector_product_with_bias_input_layer_1_fu_260      | 274   | 280   |     |      |      |     |        |      |         |          |        |
|     (grp_matrix_vector_product_with_bias_input_layer_1_fu_260)  | 232   | 260   |     |      |      |     |        |      |         |          |        |
|   grp_matrix_vector_product_with_bias_output_layer_1_fu_294     | 671   | 559   |     |      |      |     |        |      |         |          |        |
|     (grp_matrix_vector_product_with_bias_output_layer_1_fu_294) | 267   | 353   |     |      |      |     |        |      |         |          |        |
|   grp_matrix_vector_product_with_bias_second_layer_1_fu_278     | 230   | 254   |     |      |      |     |        |      |         |          |        |
|     (grp_matrix_vector_product_with_bias_second_layer_1_fu_278) | 183   | 236   |     |      |      |     |        |      |         |          |        |
|   grp_update_weights_1_fu_408                                   | 3461  | 2371  |     |      |      |     |        |      |         |          |        |
|     (grp_update_weights_1_fu_408)                               | 1583  | 1594  |     |      |      |     |        |      |         |          |        |
|     dsqrt_64ns_64ns_64_12_no_dsp_1_U149                         | 1878  | 777   |     |      |      |     |        |      |         |          |        |
|   oracle_activations1_U                                         | 128   | 64    |     |      |      |     |        |      |         |          |        |
|   oracle_activations2_U                                         | 64    | 64    |     |      |      |     |        |      |         |          |        |
+-----------------------------------------------------------------+-------+-------+-----+------+------+-----+--------+------+---------+----------+--------+


================================================================
== RTL Synthesis Fail Fast
================================================================
+-----------------------------------------------------------+-----------+--------+--------+
| Criteria                                                  | Guideline | Actual | Status |
+-----------------------------------------------------------+-----------+--------+--------+
| LUT                                                       | 70%       | 1.73%  | OK     |
| FD                                                        | 50%       | 0.66%  | OK     |
| LUTRAM+SRL                                                | 25%       | 0.20%  | OK     |
| CARRY8                                                    | 25%       | 0.71%  | OK     |
| MUXF7                                                     | 15%       | 0.10%  | OK     |
| DSP                                                       | 80%       | 0.81%  | OK     |
| RAMB/FIFO                                                 | 80%       | 0.22%  | OK     |
| URAM                                                      | 80%       | 0.16%  | OK     |
| DSP+RAMB+URAM (Avg)                                       | 70%       | 0.40%  | OK     |
| BUFGCE* + BUFGCTRL                                        | 24        | 0      | OK     |
| DONT_TOUCH (cells/nets)                                   | 0         | 0      | OK     |
| MARK_DEBUG (nets)                                         | 0         | 0      | OK     |
| Control Sets                                              | 16344     | 174    | OK     |
| Average Fanout for modules > 100k cells                   | 4         | 1.84   | OK     |
| Max Average Fanout for modules > 100k cells               | 4         | 0      | OK     |
| Non-FD high fanout nets > 10k loads                       | 0         | 0      | OK     |
+-----------------------------------------------------------+-----------+--------+--------+
| TIMING-6 (No common primary clock between related clocks) | 0         | 0      | OK     |
| TIMING-7 (No common node between related clocks)          | 0         | 0      | OK     |
| TIMING-8 (No common period between related clocks)        | 0         | 0      | OK     |
| TIMING-14 (LUT on the clock tree)                         | 0         | 0      | OK     |
| TIMING-35 (No common node in paths with the same clock)   | 0         | 0      | OK     |
+-----------------------------------------------------------+-----------+--------+--------+
| Number of paths above max LUT budgeting (0.300ns)         | 0         | 0      | OK     |
| Number of paths above max Net budgeting (0.208ns)         | 0         | 0      | OK     |
+-----------------------------------------------------------+-----------+--------+--------+


================================================================
== RTL Synthesis Timing Paths
================================================================
* Timing was met
+-------+-------+----------------------------------------------------------------------------------------------------------------------------------------------------------------------------+---------------------------------------------------------------------------------------------------------------------------------------------------------------------------------------+--------------+------------+----------------+----------------+--------------+
| Path  | SLACK | STARTPOINT PIN                                                                                                                                                             | ENDPOINT PIN                                                                                                                                                                          | LOGIC LEVELS | MAX FANOUT | DATAPATH DELAY | DATAPATH LOGIC | DATAPATH NET |
|       |       |                                                                                                                                                                            |                                                                                                                                                                                       |              |            |                |          DELAY |        DELAY |
+-------+-------+----------------------------------------------------------------------------------------------------------------------------------------------------------------------------+---------------------------------------------------------------------------------------------------------------------------------------------------------------------------------------+--------------+------------+----------------+----------------+--------------+
| Path1 | 2.978 | i_synth/EXP_OP.i_sp_or_dp.OP/g_Fr_other.i_calculate_Fr/dsp_extra_fabric_adder.mult_with_add_low/use_prim.appDSP[0].bppDSP[1].use_dsp.use_dsp48e2.iDSP48E2/DSP_ALU_INST/CLK | i_synth/EXP_OP.i_sp_or_dp.OP/g_Fr_other.i_calculate_Fr/dsp_extra_fabric_adder.mult_with_add_low/use_prim.appDSP[2].bppDSP[1].use_dsp.use_dsp48e2.iDSP48E2/DSP_OUTPUT_INST/ALU_OUT[0]  |           12 |          1 |          4.985 |          4.901 |        0.084 |
| Path2 | 2.978 | i_synth/EXP_OP.i_sp_or_dp.OP/g_Fr_other.i_calculate_Fr/dsp_extra_fabric_adder.mult_with_add_low/use_prim.appDSP[0].bppDSP[1].use_dsp.use_dsp48e2.iDSP48E2/DSP_ALU_INST/CLK | i_synth/EXP_OP.i_sp_or_dp.OP/g_Fr_other.i_calculate_Fr/dsp_extra_fabric_adder.mult_with_add_low/use_prim.appDSP[2].bppDSP[1].use_dsp.use_dsp48e2.iDSP48E2/DSP_OUTPUT_INST/ALU_OUT[10] |           12 |          1 |          4.985 |          4.901 |        0.084 |
| Path3 | 2.978 | i_synth/EXP_OP.i_sp_or_dp.OP/g_Fr_other.i_calculate_Fr/dsp_extra_fabric_adder.mult_with_add_low/use_prim.appDSP[0].bppDSP[1].use_dsp.use_dsp48e2.iDSP48E2/DSP_ALU_INST/CLK | i_synth/EXP_OP.i_sp_or_dp.OP/g_Fr_other.i_calculate_Fr/dsp_extra_fabric_adder.mult_with_add_low/use_prim.appDSP[2].bppDSP[1].use_dsp.use_dsp48e2.iDSP48E2/DSP_OUTPUT_INST/ALU_OUT[11] |           12 |          1 |          4.985 |          4.901 |        0.084 |
| Path4 | 2.978 | i_synth/EXP_OP.i_sp_or_dp.OP/g_Fr_other.i_calculate_Fr/dsp_extra_fabric_adder.mult_with_add_low/use_prim.appDSP[0].bppDSP[1].use_dsp.use_dsp48e2.iDSP48E2/DSP_ALU_INST/CLK | i_synth/EXP_OP.i_sp_or_dp.OP/g_Fr_other.i_calculate_Fr/dsp_extra_fabric_adder.mult_with_add_low/use_prim.appDSP[2].bppDSP[1].use_dsp.use_dsp48e2.iDSP48E2/DSP_OUTPUT_INST/ALU_OUT[12] |           12 |          1 |          4.985 |          4.901 |        0.084 |
| Path5 | 2.978 | i_synth/EXP_OP.i_sp_or_dp.OP/g_Fr_other.i_calculate_Fr/dsp_extra_fabric_adder.mult_with_add_low/use_prim.appDSP[0].bppDSP[1].use_dsp.use_dsp48e2.iDSP48E2/DSP_ALU_INST/CLK | i_synth/EXP_OP.i_sp_or_dp.OP/g_Fr_other.i_calculate_Fr/dsp_extra_fabric_adder.mult_with_add_low/use_prim.appDSP[2].bppDSP[1].use_dsp.use_dsp48e2.iDSP48E2/DSP_OUTPUT_INST/ALU_OUT[13] |           12 |          1 |          4.985 |          4.901 |        0.084 |
+-------+-------+----------------------------------------------------------------------------------------------------------------------------------------------------------------------------+---------------------------------------------------------------------------------------------------------------------------------------------------------------------------------------+--------------+------------+----------------+----------------+--------------+

    +---------------------------------------------------------------------------------------------------------------------------------------------------------------------------+------------------------+
    | Path1 Cells                                                                                                                                                               | Primitive Type         |
    +---------------------------------------------------------------------------------------------------------------------------------------------------------------------------+------------------------+
    | i_synth/EXP_OP.i_sp_or_dp.OP/g_Fr_other.i_calculate_Fr/dsp_extra_fabric_adder.mult_with_add_low/use_prim.appDSP[0].bppDSP[1].use_dsp.use_dsp48e2.iDSP48E2/DSP_ALU_INST    | ARITHMETIC.DSP.DSP48E2 |
    | i_synth/EXP_OP.i_sp_or_dp.OP/g_Fr_other.i_calculate_Fr/dsp_extra_fabric_adder.mult_with_add_low/use_prim.appDSP[0].bppDSP[1].use_dsp.use_dsp48e2.iDSP48E2/DSP_OUTPUT_INST | ARITHMETIC.DSP.DSP48E2 |
    | i_synth/EXP_OP.i_sp_or_dp.OP/g_Fr_other.i_calculate_Fr/dsp_extra_fabric_adder.mult_with_add_low/use_prim.appDSP[1].bppDSP[0].use_dsp.use_dsp48e2.iDSP48E2/DSP_ALU_INST    | ARITHMETIC.DSP.DSP48E2 |
    | i_synth/EXP_OP.i_sp_or_dp.OP/g_Fr_other.i_calculate_Fr/dsp_extra_fabric_adder.mult_with_add_low/use_prim.appDSP[1].bppDSP[0].use_dsp.use_dsp48e2.iDSP48E2/DSP_OUTPUT_INST | ARITHMETIC.DSP.DSP48E2 |
    | i_synth/EXP_OP.i_sp_or_dp.OP/g_Fr_other.i_calculate_Fr/dsp_extra_fabric_adder.mult_with_add_low/use_prim.appDSP[2].bppDSP[0].use_dsp.use_dsp48e2.iDSP48E2/DSP_ALU_INST    | ARITHMETIC.DSP.DSP48E2 |
    | i_synth/EXP_OP.i_sp_or_dp.OP/g_Fr_other.i_calculate_Fr/dsp_extra_fabric_adder.mult_with_add_low/use_prim.appDSP[2].bppDSP[0].use_dsp.use_dsp48e2.iDSP48E2/DSP_OUTPUT_INST | ARITHMETIC.DSP.DSP48E2 |
    | i_synth/EXP_OP.i_sp_or_dp.OP/g_Fr_other.i_calculate_Fr/dsp_extra_fabric_adder.mult_with_add_low/use_prim.appDSP[1].bppDSP[1].use_dsp.use_dsp48e2.iDSP48E2/DSP_ALU_INST    | ARITHMETIC.DSP.DSP48E2 |
    | i_synth/EXP_OP.i_sp_or_dp.OP/g_Fr_other.i_calculate_Fr/dsp_extra_fabric_adder.mult_with_add_low/use_prim.appDSP[1].bppDSP[1].use_dsp.use_dsp48e2.iDSP48E2/DSP_OUTPUT_INST | ARITHMETIC.DSP.DSP48E2 |
    | i_synth/EXP_OP.i_sp_or_dp.OP/g_Fr_other.i_calculate_Fr/dsp_extra_fabric_adder.mult_with_add_low/use_prim.appDSP[0].bppDSP[2].use_dsp.use_dsp48e2.iDSP48E2/DSP_ALU_INST    | ARITHMETIC.DSP.DSP48E2 |
    | i_synth/EXP_OP.i_sp_or_dp.OP/g_Fr_other.i_calculate_Fr/dsp_extra_fabric_adder.mult_with_add_low/use_prim.appDSP[0].bppDSP[2].use_dsp.use_dsp48e2.iDSP48E2/DSP_OUTPUT_INST | ARITHMETIC.DSP.DSP48E2 |
    | i_synth/EXP_OP.i_sp_or_dp.OP/g_Fr_other.i_calculate_Fr/dsp_extra_fabric_adder.mult_with_add_low/use_prim.appDSP[1].bppDSP[2].use_dsp.use_dsp48e2.iDSP48E2/DSP_ALU_INST    | ARITHMETIC.DSP.DSP48E2 |
    | i_synth/EXP_OP.i_sp_or_dp.OP/g_Fr_other.i_calculate_Fr/dsp_extra_fabric_adder.mult_with_add_low/use_prim.appDSP[1].bppDSP[2].use_dsp.use_dsp48e2.iDSP48E2/DSP_OUTPUT_INST | ARITHMETIC.DSP.DSP48E2 |
    | i_synth/EXP_OP.i_sp_or_dp.OP/g_Fr_other.i_calculate_Fr/dsp_extra_fabric_adder.mult_with_add_low/use_prim.appDSP[2].bppDSP[1].use_dsp.use_dsp48e2.iDSP48E2/DSP_ALU_INST    | ARITHMETIC.DSP.DSP48E2 |
    | i_synth/EXP_OP.i_sp_or_dp.OP/g_Fr_other.i_calculate_Fr/dsp_extra_fabric_adder.mult_with_add_low/use_prim.appDSP[2].bppDSP[1].use_dsp.use_dsp48e2.iDSP48E2/DSP_OUTPUT_INST | ARITHMETIC.DSP.DSP48E2 |
    +---------------------------------------------------------------------------------------------------------------------------------------------------------------------------+------------------------+

    +---------------------------------------------------------------------------------------------------------------------------------------------------------------------------+------------------------+
    | Path2 Cells                                                                                                                                                               | Primitive Type         |
    +---------------------------------------------------------------------------------------------------------------------------------------------------------------------------+------------------------+
    | i_synth/EXP_OP.i_sp_or_dp.OP/g_Fr_other.i_calculate_Fr/dsp_extra_fabric_adder.mult_with_add_low/use_prim.appDSP[0].bppDSP[1].use_dsp.use_dsp48e2.iDSP48E2/DSP_ALU_INST    | ARITHMETIC.DSP.DSP48E2 |
    | i_synth/EXP_OP.i_sp_or_dp.OP/g_Fr_other.i_calculate_Fr/dsp_extra_fabric_adder.mult_with_add_low/use_prim.appDSP[0].bppDSP[1].use_dsp.use_dsp48e2.iDSP48E2/DSP_OUTPUT_INST | ARITHMETIC.DSP.DSP48E2 |
    | i_synth/EXP_OP.i_sp_or_dp.OP/g_Fr_other.i_calculate_Fr/dsp_extra_fabric_adder.mult_with_add_low/use_prim.appDSP[1].bppDSP[0].use_dsp.use_dsp48e2.iDSP48E2/DSP_ALU_INST    | ARITHMETIC.DSP.DSP48E2 |
    | i_synth/EXP_OP.i_sp_or_dp.OP/g_Fr_other.i_calculate_Fr/dsp_extra_fabric_adder.mult_with_add_low/use_prim.appDSP[1].bppDSP[0].use_dsp.use_dsp48e2.iDSP48E2/DSP_OUTPUT_INST | ARITHMETIC.DSP.DSP48E2 |
    | i_synth/EXP_OP.i_sp_or_dp.OP/g_Fr_other.i_calculate_Fr/dsp_extra_fabric_adder.mult_with_add_low/use_prim.appDSP[2].bppDSP[0].use_dsp.use_dsp48e2.iDSP48E2/DSP_ALU_INST    | ARITHMETIC.DSP.DSP48E2 |
    | i_synth/EXP_OP.i_sp_or_dp.OP/g_Fr_other.i_calculate_Fr/dsp_extra_fabric_adder.mult_with_add_low/use_prim.appDSP[2].bppDSP[0].use_dsp.use_dsp48e2.iDSP48E2/DSP_OUTPUT_INST | ARITHMETIC.DSP.DSP48E2 |
    | i_synth/EXP_OP.i_sp_or_dp.OP/g_Fr_other.i_calculate_Fr/dsp_extra_fabric_adder.mult_with_add_low/use_prim.appDSP[1].bppDSP[1].use_dsp.use_dsp48e2.iDSP48E2/DSP_ALU_INST    | ARITHMETIC.DSP.DSP48E2 |
    | i_synth/EXP_OP.i_sp_or_dp.OP/g_Fr_other.i_calculate_Fr/dsp_extra_fabric_adder.mult_with_add_low/use_prim.appDSP[1].bppDSP[1].use_dsp.use_dsp48e2.iDSP48E2/DSP_OUTPUT_INST | ARITHMETIC.DSP.DSP48E2 |
    | i_synth/EXP_OP.i_sp_or_dp.OP/g_Fr_other.i_calculate_Fr/dsp_extra_fabric_adder.mult_with_add_low/use_prim.appDSP[0].bppDSP[2].use_dsp.use_dsp48e2.iDSP48E2/DSP_ALU_INST    | ARITHMETIC.DSP.DSP48E2 |
    | i_synth/EXP_OP.i_sp_or_dp.OP/g_Fr_other.i_calculate_Fr/dsp_extra_fabric_adder.mult_with_add_low/use_prim.appDSP[0].bppDSP[2].use_dsp.use_dsp48e2.iDSP48E2/DSP_OUTPUT_INST | ARITHMETIC.DSP.DSP48E2 |
    | i_synth/EXP_OP.i_sp_or_dp.OP/g_Fr_other.i_calculate_Fr/dsp_extra_fabric_adder.mult_with_add_low/use_prim.appDSP[1].bppDSP[2].use_dsp.use_dsp48e2.iDSP48E2/DSP_ALU_INST    | ARITHMETIC.DSP.DSP48E2 |
    | i_synth/EXP_OP.i_sp_or_dp.OP/g_Fr_other.i_calculate_Fr/dsp_extra_fabric_adder.mult_with_add_low/use_prim.appDSP[1].bppDSP[2].use_dsp.use_dsp48e2.iDSP48E2/DSP_OUTPUT_INST | ARITHMETIC.DSP.DSP48E2 |
    | i_synth/EXP_OP.i_sp_or_dp.OP/g_Fr_other.i_calculate_Fr/dsp_extra_fabric_adder.mult_with_add_low/use_prim.appDSP[2].bppDSP[1].use_dsp.use_dsp48e2.iDSP48E2/DSP_ALU_INST    | ARITHMETIC.DSP.DSP48E2 |
    | i_synth/EXP_OP.i_sp_or_dp.OP/g_Fr_other.i_calculate_Fr/dsp_extra_fabric_adder.mult_with_add_low/use_prim.appDSP[2].bppDSP[1].use_dsp.use_dsp48e2.iDSP48E2/DSP_OUTPUT_INST | ARITHMETIC.DSP.DSP48E2 |
    +---------------------------------------------------------------------------------------------------------------------------------------------------------------------------+------------------------+

    +---------------------------------------------------------------------------------------------------------------------------------------------------------------------------+------------------------+
    | Path3 Cells                                                                                                                                                               | Primitive Type         |
    +---------------------------------------------------------------------------------------------------------------------------------------------------------------------------+------------------------+
    | i_synth/EXP_OP.i_sp_or_dp.OP/g_Fr_other.i_calculate_Fr/dsp_extra_fabric_adder.mult_with_add_low/use_prim.appDSP[0].bppDSP[1].use_dsp.use_dsp48e2.iDSP48E2/DSP_ALU_INST    | ARITHMETIC.DSP.DSP48E2 |
    | i_synth/EXP_OP.i_sp_or_dp.OP/g_Fr_other.i_calculate_Fr/dsp_extra_fabric_adder.mult_with_add_low/use_prim.appDSP[0].bppDSP[1].use_dsp.use_dsp48e2.iDSP48E2/DSP_OUTPUT_INST | ARITHMETIC.DSP.DSP48E2 |
    | i_synth/EXP_OP.i_sp_or_dp.OP/g_Fr_other.i_calculate_Fr/dsp_extra_fabric_adder.mult_with_add_low/use_prim.appDSP[1].bppDSP[0].use_dsp.use_dsp48e2.iDSP48E2/DSP_ALU_INST    | ARITHMETIC.DSP.DSP48E2 |
    | i_synth/EXP_OP.i_sp_or_dp.OP/g_Fr_other.i_calculate_Fr/dsp_extra_fabric_adder.mult_with_add_low/use_prim.appDSP[1].bppDSP[0].use_dsp.use_dsp48e2.iDSP48E2/DSP_OUTPUT_INST | ARITHMETIC.DSP.DSP48E2 |
    | i_synth/EXP_OP.i_sp_or_dp.OP/g_Fr_other.i_calculate_Fr/dsp_extra_fabric_adder.mult_with_add_low/use_prim.appDSP[2].bppDSP[0].use_dsp.use_dsp48e2.iDSP48E2/DSP_ALU_INST    | ARITHMETIC.DSP.DSP48E2 |
    | i_synth/EXP_OP.i_sp_or_dp.OP/g_Fr_other.i_calculate_Fr/dsp_extra_fabric_adder.mult_with_add_low/use_prim.appDSP[2].bppDSP[0].use_dsp.use_dsp48e2.iDSP48E2/DSP_OUTPUT_INST | ARITHMETIC.DSP.DSP48E2 |
    | i_synth/EXP_OP.i_sp_or_dp.OP/g_Fr_other.i_calculate_Fr/dsp_extra_fabric_adder.mult_with_add_low/use_prim.appDSP[1].bppDSP[1].use_dsp.use_dsp48e2.iDSP48E2/DSP_ALU_INST    | ARITHMETIC.DSP.DSP48E2 |
    | i_synth/EXP_OP.i_sp_or_dp.OP/g_Fr_other.i_calculate_Fr/dsp_extra_fabric_adder.mult_with_add_low/use_prim.appDSP[1].bppDSP[1].use_dsp.use_dsp48e2.iDSP48E2/DSP_OUTPUT_INST | ARITHMETIC.DSP.DSP48E2 |
    | i_synth/EXP_OP.i_sp_or_dp.OP/g_Fr_other.i_calculate_Fr/dsp_extra_fabric_adder.mult_with_add_low/use_prim.appDSP[0].bppDSP[2].use_dsp.use_dsp48e2.iDSP48E2/DSP_ALU_INST    | ARITHMETIC.DSP.DSP48E2 |
    | i_synth/EXP_OP.i_sp_or_dp.OP/g_Fr_other.i_calculate_Fr/dsp_extra_fabric_adder.mult_with_add_low/use_prim.appDSP[0].bppDSP[2].use_dsp.use_dsp48e2.iDSP48E2/DSP_OUTPUT_INST | ARITHMETIC.DSP.DSP48E2 |
    | i_synth/EXP_OP.i_sp_or_dp.OP/g_Fr_other.i_calculate_Fr/dsp_extra_fabric_adder.mult_with_add_low/use_prim.appDSP[1].bppDSP[2].use_dsp.use_dsp48e2.iDSP48E2/DSP_ALU_INST    | ARITHMETIC.DSP.DSP48E2 |
    | i_synth/EXP_OP.i_sp_or_dp.OP/g_Fr_other.i_calculate_Fr/dsp_extra_fabric_adder.mult_with_add_low/use_prim.appDSP[1].bppDSP[2].use_dsp.use_dsp48e2.iDSP48E2/DSP_OUTPUT_INST | ARITHMETIC.DSP.DSP48E2 |
    | i_synth/EXP_OP.i_sp_or_dp.OP/g_Fr_other.i_calculate_Fr/dsp_extra_fabric_adder.mult_with_add_low/use_prim.appDSP[2].bppDSP[1].use_dsp.use_dsp48e2.iDSP48E2/DSP_ALU_INST    | ARITHMETIC.DSP.DSP48E2 |
    | i_synth/EXP_OP.i_sp_or_dp.OP/g_Fr_other.i_calculate_Fr/dsp_extra_fabric_adder.mult_with_add_low/use_prim.appDSP[2].bppDSP[1].use_dsp.use_dsp48e2.iDSP48E2/DSP_OUTPUT_INST | ARITHMETIC.DSP.DSP48E2 |
    +---------------------------------------------------------------------------------------------------------------------------------------------------------------------------+------------------------+

    +---------------------------------------------------------------------------------------------------------------------------------------------------------------------------+------------------------+
    | Path4 Cells                                                                                                                                                               | Primitive Type         |
    +---------------------------------------------------------------------------------------------------------------------------------------------------------------------------+------------------------+
    | i_synth/EXP_OP.i_sp_or_dp.OP/g_Fr_other.i_calculate_Fr/dsp_extra_fabric_adder.mult_with_add_low/use_prim.appDSP[0].bppDSP[1].use_dsp.use_dsp48e2.iDSP48E2/DSP_ALU_INST    | ARITHMETIC.DSP.DSP48E2 |
    | i_synth/EXP_OP.i_sp_or_dp.OP/g_Fr_other.i_calculate_Fr/dsp_extra_fabric_adder.mult_with_add_low/use_prim.appDSP[0].bppDSP[1].use_dsp.use_dsp48e2.iDSP48E2/DSP_OUTPUT_INST | ARITHMETIC.DSP.DSP48E2 |
    | i_synth/EXP_OP.i_sp_or_dp.OP/g_Fr_other.i_calculate_Fr/dsp_extra_fabric_adder.mult_with_add_low/use_prim.appDSP[1].bppDSP[0].use_dsp.use_dsp48e2.iDSP48E2/DSP_ALU_INST    | ARITHMETIC.DSP.DSP48E2 |
    | i_synth/EXP_OP.i_sp_or_dp.OP/g_Fr_other.i_calculate_Fr/dsp_extra_fabric_adder.mult_with_add_low/use_prim.appDSP[1].bppDSP[0].use_dsp.use_dsp48e2.iDSP48E2/DSP_OUTPUT_INST | ARITHMETIC.DSP.DSP48E2 |
    | i_synth/EXP_OP.i_sp_or_dp.OP/g_Fr_other.i_calculate_Fr/dsp_extra_fabric_adder.mult_with_add_low/use_prim.appDSP[2].bppDSP[0].use_dsp.use_dsp48e2.iDSP48E2/DSP_ALU_INST    | ARITHMETIC.DSP.DSP48E2 |
    | i_synth/EXP_OP.i_sp_or_dp.OP/g_Fr_other.i_calculate_Fr/dsp_extra_fabric_adder.mult_with_add_low/use_prim.appDSP[2].bppDSP[0].use_dsp.use_dsp48e2.iDSP48E2/DSP_OUTPUT_INST | ARITHMETIC.DSP.DSP48E2 |
    | i_synth/EXP_OP.i_sp_or_dp.OP/g_Fr_other.i_calculate_Fr/dsp_extra_fabric_adder.mult_with_add_low/use_prim.appDSP[1].bppDSP[1].use_dsp.use_dsp48e2.iDSP48E2/DSP_ALU_INST    | ARITHMETIC.DSP.DSP48E2 |
    | i_synth/EXP_OP.i_sp_or_dp.OP/g_Fr_other.i_calculate_Fr/dsp_extra_fabric_adder.mult_with_add_low/use_prim.appDSP[1].bppDSP[1].use_dsp.use_dsp48e2.iDSP48E2/DSP_OUTPUT_INST | ARITHMETIC.DSP.DSP48E2 |
    | i_synth/EXP_OP.i_sp_or_dp.OP/g_Fr_other.i_calculate_Fr/dsp_extra_fabric_adder.mult_with_add_low/use_prim.appDSP[0].bppDSP[2].use_dsp.use_dsp48e2.iDSP48E2/DSP_ALU_INST    | ARITHMETIC.DSP.DSP48E2 |
    | i_synth/EXP_OP.i_sp_or_dp.OP/g_Fr_other.i_calculate_Fr/dsp_extra_fabric_adder.mult_with_add_low/use_prim.appDSP[0].bppDSP[2].use_dsp.use_dsp48e2.iDSP48E2/DSP_OUTPUT_INST | ARITHMETIC.DSP.DSP48E2 |
    | i_synth/EXP_OP.i_sp_or_dp.OP/g_Fr_other.i_calculate_Fr/dsp_extra_fabric_adder.mult_with_add_low/use_prim.appDSP[1].bppDSP[2].use_dsp.use_dsp48e2.iDSP48E2/DSP_ALU_INST    | ARITHMETIC.DSP.DSP48E2 |
    | i_synth/EXP_OP.i_sp_or_dp.OP/g_Fr_other.i_calculate_Fr/dsp_extra_fabric_adder.mult_with_add_low/use_prim.appDSP[1].bppDSP[2].use_dsp.use_dsp48e2.iDSP48E2/DSP_OUTPUT_INST | ARITHMETIC.DSP.DSP48E2 |
    | i_synth/EXP_OP.i_sp_or_dp.OP/g_Fr_other.i_calculate_Fr/dsp_extra_fabric_adder.mult_with_add_low/use_prim.appDSP[2].bppDSP[1].use_dsp.use_dsp48e2.iDSP48E2/DSP_ALU_INST    | ARITHMETIC.DSP.DSP48E2 |
    | i_synth/EXP_OP.i_sp_or_dp.OP/g_Fr_other.i_calculate_Fr/dsp_extra_fabric_adder.mult_with_add_low/use_prim.appDSP[2].bppDSP[1].use_dsp.use_dsp48e2.iDSP48E2/DSP_OUTPUT_INST | ARITHMETIC.DSP.DSP48E2 |
    +---------------------------------------------------------------------------------------------------------------------------------------------------------------------------+------------------------+

    +---------------------------------------------------------------------------------------------------------------------------------------------------------------------------+------------------------+
    | Path5 Cells                                                                                                                                                               | Primitive Type         |
    +---------------------------------------------------------------------------------------------------------------------------------------------------------------------------+------------------------+
    | i_synth/EXP_OP.i_sp_or_dp.OP/g_Fr_other.i_calculate_Fr/dsp_extra_fabric_adder.mult_with_add_low/use_prim.appDSP[0].bppDSP[1].use_dsp.use_dsp48e2.iDSP48E2/DSP_ALU_INST    | ARITHMETIC.DSP.DSP48E2 |
    | i_synth/EXP_OP.i_sp_or_dp.OP/g_Fr_other.i_calculate_Fr/dsp_extra_fabric_adder.mult_with_add_low/use_prim.appDSP[0].bppDSP[1].use_dsp.use_dsp48e2.iDSP48E2/DSP_OUTPUT_INST | ARITHMETIC.DSP.DSP48E2 |
    | i_synth/EXP_OP.i_sp_or_dp.OP/g_Fr_other.i_calculate_Fr/dsp_extra_fabric_adder.mult_with_add_low/use_prim.appDSP[1].bppDSP[0].use_dsp.use_dsp48e2.iDSP48E2/DSP_ALU_INST    | ARITHMETIC.DSP.DSP48E2 |
    | i_synth/EXP_OP.i_sp_or_dp.OP/g_Fr_other.i_calculate_Fr/dsp_extra_fabric_adder.mult_with_add_low/use_prim.appDSP[1].bppDSP[0].use_dsp.use_dsp48e2.iDSP48E2/DSP_OUTPUT_INST | ARITHMETIC.DSP.DSP48E2 |
    | i_synth/EXP_OP.i_sp_or_dp.OP/g_Fr_other.i_calculate_Fr/dsp_extra_fabric_adder.mult_with_add_low/use_prim.appDSP[2].bppDSP[0].use_dsp.use_dsp48e2.iDSP48E2/DSP_ALU_INST    | ARITHMETIC.DSP.DSP48E2 |
    | i_synth/EXP_OP.i_sp_or_dp.OP/g_Fr_other.i_calculate_Fr/dsp_extra_fabric_adder.mult_with_add_low/use_prim.appDSP[2].bppDSP[0].use_dsp.use_dsp48e2.iDSP48E2/DSP_OUTPUT_INST | ARITHMETIC.DSP.DSP48E2 |
    | i_synth/EXP_OP.i_sp_or_dp.OP/g_Fr_other.i_calculate_Fr/dsp_extra_fabric_adder.mult_with_add_low/use_prim.appDSP[1].bppDSP[1].use_dsp.use_dsp48e2.iDSP48E2/DSP_ALU_INST    | ARITHMETIC.DSP.DSP48E2 |
    | i_synth/EXP_OP.i_sp_or_dp.OP/g_Fr_other.i_calculate_Fr/dsp_extra_fabric_adder.mult_with_add_low/use_prim.appDSP[1].bppDSP[1].use_dsp.use_dsp48e2.iDSP48E2/DSP_OUTPUT_INST | ARITHMETIC.DSP.DSP48E2 |
    | i_synth/EXP_OP.i_sp_or_dp.OP/g_Fr_other.i_calculate_Fr/dsp_extra_fabric_adder.mult_with_add_low/use_prim.appDSP[0].bppDSP[2].use_dsp.use_dsp48e2.iDSP48E2/DSP_ALU_INST    | ARITHMETIC.DSP.DSP48E2 |
    | i_synth/EXP_OP.i_sp_or_dp.OP/g_Fr_other.i_calculate_Fr/dsp_extra_fabric_adder.mult_with_add_low/use_prim.appDSP[0].bppDSP[2].use_dsp.use_dsp48e2.iDSP48E2/DSP_OUTPUT_INST | ARITHMETIC.DSP.DSP48E2 |
    | i_synth/EXP_OP.i_sp_or_dp.OP/g_Fr_other.i_calculate_Fr/dsp_extra_fabric_adder.mult_with_add_low/use_prim.appDSP[1].bppDSP[2].use_dsp.use_dsp48e2.iDSP48E2/DSP_ALU_INST    | ARITHMETIC.DSP.DSP48E2 |
    | i_synth/EXP_OP.i_sp_or_dp.OP/g_Fr_other.i_calculate_Fr/dsp_extra_fabric_adder.mult_with_add_low/use_prim.appDSP[1].bppDSP[2].use_dsp.use_dsp48e2.iDSP48E2/DSP_OUTPUT_INST | ARITHMETIC.DSP.DSP48E2 |
    | i_synth/EXP_OP.i_sp_or_dp.OP/g_Fr_other.i_calculate_Fr/dsp_extra_fabric_adder.mult_with_add_low/use_prim.appDSP[2].bppDSP[1].use_dsp.use_dsp48e2.iDSP48E2/DSP_ALU_INST    | ARITHMETIC.DSP.DSP48E2 |
    | i_synth/EXP_OP.i_sp_or_dp.OP/g_Fr_other.i_calculate_Fr/dsp_extra_fabric_adder.mult_with_add_low/use_prim.appDSP[2].bppDSP[1].use_dsp.use_dsp48e2.iDSP48E2/DSP_OUTPUT_INST | ARITHMETIC.DSP.DSP48E2 |
    +---------------------------------------------------------------------------------------------------------------------------------------------------------------------------+------------------------+


================================================================
== RTL Synthesis Vivado Reports
================================================================
+--------------------------+-----------------------------------------------------------------+
| Report Type              | Report Location                                                 |
+--------------------------+-----------------------------------------------------------------+
| design_analysis          | impl/verilog/report/backprop_design_analysis_synth.rpt          |
| failfast                 | impl/verilog/report/backprop_failfast_synth.rpt                 |
| timing                   | impl/verilog/report/backprop_timing_synth.rpt                   |
| timing_paths             | impl/verilog/report/backprop_timing_paths_synth.rpt             |
| utilization              | impl/verilog/report/backprop_utilization_synth.rpt              |
| utilization_hierarchical | impl/verilog/report/backprop_utilization_hierarchical_synth.rpt |
+--------------------------+-----------------------------------------------------------------+


