
*** Running vivado
    with args -log bd_0_wrapper.vdi -applog -m64 -product Vivado -messageDb vivado.pb -mode batch -source bd_0_wrapper.tcl -notrace


****** Vivado v2023.2 (64-bit)
  **** SW Build 4029153 on Fri Oct 13 20:13:54 MDT 2023
  **** IP Build 4028589 on Sat Oct 14 00:45:43 MDT 2023
  **** SharedData Build 4025554 on Tue Oct 10 17:18:54 MDT 2023
    ** Copyright 1986-2022 Xilinx, Inc. All Rights Reserved.
    ** Copyright 2022-2023 Advanced Micro Devices, Inc. All Rights Reserved.

source bd_0_wrapper.tcl -notrace
Command: open_checkpoint /home/gabriel/Documents/UFRGS/RAISE/AHLS/AHLS/data/anchor_solutions/BACKPROP/solution0/impl/verilog/project.runs/impl_1/bd_0_wrapper.dcp
INFO: [Device 21-403] Loading part xcu50-fsvh2104-2-e
Netlist sorting complete. Time (s): cpu = 00:00:00.34 ; elapsed = 00:00:00.34 . Memory (MB): peak = 2645.375 ; gain = 0.000 ; free physical = 6817 ; free virtual = 13131
INFO: [Netlist 29-17] Analyzing 1643 Unisim elements for replacement
INFO: [Netlist 29-28] Unisim Transformation completed in 0 CPU seconds
INFO: [Project 1-479] Netlist was created with Vivado 2023.2
INFO: [Project 1-570] Preparing netlist for logic optimization
Read ShapeDB Complete: Time (s): cpu = 00:00:00.04 ; elapsed = 00:00:00.04 . Memory (MB): peak = 2782.812 ; gain = 4.000 ; free physical = 6674 ; free virtual = 12988
INFO: [Timing 38-478] Restoring timing data from binary archive.
INFO: [Timing 38-479] Binary timing data restore complete.
INFO: [Project 1-856] Restoring constraints from binary archive.
INFO: [Project 1-853] Binary constraint restore complete.
Netlist sorting complete. Time (s): cpu = 00:00:00 ; elapsed = 00:00:00 . Memory (MB): peak = 3284.344 ; gain = 0.000 ; free physical = 6273 ; free virtual = 12630
INFO: [Project 1-111] Unisim Transformation Summary:
  A total of 432 instances were transformed.
  DSP48E1 => DSP48E2 (DSP_ALU, DSP_A_B_DATA, DSP_C_DATA, DSP_MULTIPLIER, DSP_M_DATA, DSP_OUTPUT, DSP_PREADD, DSP_PREADD_DATA): 19 instances
  DSP48E2 => DSP48E2 (DSP_ALU, DSP_A_B_DATA, DSP_C_DATA, DSP_MULTIPLIER, DSP_M_DATA, DSP_OUTPUT, DSP_PREADD, DSP_PREADD_DATA): 29 instances
  RAM64X1D => RAM64X1D (RAMD64E(x2)): 128 instances
  RAM64X1S => RAM64X1S (RAMS64E): 256 instances

INFO: [Project 1-604] Checkpoint was created with Vivado v2023.2 (64-bit) build 4029153
open_checkpoint: Time (s): cpu = 00:00:20 ; elapsed = 00:00:19 . Memory (MB): peak = 3284.379 ; gain = 1944.770 ; free physical = 6273 ; free virtual = 12630
INFO: [IP_Flow 19-234] Refreshing IP repositories
INFO: [IP_Flow 19-1700] Loaded user IP repository '/home/gabriel/Documents/UFRGS/RAISE/AHLS/AHLS/data/anchor_solutions/BACKPROP/solution0/impl/ip'.
INFO: [IP_Flow 19-2313] Loaded Vivado IP repository '/tools/Xilinx/Vivado/2023.2/data/ip'.
Command: opt_design
Attempting to get a license for feature 'Implementation' and/or device 'xcu50'
INFO: [Common 17-349] Got license for feature 'Implementation' and/or device 'xcu50'
Running DRC as a precondition to command opt_design

Starting DRC Task
INFO: [DRC 23-27] Running DRC with 8 threads
INFO: [Project 1-461] DRC finished with 0 Errors
INFO: [Project 1-462] Please refer to the DRC report (report_drc) for more information.

Time (s): cpu = 00:00:02 ; elapsed = 00:00:02 . Memory (MB): peak = 3368.188 ; gain = 83.809 ; free physical = 6277 ; free virtual = 12627

Starting Cache Timing Information Task
Ending Cache Timing Information Task | Checksum: f0c5c292

Time (s): cpu = 00:00:00.05 ; elapsed = 00:00:00.02 . Memory (MB): peak = 3368.188 ; gain = 0.000 ; free physical = 6275 ; free virtual = 12627

Starting Logic Optimization Task

Phase 1 Initialization

Phase 1.1 Core Generation And Design Setup
Phase 1.1 Core Generation And Design Setup | Checksum: f0c5c292

Time (s): cpu = 00:00:00.01 ; elapsed = 00:00:00 . Memory (MB): peak = 3622.070 ; gain = 0.000 ; free physical = 5966 ; free virtual = 12322

Phase 1.2 Setup Constraints And Sort Netlist
Phase 1.2 Setup Constraints And Sort Netlist | Checksum: f0c5c292

Time (s): cpu = 00:00:00.01 ; elapsed = 00:00:00.01 . Memory (MB): peak = 3622.070 ; gain = 0.000 ; free physical = 5966 ; free virtual = 12322
Phase 1 Initialization | Checksum: f0c5c292

Time (s): cpu = 00:00:00.01 ; elapsed = 00:00:00.01 . Memory (MB): peak = 3622.070 ; gain = 0.000 ; free physical = 5966 ; free virtual = 12322

Phase 2 Timer Update And Timing Data Collection

Phase 2.1 Timer Update
Phase 2.1 Timer Update | Checksum: f0c5c292

Time (s): cpu = 00:00:02 ; elapsed = 00:00:00.45 . Memory (MB): peak = 3622.070 ; gain = 0.000 ; free physical = 5966 ; free virtual = 12318

Phase 2.2 Timing Data Collection
Phase 2.2 Timing Data Collection | Checksum: f0c5c292

Time (s): cpu = 00:00:02 ; elapsed = 00:00:00.48 . Memory (MB): peak = 3622.070 ; gain = 0.000 ; free physical = 5959 ; free virtual = 12311
Phase 2 Timer Update And Timing Data Collection | Checksum: f0c5c292

Time (s): cpu = 00:00:02 ; elapsed = 00:00:00.48 . Memory (MB): peak = 3622.070 ; gain = 0.000 ; free physical = 5959 ; free virtual = 12311

Phase 3 Retarget
INFO: [Opt 31-138] Pushed 5 inverter(s) to 78 load pin(s).
INFO: [Opt 31-49] Retargeted 0 cell(s).
Phase 3 Retarget | Checksum: 1ba2680dc

Time (s): cpu = 00:00:03 ; elapsed = 00:00:00.8 . Memory (MB): peak = 3646.082 ; gain = 24.012 ; free physical = 5959 ; free virtual = 12311
Retarget | Checksum: 1ba2680dc
INFO: [Opt 31-389] Phase Retarget created 148 cells and removed 160 cells

Phase 4 Constant propagation
INFO: [Opt 31-138] Pushed 0 inverter(s) to 0 load pin(s).
Phase 4 Constant propagation | Checksum: 125695836

Time (s): cpu = 00:00:03 ; elapsed = 00:00:00.94 . Memory (MB): peak = 3646.082 ; gain = 24.012 ; free physical = 5960 ; free virtual = 12311
Constant propagation | Checksum: 125695836
INFO: [Opt 31-389] Phase Constant propagation created 82 cells and removed 93 cells

Phase 5 Sweep
Phase 5 Sweep | Checksum: 1784bf586

Time (s): cpu = 00:00:03 ; elapsed = 00:00:01 . Memory (MB): peak = 3646.082 ; gain = 24.012 ; free physical = 5955 ; free virtual = 12307
Sweep | Checksum: 1784bf586
INFO: [Opt 31-389] Phase Sweep created 0 cells and removed 166 cells

Phase 6 BUFG optimization
INFO: [Opt 31-1077] Phase BUFG optimization inserted 0 global clock buffer(s) for CLOCK_LOW_FANOUT.
Phase 6 BUFG optimization | Checksum: 1784bf586

Time (s): cpu = 00:00:03 ; elapsed = 00:00:01 . Memory (MB): peak = 3678.098 ; gain = 56.027 ; free physical = 5955 ; free virtual = 12306
BUFG optimization | Checksum: 1784bf586
INFO: [Opt 31-662] Phase BUFG optimization created 0 cells of which 0 are BUFGs and removed 0 cells.

Phase 7 Shift Register Optimization
INFO: [Opt 31-1064] SRL Remap converted 0 SRLs to 0 registers and converted 0 registers of register chains to 0 SRLs
Phase 7 Shift Register Optimization | Checksum: 1784bf586

Time (s): cpu = 00:00:03 ; elapsed = 00:00:01 . Memory (MB): peak = 3678.098 ; gain = 56.027 ; free physical = 5955 ; free virtual = 12306
Shift Register Optimization | Checksum: 1784bf586
INFO: [Opt 31-389] Phase Shift Register Optimization created 0 cells and removed 0 cells

Phase 8 Post Processing Netlist
Phase 8 Post Processing Netlist | Checksum: 1784bf586

Time (s): cpu = 00:00:03 ; elapsed = 00:00:01 . Memory (MB): peak = 3678.098 ; gain = 56.027 ; free physical = 5955 ; free virtual = 12306
Post Processing Netlist | Checksum: 1784bf586
INFO: [Opt 31-389] Phase Post Processing Netlist created 0 cells and removed 0 cells

Phase 9 Finalization

Phase 9.1 Finalizing Design Cores and Updating Shapes
Phase 9.1 Finalizing Design Cores and Updating Shapes | Checksum: 11871d844

Time (s): cpu = 00:00:04 ; elapsed = 00:00:02 . Memory (MB): peak = 3678.098 ; gain = 56.027 ; free physical = 5956 ; free virtual = 12307

Phase 9.2 Verifying Netlist Connectivity

Starting Connectivity Check Task

Time (s): cpu = 00:00:00.03 ; elapsed = 00:00:00.03 . Memory (MB): peak = 3678.098 ; gain = 0.000 ; free physical = 5956 ; free virtual = 12307
Phase 9.2 Verifying Netlist Connectivity | Checksum: 11871d844

Time (s): cpu = 00:00:04 ; elapsed = 00:00:02 . Memory (MB): peak = 3678.098 ; gain = 56.027 ; free physical = 5956 ; free virtual = 12307
Phase 9 Finalization | Checksum: 11871d844

Time (s): cpu = 00:00:04 ; elapsed = 00:00:02 . Memory (MB): peak = 3678.098 ; gain = 56.027 ; free physical = 5956 ; free virtual = 12307
Opt_design Change Summary
=========================


-------------------------------------------------------------------------------------------------------------------------
|  Phase                        |  #Cells created  |  #Cells Removed  |  #Constrained objects preventing optimizations  |
-------------------------------------------------------------------------------------------------------------------------
|  Retarget                     |             148  |             160  |                                              0  |
|  Constant propagation         |              82  |              93  |                                              0  |
|  Sweep                        |               0  |             166  |                                              0  |
|  BUFG optimization            |               0  |               0  |                                              0  |
|  Shift Register Optimization  |               0  |               0  |                                              0  |
|  Post Processing Netlist      |               0  |               0  |                                              0  |
-------------------------------------------------------------------------------------------------------------------------


Ending Logic Optimization Task | Checksum: 11871d844

Time (s): cpu = 00:00:04 ; elapsed = 00:00:02 . Memory (MB): peak = 3678.098 ; gain = 56.027 ; free physical = 5956 ; free virtual = 12307
INFO: [Constraints 18-11670] Building netlist checker database with flags, 0x8
Done building netlist checker database: Time (s): cpu = 00:00:00.01 ; elapsed = 00:00:00.01 . Memory (MB): peak = 3678.098 ; gain = 0.000 ; free physical = 5956 ; free virtual = 12307

Starting Power Optimization Task
INFO: [Pwropt 34-132] Skipping clock gating for clocks with a period < 2.00 ns.
INFO: [Pwropt 34-9] Applying IDT optimizations ...
INFO: [Pwropt 34-10] Applying ODC optimizations ...
INFO: [Timing 38-35] Done setting XDC timing constraints.
Running Vector-less Activity Propagation...

Finished Running Vector-less Activity Propagation


Starting PowerOpt Patch Enables Task
INFO: [Pwropt 34-162] WRITE_MODE attribute of 0 BRAM(s) out of a total of 3 has been updated to save power. Run report_power_opt to get a complete listing of the BRAMs updated.
INFO: [Pwropt 34-201] Structural ODC has moved 0 WE to EN ports
Number of BRAM Ports augmented: 0 newly gated: 0 Total Ports: 6
Ending PowerOpt Patch Enables Task | Checksum: 11871d844

Time (s): cpu = 00:00:00.05 ; elapsed = 00:00:00.05 . Memory (MB): peak = 4179.379 ; gain = 0.000 ; free physical = 5555 ; free virtual = 11922
Ending Power Optimization Task | Checksum: 11871d844

Time (s): cpu = 00:00:16 ; elapsed = 00:00:07 . Memory (MB): peak = 4179.379 ; gain = 501.281 ; free physical = 5555 ; free virtual = 11922

Starting Final Cleanup Task
Ending Final Cleanup Task | Checksum: 11871d844

Time (s): cpu = 00:00:00 ; elapsed = 00:00:00 . Memory (MB): peak = 4179.379 ; gain = 0.000 ; free physical = 5555 ; free virtual = 11922

Starting Netlist Obfuscation Task
Netlist sorting complete. Time (s): cpu = 00:00:00.01 ; elapsed = 00:00:00 . Memory (MB): peak = 4179.379 ; gain = 0.000 ; free physical = 5555 ; free virtual = 11922
Ending Netlist Obfuscation Task | Checksum: 11871d844

Time (s): cpu = 00:00:00.01 ; elapsed = 00:00:00 . Memory (MB): peak = 4179.379 ; gain = 0.000 ; free physical = 5555 ; free virtual = 11922
INFO: [Common 17-83] Releasing license: Implementation
37 Infos, 0 Warnings, 0 Critical Warnings and 0 Errors encountered.
opt_design completed successfully
opt_design: Time (s): cpu = 00:00:24 ; elapsed = 00:00:13 . Memory (MB): peak = 4179.379 ; gain = 895.000 ; free physical = 5555 ; free virtual = 11922
INFO: [runtcl-4] Executing : report_drc -file bd_0_wrapper_drc_opted.rpt -pb bd_0_wrapper_drc_opted.pb -rpx bd_0_wrapper_drc_opted.rpx
Command: report_drc -file bd_0_wrapper_drc_opted.rpt -pb bd_0_wrapper_drc_opted.pb -rpx bd_0_wrapper_drc_opted.rpx
INFO: [IP_Flow 19-1839] IP Catalog is up to date.
INFO: [DRC 23-27] Running DRC with 8 threads
INFO: [Vivado_Tcl 2-168] The results of DRC are in file /home/gabriel/Documents/UFRGS/RAISE/AHLS/AHLS/data/anchor_solutions/BACKPROP/solution0/impl/verilog/project.runs/impl_1/bd_0_wrapper_drc_opted.rpt.
report_drc completed successfully
INFO: [Timing 38-35] Done setting XDC timing constraints.
INFO: [Timing 38-480] Writing timing data to binary archive.
Write ShapeDB Complete: Time (s): cpu = 00:00:00.13 ; elapsed = 00:00:00.03 . Memory (MB): peak = 4219.398 ; gain = 0.000 ; free physical = 5528 ; free virtual = 11900
INFO: [Common 17-1381] The checkpoint '/home/gabriel/Documents/UFRGS/RAISE/AHLS/AHLS/data/anchor_solutions/BACKPROP/solution0/impl/verilog/project.runs/impl_1/bd_0_wrapper_opt.dcp' has been generated.
Command: place_design
Attempting to get a license for feature 'Implementation' and/or device 'xcu50'
INFO: [Common 17-349] Got license for feature 'Implementation' and/or device 'xcu50'
INFO: [Common 17-83] Releasing license: Implementation
INFO: [DRC 23-27] Running DRC with 8 threads
INFO: [Vivado_Tcl 4-198] DRC finished with 0 Errors
INFO: [Vivado_Tcl 4-199] Please refer to the DRC report (report_drc) for more information.
Running DRC as a precondition to command place_design
INFO: [DRC 23-27] Running DRC with 8 threads
INFO: [Vivado_Tcl 4-198] DRC finished with 0 Errors
INFO: [Vivado_Tcl 4-199] Please refer to the DRC report (report_drc) for more information.
INFO: [Place 30-611] Multithreading enabled for place_design using a maximum of 8 CPUs

Starting Placer Task

Phase 1 Placer Initialization

Phase 1.1 Placer Initialization Netlist Sorting
Netlist sorting complete. Time (s): cpu = 00:00:00.01 ; elapsed = 00:00:00.01 . Memory (MB): peak = 4219.398 ; gain = 0.000 ; free physical = 5471 ; free virtual = 11850
Phase 1.1 Placer Initialization Netlist Sorting | Checksum: 6cf9ca91

Time (s): cpu = 00:00:00.01 ; elapsed = 00:00:00.01 . Memory (MB): peak = 4219.398 ; gain = 0.000 ; free physical = 5471 ; free virtual = 11850
Netlist sorting complete. Time (s): cpu = 00:00:00.01 ; elapsed = 00:00:00 . Memory (MB): peak = 4219.398 ; gain = 0.000 ; free physical = 5471 ; free virtual = 11850

Phase 1.2 IO Placement/ Clock Placement/ Build Placer Device
Phase 1.2 IO Placement/ Clock Placement/ Build Placer Device | Checksum: c160c2a3

Time (s): cpu = 00:00:18 ; elapsed = 00:00:17 . Memory (MB): peak = 4823.688 ; gain = 604.289 ; free physical = 4884 ; free virtual = 11237

Phase 1.3 Build Placer Netlist Model
Phase 1.3 Build Placer Netlist Model | Checksum: fe95cf8a

Time (s): cpu = 00:00:29 ; elapsed = 00:00:21 . Memory (MB): peak = 4996.703 ; gain = 777.305 ; free physical = 4706 ; free virtual = 11063

Phase 1.4 Constrain Clocks/Macros
Phase 1.4 Constrain Clocks/Macros | Checksum: fe95cf8a

Time (s): cpu = 00:00:29 ; elapsed = 00:00:21 . Memory (MB): peak = 4996.703 ; gain = 777.305 ; free physical = 4706 ; free virtual = 11063
Phase 1 Placer Initialization | Checksum: fe95cf8a

Time (s): cpu = 00:00:29 ; elapsed = 00:00:21 . Memory (MB): peak = 4996.703 ; gain = 777.305 ; free physical = 4705 ; free virtual = 11062

Phase 2 Global Placement

Phase 2.1 Floorplanning

Phase 2.1.1 Partition Driven Placement

Phase 2.1.1.1 PBP: Partition Driven Placement
Phase 2.1.1.1 PBP: Partition Driven Placement | Checksum: 1268c937c

Time (s): cpu = 00:00:39 ; elapsed = 00:00:25 . Memory (MB): peak = 4996.703 ; gain = 777.305 ; free physical = 4682 ; free virtual = 11042

Phase 2.1.1.2 PBP: Clock Region Placement
INFO: [Place 30-3164] Check ILP status : ILP-based clock placer is skipped.
Phase 2.1.1.2 PBP: Clock Region Placement | Checksum: 1268c937c

Time (s): cpu = 00:00:39 ; elapsed = 00:00:25 . Memory (MB): peak = 4996.703 ; gain = 777.305 ; free physical = 4684 ; free virtual = 11043

Phase 2.1.1.3 PBP: Compute Congestion
Phase 2.1.1.3 PBP: Compute Congestion | Checksum: 1268c937c

Time (s): cpu = 00:00:59 ; elapsed = 00:00:31 . Memory (MB): peak = 5486.688 ; gain = 1267.289 ; free physical = 3682 ; free virtual = 10491

Phase 2.1.1.4 PBP: UpdateTiming
Phase 2.1.1.4 PBP: UpdateTiming | Checksum: 13012c10d

Time (s): cpu = 00:01:00 ; elapsed = 00:00:31 . Memory (MB): peak = 5518.703 ; gain = 1299.305 ; free physical = 3680 ; free virtual = 10488

Phase 2.1.1.5 PBP: Add part constraints
Phase 2.1.1.5 PBP: Add part constraints | Checksum: 13012c10d

Time (s): cpu = 00:01:00 ; elapsed = 00:00:31 . Memory (MB): peak = 5518.703 ; gain = 1299.305 ; free physical = 3680 ; free virtual = 10488
Phase 2.1.1 Partition Driven Placement | Checksum: 13012c10d

Time (s): cpu = 00:01:00 ; elapsed = 00:00:31 . Memory (MB): peak = 5518.703 ; gain = 1299.305 ; free physical = 3680 ; free virtual = 10488
Phase 2.1 Floorplanning | Checksum: 14e1946da

Time (s): cpu = 00:01:00 ; elapsed = 00:00:31 . Memory (MB): peak = 5518.703 ; gain = 1299.305 ; free physical = 3680 ; free virtual = 10488

Phase 2.2 Physical Synthesis After Floorplan
INFO: [Physopt 32-670] No setup violation found.  PSIP Post Floorplan SLR Replication was not performed.
Netlist sorting complete. Time (s): cpu = 00:00:00 ; elapsed = 00:00:00 . Memory (MB): peak = 5518.703 ; gain = 0.000 ; free physical = 3680 ; free virtual = 10489

Summary of Physical Synthesis Optimizations
============================================


-----------------------------------------------------------------------------------------------------------------------------------------------
|  Optimization                         |  Added Cells  |  Removed Cells  |  Optimized Cells/Nets  |  Dont Touch  |  Iterations  |  Elapsed   |
-----------------------------------------------------------------------------------------------------------------------------------------------
|  PSIP Post Floorplan SLR Replication  |            0  |              0  |                     0  |           0  |           0  |  00:00:00  |
|  Total                                |            0  |              0  |                     0  |           0  |           0  |  00:00:00  |
-----------------------------------------------------------------------------------------------------------------------------------------------


Phase 2.2 Physical Synthesis After Floorplan | Checksum: 14e1946da

Time (s): cpu = 00:01:00 ; elapsed = 00:00:31 . Memory (MB): peak = 5518.703 ; gain = 1299.305 ; free physical = 3680 ; free virtual = 10489

Phase 2.3 Update Timing before SLR Path Opt
Phase 2.3 Update Timing before SLR Path Opt | Checksum: 14e1946da

Time (s): cpu = 00:01:00 ; elapsed = 00:00:31 . Memory (MB): peak = 5518.703 ; gain = 1299.305 ; free physical = 3680 ; free virtual = 10489

Phase 2.4 Post-Processing in Floorplanning
Phase 2.4 Post-Processing in Floorplanning | Checksum: 14e1946da

Time (s): cpu = 00:01:00 ; elapsed = 00:00:31 . Memory (MB): peak = 5518.703 ; gain = 1299.305 ; free physical = 3680 ; free virtual = 10489

Phase 2.5 Global Placement Core

Phase 2.5.1 UpdateTiming Before Physical Synthesis
Phase 2.5.1 UpdateTiming Before Physical Synthesis | Checksum: 1fbbf31d3

Time (s): cpu = 00:01:56 ; elapsed = 00:00:52 . Memory (MB): peak = 5916.723 ; gain = 1697.324 ; free physical = 3256 ; free virtual = 10074

Phase 2.5.2 Physical Synthesis In Placer
INFO: [Physopt 32-1035] Found 0 LUTNM shape to break, 460 LUT instances to create LUTNM shape
INFO: [Physopt 32-1044] Break lutnm for timing: one critical 0, two critical 0, total 0, new lutff created 0
INFO: [Physopt 32-1138] End 1 Pass. Optimized 178 nets or LUTs. Breaked 0 LUT, combined 178 existing LUTs and moved 0 existing LUT
INFO: [Physopt 32-1030] Pass 1. Identified 31 candidate driver sets for equivalent driver rewiring.
INFO: [Physopt 32-661] Optimized 16 nets.  Re-placed 56 instances.
INFO: [Physopt 32-775] End 1 Pass. Optimized 16 nets or cells. Created 0 new cell, deleted 0 existing cell and moved 56 existing cells
Netlist sorting complete. Time (s): cpu = 00:00:00.05 ; elapsed = 00:00:00.06 . Memory (MB): peak = 5916.723 ; gain = 0.000 ; free physical = 3256 ; free virtual = 10075
INFO: [Physopt 32-65] No nets found for high-fanout optimization.
INFO: [Physopt 32-232] Optimized 0 net. Created 0 new instance.
INFO: [Physopt 32-775] End 1 Pass. Optimized 0 net or cell. Created 0 new cell, deleted 0 existing cell and moved 0 existing cell
INFO: [Physopt 32-670] No setup violation found.  DSP Register Optimization was not performed.
INFO: [Physopt 32-670] No setup violation found.  Shift Register to Pipeline Optimization was not performed.
INFO: [Physopt 32-670] No setup violation found.  Shift Register Optimization was not performed.
INFO: [Physopt 32-670] No setup violation found.  BRAM Register Optimization was not performed.
INFO: [Physopt 32-670] No setup violation found.  URAM Register Optimization was not performed.
INFO: [Physopt 32-949] No candidate nets found for dynamic/static region interface net replication
INFO: [Physopt 32-775] End 1 Pass. Optimized 0 net or cell. Created 0 new cell, deleted 0 existing cell and moved 0 existing cell
Netlist sorting complete. Time (s): cpu = 00:00:00 ; elapsed = 00:00:00.01 . Memory (MB): peak = 5916.723 ; gain = 0.000 ; free physical = 3257 ; free virtual = 10075

Summary of Physical Synthesis Optimizations
============================================


-----------------------------------------------------------------------------------------------------------------------------------------------------------
|  Optimization                                     |  Added Cells  |  Removed Cells  |  Optimized Cells/Nets  |  Dont Touch  |  Iterations  |  Elapsed   |
-----------------------------------------------------------------------------------------------------------------------------------------------------------
|  LUT Combining                                    |            0  |            178  |                   178  |           0  |           1  |  00:00:00  |
|  Retime                                           |            0  |              0  |                     0  |           0  |           1  |  00:00:00  |
|  Equivalent Driver Rewiring                       |            0  |              0  |                    16  |           0  |           1  |  00:00:01  |
|  Very High Fanout                                 |            0  |              0  |                     0  |           0  |           1  |  00:00:00  |
|  DSP Register                                     |            0  |              0  |                     0  |           0  |           0  |  00:00:00  |
|  Shift Register to Pipeline                       |            0  |              0  |                     0  |           0  |           0  |  00:00:00  |
|  Shift Register                                   |            0  |              0  |                     0  |           0  |           0  |  00:00:00  |
|  BRAM Register                                    |            0  |              0  |                     0  |           0  |           0  |  00:00:00  |
|  URAM Register                                    |            0  |              0  |                     0  |           0  |           0  |  00:00:00  |
|  Dynamic/Static Region Interface Net Replication  |            0  |              0  |                     0  |           0  |           1  |  00:00:00  |
|  Total                                            |            0  |            178  |                   194  |           0  |           5  |  00:00:01  |
-----------------------------------------------------------------------------------------------------------------------------------------------------------


Phase 2.5.2 Physical Synthesis In Placer | Checksum: 20f343c3e

Time (s): cpu = 00:02:00 ; elapsed = 00:00:55 . Memory (MB): peak = 5916.723 ; gain = 1697.324 ; free physical = 3261 ; free virtual = 10079
Phase 2.5 Global Placement Core | Checksum: 20d75f006

Time (s): cpu = 00:02:41 ; elapsed = 00:01:08 . Memory (MB): peak = 5916.723 ; gain = 1697.324 ; free physical = 3231 ; free virtual = 10056
Phase 2 Global Placement | Checksum: 20d75f006

Time (s): cpu = 00:02:41 ; elapsed = 00:01:08 . Memory (MB): peak = 5916.723 ; gain = 1697.324 ; free physical = 3231 ; free virtual = 10056

Phase 3 Detail Placement

Phase 3.1 Commit Multi Column Macros
Phase 3.1 Commit Multi Column Macros | Checksum: 222e1f54a

Time (s): cpu = 00:03:04 ; elapsed = 00:01:14 . Memory (MB): peak = 5916.723 ; gain = 1697.324 ; free physical = 3383 ; free virtual = 10200

Phase 3.2 Commit Most Macros & LUTRAMs
Phase 3.2 Commit Most Macros & LUTRAMs | Checksum: 23d8d4bdf

Time (s): cpu = 00:03:07 ; elapsed = 00:01:16 . Memory (MB): peak = 5916.723 ; gain = 1697.324 ; free physical = 3374 ; free virtual = 10191

Phase 3.3 Small Shape DP

Phase 3.3.1 Small Shape Clustering
Phase 3.3.1 Small Shape Clustering | Checksum: 27ac344d9

Time (s): cpu = 00:03:28 ; elapsed = 00:01:22 . Memory (MB): peak = 5916.723 ; gain = 1697.324 ; free physical = 3268 ; free virtual = 10110

Phase 3.3.2 Slice Area Swap

Phase 3.3.2.1 Slice Area Swap Initial
Phase 3.3.2.1 Slice Area Swap Initial | Checksum: 1b8d05891

Time (s): cpu = 00:03:29 ; elapsed = 00:01:23 . Memory (MB): peak = 5916.723 ; gain = 1697.324 ; free physical = 3229 ; free virtual = 10069
Phase 3.3.2 Slice Area Swap | Checksum: 1d82b7dea

Time (s): cpu = 00:03:30 ; elapsed = 00:01:24 . Memory (MB): peak = 5916.723 ; gain = 1697.324 ; free physical = 3223 ; free virtual = 10062
Phase 3.3 Small Shape DP | Checksum: 2111a4eea

Time (s): cpu = 00:03:34 ; elapsed = 00:01:25 . Memory (MB): peak = 5916.723 ; gain = 1697.324 ; free physical = 3221 ; free virtual = 10066

Phase 3.4 Re-assign LUT pins
Phase 3.4 Re-assign LUT pins | Checksum: 20b08715e

Time (s): cpu = 00:03:35 ; elapsed = 00:01:26 . Memory (MB): peak = 5916.723 ; gain = 1697.324 ; free physical = 3224 ; free virtual = 10069

Phase 3.5 Pipeline Register Optimization
Phase 3.5 Pipeline Register Optimization | Checksum: 188d91676

Time (s): cpu = 00:03:35 ; elapsed = 00:01:26 . Memory (MB): peak = 5916.723 ; gain = 1697.324 ; free physical = 3224 ; free virtual = 10069
Phase 3 Detail Placement | Checksum: 188d91676

Time (s): cpu = 00:03:35 ; elapsed = 00:01:26 . Memory (MB): peak = 5916.723 ; gain = 1697.324 ; free physical = 3224 ; free virtual = 10069

Phase 4 Post Placement Optimization and Clean-Up

Phase 4.1 Post Commit Optimization
INFO: [Timing 38-35] Done setting XDC timing constraints.

Phase 4.1.1 Post Placement Optimization
Post Placement Optimization Initialization | Checksum: 1246e03ee

Phase 4.1.1.1 BUFG Insertion

Starting Physical Synthesis Task

Phase 1 Physical Synthesis Initialization
INFO: [Physopt 32-721] Multithreading enabled for phys_opt_design using a maximum of 8 CPUs
INFO: [Physopt 32-619] Estimated Timing Summary | WNS=1.865 | TNS=0.000 |
Phase 1 Physical Synthesis Initialization | Checksum: 1342a686a

Time (s): cpu = 00:00:01 ; elapsed = 00:00:00.37 . Memory (MB): peak = 5916.723 ; gain = 0.000 ; free physical = 3095 ; free virtual = 9964
INFO: [Place 46-56] BUFG insertion identified 0 candidate nets. Inserted BUFG: 0, Replicated BUFG Driver: 0, Skipped due to Placement/Routing Conflicts: 0, Skipped due to Timing Degradation: 0, Skipped due to netlist editing failed: 0.
Ending Physical Synthesis Task | Checksum: 1342a686a

Time (s): cpu = 00:00:02 ; elapsed = 00:00:00.6 . Memory (MB): peak = 5916.723 ; gain = 0.000 ; free physical = 3095 ; free virtual = 9965
Phase 4.1.1.1 BUFG Insertion | Checksum: 1246e03ee

Time (s): cpu = 00:04:11 ; elapsed = 00:01:36 . Memory (MB): peak = 5916.723 ; gain = 1697.324 ; free physical = 3095 ; free virtual = 9965

Phase 4.1.1.2 BUFG Replication
INFO: [Place 46-63] BUFG replication identified 0 candidate nets: Replicated nets: 0, Replicated BUFGs: 0, Replicated BUFG Driver: 0, moved BUFGs: 0, Skipped due to Placement / Routing Conflict: 0, Skipped due to Timing: 0, Skipped due to constraints: 0
Phase 4.1.1.2 BUFG Replication | Checksum: 1246e03ee

Time (s): cpu = 00:04:11 ; elapsed = 00:01:37 . Memory (MB): peak = 5916.723 ; gain = 1697.324 ; free physical = 3095 ; free virtual = 9964

Phase 4.1.1.3 Post Placement Timing Optimization
INFO: [Place 30-746] Post Placement Timing Summary WNS=1.865. For the most accurate timing information please run report_timing.
Phase 4.1.1.3 Post Placement Timing Optimization | Checksum: b9f482f7

Time (s): cpu = 00:04:12 ; elapsed = 00:01:37 . Memory (MB): peak = 5916.723 ; gain = 1697.324 ; free physical = 3095 ; free virtual = 9965

Phase 4.1.1.4 Replication
INFO: [Place 46-19] Post Replication Timing Summary WNS=1.865. For the most accurate timing information please run report_timing.
Phase 4.1.1.4 Replication | Checksum: b9f482f7

Time (s): cpu = 00:04:12 ; elapsed = 00:01:37 . Memory (MB): peak = 5916.723 ; gain = 1697.324 ; free physical = 3095 ; free virtual = 9965

Time (s): cpu = 00:04:12 ; elapsed = 00:01:37 . Memory (MB): peak = 5916.723 ; gain = 1697.324 ; free physical = 3095 ; free virtual = 9965
Phase 4.1 Post Commit Optimization | Checksum: b9f482f7

Time (s): cpu = 00:04:13 ; elapsed = 00:01:37 . Memory (MB): peak = 5916.723 ; gain = 1697.324 ; free physical = 3095 ; free virtual = 9965

Phase 4.2 Post Placement Cleanup
Phase 4.2 Post Placement Cleanup | Checksum: b9f482f7

Time (s): cpu = 00:04:46 ; elapsed = 00:01:57 . Memory (MB): peak = 5916.723 ; gain = 1697.324 ; free physical = 3221 ; free virtual = 10065

Phase 4.3 Placer Reporting

Phase 4.3.1 Print Estimated Congestion
INFO: [Place 30-612] Post-Placement Estimated Congestion 
 ________________________________________________________________________
|           | Global Congestion | Long Congestion   | Short Congestion  |
| Direction | Region Size       | Region Size       | Region Size       |
|___________|___________________|___________________|___________________|
|      North|                1x1|                1x1|                1x1|
|___________|___________________|___________________|___________________|
|      South|                1x1|                1x1|                2x2|
|___________|___________________|___________________|___________________|
|       East|                1x1|                1x1|                1x1|
|___________|___________________|___________________|___________________|
|       West|                1x1|                1x1|                1x1|
|___________|___________________|___________________|___________________|

SLR0:
 ________________________________________________________________________
|           | Global Congestion | Long Congestion   | Short Congestion  |
| Direction | Region Size       | Region Size       | Region Size       |
|___________|___________________|___________________|___________________|
|      North|                1x1|                1x1|                1x1|
|___________|___________________|___________________|___________________|
|      South|                1x1|                1x1|                2x2|
|___________|___________________|___________________|___________________|
|       East|                1x1|                1x1|                1x1|
|___________|___________________|___________________|___________________|
|       West|                1x1|                1x1|                1x1|
|___________|___________________|___________________|___________________|

SLR1:
 ________________________________________________________________________
|           | Global Congestion | Long Congestion   | Short Congestion  |
| Direction | Region Size       | Region Size       | Region Size       |
|___________|___________________|___________________|___________________|
|      North|                1x1|                1x1|                1x1|
|___________|___________________|___________________|___________________|
|      South|                1x1|                1x1|                1x1|
|___________|___________________|___________________|___________________|
|       East|                1x1|                1x1|                1x1|
|___________|___________________|___________________|___________________|
|       West|                1x1|                1x1|                1x1|
|___________|___________________|___________________|___________________|

Phase 4.3.1 Print Estimated Congestion | Checksum: b9f482f7

Time (s): cpu = 00:04:46 ; elapsed = 00:01:57 . Memory (MB): peak = 5916.723 ; gain = 1697.324 ; free physical = 3221 ; free virtual = 10065
Phase 4.3 Placer Reporting | Checksum: b9f482f7

Time (s): cpu = 00:04:46 ; elapsed = 00:01:57 . Memory (MB): peak = 5916.723 ; gain = 1697.324 ; free physical = 3221 ; free virtual = 10065

Phase 4.4 Final Placement Cleanup
Netlist sorting complete. Time (s): cpu = 00:00:00.01 ; elapsed = 00:00:00.01 . Memory (MB): peak = 5916.723 ; gain = 0.000 ; free physical = 3221 ; free virtual = 10065

Time (s): cpu = 00:04:46 ; elapsed = 00:01:57 . Memory (MB): peak = 5916.723 ; gain = 1697.324 ; free physical = 3221 ; free virtual = 10065
Phase 4 Post Placement Optimization and Clean-Up | Checksum: 154cafbc3

Time (s): cpu = 00:04:46 ; elapsed = 00:01:57 . Memory (MB): peak = 5916.723 ; gain = 1697.324 ; free physical = 3221 ; free virtual = 10065
Ending Placer Task | Checksum: 101423eb2

Time (s): cpu = 00:04:46 ; elapsed = 00:01:57 . Memory (MB): peak = 5916.723 ; gain = 1697.324 ; free physical = 3221 ; free virtual = 10065
79 Infos, 0 Warnings, 0 Critical Warnings and 0 Errors encountered.
place_design completed successfully
place_design: Time (s): cpu = 00:04:52 ; elapsed = 00:01:58 . Memory (MB): peak = 5916.723 ; gain = 1697.324 ; free physical = 3221 ; free virtual = 10065
INFO: [runtcl-4] Executing : report_io -file bd_0_wrapper_io_placed.rpt
report_io: Time (s): cpu = 00:00:00.29 ; elapsed = 00:00:00.38 . Memory (MB): peak = 5916.723 ; gain = 0.000 ; free physical = 3190 ; free virtual = 10034
INFO: [runtcl-4] Executing : report_utilization -file bd_0_wrapper_utilization_placed.rpt -pb bd_0_wrapper_utilization_placed.pb
INFO: [runtcl-4] Executing : report_control_sets -verbose -file bd_0_wrapper_control_sets_placed.rpt
report_control_sets: Time (s): cpu = 00:00:00.07 ; elapsed = 00:00:00.16 . Memory (MB): peak = 5916.723 ; gain = 0.000 ; free physical = 3147 ; free virtual = 9991
INFO: [Timing 38-480] Writing timing data to binary archive.
Write ShapeDB Complete: Time (s): cpu = 00:00:00.42 ; elapsed = 00:00:00.09 . Memory (MB): peak = 5916.723 ; gain = 0.000 ; free physical = 3143 ; free virtual = 9992
Wrote PlaceDB: Time (s): cpu = 00:00:03 ; elapsed = 00:00:01 . Memory (MB): peak = 5916.723 ; gain = 0.000 ; free physical = 3117 ; free virtual = 9996
Wrote PulsedLatchDB: Time (s): cpu = 00:00:00 ; elapsed = 00:00:00 . Memory (MB): peak = 5916.723 ; gain = 0.000 ; free physical = 3117 ; free virtual = 9996
Writing XDEF routing.
Writing XDEF routing logical nets.
Writing XDEF routing special nets.
Wrote RouteStorage: Time (s): cpu = 00:00:00.32 ; elapsed = 00:00:00.13 . Memory (MB): peak = 5916.723 ; gain = 0.000 ; free physical = 3117 ; free virtual = 9998
Wrote Netlist Cache: Time (s): cpu = 00:00:00.04 ; elapsed = 00:00:00.02 . Memory (MB): peak = 5916.723 ; gain = 0.000 ; free physical = 3117 ; free virtual = 10001
Wrote Device Cache: Time (s): cpu = 00:00:00.02 ; elapsed = 00:00:00.02 . Memory (MB): peak = 5916.723 ; gain = 0.000 ; free physical = 3115 ; free virtual = 10001
Write Physdb Complete: Time (s): cpu = 00:00:04 ; elapsed = 00:00:01 . Memory (MB): peak = 5916.723 ; gain = 0.000 ; free physical = 3115 ; free virtual = 10001
INFO: [Common 17-1381] The checkpoint '/home/gabriel/Documents/UFRGS/RAISE/AHLS/AHLS/data/anchor_solutions/BACKPROP/solution0/impl/verilog/project.runs/impl_1/bd_0_wrapper_placed.dcp' has been generated.
Command: phys_opt_design
Attempting to get a license for feature 'Implementation' and/or device 'xcu50'
INFO: [Common 17-349] Got license for feature 'Implementation' and/or device 'xcu50'

Starting Initial Update Timing Task
WARNING: [Timing 38-242] The property HD.CLK_SRC of clock port "ap_clk" is not set. In out-of-context mode, this prevents timing estimation for clock delay/skew
Resolution: Set the HD.CLK_SRC property of the out-of-context port to the location of the clock buffer instance in the top-level design

Time (s): cpu = 00:00:10 ; elapsed = 00:00:02 . Memory (MB): peak = 5916.723 ; gain = 0.000 ; free physical = 3108 ; free virtual = 9966
INFO: [Vivado_Tcl 4-383] Design worst setup slack (WNS) is greater than or equal to 0.000 ns. Skipping all physical synthesis optimizations.
INFO: [Vivado_Tcl 4-232] No setup violation found. The netlist was not modified.
INFO: [Common 17-83] Releasing license: Implementation
88 Infos, 1 Warnings, 0 Critical Warnings and 0 Errors encountered.
phys_opt_design completed successfully
INFO: [Timing 38-480] Writing timing data to binary archive.
Write ShapeDB Complete: Time (s): cpu = 00:00:00.2 ; elapsed = 00:00:00.04 . Memory (MB): peak = 5916.723 ; gain = 0.000 ; free physical = 3104 ; free virtual = 9967
Wrote PlaceDB: Time (s): cpu = 00:00:03 ; elapsed = 00:00:00.9 . Memory (MB): peak = 5916.723 ; gain = 0.000 ; free physical = 3098 ; free virtual = 9990
Wrote PulsedLatchDB: Time (s): cpu = 00:00:00 ; elapsed = 00:00:00 . Memory (MB): peak = 5916.723 ; gain = 0.000 ; free physical = 3098 ; free virtual = 9990
Writing XDEF routing.
Writing XDEF routing logical nets.
Writing XDEF routing special nets.
Wrote RouteStorage: Time (s): cpu = 00:00:00.24 ; elapsed = 00:00:00.09 . Memory (MB): peak = 5916.723 ; gain = 0.000 ; free physical = 3096 ; free virtual = 9989
Wrote Netlist Cache: Time (s): cpu = 00:00:00.05 ; elapsed = 00:00:00.02 . Memory (MB): peak = 5916.723 ; gain = 0.000 ; free physical = 3096 ; free virtual = 9992
Wrote Device Cache: Time (s): cpu = 00:00:00.03 ; elapsed = 00:00:00.01 . Memory (MB): peak = 5916.723 ; gain = 0.000 ; free physical = 3081 ; free virtual = 9979
Write Physdb Complete: Time (s): cpu = 00:00:03 ; elapsed = 00:00:01 . Memory (MB): peak = 5916.723 ; gain = 0.000 ; free physical = 3081 ; free virtual = 9979
INFO: [Common 17-1381] The checkpoint '/home/gabriel/Documents/UFRGS/RAISE/AHLS/AHLS/data/anchor_solutions/BACKPROP/solution0/impl/verilog/project.runs/impl_1/bd_0_wrapper_physopt.dcp' has been generated.
Command: route_design
Attempting to get a license for feature 'Implementation' and/or device 'xcu50'
INFO: [Common 17-349] Got license for feature 'Implementation' and/or device 'xcu50'
Running DRC as a precondition to command route_design
INFO: [DRC 23-27] Running DRC with 8 threads
INFO: [Vivado_Tcl 4-198] DRC finished with 0 Errors
INFO: [Vivado_Tcl 4-199] Please refer to the DRC report (report_drc) for more information.


Starting Routing Task
INFO: [Route 35-254] Multithreading enabled for route_design using a maximum of 8 CPUs

Phase 1 Build RT Design
Checksum: PlaceDB: 441f2629 ConstDB: 0 ShapeSum: bd231889 RouteDB: 0
Nodegraph reading from file.  Time (s): cpu = 00:00:01 ; elapsed = 00:00:01 . Memory (MB): peak = 5916.723 ; gain = 0.000 ; free physical = 3125 ; free virtual = 10026
WARNING: [Route 35-197] Clock port "ap_clk" does not have an associated HD.CLK_SRC. Without this constraint, timing analysis may not be accurate and upstream checks cannot be done to ensure correct clock placement.
WARNING: [Route 35-198] Port "ap_rst" does not have an associated HD.PARTPIN_LOCS, which will prevent the partial routing of the signal "ap_rst". Without this partial route, timing analysis to/from this port will not be accurate, and no routing information for this port can be exported.
WARNING: [Route 35-198] Port "weights1_q0[58]" does not have an associated HD.PARTPIN_LOCS, which will prevent the partial routing of the signal "weights1_q0[58]". Without this partial route, timing analysis to/from this port will not be accurate, and no routing information for this port can be exported.
WARNING: [Route 35-198] Port "weights2_q0[58]" does not have an associated HD.PARTPIN_LOCS, which will prevent the partial routing of the signal "weights2_q0[58]". Without this partial route, timing analysis to/from this port will not be accurate, and no routing information for this port can be exported.
WARNING: [Route 35-198] Port "ap_ctrl_start" does not have an associated HD.PARTPIN_LOCS, which will prevent the partial routing of the signal "ap_ctrl_start". Without this partial route, timing analysis to/from this port will not be accurate, and no routing information for this port can be exported.
WARNING: [Route 35-198] Port "training_data_q0[56]" does not have an associated HD.PARTPIN_LOCS, which will prevent the partial routing of the signal "training_data_q0[56]". Without this partial route, timing analysis to/from this port will not be accurate, and no routing information for this port can be exported.
WARNING: [Route 35-198] Port "training_data_q0[57]" does not have an associated HD.PARTPIN_LOCS, which will prevent the partial routing of the signal "training_data_q0[57]". Without this partial route, timing analysis to/from this port will not be accurate, and no routing information for this port can be exported.
WARNING: [Route 35-198] Port "biases1_q0[58]" does not have an associated HD.PARTPIN_LOCS, which will prevent the partial routing of the signal "biases1_q0[58]". Without this partial route, timing analysis to/from this port will not be accurate, and no routing information for this port can be exported.
WARNING: [Route 35-198] Port "biases2_q0[58]" does not have an associated HD.PARTPIN_LOCS, which will prevent the partial routing of the signal "biases2_q0[58]". Without this partial route, timing analysis to/from this port will not be accurate, and no routing information for this port can be exported.
WARNING: [Route 35-198] Port "biases1_q0[56]" does not have an associated HD.PARTPIN_LOCS, which will prevent the partial routing of the signal "biases1_q0[56]". Without this partial route, timing analysis to/from this port will not be accurate, and no routing information for this port can be exported.
WARNING: [Route 35-198] Port "biases2_q0[56]" does not have an associated HD.PARTPIN_LOCS, which will prevent the partial routing of the signal "biases2_q0[56]". Without this partial route, timing analysis to/from this port will not be accurate, and no routing information for this port can be exported.
WARNING: [Route 35-198] Port "weights2_q0[56]" does not have an associated HD.PARTPIN_LOCS, which will prevent the partial routing of the signal "weights2_q0[56]". Without this partial route, timing analysis to/from this port will not be accurate, and no routing information for this port can be exported.
WARNING: [Route 35-198] Port "weights1_q0[56]" does not have an associated HD.PARTPIN_LOCS, which will prevent the partial routing of the signal "weights1_q0[56]". Without this partial route, timing analysis to/from this port will not be accurate, and no routing information for this port can be exported.
WARNING: [Route 35-198] Port "weights3_q0[57]" does not have an associated HD.PARTPIN_LOCS, which will prevent the partial routing of the signal "weights3_q0[57]". Without this partial route, timing analysis to/from this port will not be accurate, and no routing information for this port can be exported.
WARNING: [Route 35-198] Port "weights3_q0[58]" does not have an associated HD.PARTPIN_LOCS, which will prevent the partial routing of the signal "weights3_q0[58]". Without this partial route, timing analysis to/from this port will not be accurate, and no routing information for this port can be exported.
WARNING: [Route 35-198] Port "weights3_q0[59]" does not have an associated HD.PARTPIN_LOCS, which will prevent the partial routing of the signal "weights3_q0[59]". Without this partial route, timing analysis to/from this port will not be accurate, and no routing information for this port can be exported.
WARNING: [Route 35-198] Port "training_data_q0[58]" does not have an associated HD.PARTPIN_LOCS, which will prevent the partial routing of the signal "training_data_q0[58]". Without this partial route, timing analysis to/from this port will not be accurate, and no routing information for this port can be exported.
WARNING: [Route 35-198] Port "training_data_q0[59]" does not have an associated HD.PARTPIN_LOCS, which will prevent the partial routing of the signal "training_data_q0[59]". Without this partial route, timing analysis to/from this port will not be accurate, and no routing information for this port can be exported.
WARNING: [Route 35-198] Port "weights2_q0[59]" does not have an associated HD.PARTPIN_LOCS, which will prevent the partial routing of the signal "weights2_q0[59]". Without this partial route, timing analysis to/from this port will not be accurate, and no routing information for this port can be exported.
WARNING: [Route 35-198] Port "weights1_q0[57]" does not have an associated HD.PARTPIN_LOCS, which will prevent the partial routing of the signal "weights1_q0[57]". Without this partial route, timing analysis to/from this port will not be accurate, and no routing information for this port can be exported.
WARNING: [Route 35-198] Port "weights2_q0[57]" does not have an associated HD.PARTPIN_LOCS, which will prevent the partial routing of the signal "weights2_q0[57]". Without this partial route, timing analysis to/from this port will not be accurate, and no routing information for this port can be exported.
WARNING: [Route 35-198] Port "biases1_q0[57]" does not have an associated HD.PARTPIN_LOCS, which will prevent the partial routing of the signal "biases1_q0[57]". Without this partial route, timing analysis to/from this port will not be accurate, and no routing information for this port can be exported.
WARNING: [Route 35-198] Port "biases1_q0[59]" does not have an associated HD.PARTPIN_LOCS, which will prevent the partial routing of the signal "biases1_q0[59]". Without this partial route, timing analysis to/from this port will not be accurate, and no routing information for this port can be exported.
WARNING: [Route 35-198] Port "biases2_q0[57]" does not have an associated HD.PARTPIN_LOCS, which will prevent the partial routing of the signal "biases2_q0[57]". Without this partial route, timing analysis to/from this port will not be accurate, and no routing information for this port can be exported.
WARNING: [Route 35-198] Port "biases2_q0[59]" does not have an associated HD.PARTPIN_LOCS, which will prevent the partial routing of the signal "biases2_q0[59]". Without this partial route, timing analysis to/from this port will not be accurate, and no routing information for this port can be exported.
WARNING: [Route 35-198] Port "biases1_q0[54]" does not have an associated HD.PARTPIN_LOCS, which will prevent the partial routing of the signal "biases1_q0[54]". Without this partial route, timing analysis to/from this port will not be accurate, and no routing information for this port can be exported.
WARNING: [Route 35-198] Port "biases2_q0[54]" does not have an associated HD.PARTPIN_LOCS, which will prevent the partial routing of the signal "biases2_q0[54]". Without this partial route, timing analysis to/from this port will not be accurate, and no routing information for this port can be exported.
WARNING: [Route 35-198] Port "biases3_q0[56]" does not have an associated HD.PARTPIN_LOCS, which will prevent the partial routing of the signal "biases3_q0[56]". Without this partial route, timing analysis to/from this port will not be accurate, and no routing information for this port can be exported.
WARNING: [Route 35-198] Port "biases3_q0[58]" does not have an associated HD.PARTPIN_LOCS, which will prevent the partial routing of the signal "biases3_q0[58]". Without this partial route, timing analysis to/from this port will not be accurate, and no routing information for this port can be exported.
WARNING: [Route 35-198] Port "weights3_q0[56]" does not have an associated HD.PARTPIN_LOCS, which will prevent the partial routing of the signal "weights3_q0[56]". Without this partial route, timing analysis to/from this port will not be accurate, and no routing information for this port can be exported.
WARNING: [Route 35-198] Port "biases1_q0[55]" does not have an associated HD.PARTPIN_LOCS, which will prevent the partial routing of the signal "biases1_q0[55]". Without this partial route, timing analysis to/from this port will not be accurate, and no routing information for this port can be exported.
WARNING: [Route 35-198] Port "biases2_q0[55]" does not have an associated HD.PARTPIN_LOCS, which will prevent the partial routing of the signal "biases2_q0[55]". Without this partial route, timing analysis to/from this port will not be accurate, and no routing information for this port can be exported.
WARNING: [Route 35-198] Port "weights1_q0[54]" does not have an associated HD.PARTPIN_LOCS, which will prevent the partial routing of the signal "weights1_q0[54]". Without this partial route, timing analysis to/from this port will not be accurate, and no routing information for this port can be exported.
WARNING: [Route 35-198] Port "weights1_q0[59]" does not have an associated HD.PARTPIN_LOCS, which will prevent the partial routing of the signal "weights1_q0[59]". Without this partial route, timing analysis to/from this port will not be accurate, and no routing information for this port can be exported.
WARNING: [Route 35-198] Port "weights2_q0[54]" does not have an associated HD.PARTPIN_LOCS, which will prevent the partial routing of the signal "weights2_q0[54]". Without this partial route, timing analysis to/from this port will not be accurate, and no routing information for this port can be exported.
WARNING: [Route 35-198] Port "weights1_q0[49]" does not have an associated HD.PARTPIN_LOCS, which will prevent the partial routing of the signal "weights1_q0[49]". Without this partial route, timing analysis to/from this port will not be accurate, and no routing information for this port can be exported.
WARNING: [Route 35-198] Port "weights1_q0[51]" does not have an associated HD.PARTPIN_LOCS, which will prevent the partial routing of the signal "weights1_q0[51]". Without this partial route, timing analysis to/from this port will not be accurate, and no routing information for this port can be exported.
WARNING: [Route 35-198] Port "weights2_q0[49]" does not have an associated HD.PARTPIN_LOCS, which will prevent the partial routing of the signal "weights2_q0[49]". Without this partial route, timing analysis to/from this port will not be accurate, and no routing information for this port can be exported.
WARNING: [Route 35-198] Port "weights2_q0[51]" does not have an associated HD.PARTPIN_LOCS, which will prevent the partial routing of the signal "weights2_q0[51]". Without this partial route, timing analysis to/from this port will not be accurate, and no routing information for this port can be exported.
WARNING: [Route 35-198] Port "weights3_q0[53]" does not have an associated HD.PARTPIN_LOCS, which will prevent the partial routing of the signal "weights3_q0[53]". Without this partial route, timing analysis to/from this port will not be accurate, and no routing information for this port can be exported.
WARNING: [Route 35-198] Port "weights3_q0[54]" does not have an associated HD.PARTPIN_LOCS, which will prevent the partial routing of the signal "weights3_q0[54]". Without this partial route, timing analysis to/from this port will not be accurate, and no routing information for this port can be exported.
WARNING: [Route 35-198] Port "weights3_q0[55]" does not have an associated HD.PARTPIN_LOCS, which will prevent the partial routing of the signal "weights3_q0[55]". Without this partial route, timing analysis to/from this port will not be accurate, and no routing information for this port can be exported.
WARNING: [Route 35-198] Port "weights3_q0[5]" does not have an associated HD.PARTPIN_LOCS, which will prevent the partial routing of the signal "weights3_q0[5]". Without this partial route, timing analysis to/from this port will not be accurate, and no routing information for this port can be exported.
WARNING: [Route 35-198] Port "training_data_q0[60]" does not have an associated HD.PARTPIN_LOCS, which will prevent the partial routing of the signal "training_data_q0[60]". Without this partial route, timing analysis to/from this port will not be accurate, and no routing information for this port can be exported.
WARNING: [Route 35-198] Port "training_data_q0[54]" does not have an associated HD.PARTPIN_LOCS, which will prevent the partial routing of the signal "training_data_q0[54]". Without this partial route, timing analysis to/from this port will not be accurate, and no routing information for this port can be exported.
WARNING: [Route 35-198] Port "weights1_q0[55]" does not have an associated HD.PARTPIN_LOCS, which will prevent the partial routing of the signal "weights1_q0[55]". Without this partial route, timing analysis to/from this port will not be accurate, and no routing information for this port can be exported.
WARNING: [Route 35-198] Port "weights1_q0[60]" does not have an associated HD.PARTPIN_LOCS, which will prevent the partial routing of the signal "weights1_q0[60]". Without this partial route, timing analysis to/from this port will not be accurate, and no routing information for this port can be exported.
WARNING: [Route 35-198] Port "weights2_q0[55]" does not have an associated HD.PARTPIN_LOCS, which will prevent the partial routing of the signal "weights2_q0[55]". Without this partial route, timing analysis to/from this port will not be accurate, and no routing information for this port can be exported.
WARNING: [Route 35-198] Port "weights2_q0[60]" does not have an associated HD.PARTPIN_LOCS, which will prevent the partial routing of the signal "weights2_q0[60]". Without this partial route, timing analysis to/from this port will not be accurate, and no routing information for this port can be exported.
WARNING: [Route 35-198] Port "weights1_q0[48]" does not have an associated HD.PARTPIN_LOCS, which will prevent the partial routing of the signal "weights1_q0[48]". Without this partial route, timing analysis to/from this port will not be accurate, and no routing information for this port can be exported.
WARNING: [Route 35-198] Port "weights2_q0[48]" does not have an associated HD.PARTPIN_LOCS, which will prevent the partial routing of the signal "weights2_q0[48]". Without this partial route, timing analysis to/from this port will not be accurate, and no routing information for this port can be exported.
WARNING: [Route 35-198] Port "biases1_q0[60]" does not have an associated HD.PARTPIN_LOCS, which will prevent the partial routing of the signal "biases1_q0[60]". Without this partial route, timing analysis to/from this port will not be accurate, and no routing information for this port can be exported.
WARNING: [Route 35-198] Port "biases2_q0[60]" does not have an associated HD.PARTPIN_LOCS, which will prevent the partial routing of the signal "biases2_q0[60]". Without this partial route, timing analysis to/from this port will not be accurate, and no routing information for this port can be exported.
WARNING: [Route 35-198] Port "weights3_q0[60]" does not have an associated HD.PARTPIN_LOCS, which will prevent the partial routing of the signal "weights3_q0[60]". Without this partial route, timing analysis to/from this port will not be accurate, and no routing information for this port can be exported.
WARNING: [Route 35-198] Port "biases3_q0[60]" does not have an associated HD.PARTPIN_LOCS, which will prevent the partial routing of the signal "biases3_q0[60]". Without this partial route, timing analysis to/from this port will not be accurate, and no routing information for this port can be exported.
WARNING: [Route 35-198] Port "weights3_q0[61]" does not have an associated HD.PARTPIN_LOCS, which will prevent the partial routing of the signal "weights3_q0[61]". Without this partial route, timing analysis to/from this port will not be accurate, and no routing information for this port can be exported.
WARNING: [Route 35-198] Port "training_data_q0[55]" does not have an associated HD.PARTPIN_LOCS, which will prevent the partial routing of the signal "training_data_q0[55]". Without this partial route, timing analysis to/from this port will not be accurate, and no routing information for this port can be exported.
WARNING: [Route 35-198] Port "weights1_q0[61]" does not have an associated HD.PARTPIN_LOCS, which will prevent the partial routing of the signal "weights1_q0[61]". Without this partial route, timing analysis to/from this port will not be accurate, and no routing information for this port can be exported.
WARNING: [Route 35-198] Port "training_data_q0[61]" does not have an associated HD.PARTPIN_LOCS, which will prevent the partial routing of the signal "training_data_q0[61]". Without this partial route, timing analysis to/from this port will not be accurate, and no routing information for this port can be exported.
WARNING: [Route 35-198] Port "weights2_q0[61]" does not have an associated HD.PARTPIN_LOCS, which will prevent the partial routing of the signal "weights2_q0[61]". Without this partial route, timing analysis to/from this port will not be accurate, and no routing information for this port can be exported.
WARNING: [Route 35-198] Port "biases1_q0[61]" does not have an associated HD.PARTPIN_LOCS, which will prevent the partial routing of the signal "biases1_q0[61]". Without this partial route, timing analysis to/from this port will not be accurate, and no routing information for this port can be exported.
WARNING: [Route 35-198] Port "biases1_q0[62]" does not have an associated HD.PARTPIN_LOCS, which will prevent the partial routing of the signal "biases1_q0[62]". Without this partial route, timing analysis to/from this port will not be accurate, and no routing information for this port can be exported.
WARNING: [Route 35-198] Port "biases2_q0[61]" does not have an associated HD.PARTPIN_LOCS, which will prevent the partial routing of the signal "biases2_q0[61]". Without this partial route, timing analysis to/from this port will not be accurate, and no routing information for this port can be exported.
WARNING: [Route 35-198] Port "biases2_q0[62]" does not have an associated HD.PARTPIN_LOCS, which will prevent the partial routing of the signal "biases2_q0[62]". Without this partial route, timing analysis to/from this port will not be accurate, and no routing information for this port can be exported.
WARNING: [Route 35-198] Port "biases2_q0[0]" does not have an associated HD.PARTPIN_LOCS, which will prevent the partial routing of the signal "biases2_q0[0]". Without this partial route, timing analysis to/from this port will not be accurate, and no routing information for this port can be exported.
WARNING: [Route 35-198] Port "biases3_q0[0]" does not have an associated HD.PARTPIN_LOCS, which will prevent the partial routing of the signal "biases3_q0[0]". Without this partial route, timing analysis to/from this port will not be accurate, and no routing information for this port can be exported.
WARNING: [Route 35-198] Port "weights3_q0[0]" does not have an associated HD.PARTPIN_LOCS, which will prevent the partial routing of the signal "weights3_q0[0]". Without this partial route, timing analysis to/from this port will not be accurate, and no routing information for this port can be exported.
WARNING: [Route 35-198] Port "biases3_q0[57]" does not have an associated HD.PARTPIN_LOCS, which will prevent the partial routing of the signal "biases3_q0[57]". Without this partial route, timing analysis to/from this port will not be accurate, and no routing information for this port can be exported.
WARNING: [Route 35-198] Port "weights1_q0[52]" does not have an associated HD.PARTPIN_LOCS, which will prevent the partial routing of the signal "weights1_q0[52]". Without this partial route, timing analysis to/from this port will not be accurate, and no routing information for this port can be exported.
WARNING: [Route 35-198] Port "weights1_q0[63]" does not have an associated HD.PARTPIN_LOCS, which will prevent the partial routing of the signal "weights1_q0[63]". Without this partial route, timing analysis to/from this port will not be accurate, and no routing information for this port can be exported.
WARNING: [Route 35-198] Port "training_targets_q0[58]" does not have an associated HD.PARTPIN_LOCS, which will prevent the partial routing of the signal "training_targets_q0[58]". Without this partial route, timing analysis to/from this port will not be accurate, and no routing information for this port can be exported.
WARNING: [Route 35-198] Port "weights2_q0[52]" does not have an associated HD.PARTPIN_LOCS, which will prevent the partial routing of the signal "weights2_q0[52]". Without this partial route, timing analysis to/from this port will not be accurate, and no routing information for this port can be exported.
WARNING: [Route 35-198] Port "weights2_q0[63]" does not have an associated HD.PARTPIN_LOCS, which will prevent the partial routing of the signal "weights2_q0[63]". Without this partial route, timing analysis to/from this port will not be accurate, and no routing information for this port can be exported.
WARNING: [Route 35-198] Port "training_targets_q0[52]" does not have an associated HD.PARTPIN_LOCS, which will prevent the partial routing of the signal "training_targets_q0[52]". Without this partial route, timing analysis to/from this port will not be accurate, and no routing information for this port can be exported.
WARNING: [Route 35-198] Port "training_targets_q0[54]" does not have an associated HD.PARTPIN_LOCS, which will prevent the partial routing of the signal "training_targets_q0[54]". Without this partial route, timing analysis to/from this port will not be accurate, and no routing information for this port can be exported.
WARNING: [Route 35-198] Port "biases1_q0[52]" does not have an associated HD.PARTPIN_LOCS, which will prevent the partial routing of the signal "biases1_q0[52]". Without this partial route, timing analysis to/from this port will not be accurate, and no routing information for this port can be exported.
WARNING: [Route 35-198] Port "biases2_q0[52]" does not have an associated HD.PARTPIN_LOCS, which will prevent the partial routing of the signal "biases2_q0[52]". Without this partial route, timing analysis to/from this port will not be accurate, and no routing information for this port can be exported.
WARNING: [Route 35-198] Port "biases2_q0[53]" does not have an associated HD.PARTPIN_LOCS, which will prevent the partial routing of the signal "biases2_q0[53]". Without this partial route, timing analysis to/from this port will not be accurate, and no routing information for this port can be exported.
WARNING: [Route 35-198] Port "biases3_q0[53]" does not have an associated HD.PARTPIN_LOCS, which will prevent the partial routing of the signal "biases3_q0[53]". Without this partial route, timing analysis to/from this port will not be accurate, and no routing information for this port can be exported.
WARNING: [Route 35-198] Port "biases3_q0[54]" does not have an associated HD.PARTPIN_LOCS, which will prevent the partial routing of the signal "biases3_q0[54]". Without this partial route, timing analysis to/from this port will not be accurate, and no routing information for this port can be exported.
WARNING: [Route 35-198] Port "biases3_q0[61]" does not have an associated HD.PARTPIN_LOCS, which will prevent the partial routing of the signal "biases3_q0[61]". Without this partial route, timing analysis to/from this port will not be accurate, and no routing information for this port can be exported.
WARNING: [Route 35-198] Port "weights3_q0[52]" does not have an associated HD.PARTPIN_LOCS, which will prevent the partial routing of the signal "weights3_q0[52]". Without this partial route, timing analysis to/from this port will not be accurate, and no routing information for this port can be exported.
WARNING: [Route 35-198] Port "training_data_q0[62]" does not have an associated HD.PARTPIN_LOCS, which will prevent the partial routing of the signal "training_data_q0[62]". Without this partial route, timing analysis to/from this port will not be accurate, and no routing information for this port can be exported.
WARNING: [Route 35-198] Port "training_data_q0[53]" does not have an associated HD.PARTPIN_LOCS, which will prevent the partial routing of the signal "training_data_q0[53]". Without this partial route, timing analysis to/from this port will not be accurate, and no routing information for this port can be exported.
WARNING: [Route 35-198] Port "weights1_q0[62]" does not have an associated HD.PARTPIN_LOCS, which will prevent the partial routing of the signal "weights1_q0[62]". Without this partial route, timing analysis to/from this port will not be accurate, and no routing information for this port can be exported.
WARNING: [Route 35-198] Port "weights2_q0[62]" does not have an associated HD.PARTPIN_LOCS, which will prevent the partial routing of the signal "weights2_q0[62]". Without this partial route, timing analysis to/from this port will not be accurate, and no routing information for this port can be exported.
WARNING: [Route 35-198] Port "weights1_q0[53]" does not have an associated HD.PARTPIN_LOCS, which will prevent the partial routing of the signal "weights1_q0[53]". Without this partial route, timing analysis to/from this port will not be accurate, and no routing information for this port can be exported.
WARNING: [Route 35-198] Port "weights2_q0[53]" does not have an associated HD.PARTPIN_LOCS, which will prevent the partial routing of the signal "weights2_q0[53]". Without this partial route, timing analysis to/from this port will not be accurate, and no routing information for this port can be exported.
WARNING: [Route 35-198] Port "training_targets_q0[55]" does not have an associated HD.PARTPIN_LOCS, which will prevent the partial routing of the signal "training_targets_q0[55]". Without this partial route, timing analysis to/from this port will not be accurate, and no routing information for this port can be exported.
WARNING: [Route 35-198] Port "training_targets_q0[62]" does not have an associated HD.PARTPIN_LOCS, which will prevent the partial routing of the signal "training_targets_q0[62]". Without this partial route, timing analysis to/from this port will not be accurate, and no routing information for this port can be exported.
WARNING: [Route 35-198] Port "training_targets_q0[59]" does not have an associated HD.PARTPIN_LOCS, which will prevent the partial routing of the signal "training_targets_q0[59]". Without this partial route, timing analysis to/from this port will not be accurate, and no routing information for this port can be exported.
WARNING: [Route 35-198] Port "biases1_q0[63]" does not have an associated HD.PARTPIN_LOCS, which will prevent the partial routing of the signal "biases1_q0[63]". Without this partial route, timing analysis to/from this port will not be accurate, and no routing information for this port can be exported.
WARNING: [Route 35-198] Port "biases2_q0[63]" does not have an associated HD.PARTPIN_LOCS, which will prevent the partial routing of the signal "biases2_q0[63]". Without this partial route, timing analysis to/from this port will not be accurate, and no routing information for this port can be exported.
WARNING: [Route 35-198] Port "biases1_q0[0]" does not have an associated HD.PARTPIN_LOCS, which will prevent the partial routing of the signal "biases1_q0[0]". Without this partial route, timing analysis to/from this port will not be accurate, and no routing information for this port can be exported.
WARNING: [Route 35-198] Port "biases1_q0[53]" does not have an associated HD.PARTPIN_LOCS, which will prevent the partial routing of the signal "biases1_q0[53]". Without this partial route, timing analysis to/from this port will not be accurate, and no routing information for this port can be exported.
WARNING: [Route 35-198] Port "weights2_q0[0]" does not have an associated HD.PARTPIN_LOCS, which will prevent the partial routing of the signal "weights2_q0[0]". Without this partial route, timing analysis to/from this port will not be accurate, and no routing information for this port can be exported.
WARNING: [Route 35-198] Port "weights1_q0[0]" does not have an associated HD.PARTPIN_LOCS, which will prevent the partial routing of the signal "weights1_q0[0]". Without this partial route, timing analysis to/from this port will not be accurate, and no routing information for this port can be exported.
WARNING: [Route 35-198] Port "training_targets_q0[53]" does not have an associated HD.PARTPIN_LOCS, which will prevent the partial routing of the signal "training_targets_q0[53]". Without this partial route, timing analysis to/from this port will not be accurate, and no routing information for this port can be exported.
WARNING: [Route 35-198] Port "training_targets_q0[57]" does not have an associated HD.PARTPIN_LOCS, which will prevent the partial routing of the signal "training_targets_q0[57]". Without this partial route, timing analysis to/from this port will not be accurate, and no routing information for this port can be exported.
WARNING: [Route 35-198] Port "training_data_q0[52]" does not have an associated HD.PARTPIN_LOCS, which will prevent the partial routing of the signal "training_data_q0[52]". Without this partial route, timing analysis to/from this port will not be accurate, and no routing information for this port can be exported.
WARNING: [Route 35-198] Port "training_targets_q0[61]" does not have an associated HD.PARTPIN_LOCS, which will prevent the partial routing of the signal "training_targets_q0[61]". Without this partial route, timing analysis to/from this port will not be accurate, and no routing information for this port can be exported.
INFO: [Common 17-14] Message 'Route 35-198' appears 100 times and further instances of the messages will be disabled. Use the Tcl command set_msg_config to change the current settings.
Post Restoration Checksum: NetGraph: a2ea56f9 | NumContArr: c5b728b2 | Constraints: c2a8fa9d | Timing: c2a8fa9d
Phase 1 Build RT Design | Checksum: 2edf374e5

Time (s): cpu = 00:00:22 ; elapsed = 00:00:09 . Memory (MB): peak = 5916.723 ; gain = 0.000 ; free physical = 3090 ; free virtual = 9998

Phase 2 Router Initialization

Phase 2.1 Fix Topology Constraints
Phase 2.1 Fix Topology Constraints | Checksum: 2edf374e5

Time (s): cpu = 00:00:22 ; elapsed = 00:00:09 . Memory (MB): peak = 5916.723 ; gain = 0.000 ; free physical = 3090 ; free virtual = 9997

Phase 2.2 Pre Route Cleanup
Phase 2.2 Pre Route Cleanup | Checksum: 2edf374e5

Time (s): cpu = 00:00:22 ; elapsed = 00:00:09 . Memory (MB): peak = 5916.723 ; gain = 0.000 ; free physical = 3092 ; free virtual = 10000

Phase 2.3 Global Clock Net Routing
Phase 2.3 Global Clock Net Routing | Checksum: 2edf374e5

Time (s): cpu = 00:00:30 ; elapsed = 00:00:11 . Memory (MB): peak = 6019.285 ; gain = 102.562 ; free physical = 2952 ; free virtual = 9861

Phase 2.4 Update Timing
Phase 2.4 Update Timing | Checksum: 25e857dca

Time (s): cpu = 00:00:35 ; elapsed = 00:00:12 . Memory (MB): peak = 6019.285 ; gain = 102.562 ; free physical = 2953 ; free virtual = 9862
INFO: [Route 35-416] Intermediate Timing Summary | WNS=2.229  | TNS=0.000  | WHS=0.009  | THS=0.000  |


Router Utilization Summary
  Global Vertical Routing Utilization    = 0 %
  Global Horizontal Routing Utilization  = 0 %
  Routable Net Status*
  *Does not include unroutable nets such as driverless and loadless.
  Run report_route_status for detailed report.
  Number of Failed Nets               = 25810
    (Failed Nets is the sum of unrouted and partially routed nets)
  Number of Unrouted Nets             = 20595
  Number of Partially Routed Nets     = 5215
  Number of Node Overlaps             = 0

Phase 2 Router Initialization | Checksum: 30db5fe80

Time (s): cpu = 00:00:53 ; elapsed = 00:00:17 . Memory (MB): peak = 6041.715 ; gain = 124.992 ; free physical = 2912 ; free virtual = 9824

Phase 3 Initial Routing

Phase 3.1 Global Routing
Phase 3.1 Global Routing | Checksum: 30db5fe80

Time (s): cpu = 00:00:53 ; elapsed = 00:00:17 . Memory (MB): peak = 6041.715 ; gain = 124.992 ; free physical = 2912 ; free virtual = 9824

Phase 3.2 Initial Net Routing
Phase 3.2 Initial Net Routing | Checksum: 11227e1a1

Time (s): cpu = 00:01:08 ; elapsed = 00:00:21 . Memory (MB): peak = 6041.715 ; gain = 124.992 ; free physical = 2896 ; free virtual = 9807
Phase 3 Initial Routing | Checksum: 1a250ede3

Time (s): cpu = 00:01:09 ; elapsed = 00:00:21 . Memory (MB): peak = 6041.715 ; gain = 124.992 ; free physical = 2896 ; free virtual = 9807

Phase 4 Rip-up And Reroute

Phase 4.1 Global Iteration 0
 Number of Nodes with overlaps = 5467
 Number of Nodes with overlaps = 407
 Number of Nodes with overlaps = 66
 Number of Nodes with overlaps = 20
 Number of Nodes with overlaps = 8
 Number of Nodes with overlaps = 5
 Number of Nodes with overlaps = 4
 Number of Nodes with overlaps = 0
INFO: [Route 35-416] Intermediate Timing Summary | WNS=1.602  | TNS=0.000  | WHS=0.020  | THS=0.000  |

Phase 4.1 Global Iteration 0 | Checksum: 24b3c2f9c

Time (s): cpu = 00:03:31 ; elapsed = 00:02:04 . Memory (MB): peak = 6041.715 ; gain = 124.992 ; free physical = 2886 ; free virtual = 9772

Phase 4.2 Additional Iteration for Hold
Phase 4.2 Additional Iteration for Hold | Checksum: 22ed47c45

Time (s): cpu = 00:03:32 ; elapsed = 00:02:05 . Memory (MB): peak = 6041.715 ; gain = 124.992 ; free physical = 2886 ; free virtual = 9772
Phase 4 Rip-up And Reroute | Checksum: 22ed47c45

Time (s): cpu = 00:03:32 ; elapsed = 00:02:05 . Memory (MB): peak = 6041.715 ; gain = 124.992 ; free physical = 2886 ; free virtual = 9772

Phase 5 Delay and Skew Optimization

Phase 5.1 Delay CleanUp
Phase 5.1 Delay CleanUp | Checksum: 22ed47c45

Time (s): cpu = 00:03:32 ; elapsed = 00:02:05 . Memory (MB): peak = 6041.715 ; gain = 124.992 ; free physical = 2886 ; free virtual = 9772

Phase 5.2 Clock Skew Optimization
Phase 5.2 Clock Skew Optimization | Checksum: 22ed47c45

Time (s): cpu = 00:03:32 ; elapsed = 00:02:05 . Memory (MB): peak = 6041.715 ; gain = 124.992 ; free physical = 2886 ; free virtual = 9772
Phase 5 Delay and Skew Optimization | Checksum: 22ed47c45

Time (s): cpu = 00:03:32 ; elapsed = 00:02:05 . Memory (MB): peak = 6041.715 ; gain = 124.992 ; free physical = 2886 ; free virtual = 9772

Phase 6 Post Hold Fix

Phase 6.1 Hold Fix Iter

Phase 6.1.1 Update Timing
Phase 6.1.1 Update Timing | Checksum: 1c96c5a0b

Time (s): cpu = 00:03:38 ; elapsed = 00:02:06 . Memory (MB): peak = 6041.715 ; gain = 124.992 ; free physical = 2869 ; free virtual = 9756
INFO: [Route 35-416] Intermediate Timing Summary | WNS=1.602  | TNS=0.000  | WHS=0.020  | THS=0.000  |

Phase 6.1 Hold Fix Iter | Checksum: 1c96c5a0b

Time (s): cpu = 00:03:38 ; elapsed = 00:02:06 . Memory (MB): peak = 6041.715 ; gain = 124.992 ; free physical = 2869 ; free virtual = 9756
Phase 6 Post Hold Fix | Checksum: 1c96c5a0b

Time (s): cpu = 00:03:38 ; elapsed = 00:02:06 . Memory (MB): peak = 6041.715 ; gain = 124.992 ; free physical = 2869 ; free virtual = 9756

Phase 7 Route finalize

Router Utilization Summary
  Global Vertical Routing Utilization    = 0.410964 %
  Global Horizontal Routing Utilization  = 0.481379 %
  Routable Net Status*
  *Does not include unroutable nets such as driverless and loadless.
  Run report_route_status for detailed report.
  Number of Failed Nets               = 0
    (Failed Nets is the sum of unrouted and partially routed nets)
  Number of Unrouted Nets             = 0
  Number of Partially Routed Nets     = 0
  Number of Node Overlaps             = 0

Phase 7 Route finalize | Checksum: 1c96c5a0b

Time (s): cpu = 00:03:40 ; elapsed = 00:02:07 . Memory (MB): peak = 6041.715 ; gain = 124.992 ; free physical = 2869 ; free virtual = 9756

Phase 8 Verifying routed nets

 Verification completed successfully
Phase 8 Verifying routed nets | Checksum: 1c96c5a0b

Time (s): cpu = 00:03:40 ; elapsed = 00:02:07 . Memory (MB): peak = 6041.715 ; gain = 124.992 ; free physical = 2869 ; free virtual = 9756

Phase 9 Depositing Routes
Phase 9 Depositing Routes | Checksum: 1c96c5a0b

Time (s): cpu = 00:03:42 ; elapsed = 00:02:08 . Memory (MB): peak = 6041.715 ; gain = 124.992 ; free physical = 2866 ; free virtual = 9754

Phase 10 Resolve XTalk
Phase 10 Resolve XTalk | Checksum: 1c96c5a0b

Time (s): cpu = 00:03:42 ; elapsed = 00:02:08 . Memory (MB): peak = 6041.715 ; gain = 124.992 ; free physical = 2866 ; free virtual = 9754

Phase 11 Post Router Timing
INFO: [Route 35-57] Estimated Timing Summary | WNS=1.602  | TNS=0.000  | WHS=0.020  | THS=0.000  |

INFO: [Route 35-327] The final timing numbers are based on the router estimated timing analysis. For a complete and accurate timing signoff, please run report_timing_summary.
Phase 11 Post Router Timing | Checksum: 1c96c5a0b

Time (s): cpu = 00:03:44 ; elapsed = 00:02:08 . Memory (MB): peak = 6041.715 ; gain = 124.992 ; free physical = 2865 ; free virtual = 9753
INFO: [Route 35-16] Router Completed Successfully

Phase 12 Post-Route Event Processing
Phase 12 Post-Route Event Processing | Checksum: 1e93e195f

Time (s): cpu = 00:03:45 ; elapsed = 00:02:09 . Memory (MB): peak = 6041.715 ; gain = 124.992 ; free physical = 2865 ; free virtual = 9753
Ending Routing Task | Checksum: 1e93e195f

Time (s): cpu = 00:03:45 ; elapsed = 00:02:09 . Memory (MB): peak = 6041.715 ; gain = 124.992 ; free physical = 2874 ; free virtual = 9763

Routing Is Done.
INFO: [Common 17-83] Releasing license: Implementation
103 Infos, 102 Warnings, 0 Critical Warnings and 0 Errors encountered.
route_design completed successfully
route_design: Time (s): cpu = 00:03:53 ; elapsed = 00:02:11 . Memory (MB): peak = 6041.715 ; gain = 124.992 ; free physical = 2872 ; free virtual = 9760
INFO: [runtcl-4] Executing : report_drc -file bd_0_wrapper_drc_routed.rpt -pb bd_0_wrapper_drc_routed.pb -rpx bd_0_wrapper_drc_routed.rpx
Command: report_drc -file bd_0_wrapper_drc_routed.rpt -pb bd_0_wrapper_drc_routed.pb -rpx bd_0_wrapper_drc_routed.rpx
INFO: [IP_Flow 19-1839] IP Catalog is up to date.
INFO: [DRC 23-27] Running DRC with 8 threads
INFO: [Vivado_Tcl 2-168] The results of DRC are in file /home/gabriel/Documents/UFRGS/RAISE/AHLS/AHLS/data/anchor_solutions/BACKPROP/solution0/impl/verilog/project.runs/impl_1/bd_0_wrapper_drc_routed.rpt.
report_drc completed successfully
INFO: [runtcl-4] Executing : report_methodology -file bd_0_wrapper_methodology_drc_routed.rpt -pb bd_0_wrapper_methodology_drc_routed.pb -rpx bd_0_wrapper_methodology_drc_routed.rpx
Command: report_methodology -file bd_0_wrapper_methodology_drc_routed.rpt -pb bd_0_wrapper_methodology_drc_routed.pb -rpx bd_0_wrapper_methodology_drc_routed.rpx
INFO: [Timing 38-35] Done setting XDC timing constraints.
WARNING: [Timing 38-242] The property HD.CLK_SRC of clock port "ap_clk" is not set. In out-of-context mode, this prevents timing estimation for clock delay/skew
Resolution: Set the HD.CLK_SRC property of the out-of-context port to the location of the clock buffer instance in the top-level design
INFO: [DRC 23-133] Running Methodology with 8 threads
INFO: [Vivado_Tcl 2-1520] The results of Report Methodology are in file /home/gabriel/Documents/UFRGS/RAISE/AHLS/AHLS/data/anchor_solutions/BACKPROP/solution0/impl/verilog/project.runs/impl_1/bd_0_wrapper_methodology_drc_routed.rpt.
report_methodology completed successfully
report_methodology: Time (s): cpu = 00:00:22 ; elapsed = 00:00:05 . Memory (MB): peak = 6129.758 ; gain = 0.000 ; free physical = 2814 ; free virtual = 9707
INFO: [runtcl-4] Executing : report_power -file bd_0_wrapper_power_routed.rpt -pb bd_0_wrapper_power_summary_routed.pb -rpx bd_0_wrapper_power_routed.rpx
Command: report_power -file bd_0_wrapper_power_routed.rpt -pb bd_0_wrapper_power_summary_routed.pb -rpx bd_0_wrapper_power_routed.rpx
INFO: [Timing 38-35] Done setting XDC timing constraints.
Running Vector-less Activity Propagation...

Finished Running Vector-less Activity Propagation
WARNING: [Power 33-332] Found switching activity that implies high-fanout reset nets being asserted for excessive periods of time which may result in inaccurate power analysis.
Resolution: To review and fix problems, please run Power Constraints Advisor in the GUI from Tools > Power Constraints Advisor or run report_power with the -advisory option to generate a text report.
113 Infos, 104 Warnings, 0 Critical Warnings and 0 Errors encountered.
report_power completed successfully
report_power: Time (s): cpu = 00:00:19 ; elapsed = 00:00:09 . Memory (MB): peak = 6129.758 ; gain = 0.000 ; free physical = 2801 ; free virtual = 9703
INFO: [runtcl-4] Executing : report_route_status -file bd_0_wrapper_route_status.rpt -pb bd_0_wrapper_route_status.pb
INFO: [runtcl-4] Executing : report_timing_summary -max_paths 10 -report_unconstrained -file bd_0_wrapper_timing_summary_routed.rpt -pb bd_0_wrapper_timing_summary_routed.pb -rpx bd_0_wrapper_timing_summary_routed.rpx -warn_on_violation 
INFO: [Timing 38-91] UpdateTimingParams: Speed grade: -2, Temperature grade: E, Delay Type: min_max.
INFO: [Timing 38-191] Multithreading enabled for timing update using a maximum of 8 CPUs
INFO: [runtcl-4] Executing : report_incremental_reuse -file bd_0_wrapper_incremental_reuse_routed.rpt
INFO: [Vivado_Tcl 4-1062] Incremental flow is disabled. No incremental reuse Info to report.
INFO: [runtcl-4] Executing : report_clock_utilization -file bd_0_wrapper_clock_utilization_routed.rpt
report_clock_utilization: Time (s): cpu = 00:00:09 ; elapsed = 00:00:09 . Memory (MB): peak = 6129.758 ; gain = 0.000 ; free physical = 2758 ; free virtual = 9687
INFO: [runtcl-4] Executing : report_bus_skew -warn_on_violation -file bd_0_wrapper_bus_skew_routed.rpt -pb bd_0_wrapper_bus_skew_routed.pb -rpx bd_0_wrapper_bus_skew_routed.rpx
INFO: [Timing 38-91] UpdateTimingParams: Speed grade: -2, Temperature grade: E, Delay Type: min_max.
INFO: [Timing 38-191] Multithreading enabled for timing update using a maximum of 8 CPUs
INFO: [Timing 38-480] Writing timing data to binary archive.
Write ShapeDB Complete: Time (s): cpu = 00:00:00.18 ; elapsed = 00:00:00.04 . Memory (MB): peak = 6129.758 ; gain = 0.000 ; free physical = 2727 ; free virtual = 9662
Wrote PlaceDB: Time (s): cpu = 00:00:03 ; elapsed = 00:00:01 . Memory (MB): peak = 6129.758 ; gain = 0.000 ; free physical = 2709 ; free virtual = 9673
Wrote PulsedLatchDB: Time (s): cpu = 00:00:00 ; elapsed = 00:00:00 . Memory (MB): peak = 6129.758 ; gain = 0.000 ; free physical = 2709 ; free virtual = 9673
Writing XDEF routing.
Writing XDEF routing logical nets.
Writing XDEF routing special nets.
Wrote RouteStorage: Time (s): cpu = 00:00:00.74 ; elapsed = 00:00:00.34 . Memory (MB): peak = 6129.758 ; gain = 0.000 ; free physical = 2718 ; free virtual = 9689
Wrote Netlist Cache: Time (s): cpu = 00:00:00.05 ; elapsed = 00:00:00.03 . Memory (MB): peak = 6129.758 ; gain = 0.000 ; free physical = 2718 ; free virtual = 9692
Wrote Device Cache: Time (s): cpu = 00:00:00.02 ; elapsed = 00:00:00.01 . Memory (MB): peak = 6129.758 ; gain = 0.000 ; free physical = 2710 ; free virtual = 9686
Write Physdb Complete: Time (s): cpu = 00:00:04 ; elapsed = 00:00:01 . Memory (MB): peak = 6129.758 ; gain = 0.000 ; free physical = 2710 ; free virtual = 9686
INFO: [Common 17-1381] The checkpoint '/home/gabriel/Documents/UFRGS/RAISE/AHLS/AHLS/data/anchor_solutions/BACKPROP/solution0/impl/verilog/project.runs/impl_1/bd_0_wrapper_routed.dcp' has been generated.
INFO: [Common 17-206] Exiting Vivado at Sun Sep 14 01:23:12 2025...
