

================================================================
== Synthesis Summary Report of 'bbgemm'
================================================================
+ General Information: 
    * Date:           Sun Sep 14 01:24:01 2025
    * Version:        2023.2 (Build 4023990 on Oct 11 2023)
    * Project:        GEMM
    * Solution:       solution0 (Vivado IP Flow Target)
    * Product family: virtexuplusHBM
    * Target device:  xcu50-fsvh2104-2-e
    

+ Performance & Resource Estimates: 
    
    PS: '+' for module; 'o' for loop; '*' for dataflow
    +--------------+------+------+---------+-----------+----------+---------+------+----------+------+----------+------------+------------+-----+
    |    Modules   | Issue|      | Latency |  Latency  | Iteration|         | Trip |          |      |          |            |            |     |
    |    & Loops   | Type | Slack| (cycles)|    (ns)   |  Latency | Interval| Count| Pipelined| BRAM |    DSP   |     FF     |     LUT    | URAM|
    +--------------+------+------+---------+-----------+----------+---------+------+----------+------+----------+------------+------------+-----+
    |+ bbgemm      |     -|  1.34|  2990225|  2.392e+07|         -|  2990226|     -|        no|     -|  11 (~0%)|  1128 (~0%)|  1092 (~0%)|    -|
    | o loopjj     |     -|  5.84|  2990224|  2.392e+07|    373778|        -|     8|        no|     -|         -|           -|           -|    -|
    |  o loopkk    |     -|  5.84|   373776|  2.990e+06|     46722|        -|     8|        no|     -|         -|           -|           -|    -|
    |   o loopi    |     -|  5.84|    46720|  3.738e+05|       730|        -|    64|        no|     -|         -|           -|           -|    -|
    |    o loopk   |     -|  5.84|      728|  5.824e+03|        91|        -|     8|        no|     -|         -|           -|           -|    -|
    |     o loopj  |     -|  5.84|       88|    704.000|        11|        -|     8|        no|     -|         -|           -|           -|    -|
    +--------------+------+------+---------+-----------+----------+---------+------+----------+------+----------+------------+------------+-----+


================================================================
== HW Interfaces
================================================================
* AP_MEMORY
+---------------+-----------+----------+
| Port          | Direction | Bitwidth |
+---------------+-----------+----------+
| m1_address0   | out       | 12       |
| m1_q0         | in        | 64       |
| m2_address0   | out       | 12       |
| m2_q0         | in        | 64       |
| prod_address0 | out       | 12       |
| prod_d0       | out       | 64       |
| prod_q0       | in        | 64       |
+---------------+-----------+----------+

* TOP LEVEL CONTROL
+-----------+------------+-----------------------------------+
| Interface | Type       | Ports                             |
+-----------+------------+-----------------------------------+
| ap_clk    | clock      | ap_clk                            |
| ap_rst    | reset      | ap_rst                            |
| ap_ctrl   | ap_ctrl_hs | ap_done ap_idle ap_ready ap_start |
+-----------+------------+-----------------------------------+


================================================================
== SW I/O Information
================================================================
* Top Function Arguments
+----------+-----------+----------+
| Argument | Direction | Datatype |
+----------+-----------+----------+
| m1       | in        | double*  |
| m2       | in        | double*  |
| prod     | inout     | double*  |
+----------+-----------+----------+

* SW-to-HW Mapping
+----------+---------------+---------+----------+
| Argument | HW Interface  | HW Type | HW Usage |
+----------+---------------+---------+----------+
| m1       | m1_address0   | port    | offset   |
| m1       | m1_ce0        | port    |          |
| m1       | m1_q0         | port    |          |
| m2       | m2_address0   | port    | offset   |
| m2       | m2_ce0        | port    |          |
| m2       | m2_q0         | port    |          |
| prod     | prod_address0 | port    | offset   |
| prod     | prod_ce0      | port    |          |
| prod     | prod_we0      | port    |          |
| prod     | prod_d0       | port    |          |
| prod     | prod_q0       | port    |          |
+----------+---------------+---------+----------+


================================================================
== Bind Op Report
================================================================
+-------------------------------------+-----+--------+----------+------+---------+---------+
| Name                                | DSP | Pragma | Variable | Op   | Impl    | Latency |
+-------------------------------------+-----+--------+----------+------+---------+---------+
| + bbgemm                            | 11  |        |          |      |         |         |
|   add_ln19_fu_219_p2                |     |        | add_ln19 | add  | fabric  | 0       |
|   add_ln21_fu_237_p2                |     |        | add_ln21 | add  | fabric  | 0       |
|   add_ln25_fu_261_p2                |     |        | add_ln25 | add  | fabric  | 0       |
|   add_ln26_fu_293_p2                |     |        | add_ln26 | add  | fabric  | 0       |
|   add_ln28_fu_303_p2                |     |        | add_ln28 | add  | fabric  | 0       |
|   dmul_64ns_64ns_64_4_max_dsp_1_U2  | 8   |        | mul      | dmul | maxdsp  | 3       |
|   dadd_64ns_64ns_64_4_full_dsp_1_U1 | 3   |        | add      | dadd | fulldsp | 3       |
|   add_ln17_fu_225_p2                |     |        | add_ln17 | add  | fabric  | 0       |
|   add_ln15_fu_203_p2                |     |        | add_ln15 | add  | fabric  | 0       |
+-------------------------------------+-----+--------+----------+------+---------+---------+


================================================================
== Storage Report
================================================================
  No bind storage info in design

================================================================
== Pragma Report
================================================================
* Valid Pragma Syntax
+----------------+----------------------+------------------------------------------+
| Type           | Options              | Location                                 |
+----------------+----------------------+------------------------------------------+
| loop_tripcount | min=8 max=8 avg=8    | data/benchmarks/gemm/gemm.c:16 in bbgemm |
| loop_tripcount | min=8 max=8 avg=8    | data/benchmarks/gemm/gemm.c:18 in bbgemm |
| loop_tripcount | min=64 max=64 avg=64 | data/benchmarks/gemm/gemm.c:20 in bbgemm |
| loop_tripcount | min=8 max=8 avg=8    | data/benchmarks/gemm/gemm.c:22 in bbgemm |
| loop_tripcount | min=8 max=8 avg=8    | data/benchmarks/gemm/gemm.c:27 in bbgemm |
| pipeline       | off=true             | ../anchor_configs/gemm.tcl:1 in bbgemm   |
| pipeline       | off=true             | ../anchor_configs/gemm.tcl:2 in bbgemm   |
| pipeline       | off=true             | ../anchor_configs/gemm.tcl:3 in bbgemm   |
| pipeline       | off=true             | ../anchor_configs/gemm.tcl:4 in bbgemm   |
| pipeline       | off=true             | ../anchor_configs/gemm.tcl:5 in bbgemm   |
| pipeline       | off=true             | ../anchor_configs/gemm.tcl:6 in bbgemm   |
+----------------+----------------------+------------------------------------------+


