================================================================
== Vivado Place & Route Results
================================================================
+ General Information:
    * Date:            Sun Sep 14 01:48:36 -03 2025
    * Version:         2023.2 (Build 4023990 on Oct 11 2023)
    * Project:         KNN
    * Solution:        solution0 (Vivado IP Flow Target)
    * Product family:  virtexuplusHBM
    * Target device:   xcu50-fsvh2104-2-e


================================================================
== Run Constraints & Options
================================================================
+ Design Constraints & Options:
    * Place & Route target clock:  8 ns
    * C-Synthesis target clock:    8 ns
    * C-Synthesis uncertainty:     27%

+ RTL Synthesis Options:
    * config_export -vivado_synth_strategy:     default
    * config_export -vivado_synth_design_args:  -directive sdx_optimization_effort_high

+ Place & Route Options:
    * config_export -vivado_impl_strategy:  default
    * config_export -vivado_phys_opt:       none

+ Reporting Options:
    * config_export -vivado_report_level:      2
    * config_export -vivado_max_timing_paths:  10


================================================================
== Place & Route Resource Summary
================================================================
LUT:              6203
FF:               4074
DSP:              33
BRAM:             0
URAM:             0
SRL:              56


================================================================
== Place & Route Timing Summary
================================================================
* Timing was met
+----------------+-------------+
| Timing         | Period (ns) |
+----------------+-------------+
| Target         | 8.000       |
| Post-Synthesis | 4.555       |
| Post-Route     | 6.416       |
+----------------+-------------+


================================================================
== Place & Route Resources
================================================================
+-----------------------------------------+------+------+-----+------+------+-----+--------+------+---------+----------+--------+
| Name                                    | LUT  | FF   | DSP | BRAM | URAM | SRL | Pragma | Impl | Latency | Variable | Source |
+-----------------------------------------+------+------+-----+------+------+-----+--------+------+---------+----------+--------+
| inst                                    | 6203 | 4074 | 33  |      |      |     |        |      |         |          |        |
|   (inst)                                | 43   | 1076 |     |      |      |     |        |      |         |          |        |
|   dadddsub_64ns_64ns_64_4_full_dsp_1_U1 | 900  | 367  | 3   |      |      |     |        |      |         |          |        |
|   dadddsub_64ns_64ns_64_4_full_dsp_1_U2 | 770  | 366  | 3   |      |      |     |        |      |         |          |        |
|   dadddsub_64ns_64ns_64_4_full_dsp_1_U3 | 771  | 366  | 3   |      |      |     |        |      |         |          |        |
|   ddiv_64ns_64ns_64_14_no_dsp_1_U7      | 3163 | 1266 |     |      |      |     |        |      |         |          |        |
|   dmul_64ns_64ns_64_4_max_dsp_1_U4      | 326  | 211  | 8   |      |      |     |        |      |         |          |        |
|   dmul_64ns_64ns_64_4_max_dsp_1_U5      | 132  | 211  | 8   |      |      |     |        |      |         |          |        |
|   dmul_64ns_64ns_64_4_max_dsp_1_U6      | 100  | 211  | 8   |      |      |     |        |      |         |          |        |
+-----------------------------------------+------+------+-----+------+------+-----+--------+------+---------+----------+--------+


================================================================
== Place & Route Fail Fast
================================================================
+-----------------------------------------------------------+-----------+--------+--------+
| Criteria                                                  | Guideline | Actual | Status |
+-----------------------------------------------------------+-----------+--------+--------+
| LUT                                                       | 70%       | 0.71%  | OK     |
| FD                                                        | 50%       | 0.23%  | OK     |
| LUTRAM+SRL                                                | 25%       | 0.01%  | OK     |
| CARRY8                                                    | 25%       | 0.47%  | OK     |
| MUXF7                                                     | 15%       | 0.01%  | OK     |
| DSP                                                       | 80%       | 0.55%  | OK     |
| RAMB/FIFO                                                 | 80%       | 0.00%  | OK     |
| URAM                                                      | 80%       | 0.00%  | OK     |
| DSP+RAMB+URAM (Avg)                                       | 70%       | 0.55%  | OK     |
| BUFGCE* + BUFGCTRL                                        | 24        | 0      | OK     |
| DONT_TOUCH (cells/nets)                                   | 0         | 0      | OK     |
| MARK_DEBUG (nets)                                         | 0         | 0      | OK     |
| Control Sets                                              | 16344     | 25     | OK     |
| Average Fanout for modules > 100k cells                   | 4         | 1.36   | OK     |
| Max Average Fanout for modules > 100k cells               | 4         | 0      | OK     |
| Non-FD high fanout nets > 10k loads                       | 0         | 0      | OK     |
+-----------------------------------------------------------+-----------+--------+--------+
| TIMING-6 (No common primary clock between related clocks) | 0         | 0      | OK     |
| TIMING-7 (No common node between related clocks)          | 0         | 0      | OK     |
| TIMING-8 (No common period between related clocks)        | 0         | 0      | OK     |
| TIMING-14 (LUT on the clock tree)                         | 0         | 0      | OK     |
| TIMING-35 (No common node in paths with the same clock)   | 0         | 0      | OK     |
+-----------------------------------------------------------+-----------+--------+--------+
| Number of paths above max LUT budgeting (0.300ns)         | 0         | 0      | OK     |
| Number of paths above max Net budgeting (0.208ns)         | 0         | 0      | OK     |
+-----------------------------------------------------------+-----------+--------+--------+


================================================================
== Place & Route Timing Paths
================================================================
* Timing was met
+-------+-------+-------------------------------------------------------------------------------------------------+-------------------------------------------------------------------------------------------------+--------------+------------+----------------+----------------+--------------+
| Path  | SLACK | STARTPOINT PIN                                                                                  | ENDPOINT PIN                                                                                    | LOGIC LEVELS | MAX FANOUT | DATAPATH DELAY | DATAPATH LOGIC | DATAPATH NET |
|       |       |                                                                                                 |                                                                                                 |              |            |                |          DELAY |        DELAY |
+-------+-------+-------------------------------------------------------------------------------------------------+-------------------------------------------------------------------------------------------------+--------------+------------+----------------+----------------+--------------+
| Path1 | 1.584 | i_synth/DIV_OP.SPD.OP/MANT_DIV/RT[34].ADDSUB/ADDSUB/Q_DEL/i_pipe/opt_has_pipe.first_q_reg[53]/C | i_synth/DIV_OP.SPD.OP/MANT_DIV/RT[39].ADDSUB/ADDSUB/Q_DEL/i_pipe/opt_has_pipe.first_q_reg[53]/D |           40 |         56 |          6.397 |          2.535 |        3.862 |
| Path2 | 1.614 | i_synth/DIV_OP.SPD.OP/MANT_DIV/RT[34].ADDSUB/ADDSUB/Q_DEL/i_pipe/opt_has_pipe.first_q_reg[53]/C | i_synth/DIV_OP.SPD.OP/MANT_DIV/RT[39].ADDSUB/ADDSUB/Q_DEL/i_pipe/opt_has_pipe.first_q_reg[52]/D |           40 |         56 |          6.367 |          2.505 |        3.862 |
| Path3 | 1.617 | i_synth/DIV_OP.SPD.OP/MANT_DIV/RT[34].ADDSUB/ADDSUB/Q_DEL/i_pipe/opt_has_pipe.first_q_reg[53]/C | i_synth/DIV_OP.SPD.OP/MANT_DIV/RT[39].ADDSUB/ADDSUB/Q_DEL/i_pipe/opt_has_pipe.first_q_reg[51]/D |           40 |         56 |          6.364 |          2.501 |        3.863 |
| Path4 | 1.624 | i_synth/DIV_OP.SPD.OP/MANT_DIV/RT[34].ADDSUB/ADDSUB/Q_DEL/i_pipe/opt_has_pipe.first_q_reg[53]/C | i_synth/DIV_OP.SPD.OP/MANT_DIV/RT[39].ADDSUB/ADDSUB/Q_DEL/i_pipe/opt_has_pipe.first_q_reg[47]/D |           39 |         56 |          6.357 |          2.520 |        3.837 |
| Path5 | 1.624 | i_synth/DIV_OP.SPD.OP/MANT_DIV/RT[34].ADDSUB/ADDSUB/Q_DEL/i_pipe/opt_has_pipe.first_q_reg[53]/C | i_synth/DIV_OP.SPD.OP/MANT_DIV/RT[39].ADDSUB/ADDSUB/Q_DEL/i_pipe/opt_has_pipe.first_q_reg[49]/D |           40 |         56 |          6.357 |          2.495 |        3.862 |
+-------+-------+-------------------------------------------------------------------------------------------------+-------------------------------------------------------------------------------------------------+--------------+------------+----------------+----------------+--------------+

    +-------------------------------------------------------------------------------------------------------+-------------------+
    | Path1 Cells                                                                                           | Primitive Type    |
    +-------------------------------------------------------------------------------------------------------+-------------------+
    | i_synth/DIV_OP.SPD.OP/MANT_DIV/RT[34].ADDSUB/ADDSUB/Q_DEL/i_pipe/opt_has_pipe.first_q_reg[53]         | REGISTER.SDR.FDRE |
    | i_synth/DIV_OP.SPD.OP/MANT_DIV/RT[34].ADDSUB/ADDSUB/Q_DEL/i_pipe/CHAIN_GEN[1].C_MUX.CARRY_MUX_i_1__34 | CLB.LUT.LUT3      |
    | i_synth/DIV_OP.SPD.OP/MANT_DIV/RT[35].ADDSUB/ADDSUB/CHAIN_GEN[0].C_MUX.CARRY_MUX_CARRY4_CARRY8        | CLB.CARRY.CARRY8  |
    | i_synth/DIV_OP.SPD.OP/MANT_DIV/RT[35].ADDSUB/ADDSUB/CHAIN_GEN[8].C_MUX.CARRY_MUX_CARRY4_CARRY8        | CLB.CARRY.CARRY8  |
    | i_synth/DIV_OP.SPD.OP/MANT_DIV/RT[35].ADDSUB/ADDSUB/CHAIN_GEN[16].C_MUX.CARRY_MUX_CARRY4_CARRY8       | CLB.CARRY.CARRY8  |
    | i_synth/DIV_OP.SPD.OP/MANT_DIV/RT[35].ADDSUB/ADDSUB/CHAIN_GEN[24].C_MUX.CARRY_MUX_CARRY4_CARRY8       | CLB.CARRY.CARRY8  |
    | i_synth/DIV_OP.SPD.OP/MANT_DIV/RT[35].ADDSUB/ADDSUB/CHAIN_GEN[32].C_MUX.CARRY_MUX_CARRY4_CARRY8       | CLB.CARRY.CARRY8  |
    | i_synth/DIV_OP.SPD.OP/MANT_DIV/RT[35].ADDSUB/ADDSUB/CHAIN_GEN[40].C_MUX.CARRY_MUX_CARRY4_CARRY8       | CLB.CARRY.CARRY8  |
    | i_synth/DIV_OP.SPD.OP/MANT_DIV/RT[35].ADDSUB/ADDSUB/CHAIN_GEN[48].C_MUX.CARRY_MUX_CARRY4_CARRY8       | CLB.CARRY.CARRY8  |
    | i_synth/DIV_OP.SPD.OP/MANT_DIV/RT[35].ADDSUB/ADDSUB/CHAIN_GEN[0].C_MUX.CARRY_MUX_i_1__35              | CLB.LUT.LUT2      |
    | i_synth/DIV_OP.SPD.OP/MANT_DIV/RT[36].ADDSUB/ADDSUB/CHAIN_GEN[0].C_MUX.CARRY_MUX_CARRY4_CARRY8        | CLB.CARRY.CARRY8  |
    | i_synth/DIV_OP.SPD.OP/MANT_DIV/RT[36].ADDSUB/ADDSUB/CHAIN_GEN[8].C_MUX.CARRY_MUX_CARRY4_CARRY8        | CLB.CARRY.CARRY8  |
    | i_synth/DIV_OP.SPD.OP/MANT_DIV/RT[36].ADDSUB/ADDSUB/CHAIN_GEN[16].C_MUX.CARRY_MUX_CARRY4_CARRY8       | CLB.CARRY.CARRY8  |
    | i_synth/DIV_OP.SPD.OP/MANT_DIV/RT[36].ADDSUB/ADDSUB/CHAIN_GEN[24].C_MUX.CARRY_MUX_CARRY4_CARRY8       | CLB.CARRY.CARRY8  |
    | i_synth/DIV_OP.SPD.OP/MANT_DIV/RT[36].ADDSUB/ADDSUB/CHAIN_GEN[32].C_MUX.CARRY_MUX_CARRY4_CARRY8       | CLB.CARRY.CARRY8  |
    | i_synth/DIV_OP.SPD.OP/MANT_DIV/RT[36].ADDSUB/ADDSUB/CHAIN_GEN[40].C_MUX.CARRY_MUX_CARRY4_CARRY8       | CLB.CARRY.CARRY8  |
    | i_synth/DIV_OP.SPD.OP/MANT_DIV/RT[36].ADDSUB/ADDSUB/CHAIN_GEN[48].C_MUX.CARRY_MUX_CARRY4_CARRY8       | CLB.CARRY.CARRY8  |
    | i_synth/DIV_OP.SPD.OP/MANT_DIV/RT[36].ADDSUB/ADDSUB/CHAIN_GEN[0].C_MUX.CARRY_MUX_i_1__36              | CLB.LUT.LUT2      |
    | i_synth/DIV_OP.SPD.OP/MANT_DIV/RT[37].ADDSUB/ADDSUB/CHAIN_GEN[0].C_MUX.CARRY_MUX_CARRY4_CARRY8        | CLB.CARRY.CARRY8  |
    | i_synth/DIV_OP.SPD.OP/MANT_DIV/RT[37].ADDSUB/ADDSUB/CHAIN_GEN[8].C_MUX.CARRY_MUX_CARRY4_CARRY8        | CLB.CARRY.CARRY8  |
    | i_synth/DIV_OP.SPD.OP/MANT_DIV/RT[37].ADDSUB/ADDSUB/CHAIN_GEN[16].C_MUX.CARRY_MUX_CARRY4_CARRY8       | CLB.CARRY.CARRY8  |
    | i_synth/DIV_OP.SPD.OP/MANT_DIV/RT[37].ADDSUB/ADDSUB/CHAIN_GEN[24].C_MUX.CARRY_MUX_CARRY4_CARRY8       | CLB.CARRY.CARRY8  |
    | i_synth/DIV_OP.SPD.OP/MANT_DIV/RT[37].ADDSUB/ADDSUB/CHAIN_GEN[32].C_MUX.CARRY_MUX_CARRY4_CARRY8       | CLB.CARRY.CARRY8  |
    | i_synth/DIV_OP.SPD.OP/MANT_DIV/RT[37].ADDSUB/ADDSUB/CHAIN_GEN[40].C_MUX.CARRY_MUX_CARRY4_CARRY8       | CLB.CARRY.CARRY8  |
    | i_synth/DIV_OP.SPD.OP/MANT_DIV/RT[37].ADDSUB/ADDSUB/CHAIN_GEN[48].C_MUX.CARRY_MUX_CARRY4_CARRY8       | CLB.CARRY.CARRY8  |
    | i_synth/DIV_OP.SPD.OP/MANT_DIV/RT[37].ADDSUB/ADDSUB/CHAIN_GEN[5].C_MUX.CARRY_MUX_i_1__37              | CLB.LUT.LUT3      |
    | i_synth/DIV_OP.SPD.OP/MANT_DIV/RT[38].ADDSUB/ADDSUB/CHAIN_GEN[0].C_MUX.CARRY_MUX_CARRY4_CARRY8        | CLB.CARRY.CARRY8  |
    | i_synth/DIV_OP.SPD.OP/MANT_DIV/RT[38].ADDSUB/ADDSUB/CHAIN_GEN[8].C_MUX.CARRY_MUX_CARRY4_CARRY8        | CLB.CARRY.CARRY8  |
    | i_synth/DIV_OP.SPD.OP/MANT_DIV/RT[38].ADDSUB/ADDSUB/CHAIN_GEN[16].C_MUX.CARRY_MUX_CARRY4_CARRY8       | CLB.CARRY.CARRY8  |
    | i_synth/DIV_OP.SPD.OP/MANT_DIV/RT[38].ADDSUB/ADDSUB/CHAIN_GEN[24].C_MUX.CARRY_MUX_CARRY4_CARRY8       | CLB.CARRY.CARRY8  |
    | i_synth/DIV_OP.SPD.OP/MANT_DIV/RT[38].ADDSUB/ADDSUB/CHAIN_GEN[32].C_MUX.CARRY_MUX_CARRY4_CARRY8       | CLB.CARRY.CARRY8  |
    | i_synth/DIV_OP.SPD.OP/MANT_DIV/RT[38].ADDSUB/ADDSUB/CHAIN_GEN[40].C_MUX.CARRY_MUX_CARRY4_CARRY8       | CLB.CARRY.CARRY8  |
    | i_synth/DIV_OP.SPD.OP/MANT_DIV/RT[38].ADDSUB/ADDSUB/CHAIN_GEN[48].C_MUX.CARRY_MUX_CARRY4_CARRY8       | CLB.CARRY.CARRY8  |
    | i_synth/DIV_OP.SPD.OP/MANT_DIV/RT[38].ADDSUB/ADDSUB/CHAIN_GEN[7].C_MUX.CARRY_MUX_i_1__38              | CLB.LUT.LUT3      |
    | i_synth/DIV_OP.SPD.OP/MANT_DIV/RT[39].ADDSUB/ADDSUB/CHAIN_GEN[0].C_MUX.CARRY_MUX_CARRY4_CARRY8        | CLB.CARRY.CARRY8  |
    | i_synth/DIV_OP.SPD.OP/MANT_DIV/RT[39].ADDSUB/ADDSUB/CHAIN_GEN[8].C_MUX.CARRY_MUX_CARRY4_CARRY8        | CLB.CARRY.CARRY8  |
    | i_synth/DIV_OP.SPD.OP/MANT_DIV/RT[39].ADDSUB/ADDSUB/CHAIN_GEN[16].C_MUX.CARRY_MUX_CARRY4_CARRY8       | CLB.CARRY.CARRY8  |
    | i_synth/DIV_OP.SPD.OP/MANT_DIV/RT[39].ADDSUB/ADDSUB/CHAIN_GEN[24].C_MUX.CARRY_MUX_CARRY4_CARRY8       | CLB.CARRY.CARRY8  |
    | i_synth/DIV_OP.SPD.OP/MANT_DIV/RT[39].ADDSUB/ADDSUB/CHAIN_GEN[32].C_MUX.CARRY_MUX_CARRY4_CARRY8       | CLB.CARRY.CARRY8  |
    | i_synth/DIV_OP.SPD.OP/MANT_DIV/RT[39].ADDSUB/ADDSUB/CHAIN_GEN[40].C_MUX.CARRY_MUX_CARRY4_CARRY8       | CLB.CARRY.CARRY8  |
    | i_synth/DIV_OP.SPD.OP/MANT_DIV/RT[39].ADDSUB/ADDSUB/CHAIN_GEN[48].C_MUX.CARRY_MUX_CARRY4_CARRY8       | CLB.CARRY.CARRY8  |
    | i_synth/DIV_OP.SPD.OP/MANT_DIV/RT[39].ADDSUB/ADDSUB/Q_DEL/i_pipe/opt_has_pipe.first_q_reg[53]         | REGISTER.SDR.FDRE |
    +-------------------------------------------------------------------------------------------------------+-------------------+

    +-------------------------------------------------------------------------------------------------------+-------------------+
    | Path2 Cells                                                                                           | Primitive Type    |
    +-------------------------------------------------------------------------------------------------------+-------------------+
    | i_synth/DIV_OP.SPD.OP/MANT_DIV/RT[34].ADDSUB/ADDSUB/Q_DEL/i_pipe/opt_has_pipe.first_q_reg[53]         | REGISTER.SDR.FDRE |
    | i_synth/DIV_OP.SPD.OP/MANT_DIV/RT[34].ADDSUB/ADDSUB/Q_DEL/i_pipe/CHAIN_GEN[1].C_MUX.CARRY_MUX_i_1__34 | CLB.LUT.LUT3      |
    | i_synth/DIV_OP.SPD.OP/MANT_DIV/RT[35].ADDSUB/ADDSUB/CHAIN_GEN[0].C_MUX.CARRY_MUX_CARRY4_CARRY8        | CLB.CARRY.CARRY8  |
    | i_synth/DIV_OP.SPD.OP/MANT_DIV/RT[35].ADDSUB/ADDSUB/CHAIN_GEN[8].C_MUX.CARRY_MUX_CARRY4_CARRY8        | CLB.CARRY.CARRY8  |
    | i_synth/DIV_OP.SPD.OP/MANT_DIV/RT[35].ADDSUB/ADDSUB/CHAIN_GEN[16].C_MUX.CARRY_MUX_CARRY4_CARRY8       | CLB.CARRY.CARRY8  |
    | i_synth/DIV_OP.SPD.OP/MANT_DIV/RT[35].ADDSUB/ADDSUB/CHAIN_GEN[24].C_MUX.CARRY_MUX_CARRY4_CARRY8       | CLB.CARRY.CARRY8  |
    | i_synth/DIV_OP.SPD.OP/MANT_DIV/RT[35].ADDSUB/ADDSUB/CHAIN_GEN[32].C_MUX.CARRY_MUX_CARRY4_CARRY8       | CLB.CARRY.CARRY8  |
    | i_synth/DIV_OP.SPD.OP/MANT_DIV/RT[35].ADDSUB/ADDSUB/CHAIN_GEN[40].C_MUX.CARRY_MUX_CARRY4_CARRY8       | CLB.CARRY.CARRY8  |
    | i_synth/DIV_OP.SPD.OP/MANT_DIV/RT[35].ADDSUB/ADDSUB/CHAIN_GEN[48].C_MUX.CARRY_MUX_CARRY4_CARRY8       | CLB.CARRY.CARRY8  |
    | i_synth/DIV_OP.SPD.OP/MANT_DIV/RT[35].ADDSUB/ADDSUB/CHAIN_GEN[0].C_MUX.CARRY_MUX_i_1__35              | CLB.LUT.LUT2      |
    | i_synth/DIV_OP.SPD.OP/MANT_DIV/RT[36].ADDSUB/ADDSUB/CHAIN_GEN[0].C_MUX.CARRY_MUX_CARRY4_CARRY8        | CLB.CARRY.CARRY8  |
    | i_synth/DIV_OP.SPD.OP/MANT_DIV/RT[36].ADDSUB/ADDSUB/CHAIN_GEN[8].C_MUX.CARRY_MUX_CARRY4_CARRY8        | CLB.CARRY.CARRY8  |
    | i_synth/DIV_OP.SPD.OP/MANT_DIV/RT[36].ADDSUB/ADDSUB/CHAIN_GEN[16].C_MUX.CARRY_MUX_CARRY4_CARRY8       | CLB.CARRY.CARRY8  |
    | i_synth/DIV_OP.SPD.OP/MANT_DIV/RT[36].ADDSUB/ADDSUB/CHAIN_GEN[24].C_MUX.CARRY_MUX_CARRY4_CARRY8       | CLB.CARRY.CARRY8  |
    | i_synth/DIV_OP.SPD.OP/MANT_DIV/RT[36].ADDSUB/ADDSUB/CHAIN_GEN[32].C_MUX.CARRY_MUX_CARRY4_CARRY8       | CLB.CARRY.CARRY8  |
    | i_synth/DIV_OP.SPD.OP/MANT_DIV/RT[36].ADDSUB/ADDSUB/CHAIN_GEN[40].C_MUX.CARRY_MUX_CARRY4_CARRY8       | CLB.CARRY.CARRY8  |
    | i_synth/DIV_OP.SPD.OP/MANT_DIV/RT[36].ADDSUB/ADDSUB/CHAIN_GEN[48].C_MUX.CARRY_MUX_CARRY4_CARRY8       | CLB.CARRY.CARRY8  |
    | i_synth/DIV_OP.SPD.OP/MANT_DIV/RT[36].ADDSUB/ADDSUB/CHAIN_GEN[0].C_MUX.CARRY_MUX_i_1__36              | CLB.LUT.LUT2      |
    | i_synth/DIV_OP.SPD.OP/MANT_DIV/RT[37].ADDSUB/ADDSUB/CHAIN_GEN[0].C_MUX.CARRY_MUX_CARRY4_CARRY8        | CLB.CARRY.CARRY8  |
    | i_synth/DIV_OP.SPD.OP/MANT_DIV/RT[37].ADDSUB/ADDSUB/CHAIN_GEN[8].C_MUX.CARRY_MUX_CARRY4_CARRY8        | CLB.CARRY.CARRY8  |
    | i_synth/DIV_OP.SPD.OP/MANT_DIV/RT[37].ADDSUB/ADDSUB/CHAIN_GEN[16].C_MUX.CARRY_MUX_CARRY4_CARRY8       | CLB.CARRY.CARRY8  |
    | i_synth/DIV_OP.SPD.OP/MANT_DIV/RT[37].ADDSUB/ADDSUB/CHAIN_GEN[24].C_MUX.CARRY_MUX_CARRY4_CARRY8       | CLB.CARRY.CARRY8  |
    | i_synth/DIV_OP.SPD.OP/MANT_DIV/RT[37].ADDSUB/ADDSUB/CHAIN_GEN[32].C_MUX.CARRY_MUX_CARRY4_CARRY8       | CLB.CARRY.CARRY8  |
    | i_synth/DIV_OP.SPD.OP/MANT_DIV/RT[37].ADDSUB/ADDSUB/CHAIN_GEN[40].C_MUX.CARRY_MUX_CARRY4_CARRY8       | CLB.CARRY.CARRY8  |
    | i_synth/DIV_OP.SPD.OP/MANT_DIV/RT[37].ADDSUB/ADDSUB/CHAIN_GEN[48].C_MUX.CARRY_MUX_CARRY4_CARRY8       | CLB.CARRY.CARRY8  |
    | i_synth/DIV_OP.SPD.OP/MANT_DIV/RT[37].ADDSUB/ADDSUB/CHAIN_GEN[5].C_MUX.CARRY_MUX_i_1__37              | CLB.LUT.LUT3      |
    | i_synth/DIV_OP.SPD.OP/MANT_DIV/RT[38].ADDSUB/ADDSUB/CHAIN_GEN[0].C_MUX.CARRY_MUX_CARRY4_CARRY8        | CLB.CARRY.CARRY8  |
    | i_synth/DIV_OP.SPD.OP/MANT_DIV/RT[38].ADDSUB/ADDSUB/CHAIN_GEN[8].C_MUX.CARRY_MUX_CARRY4_CARRY8        | CLB.CARRY.CARRY8  |
    | i_synth/DIV_OP.SPD.OP/MANT_DIV/RT[38].ADDSUB/ADDSUB/CHAIN_GEN[16].C_MUX.CARRY_MUX_CARRY4_CARRY8       | CLB.CARRY.CARRY8  |
    | i_synth/DIV_OP.SPD.OP/MANT_DIV/RT[38].ADDSUB/ADDSUB/CHAIN_GEN[24].C_MUX.CARRY_MUX_CARRY4_CARRY8       | CLB.CARRY.CARRY8  |
    | i_synth/DIV_OP.SPD.OP/MANT_DIV/RT[38].ADDSUB/ADDSUB/CHAIN_GEN[32].C_MUX.CARRY_MUX_CARRY4_CARRY8       | CLB.CARRY.CARRY8  |
    | i_synth/DIV_OP.SPD.OP/MANT_DIV/RT[38].ADDSUB/ADDSUB/CHAIN_GEN[40].C_MUX.CARRY_MUX_CARRY4_CARRY8       | CLB.CARRY.CARRY8  |
    | i_synth/DIV_OP.SPD.OP/MANT_DIV/RT[38].ADDSUB/ADDSUB/CHAIN_GEN[48].C_MUX.CARRY_MUX_CARRY4_CARRY8       | CLB.CARRY.CARRY8  |
    | i_synth/DIV_OP.SPD.OP/MANT_DIV/RT[38].ADDSUB/ADDSUB/CHAIN_GEN[7].C_MUX.CARRY_MUX_i_1__38              | CLB.LUT.LUT3      |
    | i_synth/DIV_OP.SPD.OP/MANT_DIV/RT[39].ADDSUB/ADDSUB/CHAIN_GEN[0].C_MUX.CARRY_MUX_CARRY4_CARRY8        | CLB.CARRY.CARRY8  |
    | i_synth/DIV_OP.SPD.OP/MANT_DIV/RT[39].ADDSUB/ADDSUB/CHAIN_GEN[8].C_MUX.CARRY_MUX_CARRY4_CARRY8        | CLB.CARRY.CARRY8  |
    | i_synth/DIV_OP.SPD.OP/MANT_DIV/RT[39].ADDSUB/ADDSUB/CHAIN_GEN[16].C_MUX.CARRY_MUX_CARRY4_CARRY8       | CLB.CARRY.CARRY8  |
    | i_synth/DIV_OP.SPD.OP/MANT_DIV/RT[39].ADDSUB/ADDSUB/CHAIN_GEN[24].C_MUX.CARRY_MUX_CARRY4_CARRY8       | CLB.CARRY.CARRY8  |
    | i_synth/DIV_OP.SPD.OP/MANT_DIV/RT[39].ADDSUB/ADDSUB/CHAIN_GEN[32].C_MUX.CARRY_MUX_CARRY4_CARRY8       | CLB.CARRY.CARRY8  |
    | i_synth/DIV_OP.SPD.OP/MANT_DIV/RT[39].ADDSUB/ADDSUB/CHAIN_GEN[40].C_MUX.CARRY_MUX_CARRY4_CARRY8       | CLB.CARRY.CARRY8  |
    | i_synth/DIV_OP.SPD.OP/MANT_DIV/RT[39].ADDSUB/ADDSUB/CHAIN_GEN[48].C_MUX.CARRY_MUX_CARRY4_CARRY8       | CLB.CARRY.CARRY8  |
    | i_synth/DIV_OP.SPD.OP/MANT_DIV/RT[39].ADDSUB/ADDSUB/Q_DEL/i_pipe/opt_has_pipe.first_q_reg[52]         | REGISTER.SDR.FDRE |
    +-------------------------------------------------------------------------------------------------------+-------------------+

    +-------------------------------------------------------------------------------------------------------+-------------------+
    | Path3 Cells                                                                                           | Primitive Type    |
    +-------------------------------------------------------------------------------------------------------+-------------------+
    | i_synth/DIV_OP.SPD.OP/MANT_DIV/RT[34].ADDSUB/ADDSUB/Q_DEL/i_pipe/opt_has_pipe.first_q_reg[53]         | REGISTER.SDR.FDRE |
    | i_synth/DIV_OP.SPD.OP/MANT_DIV/RT[34].ADDSUB/ADDSUB/Q_DEL/i_pipe/CHAIN_GEN[1].C_MUX.CARRY_MUX_i_1__34 | CLB.LUT.LUT3      |
    | i_synth/DIV_OP.SPD.OP/MANT_DIV/RT[35].ADDSUB/ADDSUB/CHAIN_GEN[0].C_MUX.CARRY_MUX_CARRY4_CARRY8        | CLB.CARRY.CARRY8  |
    | i_synth/DIV_OP.SPD.OP/MANT_DIV/RT[35].ADDSUB/ADDSUB/CHAIN_GEN[8].C_MUX.CARRY_MUX_CARRY4_CARRY8        | CLB.CARRY.CARRY8  |
    | i_synth/DIV_OP.SPD.OP/MANT_DIV/RT[35].ADDSUB/ADDSUB/CHAIN_GEN[16].C_MUX.CARRY_MUX_CARRY4_CARRY8       | CLB.CARRY.CARRY8  |
    | i_synth/DIV_OP.SPD.OP/MANT_DIV/RT[35].ADDSUB/ADDSUB/CHAIN_GEN[24].C_MUX.CARRY_MUX_CARRY4_CARRY8       | CLB.CARRY.CARRY8  |
    | i_synth/DIV_OP.SPD.OP/MANT_DIV/RT[35].ADDSUB/ADDSUB/CHAIN_GEN[32].C_MUX.CARRY_MUX_CARRY4_CARRY8       | CLB.CARRY.CARRY8  |
    | i_synth/DIV_OP.SPD.OP/MANT_DIV/RT[35].ADDSUB/ADDSUB/CHAIN_GEN[40].C_MUX.CARRY_MUX_CARRY4_CARRY8       | CLB.CARRY.CARRY8  |
    | i_synth/DIV_OP.SPD.OP/MANT_DIV/RT[35].ADDSUB/ADDSUB/CHAIN_GEN[48].C_MUX.CARRY_MUX_CARRY4_CARRY8       | CLB.CARRY.CARRY8  |
    | i_synth/DIV_OP.SPD.OP/MANT_DIV/RT[35].ADDSUB/ADDSUB/CHAIN_GEN[0].C_MUX.CARRY_MUX_i_1__35              | CLB.LUT.LUT2      |
    | i_synth/DIV_OP.SPD.OP/MANT_DIV/RT[36].ADDSUB/ADDSUB/CHAIN_GEN[0].C_MUX.CARRY_MUX_CARRY4_CARRY8        | CLB.CARRY.CARRY8  |
    | i_synth/DIV_OP.SPD.OP/MANT_DIV/RT[36].ADDSUB/ADDSUB/CHAIN_GEN[8].C_MUX.CARRY_MUX_CARRY4_CARRY8        | CLB.CARRY.CARRY8  |
    | i_synth/DIV_OP.SPD.OP/MANT_DIV/RT[36].ADDSUB/ADDSUB/CHAIN_GEN[16].C_MUX.CARRY_MUX_CARRY4_CARRY8       | CLB.CARRY.CARRY8  |
    | i_synth/DIV_OP.SPD.OP/MANT_DIV/RT[36].ADDSUB/ADDSUB/CHAIN_GEN[24].C_MUX.CARRY_MUX_CARRY4_CARRY8       | CLB.CARRY.CARRY8  |
    | i_synth/DIV_OP.SPD.OP/MANT_DIV/RT[36].ADDSUB/ADDSUB/CHAIN_GEN[32].C_MUX.CARRY_MUX_CARRY4_CARRY8       | CLB.CARRY.CARRY8  |
    | i_synth/DIV_OP.SPD.OP/MANT_DIV/RT[36].ADDSUB/ADDSUB/CHAIN_GEN[40].C_MUX.CARRY_MUX_CARRY4_CARRY8       | CLB.CARRY.CARRY8  |
    | i_synth/DIV_OP.SPD.OP/MANT_DIV/RT[36].ADDSUB/ADDSUB/CHAIN_GEN[48].C_MUX.CARRY_MUX_CARRY4_CARRY8       | CLB.CARRY.CARRY8  |
    | i_synth/DIV_OP.SPD.OP/MANT_DIV/RT[36].ADDSUB/ADDSUB/CHAIN_GEN[0].C_MUX.CARRY_MUX_i_1__36              | CLB.LUT.LUT2      |
    | i_synth/DIV_OP.SPD.OP/MANT_DIV/RT[37].ADDSUB/ADDSUB/CHAIN_GEN[0].C_MUX.CARRY_MUX_CARRY4_CARRY8        | CLB.CARRY.CARRY8  |
    | i_synth/DIV_OP.SPD.OP/MANT_DIV/RT[37].ADDSUB/ADDSUB/CHAIN_GEN[8].C_MUX.CARRY_MUX_CARRY4_CARRY8        | CLB.CARRY.CARRY8  |
    | i_synth/DIV_OP.SPD.OP/MANT_DIV/RT[37].ADDSUB/ADDSUB/CHAIN_GEN[16].C_MUX.CARRY_MUX_CARRY4_CARRY8       | CLB.CARRY.CARRY8  |
    | i_synth/DIV_OP.SPD.OP/MANT_DIV/RT[37].ADDSUB/ADDSUB/CHAIN_GEN[24].C_MUX.CARRY_MUX_CARRY4_CARRY8       | CLB.CARRY.CARRY8  |
    | i_synth/DIV_OP.SPD.OP/MANT_DIV/RT[37].ADDSUB/ADDSUB/CHAIN_GEN[32].C_MUX.CARRY_MUX_CARRY4_CARRY8       | CLB.CARRY.CARRY8  |
    | i_synth/DIV_OP.SPD.OP/MANT_DIV/RT[37].ADDSUB/ADDSUB/CHAIN_GEN[40].C_MUX.CARRY_MUX_CARRY4_CARRY8       | CLB.CARRY.CARRY8  |
    | i_synth/DIV_OP.SPD.OP/MANT_DIV/RT[37].ADDSUB/ADDSUB/CHAIN_GEN[48].C_MUX.CARRY_MUX_CARRY4_CARRY8       | CLB.CARRY.CARRY8  |
    | i_synth/DIV_OP.SPD.OP/MANT_DIV/RT[37].ADDSUB/ADDSUB/CHAIN_GEN[5].C_MUX.CARRY_MUX_i_1__37              | CLB.LUT.LUT3      |
    | i_synth/DIV_OP.SPD.OP/MANT_DIV/RT[38].ADDSUB/ADDSUB/CHAIN_GEN[0].C_MUX.CARRY_MUX_CARRY4_CARRY8        | CLB.CARRY.CARRY8  |
    | i_synth/DIV_OP.SPD.OP/MANT_DIV/RT[38].ADDSUB/ADDSUB/CHAIN_GEN[8].C_MUX.CARRY_MUX_CARRY4_CARRY8        | CLB.CARRY.CARRY8  |
    | i_synth/DIV_OP.SPD.OP/MANT_DIV/RT[38].ADDSUB/ADDSUB/CHAIN_GEN[16].C_MUX.CARRY_MUX_CARRY4_CARRY8       | CLB.CARRY.CARRY8  |
    | i_synth/DIV_OP.SPD.OP/MANT_DIV/RT[38].ADDSUB/ADDSUB/CHAIN_GEN[24].C_MUX.CARRY_MUX_CARRY4_CARRY8       | CLB.CARRY.CARRY8  |
    | i_synth/DIV_OP.SPD.OP/MANT_DIV/RT[38].ADDSUB/ADDSUB/CHAIN_GEN[32].C_MUX.CARRY_MUX_CARRY4_CARRY8       | CLB.CARRY.CARRY8  |
    | i_synth/DIV_OP.SPD.OP/MANT_DIV/RT[38].ADDSUB/ADDSUB/CHAIN_GEN[40].C_MUX.CARRY_MUX_CARRY4_CARRY8       | CLB.CARRY.CARRY8  |
    | i_synth/DIV_OP.SPD.OP/MANT_DIV/RT[38].ADDSUB/ADDSUB/CHAIN_GEN[48].C_MUX.CARRY_MUX_CARRY4_CARRY8       | CLB.CARRY.CARRY8  |
    | i_synth/DIV_OP.SPD.OP/MANT_DIV/RT[38].ADDSUB/ADDSUB/CHAIN_GEN[7].C_MUX.CARRY_MUX_i_1__38              | CLB.LUT.LUT3      |
    | i_synth/DIV_OP.SPD.OP/MANT_DIV/RT[39].ADDSUB/ADDSUB/CHAIN_GEN[0].C_MUX.CARRY_MUX_CARRY4_CARRY8        | CLB.CARRY.CARRY8  |
    | i_synth/DIV_OP.SPD.OP/MANT_DIV/RT[39].ADDSUB/ADDSUB/CHAIN_GEN[8].C_MUX.CARRY_MUX_CARRY4_CARRY8        | CLB.CARRY.CARRY8  |
    | i_synth/DIV_OP.SPD.OP/MANT_DIV/RT[39].ADDSUB/ADDSUB/CHAIN_GEN[16].C_MUX.CARRY_MUX_CARRY4_CARRY8       | CLB.CARRY.CARRY8  |
    | i_synth/DIV_OP.SPD.OP/MANT_DIV/RT[39].ADDSUB/ADDSUB/CHAIN_GEN[24].C_MUX.CARRY_MUX_CARRY4_CARRY8       | CLB.CARRY.CARRY8  |
    | i_synth/DIV_OP.SPD.OP/MANT_DIV/RT[39].ADDSUB/ADDSUB/CHAIN_GEN[32].C_MUX.CARRY_MUX_CARRY4_CARRY8       | CLB.CARRY.CARRY8  |
    | i_synth/DIV_OP.SPD.OP/MANT_DIV/RT[39].ADDSUB/ADDSUB/CHAIN_GEN[40].C_MUX.CARRY_MUX_CARRY4_CARRY8       | CLB.CARRY.CARRY8  |
    | i_synth/DIV_OP.SPD.OP/MANT_DIV/RT[39].ADDSUB/ADDSUB/CHAIN_GEN[48].C_MUX.CARRY_MUX_CARRY4_CARRY8       | CLB.CARRY.CARRY8  |
    | i_synth/DIV_OP.SPD.OP/MANT_DIV/RT[39].ADDSUB/ADDSUB/Q_DEL/i_pipe/opt_has_pipe.first_q_reg[51]         | REGISTER.SDR.FDRE |
    +-------------------------------------------------------------------------------------------------------+-------------------+

    +-------------------------------------------------------------------------------------------------------+-------------------+
    | Path4 Cells                                                                                           | Primitive Type    |
    +-------------------------------------------------------------------------------------------------------+-------------------+
    | i_synth/DIV_OP.SPD.OP/MANT_DIV/RT[34].ADDSUB/ADDSUB/Q_DEL/i_pipe/opt_has_pipe.first_q_reg[53]         | REGISTER.SDR.FDRE |
    | i_synth/DIV_OP.SPD.OP/MANT_DIV/RT[34].ADDSUB/ADDSUB/Q_DEL/i_pipe/CHAIN_GEN[1].C_MUX.CARRY_MUX_i_1__34 | CLB.LUT.LUT3      |
    | i_synth/DIV_OP.SPD.OP/MANT_DIV/RT[35].ADDSUB/ADDSUB/CHAIN_GEN[0].C_MUX.CARRY_MUX_CARRY4_CARRY8        | CLB.CARRY.CARRY8  |
    | i_synth/DIV_OP.SPD.OP/MANT_DIV/RT[35].ADDSUB/ADDSUB/CHAIN_GEN[8].C_MUX.CARRY_MUX_CARRY4_CARRY8        | CLB.CARRY.CARRY8  |
    | i_synth/DIV_OP.SPD.OP/MANT_DIV/RT[35].ADDSUB/ADDSUB/CHAIN_GEN[16].C_MUX.CARRY_MUX_CARRY4_CARRY8       | CLB.CARRY.CARRY8  |
    | i_synth/DIV_OP.SPD.OP/MANT_DIV/RT[35].ADDSUB/ADDSUB/CHAIN_GEN[24].C_MUX.CARRY_MUX_CARRY4_CARRY8       | CLB.CARRY.CARRY8  |
    | i_synth/DIV_OP.SPD.OP/MANT_DIV/RT[35].ADDSUB/ADDSUB/CHAIN_GEN[32].C_MUX.CARRY_MUX_CARRY4_CARRY8       | CLB.CARRY.CARRY8  |
    | i_synth/DIV_OP.SPD.OP/MANT_DIV/RT[35].ADDSUB/ADDSUB/CHAIN_GEN[40].C_MUX.CARRY_MUX_CARRY4_CARRY8       | CLB.CARRY.CARRY8  |
    | i_synth/DIV_OP.SPD.OP/MANT_DIV/RT[35].ADDSUB/ADDSUB/CHAIN_GEN[48].C_MUX.CARRY_MUX_CARRY4_CARRY8       | CLB.CARRY.CARRY8  |
    | i_synth/DIV_OP.SPD.OP/MANT_DIV/RT[35].ADDSUB/ADDSUB/CHAIN_GEN[0].C_MUX.CARRY_MUX_i_1__35              | CLB.LUT.LUT2      |
    | i_synth/DIV_OP.SPD.OP/MANT_DIV/RT[36].ADDSUB/ADDSUB/CHAIN_GEN[0].C_MUX.CARRY_MUX_CARRY4_CARRY8        | CLB.CARRY.CARRY8  |
    | i_synth/DIV_OP.SPD.OP/MANT_DIV/RT[36].ADDSUB/ADDSUB/CHAIN_GEN[8].C_MUX.CARRY_MUX_CARRY4_CARRY8        | CLB.CARRY.CARRY8  |
    | i_synth/DIV_OP.SPD.OP/MANT_DIV/RT[36].ADDSUB/ADDSUB/CHAIN_GEN[16].C_MUX.CARRY_MUX_CARRY4_CARRY8       | CLB.CARRY.CARRY8  |
    | i_synth/DIV_OP.SPD.OP/MANT_DIV/RT[36].ADDSUB/ADDSUB/CHAIN_GEN[24].C_MUX.CARRY_MUX_CARRY4_CARRY8       | CLB.CARRY.CARRY8  |
    | i_synth/DIV_OP.SPD.OP/MANT_DIV/RT[36].ADDSUB/ADDSUB/CHAIN_GEN[32].C_MUX.CARRY_MUX_CARRY4_CARRY8       | CLB.CARRY.CARRY8  |
    | i_synth/DIV_OP.SPD.OP/MANT_DIV/RT[36].ADDSUB/ADDSUB/CHAIN_GEN[40].C_MUX.CARRY_MUX_CARRY4_CARRY8       | CLB.CARRY.CARRY8  |
    | i_synth/DIV_OP.SPD.OP/MANT_DIV/RT[36].ADDSUB/ADDSUB/CHAIN_GEN[48].C_MUX.CARRY_MUX_CARRY4_CARRY8       | CLB.CARRY.CARRY8  |
    | i_synth/DIV_OP.SPD.OP/MANT_DIV/RT[36].ADDSUB/ADDSUB/CHAIN_GEN[0].C_MUX.CARRY_MUX_i_1__36              | CLB.LUT.LUT2      |
    | i_synth/DIV_OP.SPD.OP/MANT_DIV/RT[37].ADDSUB/ADDSUB/CHAIN_GEN[0].C_MUX.CARRY_MUX_CARRY4_CARRY8        | CLB.CARRY.CARRY8  |
    | i_synth/DIV_OP.SPD.OP/MANT_DIV/RT[37].ADDSUB/ADDSUB/CHAIN_GEN[8].C_MUX.CARRY_MUX_CARRY4_CARRY8        | CLB.CARRY.CARRY8  |
    | i_synth/DIV_OP.SPD.OP/MANT_DIV/RT[37].ADDSUB/ADDSUB/CHAIN_GEN[16].C_MUX.CARRY_MUX_CARRY4_CARRY8       | CLB.CARRY.CARRY8  |
    | i_synth/DIV_OP.SPD.OP/MANT_DIV/RT[37].ADDSUB/ADDSUB/CHAIN_GEN[24].C_MUX.CARRY_MUX_CARRY4_CARRY8       | CLB.CARRY.CARRY8  |
    | i_synth/DIV_OP.SPD.OP/MANT_DIV/RT[37].ADDSUB/ADDSUB/CHAIN_GEN[32].C_MUX.CARRY_MUX_CARRY4_CARRY8       | CLB.CARRY.CARRY8  |
    | i_synth/DIV_OP.SPD.OP/MANT_DIV/RT[37].ADDSUB/ADDSUB/CHAIN_GEN[40].C_MUX.CARRY_MUX_CARRY4_CARRY8       | CLB.CARRY.CARRY8  |
    | i_synth/DIV_OP.SPD.OP/MANT_DIV/RT[37].ADDSUB/ADDSUB/CHAIN_GEN[48].C_MUX.CARRY_MUX_CARRY4_CARRY8       | CLB.CARRY.CARRY8  |
    | i_synth/DIV_OP.SPD.OP/MANT_DIV/RT[37].ADDSUB/ADDSUB/CHAIN_GEN[5].C_MUX.CARRY_MUX_i_1__37              | CLB.LUT.LUT3      |
    | i_synth/DIV_OP.SPD.OP/MANT_DIV/RT[38].ADDSUB/ADDSUB/CHAIN_GEN[0].C_MUX.CARRY_MUX_CARRY4_CARRY8        | CLB.CARRY.CARRY8  |
    | i_synth/DIV_OP.SPD.OP/MANT_DIV/RT[38].ADDSUB/ADDSUB/CHAIN_GEN[8].C_MUX.CARRY_MUX_CARRY4_CARRY8        | CLB.CARRY.CARRY8  |
    | i_synth/DIV_OP.SPD.OP/MANT_DIV/RT[38].ADDSUB/ADDSUB/CHAIN_GEN[16].C_MUX.CARRY_MUX_CARRY4_CARRY8       | CLB.CARRY.CARRY8  |
    | i_synth/DIV_OP.SPD.OP/MANT_DIV/RT[38].ADDSUB/ADDSUB/CHAIN_GEN[24].C_MUX.CARRY_MUX_CARRY4_CARRY8       | CLB.CARRY.CARRY8  |
    | i_synth/DIV_OP.SPD.OP/MANT_DIV/RT[38].ADDSUB/ADDSUB/CHAIN_GEN[32].C_MUX.CARRY_MUX_CARRY4_CARRY8       | CLB.CARRY.CARRY8  |
    | i_synth/DIV_OP.SPD.OP/MANT_DIV/RT[38].ADDSUB/ADDSUB/CHAIN_GEN[40].C_MUX.CARRY_MUX_CARRY4_CARRY8       | CLB.CARRY.CARRY8  |
    | i_synth/DIV_OP.SPD.OP/MANT_DIV/RT[38].ADDSUB/ADDSUB/CHAIN_GEN[48].C_MUX.CARRY_MUX_CARRY4_CARRY8       | CLB.CARRY.CARRY8  |
    | i_synth/DIV_OP.SPD.OP/MANT_DIV/RT[38].ADDSUB/ADDSUB/CHAIN_GEN[7].C_MUX.CARRY_MUX_i_1__38              | CLB.LUT.LUT3      |
    | i_synth/DIV_OP.SPD.OP/MANT_DIV/RT[39].ADDSUB/ADDSUB/CHAIN_GEN[0].C_MUX.CARRY_MUX_CARRY4_CARRY8        | CLB.CARRY.CARRY8  |
    | i_synth/DIV_OP.SPD.OP/MANT_DIV/RT[39].ADDSUB/ADDSUB/CHAIN_GEN[8].C_MUX.CARRY_MUX_CARRY4_CARRY8        | CLB.CARRY.CARRY8  |
    | i_synth/DIV_OP.SPD.OP/MANT_DIV/RT[39].ADDSUB/ADDSUB/CHAIN_GEN[16].C_MUX.CARRY_MUX_CARRY4_CARRY8       | CLB.CARRY.CARRY8  |
    | i_synth/DIV_OP.SPD.OP/MANT_DIV/RT[39].ADDSUB/ADDSUB/CHAIN_GEN[24].C_MUX.CARRY_MUX_CARRY4_CARRY8       | CLB.CARRY.CARRY8  |
    | i_synth/DIV_OP.SPD.OP/MANT_DIV/RT[39].ADDSUB/ADDSUB/CHAIN_GEN[32].C_MUX.CARRY_MUX_CARRY4_CARRY8       | CLB.CARRY.CARRY8  |
    | i_synth/DIV_OP.SPD.OP/MANT_DIV/RT[39].ADDSUB/ADDSUB/CHAIN_GEN[40].C_MUX.CARRY_MUX_CARRY4_CARRY8       | CLB.CARRY.CARRY8  |
    | i_synth/DIV_OP.SPD.OP/MANT_DIV/RT[39].ADDSUB/ADDSUB/Q_DEL/i_pipe/opt_has_pipe.first_q_reg[47]         | REGISTER.SDR.FDRE |
    +-------------------------------------------------------------------------------------------------------+-------------------+

    +-------------------------------------------------------------------------------------------------------+-------------------+
    | Path5 Cells                                                                                           | Primitive Type    |
    +-------------------------------------------------------------------------------------------------------+-------------------+
    | i_synth/DIV_OP.SPD.OP/MANT_DIV/RT[34].ADDSUB/ADDSUB/Q_DEL/i_pipe/opt_has_pipe.first_q_reg[53]         | REGISTER.SDR.FDRE |
    | i_synth/DIV_OP.SPD.OP/MANT_DIV/RT[34].ADDSUB/ADDSUB/Q_DEL/i_pipe/CHAIN_GEN[1].C_MUX.CARRY_MUX_i_1__34 | CLB.LUT.LUT3      |
    | i_synth/DIV_OP.SPD.OP/MANT_DIV/RT[35].ADDSUB/ADDSUB/CHAIN_GEN[0].C_MUX.CARRY_MUX_CARRY4_CARRY8        | CLB.CARRY.CARRY8  |
    | i_synth/DIV_OP.SPD.OP/MANT_DIV/RT[35].ADDSUB/ADDSUB/CHAIN_GEN[8].C_MUX.CARRY_MUX_CARRY4_CARRY8        | CLB.CARRY.CARRY8  |
    | i_synth/DIV_OP.SPD.OP/MANT_DIV/RT[35].ADDSUB/ADDSUB/CHAIN_GEN[16].C_MUX.CARRY_MUX_CARRY4_CARRY8       | CLB.CARRY.CARRY8  |
    | i_synth/DIV_OP.SPD.OP/MANT_DIV/RT[35].ADDSUB/ADDSUB/CHAIN_GEN[24].C_MUX.CARRY_MUX_CARRY4_CARRY8       | CLB.CARRY.CARRY8  |
    | i_synth/DIV_OP.SPD.OP/MANT_DIV/RT[35].ADDSUB/ADDSUB/CHAIN_GEN[32].C_MUX.CARRY_MUX_CARRY4_CARRY8       | CLB.CARRY.CARRY8  |
    | i_synth/DIV_OP.SPD.OP/MANT_DIV/RT[35].ADDSUB/ADDSUB/CHAIN_GEN[40].C_MUX.CARRY_MUX_CARRY4_CARRY8       | CLB.CARRY.CARRY8  |
    | i_synth/DIV_OP.SPD.OP/MANT_DIV/RT[35].ADDSUB/ADDSUB/CHAIN_GEN[48].C_MUX.CARRY_MUX_CARRY4_CARRY8       | CLB.CARRY.CARRY8  |
    | i_synth/DIV_OP.SPD.OP/MANT_DIV/RT[35].ADDSUB/ADDSUB/CHAIN_GEN[0].C_MUX.CARRY_MUX_i_1__35              | CLB.LUT.LUT2      |
    | i_synth/DIV_OP.SPD.OP/MANT_DIV/RT[36].ADDSUB/ADDSUB/CHAIN_GEN[0].C_MUX.CARRY_MUX_CARRY4_CARRY8        | CLB.CARRY.CARRY8  |
    | i_synth/DIV_OP.SPD.OP/MANT_DIV/RT[36].ADDSUB/ADDSUB/CHAIN_GEN[8].C_MUX.CARRY_MUX_CARRY4_CARRY8        | CLB.CARRY.CARRY8  |
    | i_synth/DIV_OP.SPD.OP/MANT_DIV/RT[36].ADDSUB/ADDSUB/CHAIN_GEN[16].C_MUX.CARRY_MUX_CARRY4_CARRY8       | CLB.CARRY.CARRY8  |
    | i_synth/DIV_OP.SPD.OP/MANT_DIV/RT[36].ADDSUB/ADDSUB/CHAIN_GEN[24].C_MUX.CARRY_MUX_CARRY4_CARRY8       | CLB.CARRY.CARRY8  |
    | i_synth/DIV_OP.SPD.OP/MANT_DIV/RT[36].ADDSUB/ADDSUB/CHAIN_GEN[32].C_MUX.CARRY_MUX_CARRY4_CARRY8       | CLB.CARRY.CARRY8  |
    | i_synth/DIV_OP.SPD.OP/MANT_DIV/RT[36].ADDSUB/ADDSUB/CHAIN_GEN[40].C_MUX.CARRY_MUX_CARRY4_CARRY8       | CLB.CARRY.CARRY8  |
    | i_synth/DIV_OP.SPD.OP/MANT_DIV/RT[36].ADDSUB/ADDSUB/CHAIN_GEN[48].C_MUX.CARRY_MUX_CARRY4_CARRY8       | CLB.CARRY.CARRY8  |
    | i_synth/DIV_OP.SPD.OP/MANT_DIV/RT[36].ADDSUB/ADDSUB/CHAIN_GEN[0].C_MUX.CARRY_MUX_i_1__36              | CLB.LUT.LUT2      |
    | i_synth/DIV_OP.SPD.OP/MANT_DIV/RT[37].ADDSUB/ADDSUB/CHAIN_GEN[0].C_MUX.CARRY_MUX_CARRY4_CARRY8        | CLB.CARRY.CARRY8  |
    | i_synth/DIV_OP.SPD.OP/MANT_DIV/RT[37].ADDSUB/ADDSUB/CHAIN_GEN[8].C_MUX.CARRY_MUX_CARRY4_CARRY8        | CLB.CARRY.CARRY8  |
    | i_synth/DIV_OP.SPD.OP/MANT_DIV/RT[37].ADDSUB/ADDSUB/CHAIN_GEN[16].C_MUX.CARRY_MUX_CARRY4_CARRY8       | CLB.CARRY.CARRY8  |
    | i_synth/DIV_OP.SPD.OP/MANT_DIV/RT[37].ADDSUB/ADDSUB/CHAIN_GEN[24].C_MUX.CARRY_MUX_CARRY4_CARRY8       | CLB.CARRY.CARRY8  |
    | i_synth/DIV_OP.SPD.OP/MANT_DIV/RT[37].ADDSUB/ADDSUB/CHAIN_GEN[32].C_MUX.CARRY_MUX_CARRY4_CARRY8       | CLB.CARRY.CARRY8  |
    | i_synth/DIV_OP.SPD.OP/MANT_DIV/RT[37].ADDSUB/ADDSUB/CHAIN_GEN[40].C_MUX.CARRY_MUX_CARRY4_CARRY8       | CLB.CARRY.CARRY8  |
    | i_synth/DIV_OP.SPD.OP/MANT_DIV/RT[37].ADDSUB/ADDSUB/CHAIN_GEN[48].C_MUX.CARRY_MUX_CARRY4_CARRY8       | CLB.CARRY.CARRY8  |
    | i_synth/DIV_OP.SPD.OP/MANT_DIV/RT[37].ADDSUB/ADDSUB/CHAIN_GEN[5].C_MUX.CARRY_MUX_i_1__37              | CLB.LUT.LUT3      |
    | i_synth/DIV_OP.SPD.OP/MANT_DIV/RT[38].ADDSUB/ADDSUB/CHAIN_GEN[0].C_MUX.CARRY_MUX_CARRY4_CARRY8        | CLB.CARRY.CARRY8  |
    | i_synth/DIV_OP.SPD.OP/MANT_DIV/RT[38].ADDSUB/ADDSUB/CHAIN_GEN[8].C_MUX.CARRY_MUX_CARRY4_CARRY8        | CLB.CARRY.CARRY8  |
    | i_synth/DIV_OP.SPD.OP/MANT_DIV/RT[38].ADDSUB/ADDSUB/CHAIN_GEN[16].C_MUX.CARRY_MUX_CARRY4_CARRY8       | CLB.CARRY.CARRY8  |
    | i_synth/DIV_OP.SPD.OP/MANT_DIV/RT[38].ADDSUB/ADDSUB/CHAIN_GEN[24].C_MUX.CARRY_MUX_CARRY4_CARRY8       | CLB.CARRY.CARRY8  |
    | i_synth/DIV_OP.SPD.OP/MANT_DIV/RT[38].ADDSUB/ADDSUB/CHAIN_GEN[32].C_MUX.CARRY_MUX_CARRY4_CARRY8       | CLB.CARRY.CARRY8  |
    | i_synth/DIV_OP.SPD.OP/MANT_DIV/RT[38].ADDSUB/ADDSUB/CHAIN_GEN[40].C_MUX.CARRY_MUX_CARRY4_CARRY8       | CLB.CARRY.CARRY8  |
    | i_synth/DIV_OP.SPD.OP/MANT_DIV/RT[38].ADDSUB/ADDSUB/CHAIN_GEN[48].C_MUX.CARRY_MUX_CARRY4_CARRY8       | CLB.CARRY.CARRY8  |
    | i_synth/DIV_OP.SPD.OP/MANT_DIV/RT[38].ADDSUB/ADDSUB/CHAIN_GEN[7].C_MUX.CARRY_MUX_i_1__38              | CLB.LUT.LUT3      |
    | i_synth/DIV_OP.SPD.OP/MANT_DIV/RT[39].ADDSUB/ADDSUB/CHAIN_GEN[0].C_MUX.CARRY_MUX_CARRY4_CARRY8        | CLB.CARRY.CARRY8  |
    | i_synth/DIV_OP.SPD.OP/MANT_DIV/RT[39].ADDSUB/ADDSUB/CHAIN_GEN[8].C_MUX.CARRY_MUX_CARRY4_CARRY8        | CLB.CARRY.CARRY8  |
    | i_synth/DIV_OP.SPD.OP/MANT_DIV/RT[39].ADDSUB/ADDSUB/CHAIN_GEN[16].C_MUX.CARRY_MUX_CARRY4_CARRY8       | CLB.CARRY.CARRY8  |
    | i_synth/DIV_OP.SPD.OP/MANT_DIV/RT[39].ADDSUB/ADDSUB/CHAIN_GEN[24].C_MUX.CARRY_MUX_CARRY4_CARRY8       | CLB.CARRY.CARRY8  |
    | i_synth/DIV_OP.SPD.OP/MANT_DIV/RT[39].ADDSUB/ADDSUB/CHAIN_GEN[32].C_MUX.CARRY_MUX_CARRY4_CARRY8       | CLB.CARRY.CARRY8  |
    | i_synth/DIV_OP.SPD.OP/MANT_DIV/RT[39].ADDSUB/ADDSUB/CHAIN_GEN[40].C_MUX.CARRY_MUX_CARRY4_CARRY8       | CLB.CARRY.CARRY8  |
    | i_synth/DIV_OP.SPD.OP/MANT_DIV/RT[39].ADDSUB/ADDSUB/CHAIN_GEN[48].C_MUX.CARRY_MUX_CARRY4_CARRY8       | CLB.CARRY.CARRY8  |
    | i_synth/DIV_OP.SPD.OP/MANT_DIV/RT[39].ADDSUB/ADDSUB/Q_DEL/i_pipe/opt_has_pipe.first_q_reg[49]         | REGISTER.SDR.FDRE |
    +-------------------------------------------------------------------------------------------------------+-------------------+


================================================================
== Place & Route Vivado Reports
================================================================
+--------------------------+-------------------------------------------------------------------+
| Report Type              | Report Location                                                   |
+--------------------------+-------------------------------------------------------------------+
| design_analysis          | impl/verilog/report/md_kernel_design_analysis_routed.rpt          |
| failfast                 | impl/verilog/report/md_kernel_failfast_routed.rpt                 |
| status                   | impl/verilog/report/md_kernel_status_routed.rpt                   |
| timing                   | impl/verilog/report/md_kernel_timing_routed.rpt                   |
| timing_paths             | impl/verilog/report/md_kernel_timing_paths_routed.rpt             |
| utilization              | impl/verilog/report/md_kernel_utilization_routed.rpt              |
| utilization_hierarchical | impl/verilog/report/md_kernel_utilization_hierarchical_routed.rpt |
+--------------------------+-------------------------------------------------------------------+


