==============================================================
Vitis HLS - High-Level Synthesis from C, C++ and OpenCL v2023.2 (64-bit)
Tool Version Limit: 2023.10
Copyright 1986-2022 Xilinx, Inc. All Rights Reserved.
Copyright 2022-2023 Advanced Micro Devices, Inc. All Rights Reserved.

==============================================================
INFO: [HLS 200-1505] Using default flow_target 'vivado'
INFO: [HLS 200-1510] Running: config_array_partition -throughput_driven off 
INFO: [HLS 200-1510] Running: set_part xcu50-fsvh2104-2-e 
INFO: [HLS 200-1611] Setting target device to 'xcu50-fsvh2104-2-e'
INFO: [HLS 200-1510] Running: create_clock -period 8 -name default 
INFO: [SYN 201-201] Setting up clock 'default' with a period of 8ns.
INFO: [HLS 200-1510] Running: set_directive_pipeline -off bbgemm/loopjj 
INFO: [HLS 200-1510] Running: set_directive_pipeline -off bbgemm/loopkk 
INFO: [HLS 200-1510] Running: set_directive_pipeline -off bbgemm/loopi 
INFO: [HLS 200-1510] Running: set_directive_pipeline -off bbgemm/loopk 
INFO: [HLS 200-1510] Running: set_directive_pipeline -off bbgemm/loopj 
INFO: [HLS 200-1510] Running: set_directive_pipeline -off bbgemm 
INFO: [HLS 200-1510] Running: csynth_design 
INFO: [HLS 200-111] Finished File checks and directory preparation: CPU user time: 0.06 seconds. CPU system time: 0 seconds. Elapsed time: 0.07 seconds; current allocated memory: 226.574 MB.
INFO: [HLS 200-10] Analyzing design file 'data/benchmarks/gemm/gemm.c' ... 
INFO: [HLS 200-111] Finished Source Code Analysis and Preprocessing: CPU user time: 0.17 seconds. CPU system time: 0.25 seconds. Elapsed time: 0.56 seconds; current allocated memory: 228.320 MB.
INFO: [HLS 200-777] Using interface defaults for 'Vivado' flow target.
INFO: [HLS 200-1995] There were 62 instructions in the design after the 'Compile/Link' phase of compilation. See the Design Size Report for more details: /home/gabriel/Documents/UFRGS/RAISE/AHLS/AHLS/data/anchor_solutions/GEMM/solution0/syn/report/csynth_design_size.rpt
INFO: [HLS 200-1995] There were 48 instructions in the design after the 'Unroll/Inline (step 1)' phase of compilation. See the Design Size Report for more details: /home/gabriel/Documents/UFRGS/RAISE/AHLS/AHLS/data/anchor_solutions/GEMM/solution0/syn/report/csynth_design_size.rpt
INFO: [HLS 200-1995] There were 47 instructions in the design after the 'Unroll/Inline (step 2)' phase of compilation. See the Design Size Report for more details: /home/gabriel/Documents/UFRGS/RAISE/AHLS/AHLS/data/anchor_solutions/GEMM/solution0/syn/report/csynth_design_size.rpt
INFO: [HLS 200-1995] There were 44 instructions in the design after the 'Unroll/Inline (step 3)' phase of compilation. See the Design Size Report for more details: /home/gabriel/Documents/UFRGS/RAISE/AHLS/AHLS/data/anchor_solutions/GEMM/solution0/syn/report/csynth_design_size.rpt
INFO: [HLS 200-1995] There were 44 instructions in the design after the 'Unroll/Inline (step 4)' phase of compilation. See the Design Size Report for more details: /home/gabriel/Documents/UFRGS/RAISE/AHLS/AHLS/data/anchor_solutions/GEMM/solution0/syn/report/csynth_design_size.rpt
INFO: [HLS 200-1995] There were 44 instructions in the design after the 'Array/Struct (step 1)' phase of compilation. See the Design Size Report for more details: /home/gabriel/Documents/UFRGS/RAISE/AHLS/AHLS/data/anchor_solutions/GEMM/solution0/syn/report/csynth_design_size.rpt
INFO: [HLS 200-1995] There were 44 instructions in the design after the 'Array/Struct (step 2)' phase of compilation. See the Design Size Report for more details: /home/gabriel/Documents/UFRGS/RAISE/AHLS/AHLS/data/anchor_solutions/GEMM/solution0/syn/report/csynth_design_size.rpt
INFO: [HLS 200-1995] There were 44 instructions in the design after the 'Array/Struct (step 3)' phase of compilation. See the Design Size Report for more details: /home/gabriel/Documents/UFRGS/RAISE/AHLS/AHLS/data/anchor_solutions/GEMM/solution0/syn/report/csynth_design_size.rpt
INFO: [HLS 200-1995] There were 44 instructions in the design after the 'Array/Struct (step 4)' phase of compilation. See the Design Size Report for more details: /home/gabriel/Documents/UFRGS/RAISE/AHLS/AHLS/data/anchor_solutions/GEMM/solution0/syn/report/csynth_design_size.rpt
INFO: [HLS 200-1995] There were 44 instructions in the design after the 'Array/Struct (step 5)' phase of compilation. See the Design Size Report for more details: /home/gabriel/Documents/UFRGS/RAISE/AHLS/AHLS/data/anchor_solutions/GEMM/solution0/syn/report/csynth_design_size.rpt
INFO: [HLS 200-1995] There were 44 instructions in the design after the 'Performance (step 1)' phase of compilation. See the Design Size Report for more details: /home/gabriel/Documents/UFRGS/RAISE/AHLS/AHLS/data/anchor_solutions/GEMM/solution0/syn/report/csynth_design_size.rpt
INFO: [HLS 200-1995] There were 44 instructions in the design after the 'Performance (step 2)' phase of compilation. See the Design Size Report for more details: /home/gabriel/Documents/UFRGS/RAISE/AHLS/AHLS/data/anchor_solutions/GEMM/solution0/syn/report/csynth_design_size.rpt
INFO: [HLS 200-1995] There were 44 instructions in the design after the 'Performance (step 3)' phase of compilation. See the Design Size Report for more details: /home/gabriel/Documents/UFRGS/RAISE/AHLS/AHLS/data/anchor_solutions/GEMM/solution0/syn/report/csynth_design_size.rpt
INFO: [HLS 200-1995] There were 54 instructions in the design after the 'HW Transforms (step 1)' phase of compilation. See the Design Size Report for more details: /home/gabriel/Documents/UFRGS/RAISE/AHLS/AHLS/data/anchor_solutions/GEMM/solution0/syn/report/csynth_design_size.rpt
INFO: [HLS 200-1995] There were 71 instructions in the design after the 'HW Transforms (step 2)' phase of compilation. See the Design Size Report for more details: /home/gabriel/Documents/UFRGS/RAISE/AHLS/AHLS/data/anchor_solutions/GEMM/solution0/syn/report/csynth_design_size.rpt
INFO: [HLS 200-111] Finished Compiling Optimization and Transform: CPU user time: 1.79 seconds. CPU system time: 0.27 seconds. Elapsed time: 7 seconds; current allocated memory: 229.590 MB.
INFO: [HLS 200-111] Finished Checking Pragmas: CPU user time: 0 seconds. CPU system time: 0 seconds. Elapsed time: 0 seconds; current allocated memory: 229.590 MB.
INFO: [HLS 200-10] Starting code transformations ...
INFO: [HLS 200-111] Finished Standard Transforms: CPU user time: 0.01 seconds. CPU system time: 0 seconds. Elapsed time: 0.01 seconds; current allocated memory: 229.824 MB.
INFO: [HLS 200-10] Checking synthesizability ...
INFO: [HLS 200-111] Finished Checking Synthesizability: CPU user time: 0.01 seconds. CPU system time: 0 seconds. Elapsed time: 0.01 seconds; current allocated memory: 229.879 MB.
INFO: [HLS 200-111] Finished Loop, function and other optimizations: CPU user time: 0.03 seconds. CPU system time: 0.01 seconds. Elapsed time: 0.04 seconds; current allocated memory: 251.422 MB.
INFO: [HLS 200-111] Finished Architecture Synthesis: CPU user time: 0.02 seconds. CPU system time: 0 seconds. Elapsed time: 0.02 seconds; current allocated memory: 251.422 MB.
INFO: [HLS 200-10] Starting hardware synthesis ...
INFO: [HLS 200-10] Synthesizing 'bbgemm' ...
INFO: [HLS 200-10] ----------------------------------------------------------------
INFO: [HLS 200-42] -- Implementing module 'bbgemm' 
INFO: [HLS 200-10] ----------------------------------------------------------------
INFO: [SCHED 204-11] Starting scheduling ...
INFO: [SCHED 204-11] Finished scheduling.
INFO: [HLS 200-111] Finished Scheduling: CPU user time: 0.06 seconds. CPU system time: 0.02 seconds. Elapsed time: 0.09 seconds; current allocated memory: 251.422 MB.
INFO: [BIND 205-100] Starting micro-architecture generation ...
INFO: [BIND 205-101] Performing variable lifetime analysis.
INFO: [BIND 205-101] Exploring resource sharing.
INFO: [BIND 205-101] Binding ...
INFO: [BIND 205-100] Finished micro-architecture generation.
INFO: [HLS 200-111] Finished Binding: CPU user time: 0.01 seconds. CPU system time: 0 seconds. Elapsed time: 0.02 seconds; current allocated memory: 251.422 MB.
INFO: [HLS 200-10] ----------------------------------------------------------------
INFO: [HLS 200-10] -- Generating RTL for module 'bbgemm' 
INFO: [HLS 200-10] ----------------------------------------------------------------
INFO: [RTGEN 206-500] Setting interface mode on port 'bbgemm/m1' to 'ap_memory'.
INFO: [RTGEN 206-500] Setting interface mode on port 'bbgemm/m2' to 'ap_memory'.
INFO: [RTGEN 206-500] Setting interface mode on port 'bbgemm/prod' to 'ap_memory'.
INFO: [RTGEN 206-500] Setting interface mode on function 'bbgemm' to 'ap_ctrl_hs'.
INFO: [RTGEN 206-100] Generating core module 'dadd_64ns_64ns_64_4_full_dsp_1': 1 instance(s).
INFO: [RTGEN 206-100] Generating core module 'dmul_64ns_64ns_64_4_max_dsp_1': 1 instance(s).
INFO: [RTGEN 206-100] Finished creating RTL model for 'bbgemm'.
INFO: [HLS 200-111] Finished Creating RTL model: CPU user time: 0.02 seconds. CPU system time: 0.01 seconds. Elapsed time: 0.03 seconds; current allocated memory: 251.422 MB.
INFO: [HLS 200-111] Finished Generating all RTL models: CPU user time: 0.12 seconds. CPU system time: 0.01 seconds. Elapsed time: 0.13 seconds; current allocated memory: 251.422 MB.
INFO: [HLS 200-111] Finished Updating report files: CPU user time: 0.17 seconds. CPU system time: 0.01 seconds. Elapsed time: 0.18 seconds; current allocated memory: 251.422 MB.
INFO: [VHDL 208-304] Generating VHDL RTL for bbgemm.
INFO: [VLOG 209-307] Generating Verilog RTL for bbgemm.
INFO: [HLS 200-790] **** Loop Constraint Status: All loop constraints were satisfied.
INFO: [HLS 200-789] **** Estimated Fmax: 222.07 MHz
INFO: [HLS 200-111] Finished Command csynth_design CPU user time: 2.48 seconds. CPU system time: 0.58 seconds. Elapsed time: 8.18 seconds; current allocated memory: 24.848 MB.
INFO: [HLS 200-1510] Running: export_design -flow impl -format syn_dcp -rtl verilog 
INFO: [IMPL 213-8] Exporting RTL as a Vivado IP.
INFO: [IMPL 213-8] Starting RTL evaluation using Vivado ...
INFO: [HLS 200-802] Generated output file data/anchor_solutions/GEMM/solution0/impl/export.dcp
INFO: [HLS 200-802] Generated output file data/anchor_solutions/GEMM/solution0/impl/export.veo
INFO: [HLS 200-111] Finished Command export_design CPU user time: 169.77 seconds. CPU system time: 10 seconds. Elapsed time: 349.15 seconds; current allocated memory: 5.488 MB.
