==============================================================
Vitis HLS - High-Level Synthesis from C, C++ and OpenCL v2023.2 (64-bit)
Tool Version Limit: 2023.10
Copyright 1986-2022 Xilinx, Inc. All Rights Reserved.
Copyright 2022-2023 Advanced Micro Devices, Inc. All Rights Reserved.

==============================================================
INFO: [HLS 200-1505] Using default flow_target 'vivado'
INFO: [HLS 200-1510] Running: config_array_partition -throughput_driven off 
INFO: [HLS 200-1510] Running: set_part xcu50-fsvh2104-2-e 
INFO: [HLS 200-1611] Setting target device to 'xcu50-fsvh2104-2-e'
INFO: [HLS 200-1510] Running: create_clock -period 8 -name default 
INFO: [SYN 201-201] Setting up clock 'default' with a period of 8ns.
INFO: [HLS 200-1510] Running: set_directive_pipeline -off fft1D_512/loop1 
INFO: [HLS 200-1510] Running: set_directive_pipeline -off fft1D_512/loop2 
INFO: [HLS 200-1510] Running: set_directive_pipeline -off fft1D_512/loop3 
INFO: [HLS 200-1510] Running: set_directive_pipeline -off fft1D_512/loop4 
INFO: [HLS 200-1510] Running: set_directive_pipeline -off fft1D_512/loop5 
INFO: [HLS 200-1510] Running: set_directive_pipeline -off fft1D_512/loop6 
INFO: [HLS 200-1510] Running: set_directive_pipeline -off fft1D_512/loop7 
INFO: [HLS 200-1510] Running: set_directive_pipeline -off fft1D_512/loop8 
INFO: [HLS 200-1510] Running: set_directive_pipeline -off fft1D_512/loop9 
INFO: [HLS 200-1510] Running: set_directive_pipeline -off fft1D_512/loop10 
INFO: [HLS 200-1510] Running: set_directive_pipeline -off fft1D_512/loop11 
INFO: [HLS 200-1510] Running: set_directive_pipeline -off fft1D_512 
INFO: [HLS 200-1510] Running: set_directive_pipeline -off twiddles8 
INFO: [HLS 200-1510] Running: set_directive_inline -off twiddles8 
INFO: [HLS 200-1510] Running: csynth_design 
INFO: [HLS 200-111] Finished File checks and directory preparation: CPU user time: 0.05 seconds. CPU system time: 0.01 seconds. Elapsed time: 0.06 seconds; current allocated memory: 232.531 MB.
INFO: [HLS 200-10] Analyzing design file 'data/benchmarks/transposed_fft/transposed_fft.c' ... 
WARNING: [HLS 207-910] 'M_SQRT1_2' macro redefined (data/benchmarks/transposed_fft/transposed_fft.h:18:9)
INFO: [HLS 207-71] previous definition is here (/usr/include/math.h:1158:10)
INFO: [HLS 200-111] Finished Source Code Analysis and Preprocessing: CPU user time: 0.26 seconds. CPU system time: 0.22 seconds. Elapsed time: 0.49 seconds; current allocated memory: 234.723 MB.
INFO: [HLS 200-777] Using interface defaults for 'Vivado' flow target.
INFO: [HLS 200-1995] There were 46,773 instructions in the design after the 'Compile/Link' phase of compilation. See the Design Size Report for more details: /home/gabriel/Documents/UFRGS/RAISE/AHLS/AHLS/data/anchor_solutions/TRANS_FFT/solution0/syn/report/csynth_design_size.rpt
INFO: [HLS 200-1995] There were 5,625 instructions in the design after the 'Unroll/Inline (step 1)' phase of compilation. See the Design Size Report for more details: /home/gabriel/Documents/UFRGS/RAISE/AHLS/AHLS/data/anchor_solutions/TRANS_FFT/solution0/syn/report/csynth_design_size.rpt
INFO: [HLS 200-1995] There were 3,161 instructions in the design after the 'Unroll/Inline (step 2)' phase of compilation. See the Design Size Report for more details: /home/gabriel/Documents/UFRGS/RAISE/AHLS/AHLS/data/anchor_solutions/TRANS_FFT/solution0/syn/report/csynth_design_size.rpt
INFO: [HLS 200-1995] There were 3,033 instructions in the design after the 'Unroll/Inline (step 3)' phase of compilation. See the Design Size Report for more details: /home/gabriel/Documents/UFRGS/RAISE/AHLS/AHLS/data/anchor_solutions/TRANS_FFT/solution0/syn/report/csynth_design_size.rpt
INFO: [HLS 200-1995] There were 2,386 instructions in the design after the 'Unroll/Inline (step 4)' phase of compilation. See the Design Size Report for more details: /home/gabriel/Documents/UFRGS/RAISE/AHLS/AHLS/data/anchor_solutions/TRANS_FFT/solution0/syn/report/csynth_design_size.rpt
INFO: [HLS 200-1995] There were 2,550 instructions in the design after the 'Array/Struct (step 1)' phase of compilation. See the Design Size Report for more details: /home/gabriel/Documents/UFRGS/RAISE/AHLS/AHLS/data/anchor_solutions/TRANS_FFT/solution0/syn/report/csynth_design_size.rpt
INFO: [HLS 200-1995] There were 2,330 instructions in the design after the 'Array/Struct (step 2)' phase of compilation. See the Design Size Report for more details: /home/gabriel/Documents/UFRGS/RAISE/AHLS/AHLS/data/anchor_solutions/TRANS_FFT/solution0/syn/report/csynth_design_size.rpt
INFO: [HLS 200-1995] There were 2,330 instructions in the design after the 'Array/Struct (step 3)' phase of compilation. See the Design Size Report for more details: /home/gabriel/Documents/UFRGS/RAISE/AHLS/AHLS/data/anchor_solutions/TRANS_FFT/solution0/syn/report/csynth_design_size.rpt
INFO: [HLS 200-1995] There were 2,330 instructions in the design after the 'Array/Struct (step 4)' phase of compilation. See the Design Size Report for more details: /home/gabriel/Documents/UFRGS/RAISE/AHLS/AHLS/data/anchor_solutions/TRANS_FFT/solution0/syn/report/csynth_design_size.rpt
INFO: [HLS 200-1995] There were 2,354 instructions in the design after the 'Array/Struct (step 5)' phase of compilation. See the Design Size Report for more details: /home/gabriel/Documents/UFRGS/RAISE/AHLS/AHLS/data/anchor_solutions/TRANS_FFT/solution0/syn/report/csynth_design_size.rpt
INFO: [HLS 200-1995] There were 2,318 instructions in the design after the 'Performance (step 1)' phase of compilation. See the Design Size Report for more details: /home/gabriel/Documents/UFRGS/RAISE/AHLS/AHLS/data/anchor_solutions/TRANS_FFT/solution0/syn/report/csynth_design_size.rpt
INFO: [HLS 200-1995] There were 2,242 instructions in the design after the 'Performance (step 2)' phase of compilation. See the Design Size Report for more details: /home/gabriel/Documents/UFRGS/RAISE/AHLS/AHLS/data/anchor_solutions/TRANS_FFT/solution0/syn/report/csynth_design_size.rpt
INFO: [HLS 200-1995] There were 2,242 instructions in the design after the 'Performance (step 3)' phase of compilation. See the Design Size Report for more details: /home/gabriel/Documents/UFRGS/RAISE/AHLS/AHLS/data/anchor_solutions/TRANS_FFT/solution0/syn/report/csynth_design_size.rpt
INFO: [HLS 200-1995] There were 2,278 instructions in the design after the 'HW Transforms (step 1)' phase of compilation. See the Design Size Report for more details: /home/gabriel/Documents/UFRGS/RAISE/AHLS/AHLS/data/anchor_solutions/TRANS_FFT/solution0/syn/report/csynth_design_size.rpt
INFO: [HLS 200-1995] There were 2,329 instructions in the design after the 'HW Transforms (step 2)' phase of compilation. See the Design Size Report for more details: /home/gabriel/Documents/UFRGS/RAISE/AHLS/AHLS/data/anchor_solutions/TRANS_FFT/solution0/syn/report/csynth_design_size.rpt
INFO: [HLS 214-178] Inlining function 'fp_struct<double>::fp_struct(double)' into 'void range_redux_payne_hanek_hotbm<61, double, 63, 63>(double, ap_uint<3>&, ap_ufixed<63, 0, (ap_q_mode)5, (ap_o_mode)3, 0>&, ap_ufixed<63, 0, (ap_q_mode)5, (ap_o_mode)3, 0>&, ap_int<fp_struct<double>::EXP_BITS>&)' (/wrk/ci/prod/2023.2/hls_product/continuous/689/2023.2/src/shared/hls/clib/hlsmath/include/FloatingPoint/hls_range_redux.h:437:0)
INFO: [HLS 214-178] Inlining function 'fp_struct<double>::expv() const' into 'void range_redux_payne_hanek_hotbm<61, double, 63, 63>(double, ap_uint<3>&, ap_ufixed<63, 0, (ap_q_mode)5, (ap_o_mode)3, 0>&, ap_ufixed<63, 0, (ap_q_mode)5, (ap_o_mode)3, 0>&, ap_int<fp_struct<double>::EXP_BITS>&)' (/wrk/ci/prod/2023.2/hls_product/continuous/689/2023.2/src/shared/hls/clib/hlsmath/include/FloatingPoint/hls_range_redux.h:437:0)
INFO: [HLS 214-178] Inlining function 'ap_uint<(((2) * ((52) + (1))) + (61)) + (3)> table_lookup_4oPi_hotbm<52, 61>(int, double)' into 'void range_redux_payne_hanek_hotbm<61, double, 63, 63>(double, ap_uint<3>&, ap_ufixed<63, 0, (ap_q_mode)5, (ap_o_mode)3, 0>&, ap_ufixed<63, 0, (ap_q_mode)5, (ap_o_mode)3, 0>&, ap_int<fp_struct<double>::EXP_BITS>&)' (/wrk/ci/prod/2023.2/hls_product/continuous/689/2023.2/src/shared/hls/clib/hlsmath/include/FloatingPoint/hls_range_redux.h:437:0)
INFO: [HLS 214-178] Inlining function 'unsigned int clz<61, 124, 0>(ap_ufixed<124, 0, (ap_q_mode)5, (ap_o_mode)3, 0>)' into 'void range_redux_payne_hanek_hotbm<61, double, 63, 63>(double, ap_uint<3>&, ap_ufixed<63, 0, (ap_q_mode)5, (ap_o_mode)3, 0>&, ap_ufixed<63, 0, (ap_q_mode)5, (ap_o_mode)3, 0>&, ap_int<fp_struct<double>::EXP_BITS>&)' (/wrk/ci/prod/2023.2/hls_product/continuous/689/2023.2/src/shared/hls/clib/hlsmath/include/FloatingPoint/hls_range_redux.h:437:0)
INFO: [HLS 214-178] Inlining function 'fp_struct<double>::data() const (.48.57.68.77)' into 'fp_struct<double>::to_double() const (.45.54.65.74)' (/wrk/ci/prod/2023.2/hls_product/continuous/689/2023.2/src/shared/hls/clib/src/hls/utils/x_hls_utils.h:494:0)
INFO: [HLS 214-178] Inlining function 'fp_struct<double>::to_double() const (.45.54.65.74)' into 'fp_struct<double>::to_ieee() const' (/wrk/ci/prod/2023.2/hls_product/continuous/689/2023.2/src/shared/hls/clib/src/hls/utils/x_hls_utils.h:509:0)
INFO: [HLS 214-178] Inlining function 'clz(int)' into 'void scaled_fixed2ieee<63, 1>(ap_ufixed<63, 1, (ap_q_mode)5, (ap_o_mode)3, 0>, double&, int)' (/wrk/ci/prod/2023.2/hls_product/continuous/689/2023.2/src/shared/hls/clib/src/hls/utils/x_hls_float_utils.h:390:0)
INFO: [HLS 214-178] Inlining function 'fp_struct<double>::set_mantissa(ap_ufixed<53, 1, (ap_q_mode)5, (ap_o_mode)3, 0>)' into 'void scaled_fixed2ieee<63, 1>(ap_ufixed<63, 1, (ap_q_mode)5, (ap_o_mode)3, 0>, double&, int)' (/wrk/ci/prod/2023.2/hls_product/continuous/689/2023.2/src/shared/hls/clib/src/hls/utils/x_hls_float_utils.h:390:0)
INFO: [HLS 214-178] Inlining function 'fp_struct<double>::to_ieee() const' into 'void scaled_fixed2ieee<63, 1>(ap_ufixed<63, 1, (ap_q_mode)5, (ap_o_mode)3, 0>, double&, int)' (/wrk/ci/prod/2023.2/hls_product/continuous/689/2023.2/src/shared/hls/clib/src/hls/utils/x_hls_float_utils.h:390:0)
INFO: [HLS 214-178] Inlining function 'fp_struct<double>::fp_struct(double)' into 'double hotbm_::sin_or_cos<double>(double, bool, bool)' (/wrk/ci/prod/2023.2/hls_product/continuous/689/2023.2/src/shared/hls/clib/hlsmath/include/FloatingPoint/hls_hotbm.h:210:0)
INFO: [HLS 214-178] Inlining function 'void range_redux_payne_hanek_hotbm<61, double, 63, 63>(double, ap_uint<3>&, ap_ufixed<63, 0, (ap_q_mode)5, (ap_o_mode)3, 0>&, ap_ufixed<63, 0, (ap_q_mode)5, (ap_o_mode)3, 0>&, ap_int<fp_struct<double>::EXP_BITS>&)' into 'double hotbm_::sin_or_cos<double>(double, bool, bool)' (/wrk/ci/prod/2023.2/hls_product/continuous/689/2023.2/src/shared/hls/clib/hlsmath/include/FloatingPoint/hls_hotbm.h:210:0)
INFO: [HLS 214-178] Inlining function 'ap_ufixed<63, 1, (ap_q_mode)5, (ap_o_mode)3, 0> hotbm_::value_list<double>::sin_or_cos_approximation<63, 63>(bool, ap_uint<3>&, ap_ufixed<63, 0, (ap_q_mode)5, (ap_o_mode)3, 0>&, ap_ufixed<63, 0, (ap_q_mode)5, (ap_o_mode)3, 0>&, ap_int<11>&)' into 'double hotbm_::sin_or_cos<double>(double, bool, bool)' (/wrk/ci/prod/2023.2/hls_product/continuous/689/2023.2/src/shared/hls/clib/hlsmath/include/FloatingPoint/hls_hotbm.h:210:0)
INFO: [HLS 214-178] Inlining function 'fp_struct<double>::to_ieee() const' into 'double hotbm_::sin_or_cos<double>(double, bool, bool)' (/wrk/ci/prod/2023.2/hls_product/continuous/689/2023.2/src/shared/hls/clib/hlsmath/include/FloatingPoint/hls_hotbm.h:210:0)
INFO: [HLS 214-178] Inlining function 'hotbm_::cos(double)' into 'cos' (/wrk/ci/prod/2023.2/hls_product/continuous/689/2023.2/src/shared/hls/clib/hlsmath/src/c/sincosdouble.cpp:12:0)
INFO: [HLS 214-178] Inlining function 'hotbm_::sin(double)' into 'sin' (/wrk/ci/prod/2023.2/hls_product/continuous/689/2023.2/src/shared/hls/clib/hlsmath/src/c/sincosdouble.cpp:7:0)
INFO: [HLS 214-178] Inlining function 'cos' into 'twiddles8' (data/benchmarks/transposed_fft/transposed_fft.c:23:0)
INFO: [HLS 214-178] Inlining function 'sin' into 'twiddles8' (data/benchmarks/transposed_fft/transposed_fft.c:23:0)
INFO: [HLS 214-178] Inlining function 'loady8' into 'fft1D_512' (data/benchmarks/transposed_fft/transposed_fft.c:114:0)
INFO: [HLS 214-248] Applying array_partition to '_ZZN6hotbm_10value_listIdE24sin_or_cos_approximationILi63ELi63EEE9ap_ufixedIXT_ELi1EL9ap_q_mode5EL9ap_o_mode3ELi0EEbR7ap_uintILi3EERS3_IXT_ELi0ELS4_5ELS5_3ELi0EERS3_IXT0_ELi0ELS4_5ELS5_3ELi0EER6ap_intILi11EEE10swap_table': Complete partitioning on dimension 1. (/wrk/ci/prod/2023.2/hls_product/continuous/689/2023.2/src/shared/hls/clib/hlsmath/src/common/hls_hotbm_double.cpp:14:0)
INFO: [HLS 214-248] Applying array_partition to '_ZZN6hotbm_10sin_or_cosIdEET_S1_bbE13neg_cos_table': Complete partitioning on dimension 1. (/wrk/ci/prod/2023.2/hls_product/continuous/689/2023.2/src/shared/hls/clib/hlsmath/include/FloatingPoint/hls_hotbm.h:217:0)
INFO: [HLS 214-248] Applying array_partition to '_ZZN6hotbm_10sin_or_cosIdEET_S1_bbE13neg_sin_table': Complete partitioning on dimension 1. (/wrk/ci/prod/2023.2/hls_product/continuous/689/2023.2/src/shared/hls/clib/hlsmath/include/FloatingPoint/hls_hotbm.h:216:0)
INFO: [HLS 214-248] Applying array_partition to '_ZZN6hotbm_10sin_or_cosIdEET_S1_bbE10swap_table': Complete partitioning on dimension 1. (/wrk/ci/prod/2023.2/hls_product/continuous/689/2023.2/src/shared/hls/clib/hlsmath/include/FloatingPoint/hls_hotbm.h:215:0)
WARNING: [HLS 214-358] Array transformation on index using bit extension logic may lead to poor performance. Please use int or long for array index computation to benefit from optimizations. (/wrk/ci/prod/2023.2/hls_product/continuous/689/2023.2/src/shared/hls/clib/hlsmath/src/common/hls_hotbm_double.cpp:29:67)
INFO: [HLS 214-376] automatically set the pipeline for Loop< twiddles> at data/benchmarks/transposed_fft/transposed_fft.c:28:14 
INFO: [HLS 214-291] Loop 'anonymous' is marked as complete unroll implied by the pipeline pragma (/wrk/ci/prod/2023.2/hls_product/continuous/689/2023.2/src/shared/hls/clib/src/hls/utils/x_hls_float_utils.h:421:5)
INFO: [HLS 214-291] Loop 'anonymous' is marked as complete unroll implied by the pipeline pragma (/wrk/ci/prod/2023.2/hls_product/continuous/689/2023.2/src/shared/hls/clib/src/hls/utils/x_hls_float_utils.h:414:5)
INFO: [HLS 214-291] Loop 'anonymous' is marked as complete unroll implied by the pipeline pragma (/wrk/ci/prod/2023.2/hls_product/continuous/689/2023.2/src/shared/hls/clib/src/hls/utils/x_hls_float_utils.h:401:5)
INFO: [HLS 214-291] Loop 'anonymous' is marked as complete unroll implied by the pipeline pragma (/wrk/ci/prod/2023.2/hls_product/continuous/689/2023.2/src/shared/hls/clib/src/hls/utils/x_hls_float_utils.h:400:41)
INFO: [HLS 214-186] Unrolling loop 'anonymous' (/wrk/ci/prod/2023.2/hls_product/continuous/689/2023.2/src/shared/hls/clib/src/hls/utils/x_hls_float_utils.h:421:5) in function 'scaled_fixed2ieee<63, 1>' completely with a factor of 4 (/wrk/ci/prod/2023.2/hls_product/continuous/689/2023.2/src/shared/hls/clib/src/hls/utils/x_hls_float_utils.h:390:0)
INFO: [HLS 214-186] Unrolling loop 'anonymous' (/wrk/ci/prod/2023.2/hls_product/continuous/689/2023.2/src/shared/hls/clib/src/hls/utils/x_hls_float_utils.h:414:5) in function 'scaled_fixed2ieee<63, 1>' completely with a factor of 4 (/wrk/ci/prod/2023.2/hls_product/continuous/689/2023.2/src/shared/hls/clib/src/hls/utils/x_hls_float_utils.h:390:0)
INFO: [HLS 214-186] Unrolling loop 'anonymous' (/wrk/ci/prod/2023.2/hls_product/continuous/689/2023.2/src/shared/hls/clib/src/hls/utils/x_hls_float_utils.h:401:5) in function 'scaled_fixed2ieee<63, 1>' completely with a factor of 3 (/wrk/ci/prod/2023.2/hls_product/continuous/689/2023.2/src/shared/hls/clib/src/hls/utils/x_hls_float_utils.h:390:0)
INFO: [HLS 214-186] Unrolling loop 'anonymous' (/wrk/ci/prod/2023.2/hls_product/continuous/689/2023.2/src/shared/hls/clib/src/hls/utils/x_hls_float_utils.h:400:41) in function 'scaled_fixed2ieee<63, 1>' completely with a factor of 4 (/wrk/ci/prod/2023.2/hls_product/continuous/689/2023.2/src/shared/hls/clib/src/hls/utils/x_hls_float_utils.h:390:0)
INFO: [HLS 200-111] Finished Compiling Optimization and Transform: CPU user time: 2.64 seconds. CPU system time: 0.33 seconds. Elapsed time: 7.08 seconds; current allocated memory: 237.625 MB.
INFO: [HLS 200-111] Finished Checking Pragmas: CPU user time: 0 seconds. CPU system time: 0 seconds. Elapsed time: 0 seconds; current allocated memory: 237.625 MB.
INFO: [HLS 200-10] Starting code transformations ...
INFO: [HLS 200-111] Finished Standard Transforms: CPU user time: 0.05 seconds. CPU system time: 0.01 seconds. Elapsed time: 0.05 seconds; current allocated memory: 242.219 MB.
INFO: [HLS 200-10] Checking synthesizability ...
INFO: [HLS 200-111] Finished Checking Synthesizability: CPU user time: 0.07 seconds. CPU system time: 0 seconds. Elapsed time: 0.07 seconds; current allocated memory: 247.879 MB.
INFO: [XFORM 203-401] Performing if-conversion on hyperblock to (/wrk/ci/prod/2023.2/hls_product/continuous/689/2023.2/src/shared/hls/clib/src/hls/utils/x_hls_float_utils.h:447:1) in function 'scaled_fixed2ieee<63, 1>'... converting 7 basic blocks.
INFO: [XFORM 203-401] Performing if-conversion on hyperblock from (/wrk/ci/prod/2023.2/hls_product/continuous/689/2023.2/src/shared/hls/clib/src/hls/utils/x_hls_utils.h:459:31) to (/wrk/ci/prod/2023.2/hls_product/continuous/689/2023.2/src/shared/hls/clib/hlsmath/include/FloatingPoint/hls_hotbm.h:287:5) in function 'hotbm_::sin_or_cos<double>'... converting 9 basic blocks.
INFO: [XFORM 203-602] Inlining function 'scaled_fixed2ieee<63, 1>' into 'hotbm_::sin_or_cos<double>' (/wrk/ci/prod/2023.2/hls_product/continuous/689/2023.2/src/shared/hls/clib/hlsmath/include/FloatingPoint/hls_hotbm.h:252) automatically.
INFO: [HLS 200-111] Finished Loop, function and other optimizations: CPU user time: 0.22 seconds. CPU system time: 0.01 seconds. Elapsed time: 0.23 seconds; current allocated memory: 279.973 MB.
INFO: [HLS 200-111] Finished Architecture Synthesis: CPU user time: 0.18 seconds. CPU system time: 0.01 seconds. Elapsed time: 0.2 seconds; current allocated memory: 299.500 MB.
INFO: [HLS 200-10] Starting hardware synthesis ...
INFO: [HLS 200-10] Synthesizing 'fft1D_512' ...
WARNING: [SYN 201-103] Legalizing function name 'sin_or_cos<double>' to 'sin_or_cos_double_s'.
INFO: [HLS 200-10] ----------------------------------------------------------------
INFO: [HLS 200-42] -- Implementing module 'sin_or_cos_double_s' 
INFO: [HLS 200-10] ----------------------------------------------------------------
INFO: [SCHED 204-11] Starting scheduling ...
INFO: [SCHED 204-61] Pipelining function 'sin_or_cos<double>'.
INFO: [HLS 200-1470] Pipelining result : Target II = NA, Final II = 1, Depth = 9, function 'sin_or_cos<double>'
INFO: [SCHED 204-11] Finished scheduling.
INFO: [HLS 200-111] Finished Scheduling: CPU user time: 0.2 seconds. CPU system time: 0.02 seconds. Elapsed time: 0.22 seconds; current allocated memory: 302.383 MB.
INFO: [BIND 205-100] Starting micro-architecture generation ...
INFO: [BIND 205-101] Performing variable lifetime analysis.
INFO: [BIND 205-101] Exploring resource sharing.
INFO: [BIND 205-101] Binding ...
INFO: [BIND 205-100] Finished micro-architecture generation.
INFO: [HLS 200-111] Finished Binding: CPU user time: 0.03 seconds. CPU system time: 0 seconds. Elapsed time: 0.04 seconds; current allocated memory: 302.383 MB.
INFO: [HLS 200-10] ----------------------------------------------------------------
INFO: [HLS 200-42] -- Implementing module 'twiddles8' 
INFO: [HLS 200-10] ----------------------------------------------------------------
INFO: [SCHED 204-11] Starting scheduling ...
INFO: [SCHED 204-61] Pipelining loop 'twiddles'.
INFO: [HLS 200-1470] Pipelining result : Target II = NA, Final II = 1, Depth = 42, loop 'twiddles'
INFO: [SCHED 204-11] Finished scheduling.
INFO: [HLS 200-111] Finished Scheduling: CPU user time: 0.08 seconds. CPU system time: 0 seconds. Elapsed time: 0.08 seconds; current allocated memory: 302.605 MB.
INFO: [BIND 205-100] Starting micro-architecture generation ...
INFO: [BIND 205-101] Performing variable lifetime analysis.
INFO: [BIND 205-101] Exploring resource sharing.
INFO: [BIND 205-101] Binding ...
INFO: [BIND 205-100] Finished micro-architecture generation.
INFO: [HLS 200-111] Finished Binding: CPU user time: 0.01 seconds. CPU system time: 0 seconds. Elapsed time: 0.01 seconds; current allocated memory: 302.605 MB.
INFO: [HLS 200-10] ----------------------------------------------------------------
INFO: [HLS 200-42] -- Implementing module 'fft1D_512' 
INFO: [HLS 200-10] ----------------------------------------------------------------
INFO: [SCHED 204-11] Starting scheduling ...
INFO: [SCHED 204-11] Finished scheduling.
INFO: [HLS 200-111] Finished Scheduling: CPU user time: 0.48 seconds. CPU system time: 0 seconds. Elapsed time: 0.49 seconds; current allocated memory: 316.504 MB.
INFO: [BIND 205-100] Starting micro-architecture generation ...
INFO: [BIND 205-101] Performing variable lifetime analysis.
INFO: [BIND 205-101] Exploring resource sharing.
INFO: [BIND 205-101] Binding ...
INFO: [BIND 205-100] Finished micro-architecture generation.
INFO: [HLS 200-111] Finished Binding: CPU user time: 0.18 seconds. CPU system time: 0 seconds. Elapsed time: 0.18 seconds; current allocated memory: 316.504 MB.
INFO: [HLS 200-10] ----------------------------------------------------------------
INFO: [HLS 200-10] -- Generating RTL for module 'sin_or_cos_double_s' 
INFO: [HLS 200-10] ----------------------------------------------------------------
INFO: [HLS 200-1030] Apply Unified Pipeline Control on module 'sin_or_cos_double_s' pipeline 'sin_or_cos<double>' pipeline type 'function pipeline'
INFO: [RTGEN 206-100] Generating core module 'mul_170s_53ns_170_2_1': 1 instance(s).
INFO: [RTGEN 206-100] Generating core module 'mul_35ns_25ns_60_1_1': 1 instance(s).
INFO: [RTGEN 206-100] Generating core module 'mul_42ns_33ns_75_1_1': 1 instance(s).
INFO: [RTGEN 206-100] Generating core module 'mul_49ns_44s_93_1_1': 1 instance(s).
INFO: [RTGEN 206-100] Generating core module 'mul_49ns_49ns_98_1_1': 3 instance(s).
INFO: [RTGEN 206-100] Generating core module 'mul_56ns_52s_108_1_1': 1 instance(s).
INFO: [RTGEN 206-100] Generating core module 'mul_64s_63ns_126_1_1': 1 instance(s).
INFO: [RTGEN 206-100] Generating core module 'sparsemux_17_3_1_1_1': 1 instance(s).
INFO: [RTGEN 206-100] Generating core module 'sparsemux_33_4_1_1_1': 2 instance(s).
INFO: [RTGEN 206-100] Finished creating RTL model for 'sin_or_cos_double_s'.
INFO: [RTMG 210-279] Implementing memory 'fft1D_512_sin_or_cos_double_s_ref_4oPi_table_256_ROM_AUTO_1R' using auto ROMs.
INFO: [RTMG 210-279] Implementing memory 'fft1D_512_sin_or_cos_double_s_fourth_order_double_sin_cos_K0_ROM_1P_LUTRAM_1R' using distributed ROMs.
INFO: [RTMG 210-279] Implementing memory 'fft1D_512_sin_or_cos_double_s_fourth_order_double_sin_cos_K1_ROM_1P_LUTRAM_1R' using distributed ROMs.
INFO: [RTMG 210-279] Implementing memory 'fft1D_512_sin_or_cos_double_s_fourth_order_double_sin_cos_K2_ROM_1P_LUTRAM_1R' using distributed ROMs.
INFO: [RTMG 210-279] Implementing memory 'fft1D_512_sin_or_cos_double_s_fourth_order_double_sin_cos_K3_ROM_1P_LUTRAM_1R' using distributed ROMs.
INFO: [RTMG 210-279] Implementing memory 'fft1D_512_sin_or_cos_double_s_fourth_order_double_sin_cos_K4_ROM_1P_LUTRAM_1R' using distributed ROMs.
INFO: [HLS 200-111] Finished Creating RTL model: CPU user time: 0.14 seconds. CPU system time: 0.01 seconds. Elapsed time: 0.14 seconds; current allocated memory: 316.504 MB.
INFO: [HLS 200-10] ----------------------------------------------------------------
INFO: [HLS 200-10] -- Generating RTL for module 'twiddles8' 
INFO: [HLS 200-10] ----------------------------------------------------------------
INFO: [RTGEN 206-100] Generating core module 'dadd_64ns_64ns_64_4_full_dsp_1': 1 instance(s).
INFO: [RTGEN 206-100] Generating core module 'ddiv_64ns_64ns_64_14_no_dsp_1': 1 instance(s).
INFO: [RTGEN 206-100] Generating core module 'dmul_64ns_64ns_64_4_max_dsp_1': 6 instance(s).
INFO: [RTGEN 206-100] Generating core module 'dsub_64ns_64ns_64_4_full_dsp_1': 1 instance(s).
INFO: [RTGEN 206-100] Generating core module 'sitodp_32ns_64_2_no_dsp_1': 2 instance(s).
INFO: [RTGEN 206-100] Finished creating RTL model for 'twiddles8'.
INFO: [RTMG 210-279] Implementing memory 'fft1D_512_twiddles8_twiddles8_reversed8_ROM_AUTO_1R' using auto ROMs.
INFO: [HLS 200-111] Finished Creating RTL model: CPU user time: 0.12 seconds. CPU system time: 0.02 seconds. Elapsed time: 0.13 seconds; current allocated memory: 319.203 MB.
INFO: [HLS 200-10] ----------------------------------------------------------------
INFO: [HLS 200-10] -- Generating RTL for module 'fft1D_512' 
INFO: [HLS 200-10] ----------------------------------------------------------------
INFO: [RTGEN 206-500] Setting interface mode on port 'fft1D_512/work_x' to 'ap_memory'.
INFO: [RTGEN 206-500] Setting interface mode on port 'fft1D_512/work_y' to 'ap_memory'.
INFO: [RTGEN 206-500] Setting interface mode on function 'fft1D_512' to 'ap_ctrl_hs'.
WARNING: [RTGEN 206-101] Global array 'twiddles8_reversed8' will not be exposed as RTL port.
WARNING: [RTGEN 206-101] RTL name 'data_x_RAM_AUTO_1R1W' is changed to 'data_x_RAM_AUTO_1R1W_x' due to conflict.
WARNING: [RTGEN 206-101] RTL name 'data_x_U' is changed to 'data_x_U_x' due to conflict.
WARNING: [RTGEN 206-101] RTL name 'esl_if_mem_data_x' is changed to 'esl_if_mem_data_x0' due to conflict.
WARNING: [RTGEN 206-101] RTL name 'data_y_RAM_AUTO_1R1W' is changed to 'data_y_RAM_AUTO_1R1W_x' due to conflict.
WARNING: [RTGEN 206-101] RTL name 'data_y_U' is changed to 'data_y_U_x' due to conflict.
WARNING: [RTGEN 206-101] RTL name 'esl_if_mem_data_y' is changed to 'esl_if_mem_data_y_x' due to conflict.
INFO: [RTGEN 206-100] Generating core module 'dadddsub_64ns_64ns_64_4_full_dsp_1': 6 instance(s).
INFO: [RTGEN 206-100] Generating core module 'dmul_64ns_64ns_64_4_max_dsp_1': 6 instance(s).
INFO: [RTGEN 206-100] Generating core module 'dsub_64ns_64ns_64_4_full_dsp_1': 2 instance(s).
INFO: [RTGEN 206-100] Finished creating RTL model for 'fft1D_512'.
INFO: [RTMG 210-278] Implementing memory 'fft1D_512_DATA_x_RAM_AUTO_1R1W' using auto RAMs.
INFO: [RTMG 210-278] Implementing memory 'fft1D_512_data_x_RAM_AUTO_1R1W_x' using auto RAMs.
INFO: [RTMG 210-278] Implementing memory 'fft1D_512_smem_RAM_AUTO_1R1W' using auto RAMs.
INFO: [HLS 200-111] Finished Creating RTL model: CPU user time: 0.22 seconds. CPU system time: 0.01 seconds. Elapsed time: 0.24 seconds; current allocated memory: 327.898 MB.
INFO: [HLS 200-111] Finished Generating all RTL models: CPU user time: 0.45 seconds. CPU system time: 0.06 seconds. Elapsed time: 0.52 seconds; current allocated memory: 354.875 MB.
INFO: [HLS 200-111] Finished Updating report files: CPU user time: 0.41 seconds. CPU system time: 0.01 seconds. Elapsed time: 0.43 seconds; current allocated memory: 358.629 MB.
INFO: [VHDL 208-304] Generating VHDL RTL for fft1D_512.
INFO: [VLOG 209-307] Generating Verilog RTL for fft1D_512.
INFO: [HLS 200-790] **** Loop Constraint Status: All loop constraints were satisfied.
INFO: [HLS 200-789] **** Estimated Fmax: 162.96 MHz
INFO: [HLS 200-111] Finished Command csynth_design CPU user time: 5.82 seconds. CPU system time: 0.73 seconds. Elapsed time: 10.68 seconds; current allocated memory: 126.113 MB.
INFO: [HLS 200-1510] Running: export_design -flow impl -format syn_dcp -rtl verilog 
INFO: [IMPL 213-8] Exporting RTL as a Vivado IP.
INFO: [IMPL 213-8] Starting RTL evaluation using Vivado ...
INFO: [HLS 200-802] Generated output file data/anchor_solutions/TRANS_FFT/solution0/impl/export.dcp
INFO: [HLS 200-802] Generated output file data/anchor_solutions/TRANS_FFT/solution0/impl/export.veo
INFO: [HLS 200-111] Finished Command export_design CPU user time: 540.01 seconds. CPU system time: 19.1 seconds. Elapsed time: 858.14 seconds; current allocated memory: 11.168 MB.
