

================================================================
== Synthesis Summary Report of 'sha_stream'
================================================================
+ General Information: 
    * Date:           Sun Sep 14 01:48:47 2025
    * Version:        2023.2 (Build 4023990 on Oct 11 2023)
    * Project:        SHA
    * Solution:       solution0 (Vivado IP Flow Target)
    * Product family: virtexuplusHBM
    * Target device:  xcu50-fsvh2104-2-e
    

+ Performance & Resource Estimates: 
    
    PS: '+' for module; 'o' for loop; '*' for dataflow
    +-----------------------------------------------------------+------+------+---------+-----------+----------+---------+-------+----------+---------+----+------------+------------+-----+
    |                          Modules                          | Issue|      | Latency |  Latency  | Iteration|         |  Trip |          |         |    |            |            |     |
    |                          & Loops                          | Type | Slack| (cycles)|    (ns)   |  Latency | Interval| Count | Pipelined|  BRAM   | DSP|     FF     |     LUT    | URAM|
    +-----------------------------------------------------------+------+------+---------+-----------+----------+---------+-------+----------+---------+----+------------+------------+-----+
    |+ sha_stream                                               |     -|  1.03|   132031|  1.056e+06|         -|   132032|      -|        no|  8 (~0%)|   -|  2910 (~0%)|  5924 (~0%)|    -|
    | + sha_stream_Pipeline_sha_stream_label1_VITIS_LOOP_207_1  |     -|  2.33|    16386|  1.311e+05|         -|    16386|      -|        no|        -|   -|    48 (~0%)|   208 (~0%)|    -|
    |  o sha_stream_label1_VITIS_LOOP_207_1                     |     -|  5.84|    16384|  1.311e+05|         2|        1|  16384|       yes|        -|   -|           -|           -|    -|
    | + local_memset                                            |     -|  2.44|       19|    152.000|         -|       19|      -|        no|        -|   -|    66 (~0%)|   211 (~0%)|    -|
    |  + local_memset_Pipeline_local_memset_label1              |     -|  3.88|       18|    144.000|         -|       18|      -|        no|        -|   -|    32 (~0%)|   114 (~0%)|    -|
    |   o local_memset_label1                                   |     -|  5.84|       16|    128.000|         1|        1|     16|       yes|        -|   -|           -|           -|    -|
    | + sha_transform                                           |     -|  4.12|      395|  3.160e+03|         -|      395|      -|        no|        -|   -|  1155 (~0%)|  1932 (~0%)|    -|
    |  o sha_transform_label1                                   |     -|  5.84|       32|    256.000|         2|        -|     16|        no|        -|   -|           -|           -|    -|
    |  o sha_transform_label2                                   |     -|  5.84|      192|  1.536e+03|         3|        -|     64|        no|        -|   -|           -|           -|    -|
    |  o sha_transform_label3                                   |     -|  5.84|       40|    320.000|         2|        -|     20|        no|        -|   -|           -|           -|    -|
    |  o sha_transform_label4                                   |     -|  5.84|       40|    320.000|         2|        -|     20|        no|        -|   -|           -|           -|    -|
    |  o sha_transform_label5                                   |     -|  5.84|       40|    320.000|         2|        -|     20|        no|        -|   -|           -|           -|    -|
    |  o sha_transform_label6                                   |     -|  5.84|       40|    320.000|         2|        -|     20|        no|        -|   -|           -|           -|    -|
    | + sha_stream_Pipeline_sha_stream_label2                   |     -|  4.44|        7|     56.000|         -|        7|      -|        no|        -|   -|     9 (~0%)|    58 (~0%)|    -|
    |  o sha_stream_label2                                      |     -|  5.84|        5|     40.000|         2|        1|      5|       yes|        -|   -|           -|           -|    -|
    | o sha_stream_label0                                       |     -|  5.84|   114796|  9.184e+05|     57398|        -|      2|        no|        -|   -|           -|           -|    -|
    |  + sha_update                                             |     -|  3.00|    57395|  4.592e+05|         -|    57395|      -|        no|        -|   -|  1390 (~0%)|  2873 (~0%)|    -|
    |   o sha_update_label4                                     |     -|  5.84|    57344|  4.588e+05|       448|        -|    128|        no|        -|   -|           -|           -|    -|
    |    + local_memcpy                                         |     -|  3.06|       49|    392.000|         -|       49|      -|        no|        -|   -|   108 (~0%)|   407 (~0%)|    -|
    |     o local_memcpy_label3                                 |     -|  5.84|       48|    384.000|         3|        -|     16|        no|        -|   -|           -|           -|    -|
    |    + sha_transform                                        |     -|  4.12|      395|  3.160e+03|         -|      395|      -|        no|        -|   -|  1155 (~0%)|  1932 (~0%)|    -|
    |     o sha_transform_label1                                |     -|  5.84|       32|    256.000|         2|        -|     16|        no|        -|   -|           -|           -|    -|
    |     o sha_transform_label2                                |     -|  5.84|      192|  1.536e+03|         3|        -|     64|        no|        -|   -|           -|           -|    -|
    |     o sha_transform_label3                                |     -|  5.84|       40|    320.000|         2|        -|     20|        no|        -|   -|           -|           -|    -|
    |     o sha_transform_label4                                |     -|  5.84|       40|    320.000|         2|        -|     20|        no|        -|   -|           -|           -|    -|
    |     o sha_transform_label5                                |     -|  5.84|       40|    320.000|         2|        -|     20|        no|        -|   -|           -|           -|    -|
    |     o sha_transform_label6                                |     -|  5.84|       40|    320.000|         2|        -|     20|        no|        -|   -|           -|           -|    -|
    +-----------------------------------------------------------+------+------+---------+-----------+----------+---------+-------+----------+---------+----+------------+------------+-----+


================================================================
== HW Interfaces
================================================================
* AP_MEMORY
+------------------+-----------+----------+
| Port             | Direction | Bitwidth |
+------------------+-----------+----------+
| in_i_address0    | out       | 1        |
| in_i_q0          | in        | 32       |
| indata_address0  | out       | 14       |
| indata_q0        | in        | 8        |
| outdata_address0 | out       | 3        |
| outdata_d0       | out       | 32       |
+------------------+-----------+----------+

* TOP LEVEL CONTROL
+-----------+------------+-----------------------------------+
| Interface | Type       | Ports                             |
+-----------+------------+-----------------------------------+
| ap_clk    | clock      | ap_clk                            |
| ap_rst    | reset      | ap_rst                            |
| ap_ctrl   | ap_ctrl_hs | ap_done ap_idle ap_ready ap_start |
+-----------+------------+-----------------------------------+


================================================================
== SW I/O Information
================================================================
* Top Function Arguments
+----------+-----------+-----------------------+
| Argument | Direction | Datatype              |
+----------+-----------+-----------------------+
| indata   | in        | unsigned char const * |
| in_i     | in        | int const *           |
| outdata  | out       | unsigned int*         |
+----------+-----------+-----------------------+

* SW-to-HW Mapping
+----------+------------------+---------+----------+
| Argument | HW Interface     | HW Type | HW Usage |
+----------+------------------+---------+----------+
| indata   | indata_address0  | port    | offset   |
| indata   | indata_ce0       | port    |          |
| indata   | indata_q0        | port    |          |
| in_i     | in_i_address0    | port    | offset   |
| in_i     | in_i_ce0         | port    |          |
| in_i     | in_i_q0          | port    |          |
| outdata  | outdata_address0 | port    | offset   |
| outdata  | outdata_ce0      | port    |          |
| outdata  | outdata_we0      | port    |          |
| outdata  | outdata_d0       | port    |          |
+----------+------------------+---------+----------+


================================================================
== Bind Op Report
================================================================
+-----------------------------------------------------------+-----+--------+-------------+-----+--------+---------+
| Name                                                      | DSP | Pragma | Variable    | Op  | Impl   | Latency |
+-----------------------------------------------------------+-----+--------+-------------+-----+--------+---------+
| + sha_stream                                              | 0   |        |             |     |        |         |
|   add_ln216_fu_237_p2                                     |     |        | add_ln216   | add | fabric | 0       |
|   count_1_fu_283_p2                                       |     |        | count_1     | add | fabric | 0       |
|   sub_ln186_fu_300_p2                                     |     |        | sub_ln186   | sub | fabric | 0       |
|  + sha_stream_Pipeline_sha_stream_label1_VITIS_LOOP_207_1 | 0   |        |             |     |        |         |
|    add_ln205_1_fu_111_p2                                  |     |        | add_ln205_1 | add | fabric | 0       |
|    add_ln205_fu_123_p2                                    |     |        | add_ln205   | add | fabric | 0       |
|    add_ln209_fu_163_p2                                    |     |        | add_ln209   | add | fabric | 0       |
|    add_ln207_fu_174_p2                                    |     |        | add_ln207   | add | fabric | 0       |
|  + sha_update                                             | 0   |        |             |     |        |         |
|    add_ln155_fu_120_p2                                    |     |        | add_ln155   | add | fabric | 0       |
|    add_ln156_fu_136_p2                                    |     |        | add_ln156   | add | fabric | 0       |
|    add_ln159_fu_170_p2                                    |     |        | add_ln159   | add | fabric | 0       |
|    add_ln167_fu_235_p2                                    |     |        | add_ln167   | add | fabric | 0       |
|    add_ln162_fu_241_p2                                    |     |        | add_ln162   | add | fabric | 0       |
|   + local_memcpy                                          | 0   |        |             |     |        |         |
|     sub_ln76_fu_160_p2                                    |     |        | sub_ln76    | sub | fabric | 0       |
|     sub_ln76_1_fu_180_p2                                  |     |        | sub_ln76_1  | sub | fabric | 0       |
|     add_ln79_1_fu_230_p2                                  |     |        | add_ln79_1  | add | fabric | 0       |
|     add_ln73_fu_243_p2                                    |     |        | add_ln73    | add | fabric | 0       |
|     add_ln73_1_fu_248_p2                                  |     |        | add_ln73_1  | add | fabric | 0       |
|     add_ln79_fu_274_p2                                    |     |        | add_ln79    | add | fabric | 0       |
|   + sha_transform (grp_sha_transform_fu_102)              | 0   |        |             |     |        |         |
|     add_ln98_fu_382_p2                                    |     |        | add_ln98    | add | fabric | 0       |
|     add_ln106_fu_412_p2                                   |     |        | add_ln106   | add | fabric | 0       |
|     add_ln106_1_fu_423_p2                                 |     |        | add_ln106_1 | add | fabric | 0       |
|     add_ln106_2_fu_450_p2                                 |     |        | add_ln106_2 | add | fabric | 0       |
|     add_ln106_3_fu_460_p2                                 |     |        | add_ln106_3 | add | fabric | 0       |
|     add_ln104_fu_434_p2                                   |     |        | add_ln104   | add | fabric | 0       |
|     add_ln117_fu_524_p2                                   |     |        | add_ln117   | add | fabric | 0       |
|     add_ln121_fu_735_p2                                   |     |        | add_ln121   | add | fabric | 0       |
|     add_ln125_fu_895_p2                                   |     |        | add_ln125   | add | fabric | 0       |
|     add_ln129_fu_1053_p2                                  |     |        | add_ln129   | add | fabric | 0       |
|     add_ln135_fu_1084_p2                                  |     |        | add_ln135   | add | fabric | 0       |
|     add_ln136_fu_1090_p2                                  |     |        | add_ln136   | add | fabric | 0       |
|     add_ln137_fu_1096_p2                                  |     |        | add_ln137   | add | fabric | 0       |
|     add_ln138_fu_1101_p2                                  |     |        | add_ln138   | add | fabric | 0       |
|     add_ln139_fu_1142_p2                                  |     |        | add_ln139   | add | fabric | 0       |
|  + local_memset                                           | 0   |        |             |     |        |         |
|    sub_ln58_fu_61_p2                                      |     |        | sub_ln58    | sub | fabric | 0       |
|    sub_ln58_1_fu_85_p2                                    |     |        | sub_ln58_1  | sub | fabric | 0       |
|   + local_memset_Pipeline_local_memset_label1             | 0   |        |             |     |        |         |
|     add_ln65_fu_84_p2                                     |     |        | add_ln65    | add | fabric | 0       |
|     add_ln57_fu_94_p2                                     |     |        | add_ln57    | add | fabric | 0       |
|  + sha_transform (grp_sha_transform_fu_195)               | 0   |        |             |     |        |         |
|    add_ln98_fu_382_p2                                     |     |        | add_ln98    | add | fabric | 0       |
|    add_ln106_fu_412_p2                                    |     |        | add_ln106   | add | fabric | 0       |
|    add_ln106_1_fu_423_p2                                  |     |        | add_ln106_1 | add | fabric | 0       |
|    add_ln106_2_fu_450_p2                                  |     |        | add_ln106_2 | add | fabric | 0       |
|    add_ln106_3_fu_460_p2                                  |     |        | add_ln106_3 | add | fabric | 0       |
|    add_ln104_fu_434_p2                                    |     |        | add_ln104   | add | fabric | 0       |
|    add_ln117_fu_524_p2                                    |     |        | add_ln117   | add | fabric | 0       |
|    add_ln121_fu_735_p2                                    |     |        | add_ln121   | add | fabric | 0       |
|    add_ln125_fu_895_p2                                    |     |        | add_ln125   | add | fabric | 0       |
|    add_ln129_fu_1053_p2                                   |     |        | add_ln129   | add | fabric | 0       |
|    add_ln135_fu_1084_p2                                   |     |        | add_ln135   | add | fabric | 0       |
|    add_ln136_fu_1090_p2                                   |     |        | add_ln136   | add | fabric | 0       |
|    add_ln137_fu_1096_p2                                   |     |        | add_ln137   | add | fabric | 0       |
|    add_ln138_fu_1101_p2                                   |     |        | add_ln138   | add | fabric | 0       |
|    add_ln139_fu_1142_p2                                   |     |        | add_ln139   | add | fabric | 0       |
|  + sha_stream_Pipeline_sha_stream_label2                  | 0   |        |             |     |        |         |
|    add_ln225_fu_79_p2                                     |     |        | add_ln225   | add | fabric | 0       |
+-----------------------------------------------------------+-----+--------+-------------+-----+--------+---------+


================================================================
== Storage Report
================================================================
+----------------------------------------------+---------------+------+------+------+--------+-----------------+------+---------+------------------+
| Name                                         | Usage         | Type | BRAM | URAM | Pragma | Variable        | Impl | Latency | Bitwidth, Depth, |
|                                              |               |      |      |      |        |                 |      |         | Banks            |
+----------------------------------------------+---------------+------+------+------+--------+-----------------+------+---------+------------------+
| + sha_stream                                 |               |      | 8    | 0    |        |                 |      |         |                  |
|   local_indata_U                             | ram_s2p       |      | 8    |      |        | local_indata    | auto | 1       | 8, 16384, 1      |
|   sha_info_data_U                            | ram_t2p       |      |      |      |        | sha_info_data   | auto | 1       | 32, 16, 1        |
|   sha_info_digest_U                          | ram_t2p       |      |      |      |        | sha_info_digest | auto | 1       | 32, 5, 1         |
|  + sha_update                                |               |      | 0    | 0    |        |                 |      |         |                  |
|   + sha_transform (grp_sha_transform_fu_102) |               |      | 0    | 0    |        |                 |      |         |                  |
|     W_U                                      | ram_t2p array |      |      |      |        | W               | auto | 1       | 32, 80, 1        |
|  + sha_transform (grp_sha_transform_fu_195)  |               |      | 0    | 0    |        |                 |      |         |                  |
|    W_U                                       | ram_t2p array |      |      |      |        | W               | auto | 1       | 32, 80, 1        |
+----------------------------------------------+---------------+------+------+------+--------+-----------------+------+---------+------------------+


================================================================
== Pragma Report
================================================================
* Valid Pragma Syntax
+----------------+----------------------------+------------------------------------------------+
| Type           | Options                    | Location                                       |
+----------------+----------------------------+------------------------------------------------+
| loop_tripcount | max=16                     | data/benchmarks/sha/sha.c:66 in local_memset   |
| loop_tripcount | max=16                     | data/benchmarks/sha/sha.c:80 in local_memcpy   |
| loop_tripcount | min=16 max=16 avg=16       | data/benchmarks/sha/sha.c:99 in sha_transform  |
| loop_tripcount | min=64 max=64 avg=64       | data/benchmarks/sha/sha.c:105 in sha_transform |
| loop_tripcount | min=20 max=20 avg=20       | data/benchmarks/sha/sha.c:118 in sha_transform |
| loop_tripcount | min=20 max=20 avg=20       | data/benchmarks/sha/sha.c:122 in sha_transform |
| loop_tripcount | min=20 max=20 avg=20       | data/benchmarks/sha/sha.c:126 in sha_transform |
| loop_tripcount | min=20 max=20 avg=20       | data/benchmarks/sha/sha.c:130 in sha_transform |
| loop_tripcount | min=0 max=128              | data/benchmarks/sha/sha.c:163 in sha_update    |
| loop_tripcount | min=2 max=2 avg=2          | data/benchmarks/sha/sha.c:206 in sha_stream    |
| loop_tripcount | min=8192 max=8192 avg=8192 | data/benchmarks/sha/sha.c:208 in sha_stream    |
| loop_tripcount | min=2 max=2 avg=2          | data/benchmarks/sha/sha.c:217 in sha_stream    |
| loop_tripcount | min=5 max=5 avg=5          | data/benchmarks/sha/sha.c:226 in sha_stream    |
| inline         | off=true                   | ../anchor_configs/sha.tcl:16 in local_memcpy   |
| pipeline       | off=true                   | ../anchor_configs/sha.tcl:2 in local_memcpy    |
| pipeline       | off=true                   | ../anchor_configs/sha.tcl:12 in local_memcpy   |
| inline         | off=true                   | ../anchor_configs/sha.tcl:15 in local_memset   |
| pipeline       | off=true                   | ../anchor_configs/sha.tcl:1 in local_memset    |
| pipeline       | off=true                   | ../anchor_configs/sha.tcl:11 in local_memset   |
| pipeline       | off=true                   | ../anchor_configs/sha.tcl:10 in sha_stream     |
| inline         | off=true                   | ../anchor_configs/sha.tcl:17 in sha_transform  |
| pipeline       | off=true                   | ../anchor_configs/sha.tcl:4 in sha_transform   |
| pipeline       | off=true                   | ../anchor_configs/sha.tcl:5 in sha_transform   |
| pipeline       | off=true                   | ../anchor_configs/sha.tcl:6 in sha_transform   |
| pipeline       | off=true                   | ../anchor_configs/sha.tcl:7 in sha_transform   |
| pipeline       | off=true                   | ../anchor_configs/sha.tcl:8 in sha_transform   |
| pipeline       | off=true                   | ../anchor_configs/sha.tcl:9 in sha_transform   |
| pipeline       | off=true                   | ../anchor_configs/sha.tcl:13 in sha_transform  |
| inline         | off=true                   | ../anchor_configs/sha.tcl:18 in sha_update     |
| pipeline       | off=true                   | ../anchor_configs/sha.tcl:3 in sha_update      |
| pipeline       | off=true                   | ../anchor_configs/sha.tcl:14 in sha_update     |
+----------------+----------------------------+------------------------------------------------+


