================================================================
== Vivado Place & Route Results
================================================================
+ General Information:
    * Date:            Sun Sep 14 01:54:12 -03 2025
    * Version:         2023.2 (Build 4023990 on Oct 11 2023)
    * Project:         SHA
    * Solution:        solution0 (Vivado IP Flow Target)
    * Product family:  virtexuplusHBM
    * Target device:   xcu50-fsvh2104-2-e


================================================================
== Run Constraints & Options
================================================================
+ Design Constraints & Options:
    * Place & Route target clock:  8 ns
    * C-Synthesis target clock:    8 ns
    * C-Synthesis uncertainty:     27%

+ RTL Synthesis Options:
    * config_export -vivado_synth_strategy:     default
    * config_export -vivado_synth_design_args:  -directive sdx_optimization_effort_high

+ Place & Route Options:
    * config_export -vivado_impl_strategy:  default
    * config_export -vivado_phys_opt:       none

+ Reporting Options:
    * config_export -vivado_report_level:      2
    * config_export -vivado_max_timing_paths:  10


================================================================
== Place & Route Resource Summary
================================================================
LUT:              2897
FF:               2683
DSP:              0
BRAM:             16
URAM:             0
SRL:              0


================================================================
== Place & Route Timing Summary
================================================================
* Timing was met
+----------------+-------------+
| Timing         | Period (ns) |
+----------------+-------------+
| Target         | 8.000       |
| Post-Synthesis | 2.519       |
| Post-Route     | 3.794       |
+----------------+-------------+


================================================================
== Place & Route Resources
================================================================
+-------------------------------------------------------------------------+------+------+-----+------+------+-----+--------+------+---------+----------+--------+
| Name                                                                    | LUT  | FF   | DSP | BRAM | URAM | SRL | Pragma | Impl | Latency | Variable | Source |
+-------------------------------------------------------------------------+------+------+-----+------+------+-----+--------+------+---------+----------+--------+
| inst                                                                    | 2897 | 2683 |     | 16   |      |     |        |      |         |          |        |
|   (inst)                                                                | 13   | 162  |     |      |      |     |        |      |         |          |        |
|   grp_local_memset_fu_185                                               | 87   | 42   |     |      |      |     |        |      |         |          |        |
|     (grp_local_memset_fu_185)                                           | 13   | 10   |     |      |      |     |        |      |         |          |        |
|     grp_local_memset_Pipeline_local_memset_label1_fu_44                 | 74   | 32   |     |      |      |     |        |      |         |          |        |
|       (grp_local_memset_Pipeline_local_memset_label1_fu_44)             |      | 30   |     |      |      |     |        |      |         |          |        |
|       flow_control_loop_pipe_sequential_init_U                          | 74   | 2    |     |      |      |     |        |      |         |          |        |
|   grp_sha_stream_Pipeline_sha_stream_label1_VITIS_LOOP_207_1_fu_160     | 56   | 47   |     |      |      |     |        |      |         |          |        |
|     (grp_sha_stream_Pipeline_sha_stream_label1_VITIS_LOOP_207_1_fu_160) | 7    | 45   |     |      |      |     |        |      |         |          |        |
|     flow_control_loop_pipe_sequential_init_U                            | 49   | 2    |     |      |      |     |        |      |         |          |        |
|   grp_sha_stream_Pipeline_sha_stream_label2_fu_203                      | 12   | 9    |     |      |      |     |        |      |         |          |        |
|     (grp_sha_stream_Pipeline_sha_stream_label2_fu_203)                  |      | 7    |     |      |      |     |        |      |         |          |        |
|     flow_control_loop_pipe_sequential_init_U                            | 12   | 2    |     |      |      |     |        |      |         |          |        |
|   grp_sha_transform_fu_195                                              | 1192 | 1123 |     | 2    |      |     |        |      |         |          |        |
|     (grp_sha_transform_fu_195)                                          | 901  | 1123 |     |      |      |     |        |      |         |          |        |
|     W_U                                                                 | 291  |      |     | 2    |      |     |        |      |         |          |        |
|   grp_sha_update_fu_168                                                 | 1514 | 1300 |     | 2    |      |     |        |      |         |          |        |
|     (grp_sha_update_fu_168)                                             | 135  | 92   |     |      |      |     |        |      |         |          |        |
|     grp_local_memcpy_fu_90                                              | 167  | 85   |     |      |      |     |        |      |         |          |        |
|     grp_sha_transform_fu_102                                            | 1212 | 1123 |     | 2    |      |     |        |      |         |          |        |
|       (grp_sha_transform_fu_102)                                        | 921  | 1123 |     |      |      |     |        |      |         |          |        |
|       W_U                                                               | 291  |      |     | 2    |      |     |        |      |         |          |        |
|   local_indata_U                                                        | 16   |      |     | 8    |      |     |        |      |         |          |        |
|   sha_info_data_U                                                       | 5    |      |     | 2    |      |     |        |      |         |          |        |
|   sha_info_digest_U                                                     | 4    |      |     | 2    |      |     |        |      |         |          |        |
+-------------------------------------------------------------------------+------+------+-----+------+------+-----+--------+------+---------+----------+--------+


================================================================
== Place & Route Fail Fast
================================================================
+-----------------------------------------------------------+-----------+--------+--------+
| Criteria                                                  | Guideline | Actual | Status |
+-----------------------------------------------------------+-----------+--------+--------+
| LUT                                                       | 70%       | 0.33%  | OK     |
| FD                                                        | 50%       | 0.15%  | OK     |
| LUTRAM+SRL                                                | 25%       | 0.00%  | OK     |
| CARRY8                                                    | 25%       | 0.14%  | OK     |
| MUXF7                                                     | 15%       | 0.00%  | OK     |
| DSP                                                       | 80%       | 0.00%  | OK     |
| RAMB/FIFO                                                 | 80%       | 0.60%  | OK     |
| URAM                                                      | 80%       | 0.00%  | OK     |
| DSP+RAMB+URAM (Avg)                                       | 70%       | 0.60%  | OK     |
| BUFGCE* + BUFGCTRL                                        | 24        | 0      | OK     |
| DONT_TOUCH (cells/nets)                                   | 0         | 0      | OK     |
| MARK_DEBUG (nets)                                         | 0         | 0      | OK     |
| Control Sets                                              | 16344     | 71     | OK     |
| Average Fanout for modules > 100k cells                   | 4         | 2.75   | OK     |
| Max Average Fanout for modules > 100k cells               | 4         | 0      | OK     |
| Non-FD high fanout nets > 10k loads                       | 0         | 0      | OK     |
+-----------------------------------------------------------+-----------+--------+--------+
| TIMING-6 (No common primary clock between related clocks) | 0         | 0      | OK     |
| TIMING-7 (No common node between related clocks)          | 0         | 0      | OK     |
| TIMING-8 (No common period between related clocks)        | 0         | 0      | OK     |
| TIMING-14 (LUT on the clock tree)                         | 0         | 0      | OK     |
| TIMING-35 (No common node in paths with the same clock)   | 0         | 0      | OK     |
+-----------------------------------------------------------+-----------+--------+--------+
| Number of paths above max LUT budgeting (0.300ns)         | 0         | 0      | OK     |
| Number of paths above max Net budgeting (0.208ns)         | 0         | 0      | OK     |
+-----------------------------------------------------------+-----------+--------+--------+


================================================================
== Place & Route Timing Paths
================================================================
* Timing was met
+-------+-------+-----------------------------------------------------------------------------+---------------------------------------------------------------------+--------------+------------+----------------+----------------+--------------+
| Path  | SLACK | STARTPOINT PIN                                                              | ENDPOINT PIN                                                        | LOGIC LEVELS | MAX FANOUT | DATAPATH DELAY | DATAPATH LOGIC | DATAPATH NET |
|       |       |                                                                             |                                                                     |              |            |                |          DELAY |        DELAY |
+-------+-------+-----------------------------------------------------------------------------+---------------------------------------------------------------------+--------------+------------+----------------+----------------+--------------+
| Path1 | 4.206 | grp_sha_update_fu_168/grp_sha_transform_fu_102/W_U/ram_reg_bram_0/CLKARDCLK | grp_sha_update_fu_168/grp_sha_transform_fu_102/B_7_fu_184_reg[26]/D |            5 |          6 |          3.728 |          1.455 |        2.273 |
| Path2 | 4.255 | grp_sha_update_fu_168/grp_sha_transform_fu_102/W_U/ram_reg_bram_0/CLKARDCLK | grp_sha_update_fu_168/grp_sha_transform_fu_102/B_7_fu_184_reg[25]/D |            5 |          6 |          3.679 |          1.366 |        2.313 |
| Path3 | 4.277 | grp_sha_update_fu_168/grp_sha_transform_fu_102/W_U/ram_reg_bram_0/CLKARDCLK | grp_sha_update_fu_168/grp_sha_transform_fu_102/B_7_fu_184_reg[29]/D |            5 |          6 |          3.657 |          1.406 |        2.251 |
| Path4 | 4.278 | grp_sha_update_fu_168/grp_sha_transform_fu_102/W_U/ram_reg_bram_0/CLKARDCLK | grp_sha_update_fu_168/grp_sha_transform_fu_102/B_7_fu_184_reg[24]/D |            5 |          6 |          3.656 |          1.394 |        2.262 |
| Path5 | 4.296 | grp_sha_update_fu_168/grp_sha_transform_fu_102/W_U/ram_reg_bram_0/CLKARDCLK | grp_sha_update_fu_168/grp_sha_transform_fu_102/B_7_fu_184_reg[31]/D |            5 |          6 |          3.638 |          1.452 |        2.186 |
+-------+-------+-----------------------------------------------------------------------------+---------------------------------------------------------------------+--------------+------------+----------------+----------------+--------------+

    +---------------------------------------------------------------------------+------------------------+
    | Path1 Cells                                                               | Primitive Type         |
    +---------------------------------------------------------------------------+------------------------+
    | grp_sha_update_fu_168/grp_sha_transform_fu_102/W_U/ram_reg_bram_0         | BLOCKRAM.BRAM.RAMB36E2 |
    | grp_sha_update_fu_168/grp_sha_transform_fu_102/W_U/B_7_fu_184[23]_i_5     | CLB.LUT.LUT3           |
    | grp_sha_update_fu_168/grp_sha_transform_fu_102/W_U/B_7_fu_184[23]_i_13    | CLB.LUT.LUT4           |
    | grp_sha_update_fu_168/grp_sha_transform_fu_102/W_U/B_7_fu_184_reg[23]_i_2 | CLB.CARRY.CARRY8       |
    | grp_sha_update_fu_168/grp_sha_transform_fu_102/W_U/B_7_fu_184_reg[31]_i_3 | CLB.CARRY.CARRY8       |
    | grp_sha_update_fu_168/grp_sha_transform_fu_102/W_U/B_7_fu_184[26]_i_1     | CLB.LUT.LUT4           |
    | grp_sha_update_fu_168/grp_sha_transform_fu_102/B_7_fu_184_reg[26]         | REGISTER.SDR.FDRE      |
    +---------------------------------------------------------------------------+------------------------+

    +---------------------------------------------------------------------------+------------------------+
    | Path2 Cells                                                               | Primitive Type         |
    +---------------------------------------------------------------------------+------------------------+
    | grp_sha_update_fu_168/grp_sha_transform_fu_102/W_U/ram_reg_bram_0         | BLOCKRAM.BRAM.RAMB36E2 |
    | grp_sha_update_fu_168/grp_sha_transform_fu_102/W_U/B_7_fu_184[23]_i_5     | CLB.LUT.LUT3           |
    | grp_sha_update_fu_168/grp_sha_transform_fu_102/W_U/B_7_fu_184[23]_i_13    | CLB.LUT.LUT4           |
    | grp_sha_update_fu_168/grp_sha_transform_fu_102/W_U/B_7_fu_184_reg[23]_i_2 | CLB.CARRY.CARRY8       |
    | grp_sha_update_fu_168/grp_sha_transform_fu_102/W_U/B_7_fu_184_reg[31]_i_3 | CLB.CARRY.CARRY8       |
    | grp_sha_update_fu_168/grp_sha_transform_fu_102/W_U/B_7_fu_184[25]_i_1     | CLB.LUT.LUT4           |
    | grp_sha_update_fu_168/grp_sha_transform_fu_102/B_7_fu_184_reg[25]         | REGISTER.SDR.FDRE      |
    +---------------------------------------------------------------------------+------------------------+

    +---------------------------------------------------------------------------+------------------------+
    | Path3 Cells                                                               | Primitive Type         |
    +---------------------------------------------------------------------------+------------------------+
    | grp_sha_update_fu_168/grp_sha_transform_fu_102/W_U/ram_reg_bram_0         | BLOCKRAM.BRAM.RAMB36E2 |
    | grp_sha_update_fu_168/grp_sha_transform_fu_102/W_U/B_7_fu_184[23]_i_5     | CLB.LUT.LUT3           |
    | grp_sha_update_fu_168/grp_sha_transform_fu_102/W_U/B_7_fu_184[23]_i_13    | CLB.LUT.LUT4           |
    | grp_sha_update_fu_168/grp_sha_transform_fu_102/W_U/B_7_fu_184_reg[23]_i_2 | CLB.CARRY.CARRY8       |
    | grp_sha_update_fu_168/grp_sha_transform_fu_102/W_U/B_7_fu_184_reg[31]_i_3 | CLB.CARRY.CARRY8       |
    | grp_sha_update_fu_168/grp_sha_transform_fu_102/W_U/B_7_fu_184[29]_i_1     | CLB.LUT.LUT4           |
    | grp_sha_update_fu_168/grp_sha_transform_fu_102/B_7_fu_184_reg[29]         | REGISTER.SDR.FDRE      |
    +---------------------------------------------------------------------------+------------------------+

    +---------------------------------------------------------------------------+------------------------+
    | Path4 Cells                                                               | Primitive Type         |
    +---------------------------------------------------------------------------+------------------------+
    | grp_sha_update_fu_168/grp_sha_transform_fu_102/W_U/ram_reg_bram_0         | BLOCKRAM.BRAM.RAMB36E2 |
    | grp_sha_update_fu_168/grp_sha_transform_fu_102/W_U/B_7_fu_184[23]_i_5     | CLB.LUT.LUT3           |
    | grp_sha_update_fu_168/grp_sha_transform_fu_102/W_U/B_7_fu_184[23]_i_13    | CLB.LUT.LUT4           |
    | grp_sha_update_fu_168/grp_sha_transform_fu_102/W_U/B_7_fu_184_reg[23]_i_2 | CLB.CARRY.CARRY8       |
    | grp_sha_update_fu_168/grp_sha_transform_fu_102/W_U/B_7_fu_184_reg[31]_i_3 | CLB.CARRY.CARRY8       |
    | grp_sha_update_fu_168/grp_sha_transform_fu_102/W_U/B_7_fu_184[24]_i_1     | CLB.LUT.LUT4           |
    | grp_sha_update_fu_168/grp_sha_transform_fu_102/B_7_fu_184_reg[24]         | REGISTER.SDR.FDRE      |
    +---------------------------------------------------------------------------+------------------------+

    +---------------------------------------------------------------------------+------------------------+
    | Path5 Cells                                                               | Primitive Type         |
    +---------------------------------------------------------------------------+------------------------+
    | grp_sha_update_fu_168/grp_sha_transform_fu_102/W_U/ram_reg_bram_0         | BLOCKRAM.BRAM.RAMB36E2 |
    | grp_sha_update_fu_168/grp_sha_transform_fu_102/W_U/B_7_fu_184[23]_i_5     | CLB.LUT.LUT3           |
    | grp_sha_update_fu_168/grp_sha_transform_fu_102/W_U/B_7_fu_184[23]_i_13    | CLB.LUT.LUT4           |
    | grp_sha_update_fu_168/grp_sha_transform_fu_102/W_U/B_7_fu_184_reg[23]_i_2 | CLB.CARRY.CARRY8       |
    | grp_sha_update_fu_168/grp_sha_transform_fu_102/W_U/B_7_fu_184_reg[31]_i_3 | CLB.CARRY.CARRY8       |
    | grp_sha_update_fu_168/grp_sha_transform_fu_102/W_U/B_7_fu_184[31]_i_2     | CLB.LUT.LUT4           |
    | grp_sha_update_fu_168/grp_sha_transform_fu_102/B_7_fu_184_reg[31]         | REGISTER.SDR.FDRE      |
    +---------------------------------------------------------------------------+------------------------+


================================================================
== Place & Route Vivado Reports
================================================================
+--------------------------+--------------------------------------------------------------------+
| Report Type              | Report Location                                                    |
+--------------------------+--------------------------------------------------------------------+
| design_analysis          | impl/verilog/report/sha_stream_design_analysis_routed.rpt          |
| failfast                 | impl/verilog/report/sha_stream_failfast_routed.rpt                 |
| status                   | impl/verilog/report/sha_stream_status_routed.rpt                   |
| timing                   | impl/verilog/report/sha_stream_timing_routed.rpt                   |
| timing_paths             | impl/verilog/report/sha_stream_timing_paths_routed.rpt             |
| utilization              | impl/verilog/report/sha_stream_utilization_routed.rpt              |
| utilization_hierarchical | impl/verilog/report/sha_stream_utilization_hierarchical_routed.rpt |
+--------------------------+--------------------------------------------------------------------+


